[INFO] Scanning for projects...
[INFO] 
[INFO] ---------------------< de.joblift:gitlab-panorama >---------------------
[INFO] Building gitlab-panorama 0.0.1-SNAPSHOT
[INFO]   from pom.xml
[INFO] --------------------------------[ jar ]---------------------------------
[INFO] 
[INFO] --- enforcer:3.1.0:enforce (enforce-maven) @ gitlab-panorama ---
[INFO] Skipping Rule Enforcement.
[INFO] 
[INFO] --- enforcer:3.1.0:enforce (enforce-java) @ gitlab-panorama ---
[INFO] Skipping Rule Enforcement.
[INFO] 
[INFO] --- resources:3.3.0:resources (default-resources) @ gitlab-panorama ---
[INFO] Copying 1 resource
[INFO] Copying 4 resources
[INFO] 
[INFO] --- compiler:3.10.1:compile (default-compile) @ gitlab-panorama ---
[INFO] Changes detected - recompiling the module!
[INFO] Compiling 46 source files to /project/target/classes
[INFO] /project/src/main/java/org/apache/logging/log4j/util/ReflectionUtil.java: /project/src/main/java/org/apache/logging/log4j/util/ReflectionUtil.java uses or overrides a deprecated API that is marked for removal.
[INFO] /project/src/main/java/org/apache/logging/log4j/util/ReflectionUtil.java: Recompile with -Xlint:removal for details.
[INFO] 
[INFO] --- resources:3.3.0:testResources (default-testResources) @ gitlab-panorama ---
[INFO] Not copying test resources
[INFO] 
[INFO] --- compiler:3.10.1:testCompile (default-testCompile) @ gitlab-panorama ---
[INFO] Not compiling test sources
[INFO] 
[INFO] --- surefire:2.22.2:test (default-test) @ gitlab-panorama ---
[INFO] Tests are skipped.
[INFO] 
[INFO] --- enforcer:3.1.0:enforce (enforce-no-package-cycles) @ gitlab-panorama ---
[INFO] Skipping Rule Enforcement.
[INFO] 
[INFO] --- jar:3.3.0:jar (default-jar) @ gitlab-panorama ---
[INFO] Building jar: /project/target/application.jar
[INFO] 
[INFO] --- spring-boot:3.0.3:repackage (repackage) @ gitlab-panorama ---
[INFO] Replacing main artifact with repackaged archive
[INFO] 
[INFO] --- checkstyle:3.2.1:check (checkstyle) @ gitlab-panorama ---
[INFO] 
[INFO] --- install:3.0.1:install (default-install) @ gitlab-panorama ---
[INFO] Installing /project/pom.xml to /root/.m2/repository/de/joblift/gitlab-panorama/0.0.1-SNAPSHOT/gitlab-panorama-0.0.1-SNAPSHOT.pom
[INFO] Installing /project/target/application.jar to /root/.m2/repository/de/joblift/gitlab-panorama/0.0.1-SNAPSHOT/gitlab-panorama-0.0.1-SNAPSHOT.jar
[INFO] ------------------------------------------------------------------------
[INFO] BUILD SUCCESS
[INFO] ------------------------------------------------------------------------
[INFO] Total time:  10.169 s
[INFO] Finished at: 2026-09-21T20:25:39Z
[INFO] ------------------------------------------------------------------------
