Downloading metadata...
Downloading metadata...
Package                                             Repository            Size
Installing:                                                                   
 emacs-filesystem-1:27.2-18.el9.noarch              ol9_appstream       8.3 kB
 git-2.47.3-1.el9_6.x86_64                          ol9_appstream      66.9 kB
 git-core-2.47.3-1.el9_6.x86_64                     ol9_appstream       5.0 MB
 git-core-doc-2.47.3-1.el9_6.noarch                 ol9_appstream       4.3 MB
 groff-base-1.22.4-10.el9.x86_64                    ol9_baseos_latest   1.3 MB
 libcbor-0.7.0-5.el9.x86_64                         ol9_baseos_latest  58.2 kB
 libedit-3.1-38.20210216cvs.el9.x86_64              ol9_baseos_latest 111.2 kB
 libfido2-1.13.0-2.el9.x86_64                       ol9_baseos_latest 104.0 kB
 ncurses-6.2-10.20210508.el9.x86_64                 ol9_baseos_latest 436.3 kB
 openssh-8.7p1-49.0.1.el9_7.x86_64                  ol9_baseos_latest 492.0 kB
 openssh-clients-8.7p1-49.0.1.el9_7.x86_64          ol9_baseos_latest 748.0 kB
 openssl-fips-provider-3.0.7-8.0.1.el9.x86_64       ol9_baseos_latest   8.5 kB
 openssl-fips-provider-so-3.0.7-8.0.1.el9.x86_64    ol9_baseos_latest 588.9 kB
 perl-AutoLoader-5.74-481.1.el9_6.noarch            ol9_appstream      20.2 kB
 perl-B-1.80-481.1.el9_6.x86_64                     ol9_appstream     199.9 kB
 perl-Carp-1.50-460.el9.noarch                      ol9_appstream      35.1 kB
 perl-Class-Struct-0.66-481.1.el9_6.noarch          ol9_appstream      21.0 kB
 perl-Data-Dumper-2.174-462.el9.x86_64              ol9_appstream      61.8 kB
 perl-Digest-1.19-4.el9.noarch                      ol9_appstream      35.7 kB
 perl-Digest-MD5-2.58-4.el9.x86_64                  ol9_appstream      42.2 kB
 perl-DynaLoader-1.47-481.1.el9_6.x86_64            ol9_appstream      24.7 kB
 perl-Encode-4:3.08-462.el9.x86_64                  ol9_appstream       1.8 MB
 perl-Errno-1.30-481.1.el9_6.x86_64                 ol9_appstream      13.6 kB
 perl-Error-1:0.17029-7.el9.noarch                  ol9_appstream      58.1 kB
 perl-Exporter-5.74-461.el9.noarch                  ol9_appstream      38.4 kB
 perl-Fcntl-1.13-481.1.el9_6.x86_64                 ol9_appstream      19.2 kB
 perl-File-Basename-2.85-481.1.el9_6.noarch         ol9_appstream      16.0 kB
 perl-File-Find-1.37-481.1.el9_6.noarch             ol9_appstream      24.4 kB
 perl-File-Path-2.18-4.el9.noarch                   ol9_appstream      37.0 kB
 perl-File-Temp-1:0.231.100-4.el9.noarch            ol9_appstream      68.4 kB
 perl-File-stat-1.09-481.1.el9_6.noarch             ol9_appstream      15.9 kB
 perl-FileHandle-2.03-481.1.el9_6.noarch            ol9_appstream      14.3 kB
 perl-Getopt-Long-1:2.52-4.el9.noarch               ol9_appstream      72.9 kB
 perl-Getopt-Std-1.12-481.1.el9_6.noarch            ol9_appstream      14.4 kB
 perl-Git-2.47.3-1.el9_6.noarch                     ol9_appstream      43.3 kB
 perl-HTTP-Tiny-0.076-462.el9.noarch                ol9_appstream      64.6 kB
 perl-IO-1.43-481.1.el9_6.x86_64                    ol9_appstream     111.4 kB
 perl-IO-Socket-IP-0.41-5.el9.noarch                ol9_appstream      50.4 kB
 perl-IO-Socket-SSL-2.073-2.el9.noarch              ol9_appstream     239.6 kB
 perl-IPC-Open3-1.21-481.1.el9_6.noarch             ol9_appstream      26.6 kB
 perl-MIME-Base64-3.16-4.el9.x86_64                 ol9_appstream      38.6 kB
 perl-Mozilla-CA-20200520-6.el9.noarch              ol9_appstream      13.3 kB
 perl-NDBM_File-1.15-481.1.el9_6.x86_64             ol9_appstream      20.9 kB
 perl-Net-SSLeay-1.94-3.el9.x86_64                  ol9_appstream     516.4 kB
 perl-POSIX-1.94-481.1.el9_6.x86_64                 ol9_appstream     101.6 kB
 perl-PathTools-3.78-461.el9.x86_64                 ol9_appstream     110.4 kB
 perl-Pod-Escapes-1:1.07-460.el9.noarch             ol9_appstream      21.1 kB
 perl-Pod-Perldoc-3.28.01-461.el9.noarch            ol9_appstream     118.6 kB
 perl-Pod-Simple-1:3.42-4.el9.noarch                ol9_appstream     278.8 kB
 perl-Pod-Usage-4:2.01-4.el9.noarch                 ol9_appstream      48.9 kB
 perl-Scalar-List-Utils-4:1.56-462.el9.x86_64       ol9_appstream      83.3 kB
 perl-SelectSaver-1.02-481.1.el9_6.noarch           ol9_appstream      10.4 kB
 perl-Socket-4:2.031-4.el9.x86_64                   ol9_appstream      63.5 kB
 perl-Storable-1:3.21-460.el9.x86_64                ol9_appstream     102.6 kB
 perl-Symbol-1.08-481.1.el9_6.noarch                ol9_appstream      12.9 kB
 perl-Term-ANSIColor-5.01-461.el9.noarch            ol9_appstream      55.6 kB
 perl-Term-Cap-1.17-460.el9.noarch                  ol9_appstream      27.8 kB
 perl-TermReadKey-2.38-11.el9.x86_64                ol9_appstream      43.3 kB
 perl-Text-ParseWords-3.30-460.el9.noarch           ol9_appstream      17.2 kB
 perl-Text-Tabs+Wrap-2013.0523-460.el9.noarch       ol9_appstream      29.8 kB
 perl-Time-Local-2:1.300-7.el9.noarch               ol9_appstream      41.9 kB
 perl-URI-5.09-3.el9.noarch                         ol9_appstream     183.8 kB
 perl-base-2.27-481.1.el9_6.noarch                  ol9_appstream      15.0 kB
 perl-constant-1.33-461.el9.noarch                  ol9_appstream      28.9 kB
 perl-if-0.60.800-481.1.el9_6.noarch                ol9_appstream      12.7 kB
 perl-interpreter-4:5.32.1-481.1.el9_6.x86_64       ol9_appstream      77.8 kB
 perl-lib-0.65-481.1.el9_6.x86_64                   ol9_appstream      13.6 kB
 perl-libnet-3.13-4.el9.noarch                      ol9_appstream     161.1 kB
 perl-libs-4:5.32.1-481.1.el9_6.x86_64              ol9_appstream       2.8 MB
 perl-mro-1.23-481.1.el9_6.x86_64                   ol9_appstream      27.2 kB
 perl-overload-1.31-481.1.el9_6.noarch              ol9_appstream      45.0 kB
 perl-overloading-0.02-481.1.el9_6.noarch           ol9_appstream      11.6 kB
 perl-parent-1:0.238-460.el9.noarch                 ol9_appstream      15.3 kB
 perl-podlators-1:4.14-460.el9.noarch               ol9_appstream     138.6 kB
 perl-subs-1.03-481.1.el9_6.noarch                  ol9_appstream      10.3 kB
 perl-vars-1.05-481.1.el9_6.noarch                  ol9_appstream      11.7 kB
Upgrading:                                                                    
 curl-7.76.1-35.el9_7.3.x86_64                      ol9_baseos_latest 310.0 kB
  replacing curl-7.76.1-26.el9_3.2.x86_64                                     
 libcurl-7.76.1-35.el9_7.3.x86_64                   ol9_baseos_latest 289.2 kB
  replacing libcurl-7.76.1-26.el9_3.2.x86_64                                  
 libcurl-devel-7.76.1-35.el9_7.3.x86_64             ol9_appstream       1.5 MB
  replacing libcurl-devel-7.76.1-26.el9_3.2.x86_64                            
 openssl-1:3.5.1-7.0.1.el9_7.x86_64                 ol9_baseos_latest   1.7 MB
  replacing openssl-1:3.0.7-24.0.1.el9.x86_64                                 
 openssl-devel-1:3.5.1-7.0.1.el9_7.x86_64           ol9_appstream       4.4 MB
  replacing openssl-devel-1:3.0.7-24.0.1.el9.x86_64                           
 openssl-libs-1:3.5.1-7.0.1.el9_7.x86_64            ol9_baseos_latest   2.4 MB
  replacing openssl-libs-1:3.0.7-24.0.1.el9.x86_64                            
 tar-2:1.34-9.el9_7.x86_64                          ol9_baseos_latest 949.0 kB
   replacing tar-2:1.34-6.el9_1.x86_64                                        
Transaction Summary:
 Installing:       76 packages
 Reinstalling:      0 packages
 Upgrading:         7 packages
 Obsoleting:        0 packages
 Removing:          0 packages
 Downgrading:       0 packages
Downloading packages...
Running transaction test...
Installing: emacs-filesystem;1:27.2-18.el9;noarch;ol9_appstream
Installing: openssl-fips-provider-so;3.0.7-8.0.1.el9;x86_64;ol9_baseos_latest
Installing: openssl-fips-provider;3.0.7-8.0.1.el9;x86_64;ol9_baseos_latest
Updating: openssl-libs;1:3.5.1-7.0.1.el9_7;x86_64;ol9_baseos_latest
Updating: libcurl;7.76.1-35.el9_7.3;x86_64;ol9_baseos_latest
Installing: openssh;8.7p1-49.0.1.el9_7;x86_64;ol9_baseos_latest
Installing: ncurses;6.2-10.20210508.el9;x86_64;ol9_baseos_latest
Installing: libedit;3.1-38.20210216cvs.el9;x86_64;ol9_baseos_latest
Installing: libcbor;0.7.0-5.el9;x86_64;ol9_baseos_latest
Installing: libfido2;1.13.0-2.el9;x86_64;ol9_baseos_latest
Installing: openssh-clients;8.7p1-49.0.1.el9_7;x86_64;ol9_baseos_latest
Installing: git-core;2.47.3-1.el9_6;x86_64;ol9_appstream
Installing: git-core-doc;2.47.3-1.el9_6;noarch;ol9_appstream
Installing: groff-base;1.22.4-10.el9;x86_64;ol9_baseos_latest
Installing: perl-Digest;1.19-4.el9;noarch;ol9_appstream
Installing: perl-Digest-MD5;2.58-4.el9;x86_64;ol9_appstream
Installing: perl-B;1.80-481.1.el9_6;x86_64;ol9_appstream
Installing: perl-FileHandle;2.03-481.1.el9_6;noarch;ol9_appstream
Installing: perl-Data-Dumper;2.174-462.el9;x86_64;ol9_appstream
Installing: perl-libnet;3.13-4.el9;noarch;ol9_appstream
Installing: perl-AutoLoader;5.74-481.1.el9_6;noarch;ol9_appstream
Installing: perl-base;2.27-481.1.el9_6;noarch;ol9_appstream
Installing: perl-URI;5.09-3.el9;noarch;ol9_appstream
Installing: perl-Mozilla-CA;20200520-6.el9;noarch;ol9_appstream
Installing: perl-if;0.60.800-481.1.el9_6;noarch;ol9_appstream
Installing: perl-IO-Socket-IP;0.41-5.el9;noarch;ol9_appstream
Installing: perl-Time-Local;2:1.300-7.el9;noarch;ol9_appstream
Installing: perl-File-Path;2.18-4.el9;noarch;ol9_appstream
Installing: perl-IO-Socket-SSL;2.073-2.el9;noarch;ol9_appstream
Installing: perl-Net-SSLeay;1.94-3.el9;x86_64;ol9_appstream
Installing: perl-Pod-Escapes;1:1.07-460.el9;noarch;ol9_appstream
Installing: perl-Text-Tabs+Wrap;2013.0523-460.el9;noarch;ol9_appstream
Installing: perl-Class-Struct;0.66-481.1.el9_6;noarch;ol9_appstream
Installing: perl-POSIX;1.94-481.1.el9_6;x86_64;ol9_appstream
Installing: perl-Term-ANSIColor;5.01-461.el9;noarch;ol9_appstream
Installing: perl-IPC-Open3;1.21-481.1.el9_6;noarch;ol9_appstream
Installing: perl-subs;1.03-481.1.el9_6;noarch;ol9_appstream
Installing: perl-File-Temp;1:0.231.100-4.el9;noarch;ol9_appstream
Installing: perl-HTTP-Tiny;0.076-462.el9;noarch;ol9_appstream
Installing: perl-Term-Cap;1.17-460.el9;noarch;ol9_appstream
Installing: perl-Pod-Simple;1:3.42-4.el9;noarch;ol9_appstream
Installing: perl-Socket;4:2.031-4.el9;x86_64;ol9_appstream
Installing: perl-SelectSaver;1.02-481.1.el9_6;noarch;ol9_appstream
Installing: perl-Symbol;1.08-481.1.el9_6;noarch;ol9_appstream
Installing: perl-File-stat;1.09-481.1.el9_6;noarch;ol9_appstream
Installing: perl-podlators;1:4.14-460.el9;noarch;ol9_appstream
Installing: perl-Pod-Perldoc;3.28.01-461.el9;noarch;ol9_appstream
Installing: perl-Fcntl;1.13-481.1.el9_6;x86_64;ol9_appstream
Installing: perl-Text-ParseWords;3.30-460.el9;noarch;ol9_appstream
Installing: perl-mro;1.23-481.1.el9_6;x86_64;ol9_appstream
Installing: perl-IO;1.43-481.1.el9_6;x86_64;ol9_appstream
Installing: perl-overloading;0.02-481.1.el9_6;noarch;ol9_appstream
Installing: perl-Pod-Usage;4:2.01-4.el9;noarch;ol9_appstream
Installing: perl-Errno;1.30-481.1.el9_6;x86_64;ol9_appstream
Installing: perl-File-Basename;2.85-481.1.el9_6;noarch;ol9_appstream
Installing: perl-Getopt-Std;1.12-481.1.el9_6;noarch;ol9_appstream
Installing: perl-MIME-Base64;3.16-4.el9;x86_64;ol9_appstream
Installing: perl-Scalar-List-Utils;4:1.56-462.el9;x86_64;ol9_appstream
Installing: perl-constant;1.33-461.el9;noarch;ol9_appstream
Installing: perl-Storable;1:3.21-460.el9;x86_64;ol9_appstream
Installing: perl-overload;1.31-481.1.el9_6;noarch;ol9_appstream
Installing: perl-parent;1:0.238-460.el9;noarch;ol9_appstream
Installing: perl-vars;1.05-481.1.el9_6;noarch;ol9_appstream
Installing: perl-Getopt-Long;1:2.52-4.el9;noarch;ol9_appstream
Installing: perl-Carp;1.50-460.el9;noarch;ol9_appstream
Installing: perl-Exporter;5.74-461.el9;noarch;ol9_appstream
Installing: perl-NDBM_File;1.15-481.1.el9_6;x86_64;ol9_appstream
Installing: perl-PathTools;3.78-461.el9;x86_64;ol9_appstream
Installing: perl-Encode;4:3.08-462.el9;x86_64;ol9_appstream
Installing: perl-libs;4:5.32.1-481.1.el9_6;x86_64;ol9_appstream
Installing: perl-interpreter;4:5.32.1-481.1.el9_6;x86_64;ol9_appstream
Installing: perl-DynaLoader;1.47-481.1.el9_6;x86_64;ol9_appstream
Installing: perl-TermReadKey;2.38-11.el9;x86_64;ol9_appstream
Installing: perl-Error;1:0.17029-7.el9;noarch;ol9_appstream
Installing: perl-File-Find;1.37-481.1.el9_6;noarch;ol9_appstream
Installing: perl-lib;0.65-481.1.el9_6;x86_64;ol9_appstream
Installing: perl-Git;2.47.3-1.el9_6;noarch;ol9_appstream
Installing: git;2.47.3-1.el9_6;x86_64;ol9_appstream
Updating: curl;7.76.1-35.el9_7.3;x86_64;ol9_baseos_latest
Updating: libcurl-devel;7.76.1-35.el9_7.3;x86_64;ol9_appstream
Updating: openssl;1:3.5.1-7.0.1.el9_7;x86_64;ol9_baseos_latest
Updating: openssl-devel;1:3.5.1-7.0.1.el9_7;x86_64;ol9_appstream
Updating: tar;2:1.34-9.el9_7;x86_64;ol9_baseos_latest
Cleanup: openssl;1:3.0.7-24.0.1.el9;x86_64;installed
Cleanup: openssl-devel;1:3.0.7-24.0.1.el9;x86_64;installed
Cleanup: libcurl-devel;7.76.1-26.el9_3.2;x86_64;installed
Cleanup: curl;7.76.1-26.el9_3.2;x86_64;installed
Cleanup: libcurl;7.76.1-26.el9_3.2;x86_64;installed
Cleanup: openssl-libs;1:3.0.7-24.0.1.el9;x86_64;installed
Cleanup: tar;2:1.34-6.el9_1;x86_64;installed
Complete.
[INFO] Downloaded from central: https://repo.maven.apache.org/maven2/net/java/dev/jna/jna/5.17.0/jna-5.17.0.jar (2.0 MB at 2.2 MB/s)
[INFO] Replacing main artifact /project/eno-ws/target/eno-ws-3.62.0.jar with repackaged archive, adding nested dependencies in BOOT-INF/.
[INFO] The original artifact has been renamed to /project/eno-ws/target/eno-ws-3.62.0.jar.original
[INFO] 
[INFO] --- install:3.1.4:install (default-install) @ eno-ws ---
[INFO] Installing /project/eno-ws/pom.xml to /root/.m2/repository/fr/insee/eno/eno-ws/3.62.0/eno-ws-3.62.0.pom
[INFO] Installing /project/eno-ws/target/eno-ws-3.62.0.jar to /root/.m2/repository/fr/insee/eno/eno-ws/3.62.0/eno-ws-3.62.0.jar
[INFO] ------------------------------------------------------------------------
[INFO] Reactor Summary for Eno 3.62.0:
[INFO] 
[INFO] Eno ................................................ SUCCESS [  1.013 s]
[INFO] Eno core ........................................... SUCCESS [ 39.496 s]
[INFO] Eno specific treatments ............................ SUCCESS [  3.044 s]
[INFO] Eno web-service app ................................ SUCCESS [ 14.206 s]
[INFO] ------------------------------------------------------------------------
[INFO] BUILD SUCCESS
[INFO] ------------------------------------------------------------------------
[INFO] Total time:  01:01 min
[INFO] Finished at: 2026-05-22T03:57:21Z
[INFO] ------------------------------------------------------------------------
2026-05-22 04:40:10.107 [main] INFO  fr.insee.eno.core.mappers.DDIMapper - Starting mapping between DDI instance and Eno questionnaire.
2026-05-22 04:40:22.566 [main] INFO  fr.insee.eno.core.mappers.DDIMapper - Finished mapping between DDI instance and Eno questionnaire.
2026-05-22 04:40:22.814 [main] INFO  f.i.eno.core.mappers.LunaticMapper - Starting mapping between Eno model and Lunatic questionnaire
2026-05-22 04:40:24.625 [main] INFO  f.i.eno.core.mappers.LunaticMapper - Finished mapping between Eno model and Lunatic questionnaire
2026-05-22 04:40:24.775 [main] INFO  f.i.e.c.p.o.s.l.p.LunaticAddPageNumbers - Adding page numbers by question.
2026-05-22 04:40:25.039 [main] INFO  f.i.e.t.LunaticSuggesterSpecificTreatment - Processing suggesters on Lunatic Questionnaire
2026-05-22 04:40:25.059 [main] INFO  f.i.e.c.serialize.LunaticSerializer - Serializing Lunatic questionnaire (id='l7ugetj0').
2026-05-22 04:40:25.061 [main] INFO  f.i.l.conversion.JsonSerializer - Serializing questionnaire l7ugetj0
2026-05-22 04:40:26.244 [main] INFO  f.i.l.conversion.JsonSerializer - Questionnaire l7ugetj0 successfully deserialized
2026-05-22 04:40:26.680 [main] INFO  f.i.eno.core.parameter.EnoParameters - Parameters with context DEFAULT, out format LUNATIC, mode CAWI
2026-05-22 04:40:26.680 [main] INFO  f.i.e.core.serialize.DDIDeserializer - Deserializing DDI document from input stream given.
2026-05-22 04:40:26.713 [main] INFO  fr.insee.eno.core.mappers.DDIMapper - Starting mapping between DDI instance and Eno questionnaire.
2026-05-22 04:40:29.295 [main] INFO  fr.insee.eno.core.mappers.DDIMapper - Finished mapping between DDI instance and Eno questionnaire.
2026-05-22 04:40:29.313 [main] INFO  f.i.eno.core.mappers.LunaticMapper - Starting mapping between Eno model and Lunatic questionnaire
2026-05-22 04:40:29.884 [main] INFO  f.i.eno.core.mappers.LunaticMapper - Finished mapping between Eno model and Lunatic questionnaire
2026-05-22 04:40:29.917 [main] INFO  f.i.e.c.p.o.s.l.p.LunaticAddPageNumbers - Adding page numbers by question.
2026-05-22 04:40:30.363 [main] INFO  f.i.e.c.serialize.LunaticSerializer - Serializing Lunatic questionnaire (id='lhpz68wp').
2026-05-22 04:40:30.363 [main] INFO  f.i.l.conversion.JsonSerializer - Serializing questionnaire lhpz68wp
2026-05-22 04:40:31.094 [main] INFO  f.i.l.conversion.JsonSerializer - Questionnaire lhpz68wp successfully deserialized
2026-05-22 04:40:31.385 [main] INFO  f.i.eno.core.parameter.EnoParameters - Parameters with context DEFAULT, out format LUNATIC, mode CAWI
2026-05-22 04:40:31.385 [main] INFO  f.i.e.core.serialize.DDIDeserializer - Deserializing DDI document from input stream given.
2026-05-22 04:40:31.405 [main] INFO  fr.insee.eno.core.mappers.DDIMapper - Starting mapping between DDI instance and Eno questionnaire.
2026-05-22 04:40:32.770 [main] INFO  fr.insee.eno.core.mappers.DDIMapper - Finished mapping between DDI instance and Eno questionnaire.
2026-05-22 04:40:32.772 [main] INFO  f.i.eno.core.mappers.LunaticMapper - Starting mapping between Eno model and Lunatic questionnaire
2026-05-22 04:40:33.349 [main] INFO  f.i.eno.core.mappers.LunaticMapper - Finished mapping between Eno model and Lunatic questionnaire
2026-05-22 04:40:33.351 [main] INFO  f.i.e.c.p.o.s.l.p.LunaticAddPageNumbers - Adding page numbers by question.
2026-05-22 04:40:33.356 [main] INFO  f.i.e.c.serialize.LunaticSerializer - Serializing Lunatic questionnaire (id='lhpz68wp').
2026-05-22 04:40:33.356 [main] INFO  f.i.l.conversion.JsonSerializer - Serializing questionnaire lhpz68wp
2026-05-22 04:40:33.872 [main] INFO  f.i.l.conversion.JsonSerializer - Questionnaire lhpz68wp successfully deserialized
2026-05-22 04:40:33.985 [main] INFO  f.i.eno.core.parameter.EnoParameters - Parameters with context DEFAULT, out format LUNATIC, mode CAWI
2026-05-22 04:40:33.986 [main] INFO  f.i.e.core.serialize.DDIDeserializer - Deserializing DDI document from input stream given.
2026-05-22 04:40:34.008 [main] INFO  fr.insee.eno.core.mappers.DDIMapper - Starting mapping between DDI instance and Eno questionnaire.
2026-05-22 04:40:37.617 [main] INFO  fr.insee.eno.core.mappers.DDIMapper - Finished mapping between DDI instance and Eno questionnaire.
2026-05-22 04:40:37.629 [main] INFO  f.i.eno.core.mappers.LunaticMapper - Starting mapping between Eno model and Lunatic questionnaire
2026-05-22 04:40:38.390 [main] INFO  f.i.eno.core.mappers.LunaticMapper - Finished mapping between Eno model and Lunatic questionnaire
2026-05-22 04:40:38.396 [main] INFO  f.i.e.c.p.o.s.l.p.LunaticAddPageNumbers - Adding page numbers by question.
2026-05-22 04:40:38.422 [main] INFO  f.i.e.c.serialize.LunaticSerializer - Serializing Lunatic questionnaire (id='lna9ksqx').
2026-05-22 04:40:38.423 [main] INFO  f.i.l.conversion.JsonSerializer - Serializing questionnaire lna9ksqx
2026-05-22 04:40:39.027 [main] INFO  f.i.l.conversion.JsonSerializer - Questionnaire lna9ksqx successfully deserialized
2026-05-22 04:40:39.086 [main] INFO  f.i.eno.core.parameter.EnoParameters - Parameters with context DEFAULT, out format LUNATIC, mode CAWI
2026-05-22 04:40:39.086 [main] INFO  f.i.e.core.serialize.DDIDeserializer - Deserializing DDI document from input stream given.
2026-05-22 04:40:39.106 [main] INFO  fr.insee.eno.core.mappers.DDIMapper - Starting mapping between DDI instance and Eno questionnaire.
2026-05-22 04:40:41.164 [main] INFO  fr.insee.eno.core.mappers.DDIMapper - Finished mapping between DDI instance and Eno questionnaire.
2026-05-22 04:40:41.168 [main] INFO  f.i.eno.core.mappers.LunaticMapper - Starting mapping between Eno model and Lunatic questionnaire
2026-05-22 04:40:41.756 [main] INFO  f.i.eno.core.mappers.LunaticMapper - Finished mapping between Eno model and Lunatic questionnaire
2026-05-22 04:40:41.758 [main] INFO  f.i.e.c.p.o.s.l.p.LunaticAddPageNumbers - Adding page numbers by question.
2026-05-22 04:40:41.761 [main] INFO  f.i.e.c.serialize.LunaticSerializer - Serializing Lunatic questionnaire (id='lmyjrqbb').
2026-05-22 04:40:41.761 [main] INFO  f.i.l.conversion.JsonSerializer - Serializing questionnaire lmyjrqbb
2026-05-22 04:40:42.208 [main] INFO  f.i.l.conversion.JsonSerializer - Questionnaire lmyjrqbb successfully deserialized
2026-05-22 04:40:42.237 [main] INFO  f.i.eno.core.parameter.EnoParameters - Parameters with context DEFAULT, out format LUNATIC, mode CAWI
2026-05-22 04:40:42.237 [main] INFO  f.i.e.core.serialize.DDIDeserializer - Deserializing DDI document from input stream given.
2026-05-22 04:40:42.272 [main] INFO  fr.insee.eno.core.mappers.DDIMapper - Starting mapping between DDI instance and Eno questionnaire.
2026-05-22 04:40:52.019 [main] INFO  fr.insee.eno.core.mappers.DDIMapper - Finished mapping between DDI instance and Eno questionnaire.
2026-05-22 04:40:52.033 [main] INFO  f.i.eno.core.mappers.LunaticMapper - Starting mapping between Eno model and Lunatic questionnaire
2026-05-22 04:40:54.646 [main] INFO  f.i.eno.core.mappers.LunaticMapper - Finished mapping between Eno model and Lunatic questionnaire
2026-05-22 04:40:55.347 [main] INFO  f.i.e.c.p.o.s.l.p.LunaticAddPageNumbers - Adding page numbers by question.
2026-05-22 04:40:55.400 [main] INFO  f.i.e.c.serialize.LunaticSerializer - Serializing Lunatic questionnaire (id='ll27mb7f').
2026-05-22 04:40:55.400 [main] INFO  f.i.l.conversion.JsonSerializer - Serializing questionnaire ll27mb7f
2026-05-22 04:40:57.614 [main] INFO  f.i.l.conversion.JsonSerializer - Questionnaire ll27mb7f successfully deserialized
2026-05-22 04:40:57.657 [main] INFO  f.i.eno.core.parameter.EnoParameters - Parameters with context DEFAULT, out format LUNATIC, mode CAWI
2026-05-22 04:40:57.657 [main] INFO  f.i.e.core.serialize.DDIDeserializer - Deserializing DDI document from input stream given.
2026-05-22 04:40:57.694 [main] INFO  fr.insee.eno.core.mappers.DDIMapper - Starting mapping between DDI instance and Eno questionnaire.
2026-05-22 04:41:04.589 [main] INFO  fr.insee.eno.core.mappers.DDIMapper - Finished mapping between DDI instance and Eno questionnaire.
2026-05-22 04:41:04.596 [main] INFO  f.i.eno.core.mappers.LunaticMapper - Starting mapping between Eno model and Lunatic questionnaire
2026-05-22 04:41:06.206 [main] INFO  f.i.eno.core.mappers.LunaticMapper - Finished mapping between Eno model and Lunatic questionnaire
2026-05-22 04:41:06.775 [main] INFO  f.i.e.c.p.o.s.l.p.LunaticAddPageNumbers - Adding page numbers by question.
2026-05-22 04:41:06.779 [main] INFO  f.i.e.c.serialize.LunaticSerializer - Serializing Lunatic questionnaire (id='ll28it6e').
2026-05-22 04:41:06.780 [main] INFO  f.i.l.conversion.JsonSerializer - Serializing questionnaire ll28it6e
2026-05-22 04:41:08.277 [main] INFO  f.i.l.conversion.JsonSerializer - Questionnaire ll28it6e successfully deserialized
2026-05-22 04:41:08.322 [main] INFO  f.i.eno.core.parameter.EnoParameters - Parameters with context DEFAULT, out format LUNATIC, mode CAWI
2026-05-22 04:41:08.323 [main] INFO  f.i.e.core.serialize.DDIDeserializer - Deserializing DDI document from input stream given.
2026-05-22 04:41:08.339 [main] INFO  fr.insee.eno.core.mappers.DDIMapper - Starting mapping between DDI instance and Eno questionnaire.
2026-05-22 04:41:10.882 [main] INFO  fr.insee.eno.core.mappers.DDIMapper - Finished mapping between DDI instance and Eno questionnaire.
2026-05-22 04:41:10.893 [main] INFO  f.i.eno.core.mappers.LunaticMapper - Starting mapping between Eno model and Lunatic questionnaire
2026-05-22 04:41:11.754 [main] INFO  f.i.eno.core.mappers.LunaticMapper - Finished mapping between Eno model and Lunatic questionnaire
2026-05-22 04:41:11.755 [main] INFO  f.i.e.c.p.o.s.l.p.LunaticAddPageNumbers - Adding page numbers by question.
2026-05-22 04:41:11.775 [main] INFO  f.i.e.c.serialize.LunaticSerializer - Serializing Lunatic questionnaire (id='lk6x162e').
2026-05-22 04:41:11.776 [main] INFO  f.i.l.conversion.JsonSerializer - Serializing questionnaire lk6x162e
2026-05-22 04:41:12.674 [main] INFO  f.i.l.conversion.JsonSerializer - Questionnaire lk6x162e successfully deserialized
2026-05-22 04:41:12.714 [main] INFO  f.i.eno.core.parameter.EnoParameters - Parameters with context DEFAULT, out format LUNATIC, mode CAWI
2026-05-22 04:41:12.714 [main] INFO  f.i.e.core.serialize.DDIDeserializer - Deserializing DDI document from input stream given.
2026-05-22 04:41:12.733 [main] INFO  fr.insee.eno.core.mappers.DDIMapper - Starting mapping between DDI instance and Eno questionnaire.
2026-05-22 04:41:17.414 [main] INFO  fr.insee.eno.core.mappers.DDIMapper - Finished mapping between DDI instance and Eno questionnaire.
2026-05-22 04:41:17.419 [main] INFO  f.i.eno.core.mappers.LunaticMapper - Starting mapping between Eno model and Lunatic questionnaire
2026-05-22 04:41:18.903 [main] INFO  f.i.eno.core.mappers.LunaticMapper - Finished mapping between Eno model and Lunatic questionnaire
2026-05-22 04:41:18.904 [main] INFO  f.i.e.c.p.o.s.l.p.LunaticAddPageNumbers - Adding page numbers by question.
2026-05-22 04:41:18.915 [main] INFO  f.i.e.c.serialize.LunaticSerializer - Serializing Lunatic questionnaire (id='kzfezgxb').
2026-05-22 04:41:18.915 [main] INFO  f.i.l.conversion.JsonSerializer - Serializing questionnaire kzfezgxb
2026-05-22 04:41:19.971 [main] INFO  f.i.l.conversion.JsonSerializer - Questionnaire kzfezgxb successfully deserialized
2026-05-22 04:41:20.008 [main] INFO  f.i.eno.core.parameter.EnoParameters - Parameters with context DEFAULT, out format LUNATIC, mode CAWI
2026-05-22 04:41:20.008 [main] INFO  f.i.e.core.serialize.DDIDeserializer - Deserializing DDI document from input stream given.
2026-05-22 04:41:20.032 [main] INFO  fr.insee.eno.core.mappers.DDIMapper - Starting mapping between DDI instance and Eno questionnaire.
2026-05-22 04:41:36.886 [main] INFO  fr.insee.eno.core.mappers.DDIMapper - Finished mapping between DDI instance and Eno questionnaire.
2026-05-22 04:41:36.907 [main] INFO  f.i.eno.core.mappers.LunaticMapper - Starting mapping between Eno model and Lunatic questionnaire
2026-05-22 04:41:39.799 [main] INFO  f.i.eno.core.mappers.LunaticMapper - Finished mapping between Eno model and Lunatic questionnaire
2026-05-22 04:41:41.404 [main] INFO  f.i.e.c.p.o.s.l.p.LunaticAddPageNumbers - Adding page numbers by question.
2026-05-22 04:41:41.424 [main] INFO  f.i.e.c.serialize.LunaticSerializer - Serializing Lunatic questionnaire (id='l9o7l439').
2026-05-22 04:41:41.424 [main] INFO  f.i.l.conversion.JsonSerializer - Serializing questionnaire l9o7l439
2026-05-22 04:41:45.155 [main] INFO  f.i.l.conversion.JsonSerializer - Questionnaire l9o7l439 successfully deserialized
2026-05-22 04:41:45.184 [main] INFO  f.i.eno.core.parameter.EnoParameters - Parameters with context DEFAULT, out format LUNATIC, mode CAWI
2026-05-22 04:41:45.184 [main] INFO  f.i.e.core.serialize.DDIDeserializer - Deserializing DDI document from input stream given.
2026-05-22 04:41:45.199 [main] INFO  fr.insee.eno.core.mappers.DDIMapper - Starting mapping between DDI instance and Eno questionnaire.
2026-05-22 04:41:46.645 [main] INFO  fr.insee.eno.core.mappers.DDIMapper - Finished mapping between DDI instance and Eno questionnaire.
2026-05-22 04:41:46.649 [main] INFO  f.i.eno.core.mappers.LunaticMapper - Starting mapping between Eno model and Lunatic questionnaire
2026-05-22 04:41:47.176 [main] INFO  f.i.eno.core.mappers.LunaticMapper - Finished mapping between Eno model and Lunatic questionnaire
2026-05-22 04:41:47.185 [main] INFO  f.i.e.c.p.o.s.l.p.LunaticAddPageNumbers - Adding page numbers by question.
2026-05-22 04:41:47.199 [main] INFO  f.i.e.c.serialize.LunaticSerializer - Serializing Lunatic questionnaire (id='ldodefpq').
2026-05-22 04:41:47.200 [main] INFO  f.i.l.conversion.JsonSerializer - Serializing questionnaire ldodefpq
2026-05-22 04:41:47.818 [main] INFO  f.i.l.conversion.JsonSerializer - Questionnaire ldodefpq successfully deserialized
2026-05-22 04:41:47.859 [main] INFO  f.i.eno.core.parameter.EnoParameters - Parameters with context DEFAULT, out format LUNATIC, mode CAWI
2026-05-22 04:41:47.860 [main] INFO  f.i.e.core.serialize.DDIDeserializer - Deserializing DDI document from input stream given.
2026-05-22 04:41:47.868 [main] INFO  fr.insee.eno.core.mappers.DDIMapper - Starting mapping between DDI instance and Eno questionnaire.
2026-05-22 04:41:48.338 [main] INFO  fr.insee.eno.core.mappers.DDIMapper - Finished mapping between DDI instance and Eno questionnaire.
2026-05-22 04:41:48.339 [main] INFO  f.i.eno.core.mappers.LunaticMapper - Starting mapping between Eno model and Lunatic questionnaire
2026-05-22 04:41:48.390 [main] INFO  f.i.eno.core.mappers.LunaticMapper - Finished mapping between Eno model and Lunatic questionnaire
2026-05-22 04:41:48.414 [main] INFO  f.i.e.c.p.o.s.l.p.LunaticAddPageNumbers - Adding page numbers by question.
2026-05-22 04:41:48.421 [main] INFO  f.i.e.c.serialize.LunaticSerializer - Serializing Lunatic questionnaire (id='ljps8p2l').
2026-05-22 04:41:48.421 [main] INFO  f.i.l.conversion.JsonSerializer - Serializing questionnaire ljps8p2l
2026-05-22 04:41:48.736 [main] INFO  f.i.l.conversion.JsonSerializer - Questionnaire ljps8p2l successfully deserialized
2026-05-22 04:41:48.763 [main] INFO  f.i.eno.core.parameter.EnoParameters - Parameters with context DEFAULT, out format LUNATIC, mode CAWI
2026-05-22 04:41:48.763 [main] INFO  f.i.e.core.serialize.DDIDeserializer - Deserializing DDI document from input stream given.
2026-05-22 04:41:48.773 [main] INFO  fr.insee.eno.core.mappers.DDIMapper - Starting mapping between DDI instance and Eno questionnaire.
2026-05-22 04:41:50.557 [main] INFO  fr.insee.eno.core.mappers.DDIMapper - Finished mapping between DDI instance and Eno questionnaire.
2026-05-22 04:41:50.561 [main] INFO  f.i.eno.core.mappers.LunaticMapper - Starting mapping between Eno model and Lunatic questionnaire
2026-05-22 04:41:50.968 [main] INFO  f.i.eno.core.mappers.LunaticMapper - Finished mapping between Eno model and Lunatic questionnaire
2026-05-22 04:41:50.970 [main] INFO  f.i.e.c.p.o.s.l.p.LunaticAddPageNumbers - Adding page numbers by question.
2026-05-22 04:41:50.977 [main] INFO  f.i.e.c.serialize.LunaticSerializer - Serializing Lunatic questionnaire (id='lb3ei722').
2026-05-22 04:41:50.978 [main] INFO  f.i.l.conversion.JsonSerializer - Serializing questionnaire lb3ei722
2026-05-22 04:41:51.456 [main] INFO  f.i.l.conversion.JsonSerializer - Questionnaire lb3ei722 successfully deserialized
2026-05-22 04:41:51.489 [main] INFO  f.i.eno.core.parameter.EnoParameters - Parameters with context DEFAULT, out format LUNATIC, mode CAWI
2026-05-22 04:41:51.490 [main] INFO  f.i.e.core.serialize.DDIDeserializer - Deserializing DDI document from input stream given.
2026-05-22 04:41:51.507 [main] INFO  fr.insee.eno.core.mappers.DDIMapper - Starting mapping between DDI instance and Eno questionnaire.
2026-05-22 04:41:53.066 [main] INFO  fr.insee.eno.core.mappers.DDIMapper - Finished mapping between DDI instance and Eno questionnaire.
2026-05-22 04:41:53.067 [main] INFO  f.i.eno.core.mappers.LunaticMapper - Starting mapping between Eno model and Lunatic questionnaire
2026-05-22 04:41:53.583 [main] INFO  f.i.eno.core.mappers.LunaticMapper - Finished mapping between Eno model and Lunatic questionnaire
2026-05-22 04:41:53.585 [main] INFO  f.i.e.c.p.o.s.l.p.LunaticAddPageNumbers - Adding page numbers by question.
2026-05-22 04:41:53.587 [main] INFO  f.i.e.c.serialize.LunaticSerializer - Serializing Lunatic questionnaire (id='l7j0wwqx').
2026-05-22 04:41:53.587 [main] INFO  f.i.l.conversion.JsonSerializer - Serializing questionnaire l7j0wwqx
2026-05-22 04:41:54.015 [main] INFO  f.i.l.conversion.JsonSerializer - Questionnaire l7j0wwqx successfully deserialized
2026-05-22 04:41:54.040 [main] INFO  f.i.eno.core.parameter.EnoParameters - Parameters with context DEFAULT, out format LUNATIC, mode CAWI
2026-05-22 04:41:54.040 [main] INFO  f.i.e.core.serialize.DDIDeserializer - Deserializing DDI document from input stream given.
2026-05-22 04:41:54.065 [main] INFO  fr.insee.eno.core.mappers.DDIMapper - Starting mapping between DDI instance and Eno questionnaire.
2026-05-22 04:42:05.016 [main] INFO  fr.insee.eno.core.mappers.DDIMapper - Finished mapping between DDI instance and Eno questionnaire.
2026-05-22 04:42:05.021 [main] INFO  f.i.eno.core.mappers.LunaticMapper - Starting mapping between Eno model and Lunatic questionnaire
2026-05-22 04:42:06.827 [main] INFO  f.i.eno.core.mappers.LunaticMapper - Finished mapping between Eno model and Lunatic questionnaire
2026-05-22 04:42:08.762 [main] INFO  f.i.e.c.p.o.s.l.p.LunaticAddPageNumbers - Adding page numbers by question.
2026-05-22 04:42:08.768 [main] WARN  f.i.e.c.p.o.s.l.c.LunaticDatepickerControl - Invalid value for max date of question 'kiq71eoi': format-date(current-date(),'[Y0001]-[M01]-[D01]')
2026-05-22 04:42:08.773 [main] WARN  f.i.e.c.p.o.s.l.c.LunaticDatepickerControl - Invalid value for max date of question 'k5nw1fir': year-from-date(current-date())
2026-05-22 04:42:08.803 [main] INFO  f.i.e.c.serialize.LunaticSerializer - Serializing Lunatic questionnaire (id='simpsonsvtl').
2026-05-22 04:42:08.803 [main] INFO  f.i.l.conversion.JsonSerializer - Serializing questionnaire simpsonsvtl
2026-05-22 04:42:12.159 [main] INFO  f.i.l.conversion.JsonSerializer - Questionnaire simpsonsvtl successfully deserialized
2026-05-22 04:42:12.216 [main] INFO  f.i.eno.core.parameter.EnoParameters - Parameters with context DEFAULT, out format LUNATIC, mode CAWI
2026-05-22 04:42:12.216 [main] INFO  f.i.e.core.serialize.DDIDeserializer - Deserializing DDI document from input stream given.
2026-05-22 04:42:12.230 [main] INFO  fr.insee.eno.core.mappers.DDIMapper - Starting mapping between DDI instance and Eno questionnaire.
2026-05-22 04:42:13.768 [main] INFO  fr.insee.eno.core.mappers.DDIMapper - Finished mapping between DDI instance and Eno questionnaire.
2026-05-22 04:42:13.770 [main] INFO  f.i.eno.core.mappers.LunaticMapper - Starting mapping between Eno model and Lunatic questionnaire
2026-05-22 04:42:14.238 [main] INFO  f.i.eno.core.mappers.LunaticMapper - Finished mapping between Eno model and Lunatic questionnaire
2026-05-22 04:42:14.242 [main] INFO  f.i.e.c.p.o.s.l.p.LunaticAddPageNumbers - Adding page numbers by question.
2026-05-22 04:42:14.245 [main] INFO  f.i.e.c.serialize.LunaticSerializer - Serializing Lunatic questionnaire (id='kx0a2hn8').
2026-05-22 04:42:14.246 [main] INFO  f.i.l.conversion.JsonSerializer - Serializing questionnaire kx0a2hn8
2026-05-22 04:42:14.682 [main] INFO  f.i.l.conversion.JsonSerializer - Questionnaire kx0a2hn8 successfully deserialized
2026-05-22 04:42:14.714 [main] INFO  f.i.eno.core.parameter.EnoParameters - Parameters with context DEFAULT, out format LUNATIC, mode CAWI
2026-05-22 04:42:14.715 [main] INFO  f.i.e.core.serialize.DDIDeserializer - Deserializing DDI document from input stream given.
2026-05-22 04:42:14.723 [main] INFO  fr.insee.eno.core.mappers.DDIMapper - Starting mapping between DDI instance and Eno questionnaire.
2026-05-22 04:42:16.195 [main] INFO  fr.insee.eno.core.mappers.DDIMapper - Finished mapping between DDI instance and Eno questionnaire.
2026-05-22 04:42:16.197 [main] INFO  f.i.eno.core.mappers.LunaticMapper - Starting mapping between Eno model and Lunatic questionnaire
2026-05-22 04:42:16.897 [main] INFO  f.i.eno.core.mappers.LunaticMapper - Finished mapping between Eno model and Lunatic questionnaire
2026-05-22 04:42:16.898 [main] INFO  f.i.e.c.p.o.s.l.p.LunaticAddPageNumbers - Adding page numbers by question.
2026-05-22 04:42:16.900 [main] INFO  f.i.e.c.serialize.LunaticSerializer - Serializing Lunatic questionnaire (id='kzguw1v7').
2026-05-22 04:42:16.901 [main] INFO  f.i.l.conversion.JsonSerializer - Serializing questionnaire kzguw1v7
2026-05-22 04:42:17.392 [main] INFO  f.i.l.conversion.JsonSerializer - Questionnaire kzguw1v7 successfully deserialized
2026-05-22 04:42:17.429 [main] INFO  f.i.eno.core.parameter.EnoParameters - Parameters with context DEFAULT, out format LUNATIC, mode CAWI
2026-05-22 04:42:17.429 [main] INFO  f.i.e.core.serialize.DDIDeserializer - Deserializing DDI document from input stream given.
2026-05-22 04:42:17.445 [main] INFO  fr.insee.eno.core.mappers.DDIMapper - Starting mapping between DDI instance and Eno questionnaire.
2026-05-22 04:42:20.008 [main] INFO  fr.insee.eno.core.mappers.DDIMapper - Finished mapping between DDI instance and Eno questionnaire.
2026-05-22 04:42:20.010 [main] INFO  f.i.eno.core.mappers.LunaticMapper - Starting mapping between Eno model and Lunatic questionnaire
2026-05-22 04:42:20.723 [main] INFO  f.i.eno.core.mappers.LunaticMapper - Finished mapping between Eno model and Lunatic questionnaire
2026-05-22 04:42:20.723 [main] INFO  f.i.e.c.p.o.s.l.p.LunaticAddPageNumbers - Adding page numbers by question.
2026-05-22 04:42:20.724 [main] INFO  f.i.e.c.serialize.LunaticSerializer - Serializing Lunatic questionnaire (id='kanye31s_1').
2026-05-22 04:42:20.724 [main] INFO  f.i.l.conversion.JsonSerializer - Serializing questionnaire kanye31s_1
2026-05-22 04:42:21.213 [main] INFO  f.i.l.conversion.JsonSerializer - Questionnaire kanye31s_1 successfully deserialized
[INFO] Tests run: 18, Failures: 0, Errors: 0, Skipped: 0, Time elapsed: 134.2 s -- in fr.insee.eno.ws.service.DDIToLunaticServiceTest
[INFO] 
[INFO] Results:
[INFO] 
[INFO] Tests run: 18, Failures: 0, Errors: 0, Skipped: 0
[INFO] 
[INFO] ------------------------------------------------------------------------
[INFO] Reactor Summary for Eno 3.62.0:
[INFO] 
[INFO] Eno ................................................ SUCCESS [  0.005 s]
[INFO] Eno core ........................................... SUCCESS [42:05 min]
[INFO] Eno specific treatments ............................ SUCCESS [ 33.002 s]
[INFO] Eno web-service app ................................ SUCCESS [02:18 min]
[INFO] ------------------------------------------------------------------------
[INFO] BUILD SUCCESS
[INFO] ------------------------------------------------------------------------
[INFO] Total time:  44:57 min
[INFO] Finished at: 2026-05-22T04:42:21Z
[INFO] ------------------------------------------------------------------------
