[INFO] Scanning for projects...
[WARNING] 
[WARNING] Some problems were encountered while building the effective model for com.ji.jichat:jichat-common:jar:2.0-SNAPSHOT
[WARNING] 'build.plugins.plugin.version' for org.codehaus.mojo:flatten-maven-plugin is missing. @ com.ji.jichat:jichat-parent:2.0-SNAPSHOT, /private/tmp/analysis-runs/jisl1024-JiChat/pom.xml, line 89, column 21
[WARNING] 
[WARNING] Some problems were encountered while building the effective model for com.ji.jichat:jichat-spring-boot-starter-web:jar:2.0-SNAPSHOT
[WARNING] 'build.plugins.plugin.version' for org.codehaus.mojo:flatten-maven-plugin is missing. @ com.ji.jichat:jichat-parent:2.0-SNAPSHOT, /private/tmp/analysis-runs/jisl1024-JiChat/pom.xml, line 89, column 21
[WARNING] 
[WARNING] Some problems were encountered while building the effective model for com.ji.jichat:jichat-spring-boot-starter-swagger:jar:2.0-SNAPSHOT
[WARNING] 'build.plugins.plugin.version' for org.codehaus.mojo:flatten-maven-plugin is missing. @ com.ji.jichat:jichat-parent:2.0-SNAPSHOT, /private/tmp/analysis-runs/jisl1024-JiChat/pom.xml, line 89, column 21
[WARNING] 
[WARNING] Some problems were encountered while building the effective model for com.ji.jichat:jichat-spring-boot-starter-mybatis:jar:2.0-SNAPSHOT
[WARNING] 'build.plugins.plugin.version' for org.codehaus.mojo:flatten-maven-plugin is missing. @ com.ji.jichat:jichat-parent:2.0-SNAPSHOT, /private/tmp/analysis-runs/jisl1024-JiChat/pom.xml, line 89, column 21
[WARNING] 
[WARNING] Some problems were encountered while building the effective model for com.ji.jichat:jichat-spring-boot-starter-security:jar:2.0-SNAPSHOT
[WARNING] 'build.plugins.plugin.version' for org.codehaus.mojo:flatten-maven-plugin is missing. @ com.ji.jichat:jichat-parent:2.0-SNAPSHOT, /private/tmp/analysis-runs/jisl1024-JiChat/pom.xml, line 89, column 21
[WARNING] 
[WARNING] Some problems were encountered while building the effective model for com.ji.jichat:jichat-mybatis-gen:jar:2.0-SNAPSHOT
[WARNING] 'build.plugins.plugin.version' for org.codehaus.mojo:flatten-maven-plugin is missing. @ com.ji.jichat:jichat-parent:2.0-SNAPSHOT, /private/tmp/analysis-runs/jisl1024-JiChat/pom.xml, line 89, column 21
[WARNING] 
[WARNING] Some problems were encountered while building the effective model for com.ji.jichat:jichat-spring-boot-starter-excel:jar:2.0-SNAPSHOT
[WARNING] 'build.plugins.plugin.version' for org.codehaus.mojo:flatten-maven-plugin is missing. @ com.ji.jichat:jichat-parent:2.0-SNAPSHOT, /private/tmp/analysis-runs/jisl1024-JiChat/pom.xml, line 89, column 21
[WARNING] 
[WARNING] Some problems were encountered while building the effective model for com.ji.jichat:jichat-framework:pom:2.0-SNAPSHOT
[WARNING] 'build.plugins.plugin.version' for org.codehaus.mojo:flatten-maven-plugin is missing. @ com.ji.jichat:jichat-parent:2.0-SNAPSHOT, /private/tmp/analysis-runs/jisl1024-JiChat/pom.xml, line 89, column 21
[WARNING] 
[WARNING] Some problems were encountered while building the effective model for com.ji.jichat:jichat-gateway:jar:2.0-SNAPSHOT
[WARNING] 'build.plugins.plugin.version' for org.codehaus.mojo:flatten-maven-plugin is missing. @ com.ji.jichat:jichat-parent:2.0-SNAPSHOT, /private/tmp/analysis-runs/jisl1024-JiChat/pom.xml, line 89, column 21
[WARNING] 
[WARNING] Some problems were encountered while building the effective model for com.ji.jichat:chat-service-api:jar:2.0-SNAPSHOT
[WARNING] 'build.plugins.plugin.version' for org.codehaus.mojo:flatten-maven-plugin is missing. @ com.ji.jichat:jichat-parent:2.0-SNAPSHOT, /private/tmp/analysis-runs/jisl1024-JiChat/pom.xml, line 89, column 21
[WARNING] 
[WARNING] Some problems were encountered while building the effective model for com.ji.jichat:chat-service-app:jar:2.0-SNAPSHOT
[WARNING] 'build.plugins.plugin.version' for org.codehaus.mojo:flatten-maven-plugin is missing. @ com.ji.jichat:jichat-parent:2.0-SNAPSHOT, /private/tmp/analysis-runs/jisl1024-JiChat/pom.xml, line 89, column 21
[WARNING] 
[WARNING] Some problems were encountered while building the effective model for com.ji.jichat:chat-service:pom:2.0-SNAPSHOT
[WARNING] 'build.plugins.plugin.version' for org.codehaus.mojo:flatten-maven-plugin is missing. @ com.ji.jichat:jichat-parent:2.0-SNAPSHOT, /private/tmp/analysis-runs/jisl1024-JiChat/pom.xml, line 89, column 21
[WARNING] 
[WARNING] Some problems were encountered while building the effective model for com.ji.jichat:user-service-api:jar:2.0-SNAPSHOT
[WARNING] 'build.plugins.plugin.version' for org.codehaus.mojo:flatten-maven-plugin is missing. @ com.ji.jichat:jichat-parent:2.0-SNAPSHOT, /private/tmp/analysis-runs/jisl1024-JiChat/pom.xml, line 89, column 21
[WARNING] 
[WARNING] Some problems were encountered while building the effective model for com.ji.jichat:user-service-app:jar:2.0-SNAPSHOT
[WARNING] 'build.plugins.plugin.version' for org.codehaus.mojo:flatten-maven-plugin is missing. @ com.ji.jichat:jichat-parent:2.0-SNAPSHOT, /private/tmp/analysis-runs/jisl1024-JiChat/pom.xml, line 89, column 21
[WARNING] 
[WARNING] Some problems were encountered while building the effective model for com.ji.jichat:user-service:pom:2.0-SNAPSHOT
[WARNING] 'build.plugins.plugin.version' for org.codehaus.mojo:flatten-maven-plugin is missing. @ com.ji.jichat:jichat-parent:2.0-SNAPSHOT, /private/tmp/analysis-runs/jisl1024-JiChat/pom.xml, line 89, column 21
[WARNING] 
[WARNING] Some problems were encountered while building the effective model for com.ji.jichat:jichat-client:jar:2.0-SNAPSHOT
[WARNING] 'build.plugins.plugin.version' for org.codehaus.mojo:flatten-maven-plugin is missing. @ com.ji.jichat:jichat-parent:2.0-SNAPSHOT, /private/tmp/analysis-runs/jisl1024-JiChat/pom.xml, line 89, column 21
[WARNING] 
[WARNING] Some problems were encountered while building the effective model for com.ji.jichat:jichat-modules:pom:2.0-SNAPSHOT
[WARNING] 'build.plugins.plugin.version' for org.codehaus.mojo:flatten-maven-plugin is missing. @ com.ji.jichat:jichat-parent:2.0-SNAPSHOT, /private/tmp/analysis-runs/jisl1024-JiChat/pom.xml, line 89, column 21
[WARNING] 
[WARNING] Some problems were encountered while building the effective model for com.ji.jichat:jichat-parent:pom:2.0-SNAPSHOT
[WARNING] 'build.plugins.plugin.version' for org.codehaus.mojo:flatten-maven-plugin is missing. @ line 89, column 21
[WARNING] 
[WARNING] It is highly recommended to fix these problems because they threaten the stability of your build.
[WARNING] 
[WARNING] For this reason, future Maven versions might no longer support building such malformed projects.
[WARNING] 
[INFO] 
[INFO] ---------< com.ji.jichat:jichat-spring-boot-starter-security >----------
[INFO] Building jichat-spring-boot-starter-security 2.0-SNAPSHOT
[INFO]   from pom.xml
[INFO] --------------------------------[ jar ]---------------------------------
[INFO] 
[INFO] --- slimming:1.0:singleModuleCheck (default-cli) @ jichat-spring-boot-starter-security ---
[INFO] mvn test successfully
[INFO] The project has no target/test-classes folder
[Fatal Error] RmiInvocationWrapperRTD.xml:2:10: DOCTYPE is disallowed when the feature "http://apache.org/xml/features/disallow-doctype-decl" set to true.
[Fatal Error] mbeans-descriptors.xml:18:10: DOCTYPE is disallowed when the feature "http://apache.org/xml/features/disallow-doctype-decl" set to true.
[INFO] ------------------------------------------------------------------------
[INFO] ---------------------------< START ANALYSE >----------------------------
[INFO] ------------------------------------------------------------------------
[INFO] *************************** S L I M M I N G ****************************
[INFO] ------------------------------------------------------------------------
[INFO] Successfully collect licenses Successfully!
[WARNING] Redundant dependency org.mapstruct:mapstruct:1.5.5.Final release time Optional[2023-04-23] has not been maintained for 1105 days
[WARNING] Redundant dependency com.google.code.findbugs:jsr305:3.0.2 release time Optional[2017-03-31] has not been maintained for 3319 days
[WARNING] The current redundancy itself inDirectly depends on org.springframework.security:spring-security-rsa:1.1.3, not security vulnerabilities, open source licenses or outdated dependencies, and there are indirect dependencies. Indirect dependencies are not all redundant dependencies, so there is no redundant dependency resolution
[INFO] ALL DEPENDENCY[111]:
[INFO]  USED DEPENDENCY[104]:
[INFO]   USED DIRECT DEPENDENCY[3]:
[INFO] 		com.ji.jichat:jichat-spring-boot-starter-web:2.0-SNAPSHOT:compile [20 KB]
[INFO] 		com.ji.jichat:user-service-api:2.0-SNAPSHOT:compile [98 KB]
[INFO] 		io.jsonwebtoken:jjwt:0.12.3:compile [2 KB]
[INFO]   USED TRANSITIVE DEPENDENCY[101]:
[INFO] 		com.fasterxml:classmate:1.7.0:compile [67 KB]
[INFO] 		com.fasterxml.jackson.datatype:jackson-datatype-jsr310:2.17.2:compile [129 KB]
[INFO] 		com.google.guava:failureaccess:1.0.2:compile [4 KB]
[INFO] 		org.yaml:snakeyaml:2.2:compile [326 KB]
[INFO] 		io.prometheus:simpleclient_tracer_common:0.16.0:compile [3 KB]
[INFO] 		org.springframework.boot:spring-boot-autoconfigure:3.3.5:compile [1 MB]
[INFO] 		org.springframework.cloud:spring-cloud-starter-openfeign:4.1.3:compile [2 KB]
[INFO] 		io.github.openfeign:feign-core:13.3:compile [218 KB]
[INFO] 		com.alibaba.nacos:nacos-auth-plugin:2.4.2:compile [17 KB]
[INFO] 		org.springframework:spring-beans:6.1.14:compile [842 KB]
[INFO] 		com.fasterxml.jackson.datatype:jackson-datatype-jdk8:2.17.2:compile [35 KB]
[INFO] 		jakarta.xml.bind:jakarta.xml.bind-api:4.0.2:compile [127 KB]
[INFO] 		org.springframework.boot:spring-boot:3.3.5:compile [1 MB]
[INFO] 		org.springframework.boot:spring-boot-starter:3.3.5:compile [4 KB]
[INFO] 		org.slf4j:slf4j-api:2.0.16:compile [67 KB]
[INFO] 		commons-io:commons-io:2.14.0:compile [482 KB]
[INFO] 		org.springframework:spring-context-support:6.1.14:compile [169 KB]
[INFO] 		com.alibaba.cloud:spring-cloud-starter-alibaba-nacos-discovery:2023.0.1.3:compile [78 KB]
[INFO] 		jakarta.activation:jakarta.activation-api:2.1.3:compile [64 KB]
[INFO] 		org.springframework.boot:spring-boot-starter-validation:3.3.5:compile [4 KB]
[INFO] 		org.springframework.boot:spring-boot-starter-web:3.3.5:compile [4 KB]
[INFO] 		commons-fileupload:commons-fileupload:1.5:compile [72 KB]
[INFO] 		io.projectreactor:reactor-core:3.6.11:compile [1 MB]
[INFO] 		io.prometheus:simpleclient:0.16.0:compile [88 KB]
[INFO] 		org.springdoc:springdoc-openapi-starter-webmvc-api:2.3.0:compile [41 KB]
[INFO] 		org.apache.httpcomponents:httpcore:4.4.16:compile [320 KB]
[INFO] 		org.springframework.cloud:spring-cloud-openfeign-core:4.1.3:compile [216 KB]
[INFO] 		org.springframework:spring-context:6.1.14:compile [1 MB]
[INFO] 		io.jsonwebtoken:jjwt-impl:0.12.3:runtime [459 KB]
[INFO] 		org.springframework.boot:spring-boot-starter-aop:3.3.5:compile [4 KB]
[INFO] 		com.fasterxml.jackson.core:jackson-core:2.17.2:compile [568 KB]
[INFO] 		org.springframework.boot:spring-boot-starter-tomcat:3.3.5:compile [4 KB]
[INFO] 		org.springframework:spring-core:6.1.14:compile [1 MB]
[INFO] 		org.springframework:spring-web:6.1.14:compile [1 MB]
[INFO] 		org.springframework.cloud:spring-cloud-starter-loadbalancer:4.1.4:compile [2 KB]
[INFO] 		io.prometheus:simpleclient_tracer_otel_agent:0.16.0:compile [4 KB]
[INFO] 		jakarta.annotation:jakarta.annotation-api:2.1.1:compile [25 KB]
[INFO] 		io.swagger.core.v3:swagger-core-jakarta:2.2.19:compile [221 KB]
[INFO] 		com.alibaba.nacos:nacos-logback-adapter-12:2.4.2:compile [12 KB]
[INFO] 		ch.qos.logback:logback-core:1.5.11:compile [613 KB]
[INFO] 		org.apache.httpcomponents:httpclient:4.5.13:compile [762 KB]
[INFO] 		org.springframework.cloud:spring-cloud-context:4.1.4:compile [185 KB]
[INFO] 		io.github.openfeign.form:feign-form-spring:3.8.0:compile [13 KB]
[INFO] 		org.apache.httpcomponents:httpcore-nio:4.4.16:compile [360 KB]
[INFO] 		com.stoyanr:evictor:1.0.0:compile [28 KB]
[INFO] 		com.fasterxml.jackson.core:jackson-annotations:2.17.2:compile [76 KB]
[INFO] 		org.springframework.cloud:spring-cloud-commons:4.1.4:compile [257 KB]
[INFO] 		org.latencyutils:LatencyUtils:2.0.3:runtime [29 KB]
[INFO] 		org.reactivestreams:reactive-streams:1.0.4:compile [11 KB]
[INFO] 		com.alibaba.nacos:nacos-log4j2-adapter:2.4.2:compile [10 KB]
[INFO] 		org.springframework.boot:spring-boot-starter-cache:3.3.5:compile [4 KB]
[INFO] 		io.github.openfeign.form:feign-form:3.8.0:compile [29 KB]
[INFO] 		org.apache.tomcat.embed:tomcat-embed-websocket:10.1.31:compile [275 KB]
[INFO] 		org.jboss.logging:jboss-logging:3.5.3.Final:compile [57 KB]
[INFO] 		io.micrometer:micrometer-commons:1.13.6:compile [46 KB]
[INFO] 		io.swagger.core.v3:swagger-models-jakarta:2.2.19:compile [131 KB]
[INFO] 		org.apache.tomcat.embed:tomcat-embed-core:10.1.31:compile [3 MB]
[INFO] 		org.apache.tomcat.embed:tomcat-embed-el:10.1.31:compile [257 KB]
[INFO] 		org.apache.logging.log4j:log4j-to-slf4j:2.23.1:compile [22 KB]
[INFO] 		com.alibaba.cloud:spring-cloud-alibaba-commons:2023.0.1.3:compile [12 KB]
[INFO] 		org.apache.logging.log4j:log4j-api:2.23.1:compile [334 KB]
[INFO] 		com.google.guava:guava:33.3.1-jre:compile [2 MB]
[INFO] 		io.projectreactor.addons:reactor-extra:3.5.2:compile [102 KB]
[INFO] 		io.github.openfeign:feign-slf4j:13.3:compile [3 KB]
[INFO] 		cn.hutool:hutool-all:5.8.32:compile [2 MB]
[INFO] 		org.springframework.cloud:spring-cloud-starter:4.1.4:compile [2 KB]
[INFO] 		org.springframework:spring-jcl:6.1.14:compile [23 KB]
[INFO] 		io.micrometer:micrometer-observation:1.13.6:compile [70 KB]
[INFO] 		com.alibaba.nacos:nacos-client:2.4.2:compile [7 MB]
[INFO] 		ch.qos.logback:logback-classic:1.5.11:compile [298 KB]
[INFO] 		org.apache.commons:commons-lang3:3.14.0:compile [642 KB]
[INFO] 		org.springframework.security:spring-security-rsa:1.1.3:compile [19 KB]
[INFO] 		org.mapstruct:mapstruct-processor:1.5.5.Final:compile [1 MB]
[INFO] 		org.hibernate.validator:hibernate-validator:8.0.1.Final:compile [1 MB]
[INFO] 		org.springframework:spring-aop:6.1.14:compile [407 KB]
[INFO] 		io.prometheus:simpleclient_tracer_otel:0.16.0:compile [4 KB]
[INFO] 		org.bouncycastle:bcprov-jdk18on:1.78:compile [7 MB]
[INFO] 		org.springframework:spring-expression:6.1.14:compile [297 KB]
[INFO] 		com.fasterxml.jackson.module:jackson-module-parameter-names:2.17.2:compile [10 KB]
[INFO] 		com.fasterxml.jackson.core:jackson-databind:2.17.2:compile [1 MB]
[INFO] 		io.jsonwebtoken:jjwt-jackson:0.12.3:runtime [8 KB]
[INFO] 		io.jsonwebtoken:jjwt-api:0.12.3:compile [136 KB]
[INFO] 		jakarta.validation:jakarta.validation-api:3.0.2:compile [91 KB]
[INFO] 		org.springframework:spring-webmvc:6.1.14:compile [1023 KB]
[INFO] 		com.alibaba.nacos:logback-adapter:1.1.3:compile [16 KB]
[INFO] 		org.springframework.boot:spring-boot-starter-logging:3.3.5:compile [4 KB]
[INFO] 		org.hdrhistogram:HdrHistogram:2.2.2:runtime [173 KB]
[INFO] 		org.slf4j:jul-to-slf4j:2.0.16:compile [6 KB]
[INFO] 		com.ji.jichat:jichat-common:2.0-SNAPSHOT:compile [34 KB]
[INFO] 		org.projectlombok:lombok:1.18.34:compile [1 MB]
[INFO] 		com.google.guava:listenablefuture:9999.0-empty-to-avoid-conflict-with-guava:compile [2 KB]
[INFO] 		org.aspectj:aspectjweaver:1.9.22.1:compile [2 MB]
[INFO] 		com.fasterxml.jackson.dataformat:jackson-dataformat-yaml:2.17.2:compile [54 KB]
[INFO] 		org.springframework.boot:spring-boot-starter-json:3.3.5:compile [4 KB]
[INFO] 		org.springframework.cloud:spring-cloud-loadbalancer:4.1.4:compile [135 KB]
[INFO] 		org.springdoc:springdoc-openapi-starter-common:2.3.0:compile [461 KB]
[INFO] 		io.micrometer:micrometer-core:1.13.6:compile [843 KB]
[INFO] 		com.alibaba.fastjson2:fastjson2:2.0.52:compile [1 MB]
[INFO] 		io.swagger.core.v3:swagger-annotations-jakarta:2.2.19:compile [47 KB]
[INFO] 		commons-codec:commons-codec:1.16.1:compile [356 KB]
[INFO] 		org.apache.httpcomponents:httpasyncclient:4.1.5:compile [177 KB]
[INFO]   USED INHERIT DIRECT DEPENDENCY[0]:
[INFO]   USED INHERIT TRANSITIVE DEPENDENCY[0]:
[INFO]  UNUSED DEPENDENCY[7]:
[INFO]   UNUSED DIRECT DEPENDENCY[0]:
[INFO]   UNUSED TRANSITIVE DEPENDENCY[7]:
[INFO] 		com.google.j2objc:j2objc-annotations:3.0.0:compile [12 KB]
[INFO] 		org.springframework.security:spring-security-crypto:6.3.4:compile [97 KB]
[INFO] 		org.checkerframework:checker-qual:3.43.0:compile [226 KB]
[INFO] 		org.mapstruct:mapstruct:1.5.5.Final:compile [28 KB]
[INFO] 		com.google.code.findbugs:jsr305:3.0.2:compile [19 KB]
[INFO] 		com.google.errorprone:error_prone_annotations:2.28.0:compile [18 KB]
[INFO] 		com.alibaba.nacos:nacos-encryption-plugin:2.4.2:compile [6 KB]
[INFO]   UNUSED INHERIT DIRECT DEPENDENCY[0]:
[INFO]   UNUSED INHERIT TRANSITIVE DEPENDENCY[0]:
[INFO] mvn test successfully
[INFO] Repair Successfully
[INFO] After Repair Pom Path:/private/tmp/analysis-runs/jisl1024-JiChat/jichat-framework/jichat-spring-boot-starter-security/bloatedOutput/comjijichatjichatspringbootstartersecurity20SNAPSHOT/comjijichatjichatspringbootstartersecurity20SNAPSHOT/pom-result.xml
[INFO] MeasureText: org.graphper.layout.AWTMeasureText was loaded as the primary measurement method.
[INFO] Print TreeCallGraph.svg, red is bloated, gray is unload
[INFO] ------------------------------------------------------------------------
[INFO] BUILD SUCCESS
[INFO] ------------------------------------------------------------------------
[INFO] Total time:  01:13 h
[INFO] Finished at: 2026-05-02T20:41:48+02:00
[INFO] ------------------------------------------------------------------------
