[INFO] Scanning for projects...
[WARNING] 
[WARNING] Some problems were encountered while building the effective model for com.ji.jichat:jichat-common:jar:2.0-SNAPSHOT
[WARNING] 'build.plugins.plugin.version' for org.codehaus.mojo:flatten-maven-plugin is missing. @ com.ji.jichat:jichat-parent:2.0-SNAPSHOT, /private/tmp/analysis-runs/jisl1024-JiChat/pom.xml, line 89, column 21
[WARNING] 
[WARNING] Some problems were encountered while building the effective model for com.ji.jichat:jichat-spring-boot-starter-web:jar:2.0-SNAPSHOT
[WARNING] 'build.plugins.plugin.version' for org.codehaus.mojo:flatten-maven-plugin is missing. @ com.ji.jichat:jichat-parent:2.0-SNAPSHOT, /private/tmp/analysis-runs/jisl1024-JiChat/pom.xml, line 89, column 21
[WARNING] 
[WARNING] Some problems were encountered while building the effective model for com.ji.jichat:jichat-spring-boot-starter-swagger:jar:2.0-SNAPSHOT
[WARNING] 'build.plugins.plugin.version' for org.codehaus.mojo:flatten-maven-plugin is missing. @ com.ji.jichat:jichat-parent:2.0-SNAPSHOT, /private/tmp/analysis-runs/jisl1024-JiChat/pom.xml, line 89, column 21
[WARNING] 
[WARNING] Some problems were encountered while building the effective model for com.ji.jichat:jichat-spring-boot-starter-mybatis:jar:2.0-SNAPSHOT
[WARNING] 'build.plugins.plugin.version' for org.codehaus.mojo:flatten-maven-plugin is missing. @ com.ji.jichat:jichat-parent:2.0-SNAPSHOT, /private/tmp/analysis-runs/jisl1024-JiChat/pom.xml, line 89, column 21
[WARNING] 
[WARNING] Some problems were encountered while building the effective model for com.ji.jichat:jichat-spring-boot-starter-security:jar:2.0-SNAPSHOT
[WARNING] 'build.plugins.plugin.version' for org.codehaus.mojo:flatten-maven-plugin is missing. @ com.ji.jichat:jichat-parent:2.0-SNAPSHOT, /private/tmp/analysis-runs/jisl1024-JiChat/pom.xml, line 89, column 21
[WARNING] 
[WARNING] Some problems were encountered while building the effective model for com.ji.jichat:jichat-mybatis-gen:jar:2.0-SNAPSHOT
[WARNING] 'build.plugins.plugin.version' for org.codehaus.mojo:flatten-maven-plugin is missing. @ com.ji.jichat:jichat-parent:2.0-SNAPSHOT, /private/tmp/analysis-runs/jisl1024-JiChat/pom.xml, line 89, column 21
[WARNING] 
[WARNING] Some problems were encountered while building the effective model for com.ji.jichat:jichat-spring-boot-starter-excel:jar:2.0-SNAPSHOT
[WARNING] 'build.plugins.plugin.version' for org.codehaus.mojo:flatten-maven-plugin is missing. @ com.ji.jichat:jichat-parent:2.0-SNAPSHOT, /private/tmp/analysis-runs/jisl1024-JiChat/pom.xml, line 89, column 21
[WARNING] 
[WARNING] Some problems were encountered while building the effective model for com.ji.jichat:jichat-framework:pom:2.0-SNAPSHOT
[WARNING] 'build.plugins.plugin.version' for org.codehaus.mojo:flatten-maven-plugin is missing. @ com.ji.jichat:jichat-parent:2.0-SNAPSHOT, /private/tmp/analysis-runs/jisl1024-JiChat/pom.xml, line 89, column 21
[WARNING] 
[WARNING] Some problems were encountered while building the effective model for com.ji.jichat:jichat-gateway:jar:2.0-SNAPSHOT
[WARNING] 'build.plugins.plugin.version' for org.codehaus.mojo:flatten-maven-plugin is missing. @ com.ji.jichat:jichat-parent:2.0-SNAPSHOT, /private/tmp/analysis-runs/jisl1024-JiChat/pom.xml, line 89, column 21
[WARNING] 
[WARNING] Some problems were encountered while building the effective model for com.ji.jichat:chat-service-api:jar:2.0-SNAPSHOT
[WARNING] 'build.plugins.plugin.version' for org.codehaus.mojo:flatten-maven-plugin is missing. @ com.ji.jichat:jichat-parent:2.0-SNAPSHOT, /private/tmp/analysis-runs/jisl1024-JiChat/pom.xml, line 89, column 21
[WARNING] 
[WARNING] Some problems were encountered while building the effective model for com.ji.jichat:chat-service-app:jar:2.0-SNAPSHOT
[WARNING] 'build.plugins.plugin.version' for org.codehaus.mojo:flatten-maven-plugin is missing. @ com.ji.jichat:jichat-parent:2.0-SNAPSHOT, /private/tmp/analysis-runs/jisl1024-JiChat/pom.xml, line 89, column 21
[WARNING] 
[WARNING] Some problems were encountered while building the effective model for com.ji.jichat:chat-service:pom:2.0-SNAPSHOT
[WARNING] 'build.plugins.plugin.version' for org.codehaus.mojo:flatten-maven-plugin is missing. @ com.ji.jichat:jichat-parent:2.0-SNAPSHOT, /private/tmp/analysis-runs/jisl1024-JiChat/pom.xml, line 89, column 21
[WARNING] 
[WARNING] Some problems were encountered while building the effective model for com.ji.jichat:user-service-api:jar:2.0-SNAPSHOT
[WARNING] 'build.plugins.plugin.version' for org.codehaus.mojo:flatten-maven-plugin is missing. @ com.ji.jichat:jichat-parent:2.0-SNAPSHOT, /private/tmp/analysis-runs/jisl1024-JiChat/pom.xml, line 89, column 21
[WARNING] 
[WARNING] Some problems were encountered while building the effective model for com.ji.jichat:user-service-app:jar:2.0-SNAPSHOT
[WARNING] 'build.plugins.plugin.version' for org.codehaus.mojo:flatten-maven-plugin is missing. @ com.ji.jichat:jichat-parent:2.0-SNAPSHOT, /private/tmp/analysis-runs/jisl1024-JiChat/pom.xml, line 89, column 21
[WARNING] 
[WARNING] Some problems were encountered while building the effective model for com.ji.jichat:user-service:pom:2.0-SNAPSHOT
[WARNING] 'build.plugins.plugin.version' for org.codehaus.mojo:flatten-maven-plugin is missing. @ com.ji.jichat:jichat-parent:2.0-SNAPSHOT, /private/tmp/analysis-runs/jisl1024-JiChat/pom.xml, line 89, column 21
[WARNING] 
[WARNING] Some problems were encountered while building the effective model for com.ji.jichat:jichat-client:jar:2.0-SNAPSHOT
[WARNING] 'build.plugins.plugin.version' for org.codehaus.mojo:flatten-maven-plugin is missing. @ com.ji.jichat:jichat-parent:2.0-SNAPSHOT, /private/tmp/analysis-runs/jisl1024-JiChat/pom.xml, line 89, column 21
[WARNING] 
[WARNING] Some problems were encountered while building the effective model for com.ji.jichat:jichat-modules:pom:2.0-SNAPSHOT
[WARNING] 'build.plugins.plugin.version' for org.codehaus.mojo:flatten-maven-plugin is missing. @ com.ji.jichat:jichat-parent:2.0-SNAPSHOT, /private/tmp/analysis-runs/jisl1024-JiChat/pom.xml, line 89, column 21
[WARNING] 
[WARNING] Some problems were encountered while building the effective model for com.ji.jichat:jichat-parent:pom:2.0-SNAPSHOT
[WARNING] 'build.plugins.plugin.version' for org.codehaus.mojo:flatten-maven-plugin is missing. @ line 89, column 21
[WARNING] 
[WARNING] It is highly recommended to fix these problems because they threaten the stability of your build.
[WARNING] 
[WARNING] For this reason, future Maven versions might no longer support building such malformed projects.
[WARNING] 
[INFO] 
[INFO] -----------< com.ji.jichat:jichat-spring-boot-starter-excel >-----------
[INFO] Building jichat-spring-boot-starter-excel 2.0-SNAPSHOT
[INFO]   from pom.xml
[INFO] --------------------------------[ jar ]---------------------------------
[INFO] 
[INFO] --- slimming:1.0:singleModuleCheck (default-cli) @ jichat-spring-boot-starter-excel ---
[INFO] mvn test successfully
[INFO] The project has no target/test-classes folder
[Fatal Error] RmiInvocationWrapperRTD.xml:2:10: DOCTYPE is disallowed when the feature "http://apache.org/xml/features/disallow-doctype-decl" set to true.
[INFO] ------------------------------------------------------------------------
[INFO] ---------------------------< START ANALYSE >----------------------------
[INFO] ------------------------------------------------------------------------
[INFO] *************************** S L I M M I N G ****************************
[INFO] ------------------------------------------------------------------------
[INFO] Successfully collect licenses Successfully!
[WARNING] conflictLicense: Eclipse Public License - v 1.0	dependency: ch.qos.logback:logback-core:1.5.11
[WARNING] conflictLicense: EPL 2.0	dependency: jakarta.servlet:jakarta.servlet-api:6.0.0
[WARNING] conflictLicense: Eclipse Public License - v 1.0	dependency: ch.qos.logback:logback-classic:1.5.11
[WARNING] conflictLicense: EPL 2.0	dependency: jakarta.annotation:jakarta.annotation-api:2.1.1
[WARNING] The update time of the current com.ji.jichat:user-service-api:2.0-SNAPSHOT was not queried
[WARNING] The update time of the current com.ji.jichat:jichat-spring-boot-starter-mybatis:2.0-SNAPSHOT was not queried
[WARNING] The update time of the current com.ji.jichat:jichat-common:2.0-SNAPSHOT was not queried
[WARNING] Redundant dependency jakarta.annotation:jakarta.annotation-api:2.1.1 release time Optional[2022-06-14] has not been maintained for 1418 days
[WARNING] Redundant dependency org.apache.commons:commons-math3:3.6.1 release time Optional[2016-03-17] has not been maintained for 3697 days
[WARNING] Redundant dependency org.apache.commons:commons-collections4:4.4 release time Optional[2019-07-05] has not been maintained for 2493 days
[WARNING] Redundant dependency org.ehcache:ehcache:3.10.8 release time Optional[2022-11-21] has not been maintained for 1257 days
[WARNING] Redundant dependency javax.cache:cache-api:1.1.1 release time Optional[2019-05-10] has not been maintained for 2549 days
[WARNING] Redundant dependency jakarta.validation:jakarta.validation-api:3.0.2 release time Optional[2022-05-26] has not been maintained for 1437 days
[WARNING] Redundant dependency com.google.code.findbugs:jsr305:3.0.2 release time Optional[2017-03-31] has not been maintained for 3319 days
[WARNING] Redundant dependency jakarta.servlet:jakarta.servlet-api:6.0.0 release time Optional[2022-05-12] has not been maintained for 1451 days
[WARNING] Redundant dependency commons-fileupload:commons-fileupload:1.5 release time Optional[2023-02-01] has not been maintained for 1185 days
[WARNING] Redundant dependency io.github.openfeign.form:feign-form:3.8.0 release time Optional[2019-03-29] has not been maintained for 2590 days
[WARNING] Redundant dependency io.github.openfeign.form:feign-form-spring:3.8.0 release time Optional[2019-03-29] has not been maintained for 2590 days
[WARNING] The current redundancy itself directly depends on com.ji.jichat:user-service-api:2.0-SNAPSHOT, not security vulnerabilities, open source licenses or outdated dependencies, and there are indirect dependencies. Indirect dependencies are not all redundant dependencies, so there is no redundant dependency resolution
[WARNING] The current redundancy itself directly depends on com.ji.jichat:jichat-spring-boot-starter-mybatis:2.0-SNAPSHOT, not security vulnerabilities, open source licenses or outdated dependencies, and there are indirect dependencies. Indirect dependencies are not all redundant dependencies, so there is no redundant dependency resolution
[WARNING] The current redundancy itself directly depends on com.alibaba:easyexcel:4.0.3, not security vulnerabilities, open source licenses or outdated dependencies, and there are indirect dependencies. Indirect dependencies are not all redundant dependencies, so there is no redundant dependency resolution
[WARNING] The current redundancy itself inDirectly depends on com.google.guava:guava:33.3.1-jre, not security vulnerabilities, open source licenses or outdated dependencies, and there are indirect dependencies. Indirect dependencies are not all redundant dependencies, so there is no redundant dependency resolution
[WARNING] The current redundancy itself inDirectly depends on com.ji.jichat:jichat-common:2.0-SNAPSHOT, not security vulnerabilities, open source licenses or outdated dependencies, and there are indirect dependencies. Indirect dependencies are not all redundant dependencies, so there is no redundant dependency resolution
[INFO] ALL DEPENDENCY[137]:
[INFO]  USED DEPENDENCY[50]:
[INFO]   USED DIRECT DEPENDENCY[5]:
[INFO] 		com.ji.jichat:user-service-api:2.0-SNAPSHOT:compile [98 KB]
[INFO] 		org.springframework.boot:spring-boot-starter-test:3.3.5:test [4 KB]
[INFO] 		com.ji.jichat:jichat-spring-boot-starter-mybatis:2.0-SNAPSHOT:compile [7 KB]
[INFO] 		org.springframework.cloud:spring-cloud-starter-openfeign:4.1.3:compile [2 KB]
[INFO] 		com.alibaba:easyexcel:4.0.3:compile [2 KB]
[INFO]   USED TRANSITIVE DEPENDENCY[45]:
[INFO] 		org.junit.platform:junit-platform-commons:1.10.5:test [103 KB]
[INFO] 		net.bytebuddy:byte-buddy:1.14.19:test [4 MB]
[INFO] 		org.ow2.asm:asm:9.6:test [120 KB]
[INFO] 		org.opentest4j:opentest4j:1.3.0:test [13 KB]
[INFO] 		com.baomidou:mybatis-plus-spring-boot3-starter:3.5.9:compile [5 KB]
[INFO] 		org.springframework:spring-test:6.1.14:test [836 KB]
[INFO] 		org.xmlunit:xmlunit-core:2.9.1:test [171 KB]
[INFO] 		net.minidev:accessors-smart:2.5.1:test [29 KB]
[INFO] 		com.github.pagehelper:pagehelper-spring-boot-starter:2.1.0:compile [2 KB]
[INFO] 		org.springframework.boot:spring-boot-starter:3.3.5:compile [4 KB]
[INFO] 		org.springframework.boot:spring-boot-starter-validation:3.3.5:compile [4 KB]
[INFO] 		org.glassfish.jaxb:jaxb-core:4.0.5:runtime [135 KB]
[INFO] 		com.baomidou:mybatis-plus:3.5.9:compile [5 KB]
[INFO] 		org.springframework.boot:spring-boot-test:3.3.5:test [243 KB]
[INFO] 		org.awaitility:awaitility:4.2.2:test [94 KB]
[INFO] 		org.glassfish.jaxb:jaxb-runtime:4.0.5:runtime [898 KB]
[INFO] 		org.assertj:assertj-core:3.25.3:test [1 MB]
[INFO] 		net.minidev:json-smart:2.5.1:test [119 KB]
[INFO] 		org.junit.jupiter:junit-jupiter-params:5.10.5:test [572 KB]
[INFO] 		org.apiguardian:apiguardian-api:1.1.2:test [6 KB]
[INFO] 		org.mybatis.spring.boot:mybatis-spring-boot-starter:2.3.2:compile [2 KB]
[INFO] 		com.jayway.jsonpath:json-path:2.9.0:test [270 KB]
[INFO] 		net.bytebuddy:byte-buddy-agent:1.14.19:test [256 KB]
[INFO] 		org.junit.jupiter:junit-jupiter-engine:5.10.5:test [238 KB]
[INFO] 		org.glassfish.jaxb:txw2:4.0.5:runtime [71 KB]
[INFO] 		org.objenesis:objenesis:3.3:test [48 KB]
[INFO] 		com.google.guava:guava:33.3.1-jre:compile [2 MB]
[INFO] 		com.zaxxer:HikariCP:5.1.0:compile [158 KB]
[INFO] 		org.springframework.cloud:spring-cloud-starter:4.1.4:compile [2 KB]
[INFO] 		org.eclipse.angus:angus-activation:2.0.2:runtime [26 KB]
[INFO] 		org.hamcrest:hamcrest:2.2:test [120 KB]
[INFO] 		org.mockito:mockito-core:5.11.0:test [687 KB]
[INFO] 		org.skyscreamer:jsonassert:1.5.3:test [30 KB]
[INFO] 		com.vaadin.external.google:android-json:0.0.20131108.vaadin1:test [17 KB]
[INFO] 		org.junit.jupiter:junit-jupiter-api:5.10.5:test [206 KB]
[INFO] 		org.springframework.boot:spring-boot-starter-jdbc:3.3.5:compile [4 KB]
[INFO] 		org.springframework.boot:spring-boot-starter-logging:3.3.5:compile [4 KB]
[INFO] 		org.springframework.boot:spring-boot-test-autoconfigure:3.3.5:test [217 KB]
[INFO] 		com.sun.istack:istack-commons-runtime:4.1.2:runtime [25 KB]
[INFO] 		com.ji.jichat:jichat-common:2.0-SNAPSHOT:compile [34 KB]
[INFO] 		org.projectlombok:lombok:1.18.34:compile [1 MB]
[INFO] 		org.junit.platform:junit-platform-engine:1.10.5:test [208 KB]
[INFO] 		com.google.guava:listenablefuture:9999.0-empty-to-avoid-conflict-with-guava:compile [2 KB]
[INFO] 		org.mockito:mockito-junit-jupiter:5.11.0:test [8 KB]
[INFO] 		org.junit.jupiter:junit-jupiter:5.8.2:test [6 KB]
[INFO]   USED INHERIT DIRECT DEPENDENCY[0]:
[INFO]   USED INHERIT TRANSITIVE DEPENDENCY[0]:
[INFO]  UNUSED DEPENDENCY[87]:
[INFO]   UNUSED DIRECT DEPENDENCY[2]:
[INFO] 		commons-io:commons-io:2.14.0:compile [482 KB]
[INFO] 		jakarta.servlet:jakarta.servlet-api:6.0.0:compile [339 KB]
[INFO]   UNUSED TRANSITIVE DEPENDENCY[85]:
[INFO] 		io.micrometer:micrometer-commons:1.13.6:compile [46 KB]
[INFO] 		com.fasterxml:classmate:1.7.0:compile [67 KB]
[INFO] 		com.github.pagehelper:pagehelper:6.1.0:compile [124 KB]
[INFO] 		com.baomidou:mybatis-plus-extension:3.5.9:compile [166 KB]
[INFO] 		org.mybatis.spring.boot:mybatis-spring-boot-autoconfigure:2.3.2:compile [29 KB]
[INFO] 		org.apache.commons:commons-math3:3.6.1:compile [2 MB]
[INFO] 		com.fasterxml.jackson.datatype:jackson-datatype-jsr310:2.17.2:compile [129 KB]
[INFO] 		io.swagger.core.v3:swagger-models-jakarta:2.2.19:compile [131 KB]
[INFO] 		org.springframework:spring-tx:6.1.14:compile [275 KB]
[INFO] 		com.google.code.findbugs:jsr305:3.0.2:compile [19 KB]
[INFO] 		com.google.guava:failureaccess:1.0.2:compile [4 KB]
[INFO] 		com.baomidou:mybatis-plus-spring-boot-autoconfigure:3.5.9:compile [49 KB]
[INFO] 		org.yaml:snakeyaml:2.2:compile [326 KB]
[INFO] 		org.apache.commons:commons-collections4:4.4:compile [734 KB]
[INFO] 		org.apache.tomcat.embed:tomcat-embed-el:10.1.31:compile [257 KB]
[INFO] 		com.alibaba:easyexcel-core:4.0.3:compile [527 KB]
[INFO] 		com.zaxxer:SparseBitSet:1.3:compile [25 KB]
[INFO] 		org.apache.logging.log4j:log4j-to-slf4j:2.23.1:compile [22 KB]
[INFO] 		org.springframework.boot:spring-boot-autoconfigure:3.3.5:compile [1 MB]
[INFO] 		org.apache.logging.log4j:log4j-api:2.23.1:compile [334 KB]
[INFO] 		org.apache.poi:poi-ooxml-lite:5.2.5:compile [5 MB]
[INFO] 		com.baomidou:mybatis-plus-spring:3.5.9:compile [28 KB]
[INFO] 		io.github.openfeign:feign-slf4j:13.3:compile [3 KB]
[INFO] 		cn.hutool:hutool-all:5.8.32:compile [2 MB]
[INFO] 		io.github.openfeign:feign-core:13.3:compile [218 KB]
[INFO] 		org.apache.commons:commons-compress:1.25.0:compile [1 MB]
[INFO] 		org.springframework:spring-beans:6.1.14:compile [842 KB]
[INFO] 		org.springframework:spring-jcl:6.1.14:compile [23 KB]
[INFO] 		io.micrometer:micrometer-observation:1.13.6:compile [70 KB]
[INFO] 		jakarta.xml.bind:jakarta.xml.bind-api:4.0.2:compile [127 KB]
[INFO] 		org.springframework.boot:spring-boot:3.3.5:compile [1 MB]
[INFO] 		org.apache.poi:poi:5.2.5:compile [2 MB]
[INFO] 		com.baomidou:mybatis-plus-core:3.5.9:compile [356 KB]
[INFO] 		org.apache.commons:commons-lang3:3.14.0:compile [642 KB]
[INFO] 		ch.qos.logback:logback-classic:1.5.11:compile [298 KB]
[INFO] 		org.slf4j:slf4j-api:2.0.16:compile [67 KB]
[INFO] 		org.springframework.security:spring-security-rsa:1.1.3:compile [19 KB]
[INFO] 		jakarta.activation:jakarta.activation-api:2.1.3:compile [64 KB]
[INFO] 		commons-fileupload:commons-fileupload:1.5:compile [72 KB]
[INFO] 		org.mybatis:mybatis:3.5.16:compile [1 MB]
[INFO] 		org.hibernate.validator:hibernate-validator:8.0.1.Final:compile [1 MB]
[INFO] 		org.springframework.security:spring-security-crypto:6.3.4:compile [97 KB]
[INFO] 		org.springframework:spring-aop:6.1.14:compile [407 KB]
[INFO] 		org.bouncycastle:bcprov-jdk18on:1.78:compile [7 MB]
[INFO] 		org.mybatis:mybatis-spring:3.0.4:compile [80 KB]
[INFO] 		org.springframework:spring-expression:6.1.14:compile [297 KB]
[INFO] 		org.springdoc:springdoc-openapi-starter-webmvc-api:2.3.0:compile [41 KB]
[INFO] 		org.springframework:spring-context:6.1.14:compile [1 MB]
[INFO] 		org.springframework.cloud:spring-cloud-openfeign-core:4.1.3:compile [216 KB]
[INFO] 		com.fasterxml.jackson.core:jackson-databind:2.17.2:compile [1 MB]
[INFO] 		org.checkerframework:checker-qual:3.43.0:compile [226 KB]
[INFO] 		jakarta.validation:jakarta.validation-api:3.0.2:compile [91 KB]
[INFO] 		com.baomidou:mybatis-plus-annotation:3.5.9:compile [18 KB]
[INFO] 		org.springframework:spring-webmvc:6.1.14:compile [1023 KB]
[INFO] 		com.fasterxml.jackson.core:jackson-core:2.17.2:compile [568 KB]
[INFO] 		org.springframework:spring-core:6.1.14:compile [1 MB]
[INFO] 		com.github.pagehelper:pagehelper-spring-boot-autoconfigure:2.1.0:compile [10 KB]
[INFO] 		org.springframework:spring-web:6.1.14:compile [1 MB]
[INFO] 		org.slf4j:jul-to-slf4j:2.0.16:compile [6 KB]
[INFO] 		jakarta.annotation:jakarta.annotation-api:2.1.1:compile [25 KB]
[INFO] 		io.swagger.core.v3:swagger-core-jakarta:2.2.19:compile [221 KB]
[INFO] 		ch.qos.logback:logback-core:1.5.11:compile [613 KB]
[INFO] 		org.ehcache:ehcache:3.10.8:compile [1 MB]
[INFO] 		com.alibaba:easyexcel-support:3.3.4:compile [447 KB]
[INFO] 		com.mysql:mysql-connector-j:8.3.0:compile [2 MB]
[INFO] 		com.fasterxml.jackson.dataformat:jackson-dataformat-yaml:2.17.2:compile [54 KB]
[INFO] 		org.springframework.cloud:spring-cloud-context:4.1.4:compile [185 KB]
[INFO] 		com.github.virtuald:curvesapi:1.08:compile [114 KB]
[INFO] 		com.google.j2objc:j2objc-annotations:3.0.0:compile [12 KB]
[INFO] 		io.github.openfeign.form:feign-form-spring:3.8.0:compile [13 KB]
[INFO] 		org.springdoc:springdoc-openapi-starter-common:2.3.0:compile [461 KB]
[INFO] 		com.fasterxml.jackson.core:jackson-annotations:2.17.2:compile [76 KB]
[INFO] 		org.apache.poi:poi-ooxml:5.2.5:compile [1 MB]
[INFO] 		javax.cache:cache-api:1.1.1:compile [50 KB]
[INFO] 		com.github.jsqlparser:jsqlparser:4.7:compile [912 KB]
[INFO] 		org.springframework.cloud:spring-cloud-commons:4.1.4:compile [257 KB]
[INFO] 		com.google.errorprone:error_prone_annotations:2.28.0:compile [18 KB]
[INFO] 		com.alibaba.fastjson2:fastjson2:2.0.52:compile [1 MB]
[INFO] 		io.swagger.core.v3:swagger-annotations-jakarta:2.2.19:compile [47 KB]
[INFO] 		commons-codec:commons-codec:1.16.1:compile [356 KB]
[INFO] 		io.github.openfeign.form:feign-form:3.8.0:compile [29 KB]
[INFO] 		org.apache.commons:commons-csv:1.11.0:compile [54 KB]
[INFO] 		org.jboss.logging:jboss-logging:3.5.3.Final:compile [57 KB]
[INFO] 		org.springframework:spring-jdbc:6.1.14:compile [456 KB]
[INFO] 		org.apache.xmlbeans:xmlbeans:5.2.0:compile [2 MB]
[INFO]   UNUSED INHERIT DIRECT DEPENDENCY[0]:
[INFO]   UNUSED INHERIT TRANSITIVE DEPENDENCY[0]:
[INFO] mvn test successfully
[INFO] Repair Successfully
[INFO] After Repair Pom Path:/private/tmp/analysis-runs/jisl1024-JiChat/jichat-framework/jichat-spring-boot-starter-excel/bloatedOutput/comjijichatjichatspringbootstarterexcel20SNAPSHOT/comjijichatjichatspringbootstarterexcel20SNAPSHOT/pom-result.xml
[INFO] MeasureText: org.graphper.layout.AWTMeasureText was loaded as the primary measurement method.
[INFO] Print TreeCallGraph.svg, red is bloated, gray is unload
[INFO] ------------------------------------------------------------------------
[INFO] BUILD SUCCESS
[INFO] ------------------------------------------------------------------------
[INFO] Total time:  25:29 min
[INFO] Finished at: 2026-05-02T21:08:49+02:00
[INFO] ------------------------------------------------------------------------
