[INFO] Scanning for projects...
[WARNING] 
[WARNING] Some problems were encountered while building the effective model for com.ji.jichat:jichat-common:jar:2.0-SNAPSHOT
[WARNING] 'build.plugins.plugin.version' for org.codehaus.mojo:flatten-maven-plugin is missing. @ com.ji.jichat:jichat-parent:2.0-SNAPSHOT, /private/tmp/analysis-runs/jisl1024-JiChat/pom.xml, line 89, column 21
[WARNING] 
[WARNING] Some problems were encountered while building the effective model for com.ji.jichat:jichat-spring-boot-starter-web:jar:2.0-SNAPSHOT
[WARNING] 'build.plugins.plugin.version' for org.codehaus.mojo:flatten-maven-plugin is missing. @ com.ji.jichat:jichat-parent:2.0-SNAPSHOT, /private/tmp/analysis-runs/jisl1024-JiChat/pom.xml, line 89, column 21
[WARNING] 
[WARNING] Some problems were encountered while building the effective model for com.ji.jichat:jichat-spring-boot-starter-swagger:jar:2.0-SNAPSHOT
[WARNING] 'build.plugins.plugin.version' for org.codehaus.mojo:flatten-maven-plugin is missing. @ com.ji.jichat:jichat-parent:2.0-SNAPSHOT, /private/tmp/analysis-runs/jisl1024-JiChat/pom.xml, line 89, column 21
[WARNING] 
[WARNING] Some problems were encountered while building the effective model for com.ji.jichat:jichat-spring-boot-starter-mybatis:jar:2.0-SNAPSHOT
[WARNING] 'build.plugins.plugin.version' for org.codehaus.mojo:flatten-maven-plugin is missing. @ com.ji.jichat:jichat-parent:2.0-SNAPSHOT, /private/tmp/analysis-runs/jisl1024-JiChat/pom.xml, line 89, column 21
[WARNING] 
[WARNING] Some problems were encountered while building the effective model for com.ji.jichat:jichat-spring-boot-starter-security:jar:2.0-SNAPSHOT
[WARNING] 'build.plugins.plugin.version' for org.codehaus.mojo:flatten-maven-plugin is missing. @ com.ji.jichat:jichat-parent:2.0-SNAPSHOT, /private/tmp/analysis-runs/jisl1024-JiChat/pom.xml, line 89, column 21
[WARNING] 
[WARNING] Some problems were encountered while building the effective model for com.ji.jichat:jichat-mybatis-gen:jar:2.0-SNAPSHOT
[WARNING] 'build.plugins.plugin.version' for org.codehaus.mojo:flatten-maven-plugin is missing. @ com.ji.jichat:jichat-parent:2.0-SNAPSHOT, /private/tmp/analysis-runs/jisl1024-JiChat/pom.xml, line 89, column 21
[WARNING] 
[WARNING] Some problems were encountered while building the effective model for com.ji.jichat:jichat-spring-boot-starter-excel:jar:2.0-SNAPSHOT
[WARNING] 'build.plugins.plugin.version' for org.codehaus.mojo:flatten-maven-plugin is missing. @ com.ji.jichat:jichat-parent:2.0-SNAPSHOT, /private/tmp/analysis-runs/jisl1024-JiChat/pom.xml, line 89, column 21
[WARNING] 
[WARNING] Some problems were encountered while building the effective model for com.ji.jichat:jichat-framework:pom:2.0-SNAPSHOT
[WARNING] 'build.plugins.plugin.version' for org.codehaus.mojo:flatten-maven-plugin is missing. @ com.ji.jichat:jichat-parent:2.0-SNAPSHOT, /private/tmp/analysis-runs/jisl1024-JiChat/pom.xml, line 89, column 21
[WARNING] 
[WARNING] Some problems were encountered while building the effective model for com.ji.jichat:jichat-gateway:jar:2.0-SNAPSHOT
[WARNING] 'build.plugins.plugin.version' for org.codehaus.mojo:flatten-maven-plugin is missing. @ com.ji.jichat:jichat-parent:2.0-SNAPSHOT, /private/tmp/analysis-runs/jisl1024-JiChat/pom.xml, line 89, column 21
[WARNING] 
[WARNING] Some problems were encountered while building the effective model for com.ji.jichat:chat-service-api:jar:2.0-SNAPSHOT
[WARNING] 'build.plugins.plugin.version' for org.codehaus.mojo:flatten-maven-plugin is missing. @ com.ji.jichat:jichat-parent:2.0-SNAPSHOT, /private/tmp/analysis-runs/jisl1024-JiChat/pom.xml, line 89, column 21
[WARNING] 
[WARNING] Some problems were encountered while building the effective model for com.ji.jichat:chat-service-app:jar:2.0-SNAPSHOT
[WARNING] 'build.plugins.plugin.version' for org.codehaus.mojo:flatten-maven-plugin is missing. @ com.ji.jichat:jichat-parent:2.0-SNAPSHOT, /private/tmp/analysis-runs/jisl1024-JiChat/pom.xml, line 89, column 21
[WARNING] 
[WARNING] Some problems were encountered while building the effective model for com.ji.jichat:chat-service:pom:2.0-SNAPSHOT
[WARNING] 'build.plugins.plugin.version' for org.codehaus.mojo:flatten-maven-plugin is missing. @ com.ji.jichat:jichat-parent:2.0-SNAPSHOT, /private/tmp/analysis-runs/jisl1024-JiChat/pom.xml, line 89, column 21
[WARNING] 
[WARNING] Some problems were encountered while building the effective model for com.ji.jichat:user-service-api:jar:2.0-SNAPSHOT
[WARNING] 'build.plugins.plugin.version' for org.codehaus.mojo:flatten-maven-plugin is missing. @ com.ji.jichat:jichat-parent:2.0-SNAPSHOT, /private/tmp/analysis-runs/jisl1024-JiChat/pom.xml, line 89, column 21
[WARNING] 
[WARNING] Some problems were encountered while building the effective model for com.ji.jichat:user-service-app:jar:2.0-SNAPSHOT
[WARNING] 'build.plugins.plugin.version' for org.codehaus.mojo:flatten-maven-plugin is missing. @ com.ji.jichat:jichat-parent:2.0-SNAPSHOT, /private/tmp/analysis-runs/jisl1024-JiChat/pom.xml, line 89, column 21
[WARNING] 
[WARNING] Some problems were encountered while building the effective model for com.ji.jichat:user-service:pom:2.0-SNAPSHOT
[WARNING] 'build.plugins.plugin.version' for org.codehaus.mojo:flatten-maven-plugin is missing. @ com.ji.jichat:jichat-parent:2.0-SNAPSHOT, /private/tmp/analysis-runs/jisl1024-JiChat/pom.xml, line 89, column 21
[WARNING] 
[WARNING] Some problems were encountered while building the effective model for com.ji.jichat:jichat-client:jar:2.0-SNAPSHOT
[WARNING] 'build.plugins.plugin.version' for org.codehaus.mojo:flatten-maven-plugin is missing. @ com.ji.jichat:jichat-parent:2.0-SNAPSHOT, /private/tmp/analysis-runs/jisl1024-JiChat/pom.xml, line 89, column 21
[WARNING] 
[WARNING] Some problems were encountered while building the effective model for com.ji.jichat:jichat-modules:pom:2.0-SNAPSHOT
[WARNING] 'build.plugins.plugin.version' for org.codehaus.mojo:flatten-maven-plugin is missing. @ com.ji.jichat:jichat-parent:2.0-SNAPSHOT, /private/tmp/analysis-runs/jisl1024-JiChat/pom.xml, line 89, column 21
[WARNING] 
[WARNING] Some problems were encountered while building the effective model for com.ji.jichat:jichat-parent:pom:2.0-SNAPSHOT
[WARNING] 'build.plugins.plugin.version' for org.codehaus.mojo:flatten-maven-plugin is missing. @ line 89, column 21
[WARNING] 
[WARNING] It is highly recommended to fix these problems because they threaten the stability of your build.
[WARNING] 
[WARNING] For this reason, future Maven versions might no longer support building such malformed projects.
[WARNING] 
[INFO] 
[INFO] ------------------< com.ji.jichat:jichat-mybatis-gen >------------------
[INFO] Building jichat-mybatis-gen 2.0-SNAPSHOT
[INFO]   from pom.xml
[INFO] --------------------------------[ jar ]---------------------------------
[INFO] 
[INFO] --- slimming:1.0:singleModuleCheck (default-cli) @ jichat-mybatis-gen ---
[INFO] mvn test successfully
[INFO] The project has no target/test-classes folder
[Fatal Error] RmiInvocationWrapperRTD.xml:2:10: DOCTYPE is disallowed when the feature "http://apache.org/xml/features/disallow-doctype-decl" set to true.
[INFO] ------------------------------------------------------------------------
[INFO] ---------------------------< START ANALYSE >----------------------------
[INFO] ------------------------------------------------------------------------
[INFO] *************************** S L I M M I N G ****************************
[INFO] ------------------------------------------------------------------------
[INFO] Successfully collect licenses Successfully!
[WARNING] conflictLicense: Eclipse Public License - v 1.0	dependency: ch.qos.logback:logback-core:1.5.11
[WARNING] conflictLicense: Eclipse Public License - v 1.0	dependency: ch.qos.logback:logback-classic:1.5.11
[WARNING] conflictLicense: EPL 2.0	dependency: jakarta.annotation:jakarta.annotation-api:2.1.1
[WARNING] The update time of the current com.ji.jichat:jichat-spring-boot-starter-mybatis:2.0-SNAPSHOT was not queried
[WARNING] Redundant dependency jakarta.annotation:jakarta.annotation-api:2.1.1 release time Optional[2022-06-14] has not been maintained for 1418 days
[WARNING] Redundant dependency org.jetbrains:annotations:24.0.1 release time Optional[2023-03-02] has not been maintained for 1156 days
[WARNING] Redundant dependency org.apache.velocity:velocity-engine-core:2.2 release time Optional[2020-01-29] has not been maintained for 2284 days
[WARNING] The current redundancy itself directly depends on com.ji.jichat:jichat-spring-boot-starter-mybatis:2.0-SNAPSHOT, not security vulnerabilities, open source licenses or outdated dependencies, and there are indirect dependencies. Indirect dependencies are not all redundant dependencies, so there is no redundant dependency resolution
[INFO] ALL DEPENDENCY[46]:
[INFO]  USED DEPENDENCY[9]:
[INFO]   USED DIRECT DEPENDENCY[1]:
[INFO] 		com.ji.jichat:jichat-spring-boot-starter-mybatis:2.0-SNAPSHOT:compile [7 KB]
[INFO]   USED TRANSITIVE DEPENDENCY[8]:
[INFO] 		org.springframework.boot:spring-boot-starter-jdbc:3.3.5:compile [4 KB]
[INFO] 		org.springframework.boot:spring-boot-starter-logging:3.3.5:compile [4 KB]
[INFO] 		org.mybatis.spring.boot:mybatis-spring-boot-starter:2.3.2:compile [2 KB]
[INFO] 		com.baomidou:mybatis-plus-spring-boot3-starter:3.5.9:compile [5 KB]
[INFO] 		com.zaxxer:HikariCP:5.1.0:compile [158 KB]
[INFO] 		com.github.pagehelper:pagehelper-spring-boot-starter:2.1.0:compile [2 KB]
[INFO] 		org.springframework.boot:spring-boot-starter:3.3.5:compile [4 KB]
[INFO] 		com.baomidou:mybatis-plus:3.5.9:compile [5 KB]
[INFO]   USED INHERIT DIRECT DEPENDENCY[0]:
[INFO]   USED INHERIT TRANSITIVE DEPENDENCY[0]:
[INFO]  UNUSED DEPENDENCY[37]:
[INFO]   UNUSED DIRECT DEPENDENCY[5]:
[INFO] 		com.baomidou:mybatis-plus-generator:3.5.9:compile [234 KB]
[INFO] 		org.springframework.boot:spring-boot-autoconfigure:3.3.5:compile [1 MB]
[INFO] 		org.jetbrains:annotations:24.0.1:compile [29 KB]
[INFO] 		org.freemarker:freemarker:2.3.33:compile [1 MB]
[INFO] 		org.apache.velocity:velocity-engine-core:2.2:compile [512 KB]
[INFO]   UNUSED TRANSITIVE DEPENDENCY[32]:
[INFO] 		io.micrometer:micrometer-commons:1.13.6:compile [46 KB]
[INFO] 		com.github.pagehelper:pagehelper:6.1.0:compile [124 KB]
[INFO] 		com.baomidou:mybatis-plus-extension:3.5.9:compile [166 KB]
[INFO] 		org.mybatis.spring.boot:mybatis-spring-boot-autoconfigure:2.3.2:compile [29 KB]
[INFO] 		com.baomidou:mybatis-plus-annotation:3.5.9:compile [18 KB]
[INFO] 		org.springframework:spring-core:6.1.14:compile [1 MB]
[INFO] 		org.springframework:spring-tx:6.1.14:compile [275 KB]
[INFO] 		com.github.pagehelper:pagehelper-spring-boot-autoconfigure:2.1.0:compile [10 KB]
[INFO] 		org.slf4j:jul-to-slf4j:2.0.16:compile [6 KB]
[INFO] 		com.baomidou:mybatis-plus-spring-boot-autoconfigure:3.5.9:compile [49 KB]
[INFO] 		jakarta.annotation:jakarta.annotation-api:2.1.1:compile [25 KB]
[INFO] 		org.yaml:snakeyaml:2.2:compile [326 KB]
[INFO] 		ch.qos.logback:logback-core:1.5.11:compile [613 KB]
[INFO] 		org.apache.logging.log4j:log4j-to-slf4j:2.23.1:compile [22 KB]
[INFO] 		org.apache.logging.log4j:log4j-api:2.23.1:compile [334 KB]
[INFO] 		com.mysql:mysql-connector-j:8.3.0:compile [2 MB]
[INFO] 		com.baomidou:mybatis-plus-spring:3.5.9:compile [28 KB]
[INFO] 		org.springframework:spring-beans:6.1.14:compile [842 KB]
[INFO] 		org.springframework:spring-jcl:6.1.14:compile [23 KB]
[INFO] 		io.micrometer:micrometer-observation:1.13.6:compile [70 KB]
[INFO] 		org.springframework.boot:spring-boot:3.3.5:compile [1 MB]
[INFO] 		com.github.jsqlparser:jsqlparser:4.7:compile [912 KB]
[INFO] 		com.baomidou:mybatis-plus-core:3.5.9:compile [356 KB]
[INFO] 		org.apache.commons:commons-lang3:3.14.0:compile [642 KB]
[INFO] 		org.slf4j:slf4j-api:2.0.16:compile [67 KB]
[INFO] 		ch.qos.logback:logback-classic:1.5.11:compile [298 KB]
[INFO] 		org.mybatis:mybatis:3.5.16:compile [1 MB]
[INFO] 		org.springframework:spring-aop:6.1.14:compile [407 KB]
[INFO] 		org.mybatis:mybatis-spring:3.0.4:compile [80 KB]
[INFO] 		org.springframework:spring-expression:6.1.14:compile [297 KB]
[INFO] 		org.springframework:spring-jdbc:6.1.14:compile [456 KB]
[INFO] 		org.springframework:spring-context:6.1.14:compile [1 MB]
[INFO]   UNUSED INHERIT DIRECT DEPENDENCY[0]:
[INFO]   UNUSED INHERIT TRANSITIVE DEPENDENCY[0]:
[INFO] mvn test successfully
[INFO] Repair Successfully
[INFO] After Repair Pom Path:/private/tmp/analysis-runs/jisl1024-JiChat/jichat-framework/jichat-mybatis-gen/bloatedOutput/comjijichatjichatmybatisgen20SNAPSHOT/comjijichatjichatmybatisgen20SNAPSHOT/pom-result.xml
[INFO] MeasureText: org.graphper.layout.AWTMeasureText was loaded as the primary measurement method.
[INFO] Print TreeCallGraph.svg, red is bloated, gray is unload
[INFO] ------------------------------------------------------------------------
[INFO] BUILD SUCCESS
[INFO] ------------------------------------------------------------------------
[INFO] Total time:  01:23 min
[INFO] Finished at: 2026-05-02T20:43:16+02:00
[INFO] ------------------------------------------------------------------------
