[INFO] Scanning for projects...
[WARNING] 
[WARNING] Some problems were encountered while building the effective model for com.ji.jichat:jichat-common:jar:2.0-SNAPSHOT
[WARNING] 'build.plugins.plugin.version' for org.codehaus.mojo:flatten-maven-plugin is missing. @ com.ji.jichat:jichat-parent:2.0-SNAPSHOT, /private/tmp/analysis-runs/jisl1024-JiChat/pom.xml, line 89, column 21
[WARNING] 
[WARNING] Some problems were encountered while building the effective model for com.ji.jichat:jichat-spring-boot-starter-web:jar:2.0-SNAPSHOT
[WARNING] 'build.plugins.plugin.version' for org.codehaus.mojo:flatten-maven-plugin is missing. @ com.ji.jichat:jichat-parent:2.0-SNAPSHOT, /private/tmp/analysis-runs/jisl1024-JiChat/pom.xml, line 89, column 21
[WARNING] 
[WARNING] Some problems were encountered while building the effective model for com.ji.jichat:jichat-spring-boot-starter-swagger:jar:2.0-SNAPSHOT
[WARNING] 'build.plugins.plugin.version' for org.codehaus.mojo:flatten-maven-plugin is missing. @ com.ji.jichat:jichat-parent:2.0-SNAPSHOT, /private/tmp/analysis-runs/jisl1024-JiChat/pom.xml, line 89, column 21
[WARNING] 
[WARNING] Some problems were encountered while building the effective model for com.ji.jichat:jichat-spring-boot-starter-mybatis:jar:2.0-SNAPSHOT
[WARNING] 'build.plugins.plugin.version' for org.codehaus.mojo:flatten-maven-plugin is missing. @ com.ji.jichat:jichat-parent:2.0-SNAPSHOT, /private/tmp/analysis-runs/jisl1024-JiChat/pom.xml, line 89, column 21
[WARNING] 
[WARNING] Some problems were encountered while building the effective model for com.ji.jichat:jichat-spring-boot-starter-security:jar:2.0-SNAPSHOT
[WARNING] 'build.plugins.plugin.version' for org.codehaus.mojo:flatten-maven-plugin is missing. @ com.ji.jichat:jichat-parent:2.0-SNAPSHOT, /private/tmp/analysis-runs/jisl1024-JiChat/pom.xml, line 89, column 21
[WARNING] 
[WARNING] Some problems were encountered while building the effective model for com.ji.jichat:jichat-mybatis-gen:jar:2.0-SNAPSHOT
[WARNING] 'build.plugins.plugin.version' for org.codehaus.mojo:flatten-maven-plugin is missing. @ com.ji.jichat:jichat-parent:2.0-SNAPSHOT, /private/tmp/analysis-runs/jisl1024-JiChat/pom.xml, line 89, column 21
[WARNING] 
[WARNING] Some problems were encountered while building the effective model for com.ji.jichat:jichat-spring-boot-starter-excel:jar:2.0-SNAPSHOT
[WARNING] 'build.plugins.plugin.version' for org.codehaus.mojo:flatten-maven-plugin is missing. @ com.ji.jichat:jichat-parent:2.0-SNAPSHOT, /private/tmp/analysis-runs/jisl1024-JiChat/pom.xml, line 89, column 21
[WARNING] 
[WARNING] Some problems were encountered while building the effective model for com.ji.jichat:jichat-framework:pom:2.0-SNAPSHOT
[WARNING] 'build.plugins.plugin.version' for org.codehaus.mojo:flatten-maven-plugin is missing. @ com.ji.jichat:jichat-parent:2.0-SNAPSHOT, /private/tmp/analysis-runs/jisl1024-JiChat/pom.xml, line 89, column 21
[WARNING] 
[WARNING] Some problems were encountered while building the effective model for com.ji.jichat:jichat-gateway:jar:2.0-SNAPSHOT
[WARNING] 'build.plugins.plugin.version' for org.codehaus.mojo:flatten-maven-plugin is missing. @ com.ji.jichat:jichat-parent:2.0-SNAPSHOT, /private/tmp/analysis-runs/jisl1024-JiChat/pom.xml, line 89, column 21
[WARNING] 
[WARNING] Some problems were encountered while building the effective model for com.ji.jichat:chat-service-api:jar:2.0-SNAPSHOT
[WARNING] 'build.plugins.plugin.version' for org.codehaus.mojo:flatten-maven-plugin is missing. @ com.ji.jichat:jichat-parent:2.0-SNAPSHOT, /private/tmp/analysis-runs/jisl1024-JiChat/pom.xml, line 89, column 21
[WARNING] 
[WARNING] Some problems were encountered while building the effective model for com.ji.jichat:chat-service-app:jar:2.0-SNAPSHOT
[WARNING] 'build.plugins.plugin.version' for org.codehaus.mojo:flatten-maven-plugin is missing. @ com.ji.jichat:jichat-parent:2.0-SNAPSHOT, /private/tmp/analysis-runs/jisl1024-JiChat/pom.xml, line 89, column 21
[WARNING] 
[WARNING] Some problems were encountered while building the effective model for com.ji.jichat:chat-service:pom:2.0-SNAPSHOT
[WARNING] 'build.plugins.plugin.version' for org.codehaus.mojo:flatten-maven-plugin is missing. @ com.ji.jichat:jichat-parent:2.0-SNAPSHOT, /private/tmp/analysis-runs/jisl1024-JiChat/pom.xml, line 89, column 21
[WARNING] 
[WARNING] Some problems were encountered while building the effective model for com.ji.jichat:user-service-api:jar:2.0-SNAPSHOT
[WARNING] 'build.plugins.plugin.version' for org.codehaus.mojo:flatten-maven-plugin is missing. @ com.ji.jichat:jichat-parent:2.0-SNAPSHOT, /private/tmp/analysis-runs/jisl1024-JiChat/pom.xml, line 89, column 21
[WARNING] 
[WARNING] Some problems were encountered while building the effective model for com.ji.jichat:user-service-app:jar:2.0-SNAPSHOT
[WARNING] 'build.plugins.plugin.version' for org.codehaus.mojo:flatten-maven-plugin is missing. @ com.ji.jichat:jichat-parent:2.0-SNAPSHOT, /private/tmp/analysis-runs/jisl1024-JiChat/pom.xml, line 89, column 21
[WARNING] 
[WARNING] Some problems were encountered while building the effective model for com.ji.jichat:user-service:pom:2.0-SNAPSHOT
[WARNING] 'build.plugins.plugin.version' for org.codehaus.mojo:flatten-maven-plugin is missing. @ com.ji.jichat:jichat-parent:2.0-SNAPSHOT, /private/tmp/analysis-runs/jisl1024-JiChat/pom.xml, line 89, column 21
[WARNING] 
[WARNING] Some problems were encountered while building the effective model for com.ji.jichat:jichat-client:jar:2.0-SNAPSHOT
[WARNING] 'build.plugins.plugin.version' for org.codehaus.mojo:flatten-maven-plugin is missing. @ com.ji.jichat:jichat-parent:2.0-SNAPSHOT, /private/tmp/analysis-runs/jisl1024-JiChat/pom.xml, line 89, column 21
[WARNING] 
[WARNING] Some problems were encountered while building the effective model for com.ji.jichat:jichat-modules:pom:2.0-SNAPSHOT
[WARNING] 'build.plugins.plugin.version' for org.codehaus.mojo:flatten-maven-plugin is missing. @ com.ji.jichat:jichat-parent:2.0-SNAPSHOT, /private/tmp/analysis-runs/jisl1024-JiChat/pom.xml, line 89, column 21
[WARNING] 
[WARNING] Some problems were encountered while building the effective model for com.ji.jichat:jichat-parent:pom:2.0-SNAPSHOT
[WARNING] 'build.plugins.plugin.version' for org.codehaus.mojo:flatten-maven-plugin is missing. @ line 89, column 21
[WARNING] 
[WARNING] It is highly recommended to fix these problems because they threaten the stability of your build.
[WARNING] 
[WARNING] For this reason, future Maven versions might no longer support building such malformed projects.
[WARNING] 
[INFO] 
[INFO] --------------------< com.ji.jichat:jichat-client >---------------------
[INFO] Building JiCHat Client 2.0-SNAPSHOT
[INFO]   from pom.xml
[INFO] --------------------------------[ jar ]---------------------------------
[INFO] 
[INFO] --- slimming:1.0:singleModuleCheck (default-cli) @ jichat-client ---
[INFO] Downloading from sonatype-snapshots: https://oss.sonatype.org/content/repositories/snapshots/com/google/guava/guava/maven-metadata.xml
[INFO] Downloading from central: https://repo.maven.apache.org/maven2/com/google/guava/guava/maven-metadata.xml
[INFO] Downloaded from central: https://repo.maven.apache.org/maven2/com/google/guava/guava/maven-metadata.xml (5.8 kB at 11 kB/s)
[INFO] mvn test successfully
[INFO] The project has no target/test-classes folder
[Fatal Error] RmiInvocationWrapperRTD.xml:2:10: DOCTYPE is disallowed when the feature "http://apache.org/xml/features/disallow-doctype-decl" set to true.
[Fatal Error] mbeans-descriptors.xml:18:10: DOCTYPE is disallowed when the feature "http://apache.org/xml/features/disallow-doctype-decl" set to true.
[INFO] ------------------------------------------------------------------------
[INFO] ---------------------------< START ANALYSE >----------------------------
[INFO] ------------------------------------------------------------------------
[INFO] *************************** S L I M M I N G ****************************
[INFO] ------------------------------------------------------------------------
[INFO] Successfully collect licenses Successfully!
[WARNING] The update time of the current com.ji.jichat:jichat-spring-boot-starter-swagger:2.0-SNAPSHOT was not queried
[WARNING] Redundant dependency com.google.code.findbugs:jsr305:3.0.2 release time Optional[2017-03-31] has not been maintained for 3320 days
[WARNING] The current redundancy itself directly depends on com.ji.jichat:jichat-spring-boot-starter-swagger:2.0-SNAPSHOT, not security vulnerabilities, open source licenses or outdated dependencies, and there are indirect dependencies. Indirect dependencies are not all redundant dependencies, so there is no redundant dependency resolution
[INFO] ALL DEPENDENCY[169]:
[INFO]  USED DEPENDENCY[165]:
[INFO]   USED DIRECT DEPENDENCY[10]:
[INFO] 		org.springframework.boot:spring-boot-starter-web:3.3.5:compile [4 KB]
[INFO] 		com.ji.jichat:user-service-api:2.0-SNAPSHOT:compile [98 KB]
[INFO] 		org.springframework.boot:spring-boot-starter-test:3.3.5:test [4 KB]
[INFO] 		com.ji.jichat:chat-service-api:2.0-SNAPSHOT:compile [29 KB]
[INFO] 		org.mockito:mockito-core:5.11.0:test [687 KB]
[INFO] 		io.netty:netty-all:4.1.112.Final:compile [4 KB]
[INFO] 		org.junit.jupiter:junit-jupiter:5.8.2:test [6 KB]
[INFO] 		org.springframework.boot:spring-boot-configuration-processor:3.3.5:compile [126 KB]
[INFO] 		org.jacoco:jacoco-maven-plugin:0.8.7:test [54 KB]
[INFO] 		com.ji.jichat:jichat-spring-boot-starter-swagger:2.0-SNAPSHOT:compile [6 KB]
[INFO]   USED TRANSITIVE DEPENDENCY[155]:
[INFO] 		io.netty:netty-codec-mqtt:4.1.114.Final:compile [111 KB]
[INFO] 		io.netty:netty-handler:4.1.114.Final:compile [563 KB]
[INFO] 		com.fasterxml:classmate:1.7.0:compile [67 KB]
[INFO] 		com.fasterxml.jackson.datatype:jackson-datatype-jsr310:2.17.2:compile [129 KB]
[INFO] 		io.netty:netty-codec-stomp:4.1.114.Final:compile [33 KB]
[INFO] 		com.google.guava:failureaccess:1.0.2:compile [4 KB]
[INFO] 		org.junit.platform:junit-platform-commons:1.10.5:test [103 KB]
[INFO] 		net.bytebuddy:byte-buddy:1.14.19:test [4 MB]
[INFO] 		org.yaml:snakeyaml:2.2:compile [326 KB]
[INFO] 		org.apache.maven.wagon:wagon-provider-api:1.0-alpha-6:test [41 KB]
[INFO] 		org.opentest4j:opentest4j:1.3.0:test [13 KB]
[INFO] 		org.apache.maven:maven-plugin-api:3.0:test [47 KB]
[INFO] 		org.springframework.boot:spring-boot-autoconfigure:3.3.5:compile [1 MB]
[INFO] 		io.netty:netty-codec:4.1.114.Final:compile [343 KB]
[INFO] 		org.webjars:swagger-ui:5.10.3:compile [3 MB]
[INFO] 		io.netty:netty-common:4.1.114.Final:compile [678 KB]
[INFO] 		org.springframework:spring-test:6.1.14:test [836 KB]
[INFO] 		org.xmlunit:xmlunit-core:2.9.1:test [171 KB]
[INFO] 		io.netty:netty-handler-ssl-ocsp:4.1.114.Final:compile [26 KB]
[INFO] 		org.springframework:spring-beans:6.1.14:compile [842 KB]
[INFO] 		net.minidev:accessors-smart:2.5.1:test [29 KB]
[INFO] 		com.github.xiaoymin:knife4j-core:4.5.0:compile [57 KB]
[INFO] 		jakarta.xml.bind:jakarta.xml.bind-api:4.0.2:compile [127 KB]
[INFO] 		com.fasterxml.jackson.datatype:jackson-datatype-jdk8:2.17.2:compile [35 KB]
[INFO] 		io.netty:netty-buffer:4.1.114.Final:compile [328 KB]
[INFO] 		org.springframework.boot:spring-boot:3.3.5:compile [1 MB]
[INFO] 		com.github.xiaoymin:knife4j-openapi3-jakarta-spring-boot-starter:4.5.0:compile [41 KB]
[INFO] 		io.netty:netty-codec-http2:4.1.114.Final:compile [478 KB]
[INFO] 		io.netty:netty-transport-native-epoll:linux-x86_64:4.1.114.Final:runtime [39 KB]
[INFO] 		org.springframework.boot:spring-boot-starter:3.3.5:compile [4 KB]
[INFO] 		org.apache.maven:maven-artifact:3.0:test [50 KB]
[INFO] 		io.netty:netty-resolver-dns:4.1.114.Final:compile [183 KB]
[INFO] 		org.slf4j:slf4j-api:2.0.16:compile [67 KB]
[INFO] 		jakarta.activation:jakarta.activation-api:2.1.3:compile [64 KB]
[INFO] 		org.springframework.boot:spring-boot-starter-validation:3.3.5:compile [4 KB]
[INFO] 		io.netty:netty-codec-http:4.1.114.Final:compile [652 KB]
[INFO] 		org.springdoc:springdoc-openapi-starter-webmvc-api:2.3.0:compile [41 KB]
[INFO] 		org.springframework:spring-context:6.1.14:compile [1 MB]
[INFO] 		io.netty:netty-codec-redis:4.1.114.Final:compile [44 KB]
[INFO] 		junit:junit:4.13.2:test [375 KB]
[INFO] 		org.apache.maven.doxia:doxia-sink-api:1.0:test [9 KB]
[INFO] 		io.netty:netty-codec-haproxy:4.1.114.Final:compile [36 KB]
[INFO] 		org.sonatype.aether:aether-api:1.7:test [72 KB]
[INFO] 		com.fasterxml.jackson.core:jackson-core:2.17.2:compile [568 KB]
[INFO] 		org.springframework.boot:spring-boot-starter-tomcat:3.3.5:compile [4 KB]
[INFO] 		org.springframework:spring-core:6.1.14:compile [1 MB]
[INFO] 		org.apache.maven:maven-settings-builder:3.0:test [36 KB]
[INFO] 		org.springframework:spring-web:6.1.14:compile [1 MB]
[INFO] 		org.apache.maven:maven-model:3.0:test [160 KB]
[INFO] 		jakarta.annotation:jakarta.annotation-api:2.1.1:compile [25 KB]
[INFO] 		org.springframework.boot:spring-boot-test:3.3.5:test [243 KB]
[INFO] 		io.swagger.core.v3:swagger-core-jakarta:2.2.19:compile [221 KB]
[INFO] 		org.jacoco:org.jacoco.agent:runtime:0.8.7:test [285 KB]
[INFO] 		ch.qos.logback:logback-core:1.5.11:compile [613 KB]
[INFO] 		io.netty:netty-transport-classes-kqueue:4.1.114.Final:compile [105 KB]
[INFO] 		io.netty:netty-transport-udt:4.1.114.Final:compile [31 KB]
[INFO] 		org.awaitility:awaitility:4.2.2:test [94 KB]
[INFO] 		org.ow2.asm:asm-analysis:9.1:test [33 KB]
[INFO] 		org.assertj:assertj-core:3.25.3:test [1 MB]
[INFO] 		org.sonatype.aether:aether-util:1.7:test [105 KB]
[INFO] 		io.netty:netty-codec-smtp:4.1.114.Final:compile [20 KB]
[INFO] 		net.minidev:json-smart:2.5.1:test [119 KB]
[INFO] 		io.netty:netty-transport-native-kqueue:osx-x86_64:4.1.114.Final:runtime [24 KB]
[INFO] 		org.springdoc:springdoc-openapi-starter-webmvc-ui:2.3.0:compile [22 KB]
[INFO] 		com.fasterxml.jackson.core:jackson-annotations:2.17.2:compile [76 KB]
[INFO] 		io.netty:netty-codec-xml:4.1.114.Final:compile [19 KB]
[INFO] 		org.sonatype.sisu:sisu-inject-bean:1.4.2:test [149 KB]
[INFO] 		org.apache.maven.shared:file-management:1.2.1:test [36 KB]
[INFO] 		org.sonatype.aether:aether-spi:1.7:test [13 KB]
[INFO] 		org.apache.tomcat.embed:tomcat-embed-websocket:10.1.31:compile [275 KB]
[INFO] 		org.apache.maven:maven-repository-metadata:3.0:test [29 KB]
[INFO] 		org.junit.jupiter:junit-jupiter-params:5.10.5:test [572 KB]
[INFO] 		org.jboss.logging:jboss-logging:3.5.3.Final:compile [57 KB]
[INFO] 		org.sonatype.aether:aether-impl:1.7:test [103 KB]
[INFO] 		org.apache.maven:maven-model-builder:3.0:test [144 KB]
[INFO] 		org.apache.maven:maven-settings:3.0:test [45 KB]
[INFO] 		org.ow2.asm:asm:9.1:test [118 KB]
[INFO] 		io.micrometer:micrometer-commons:1.13.6:compile [46 KB]
[INFO] 		org.apiguardian:apiguardian-api:1.1.2:test [6 KB]
[INFO] 		org.codehaus.plexus:plexus-utils:3.0.22:test [239 KB]
[INFO] 		org.apache.maven.reporting:maven-reporting-api:3.0:test [10 KB]
[INFO] 		org.sonatype.plexus:plexus-sec-dispatcher:1.3:test [27 KB]
[INFO] 		io.netty:netty-handler-proxy:4.1.114.Final:compile [25 KB]
[INFO] 		io.swagger.core.v3:swagger-models-jakarta:2.2.19:compile [131 KB]
[INFO] 		com.jayway.jsonpath:json-path:2.9.0:test [270 KB]
[INFO] 		org.apache.tomcat.embed:tomcat-embed-core:10.1.31:compile [3 MB]
[INFO] 		org.apache.tomcat.embed:tomcat-embed-el:10.1.31:compile [257 KB]
[INFO] 		org.codehaus.plexus:plexus-component-annotations:1.5.5:test [4 KB]
[INFO] 		net.bytebuddy:byte-buddy-agent:1.14.19:test [256 KB]
[INFO] 		io.netty:netty-resolver-dns-native-macos:osx-x86_64:4.1.114.Final:runtime [19 KB]
[INFO] 		org.apache.logging.log4j:log4j-to-slf4j:2.23.1:compile [22 KB]
[INFO] 		io.netty:netty-transport:4.1.114.Final:compile [509 KB]
[INFO] 		io.netty:netty-transport-native-unix-common:4.1.114.Final:compile [43 KB]
[INFO] 		org.hamcrest:hamcrest-core:2.2:test [1 KB]
[INFO] 		org.junit.jupiter:junit-jupiter-engine:5.10.5:test [238 KB]
[INFO] 		io.netty:netty-codec-memcache:4.1.114.Final:compile [43 KB]
[INFO] 		org.apache.logging.log4j:log4j-api:2.23.1:compile [334 KB]
[INFO] 		org.sonatype.plexus:plexus-cipher:1.4:test [13 KB]
[INFO] 		org.objenesis:objenesis:3.3:test [48 KB]
[INFO] 		com.google.guava:guava:33.3.1-jre:compile [2 MB]
[INFO] 		org.jacoco:org.jacoco.core:0.8.7:test [194 KB]
[INFO] 		cn.hutool:hutool-all:5.8.32:compile [2 MB]
[INFO] 		org.apache.maven:maven-core:3.0:test [514 KB]
[INFO] 		org.sonatype.sisu:sisu-inject-plexus:1.4.2:test [196 KB]
[INFO] 		org.springframework:spring-jcl:6.1.14:compile [23 KB]
[INFO] 		io.micrometer:micrometer-observation:1.13.6:compile [70 KB]
[INFO] 		io.netty:netty-transport-classes-epoll:4.1.114.Final:compile [144 KB]
[INFO] 		com.github.xiaoymin:knife4j-openapi3-ui:4.5.0:compile [3 MB]
[INFO] 		org.hamcrest:hamcrest:2.2:test [120 KB]
[INFO] 		org.ow2.asm:asm-tree:9.1:test [51 KB]
[INFO] 		io.netty:netty-resolver:4.1.114.Final:compile [36 KB]
[INFO] 		io.netty:netty-resolver-dns-native-macos:osx-aarch_64:4.1.114.Final:runtime [19 KB]
[INFO] 		org.skyscreamer:jsonassert:1.5.3:test [30 KB]
[INFO] 		ch.qos.logback:logback-classic:1.5.11:compile [298 KB]
[INFO] 		org.apache.commons:commons-lang3:3.14.0:compile [642 KB]
[INFO] 		com.vaadin.external.google:android-json:0.0.20131108.vaadin1:test [17 KB]
[INFO] 		io.netty:netty-transport-native-epoll:linux-aarch_64:4.1.114.Final:runtime [40 KB]
[INFO] 		org.hibernate.validator:hibernate-validator:8.0.1.Final:compile [1 MB]
[INFO] 		org.junit.jupiter:junit-jupiter-api:5.10.5:test [206 KB]
[INFO] 		org.springframework:spring-aop:6.1.14:compile [407 KB]
[INFO] 		io.netty:netty-transport-sctp:4.1.114.Final:compile [49 KB]
[INFO] 		org.jacoco:org.jacoco.report:0.8.7:test [125 KB]
[INFO] 		org.springframework:spring-expression:6.1.14:compile [297 KB]
[INFO] 		org.ow2.asm:asm-commons:9.1:test [70 KB]
[INFO] 		io.netty:netty-codec-dns:4.1.114.Final:compile [65 KB]
[INFO] 		com.fasterxml.jackson.module:jackson-module-parameter-names:2.17.2:compile [10 KB]
[INFO] 		com.fasterxml.jackson.core:jackson-databind:2.17.2:compile [1 MB]
[INFO] 		org.codehaus.plexus:plexus-interpolation:1.14:test [59 KB]
[INFO] 		jakarta.validation:jakarta.validation-api:3.0.2:compile [91 KB]
[INFO] 		org.codehaus.plexus:plexus-classworlds:2.2.3:test [45 KB]
[INFO] 		org.springframework:spring-webmvc:6.1.14:compile [1023 KB]
[INFO] 		org.springframework.boot:spring-boot-starter-logging:3.3.5:compile [4 KB]
[INFO] 		org.springframework.boot:spring-boot-test-autoconfigure:3.3.5:test [217 KB]
[INFO] 		org.slf4j:jul-to-slf4j:2.0.16:compile [6 KB]
[INFO] 		io.netty:netty-transport-rxtx:4.1.114.Final:compile [17 KB]
[INFO] 		com.ji.jichat:jichat-common:2.0-SNAPSHOT:compile [34 KB]
[INFO] 		org.projectlombok:lombok:1.18.34:compile [1 MB]
[INFO] 		io.netty:netty-codec-socks:4.1.114.Final:compile [118 KB]
[INFO] 		io.netty:netty-transport-native-epoll:linux-riscv64:4.1.114.Final:runtime [35 KB]
[INFO] 		org.junit.platform:junit-platform-engine:1.10.5:test [208 KB]
[INFO] 		com.google.guava:listenablefuture:9999.0-empty-to-avoid-conflict-with-guava:compile [2 KB]
[INFO] 		io.netty:netty-transport-native-kqueue:osx-aarch_64:4.1.114.Final:runtime [25 KB]
[INFO] 		org.springframework.boot:spring-boot-starter-json:3.3.5:compile [4 KB]
[INFO] 		com.fasterxml.jackson.dataformat:jackson-dataformat-yaml:2.17.2:compile [54 KB]
[INFO] 		io.netty:netty-resolver-dns-classes-macos:4.1.114.Final:compile [8 KB]
[INFO] 		classworlds:classworlds:1.1-alpha-2:test [36 KB]
[INFO] 		org.apache.maven:maven-aether-provider:3.0:test [49 KB]
[INFO] 		org.mockito:mockito-junit-jupiter:5.11.0:test [8 KB]
[INFO] 		org.springdoc:springdoc-openapi-starter-common:2.3.0:compile [461 KB]
[INFO] 		org.apache.maven:maven-artifact-manager:2.0.2:test [48 KB]
[INFO] 		org.codehaus.plexus:plexus-container-default:1.0-alpha-9:test [190 KB]
[INFO] 		com.alibaba.fastjson2:fastjson2:2.0.52:compile [1 MB]
[INFO] 		io.swagger.core.v3:swagger-annotations-jakarta:2.2.19:compile [47 KB]
[INFO] 		org.sonatype.sisu:sisu-guice:noaop:2.1.7:test [460 KB]
[INFO] 		org.apache.maven.shared:maven-shared-io:1.1:test [38 KB]
[INFO]   USED INHERIT DIRECT DEPENDENCY[0]:
[INFO]   USED INHERIT TRANSITIVE DEPENDENCY[0]:
[INFO]  UNUSED DEPENDENCY[4]:
[INFO]   UNUSED DIRECT DEPENDENCY[0]:
[INFO]   UNUSED TRANSITIVE DEPENDENCY[4]:
[INFO] 		com.google.j2objc:j2objc-annotations:3.0.0:compile [12 KB]
[INFO] 		org.checkerframework:checker-qual:3.43.0:compile [226 KB]
[INFO] 		com.google.code.findbugs:jsr305:3.0.2:compile [19 KB]
[INFO] 		com.google.errorprone:error_prone_annotations:2.28.0:compile [18 KB]
[INFO]   UNUSED INHERIT DIRECT DEPENDENCY[0]:
[INFO]   UNUSED INHERIT TRANSITIVE DEPENDENCY[0]:
[INFO] mvn test successfully
[INFO] Repair Successfully
[INFO] After Repair Pom Path:/private/tmp/analysis-runs/jisl1024-JiChat/jichat-modules/chat-client/bloatedOutput/comjijichatjichatclient20SNAPSHOT/comjijichatjichatclient20SNAPSHOT/pom-result.xml
[INFO] MeasureText: org.graphper.layout.AWTMeasureText was loaded as the primary measurement method.
[INFO] Print TreeCallGraph.svg, red is bloated, gray is unload
[INFO] ------------------------------------------------------------------------
[INFO] BUILD SUCCESS
[INFO] ------------------------------------------------------------------------
[INFO] Total time:  01:02 h
[INFO] Finished at: 2026-05-03T02:12:55+02:00
[INFO] ------------------------------------------------------------------------
