 Image despensa-app-despensa-rest-api-despensa-rest-api Building 
#1 [internal] load local bake definitions
#1 reading from stdin 675B done
#1 DONE 0.0s

#2 [internal] load build definition from Dockerfile
#2 transferring dockerfile: 2.28kB 0.0s done
#2 DONE 0.1s

#3 resolve image config for docker-image://docker.io/docker/dockerfile:1
#3 DONE 1.5s

#4 docker-image://docker.io/docker/dockerfile:1@sha256:2780b5c3bab67f1f76c781860de469442999ed1a0d7992a5efdf2cffc0e3d769
#4 CACHED

#5 [internal] load metadata for docker.io/library/eclipse-temurin:21-jdk-jammy
#5 DONE 0.0s

#6 [internal] load .dockerignore
#6 transferring context: 666B done
#6 DONE 0.0s

#7 [deps 1/5] FROM docker.io/library/eclipse-temurin:21-jdk-jammy
#7 DONE 0.0s

#8 [internal] load build context
#8 DONE 0.0s

#8 [internal] load build context
#8 transferring context: 266.45kB 0.1s done
#8 DONE 0.1s

#9 [deps 2/5] WORKDIR /build
#9 CACHED

#10 [deps 3/5] COPY --chmod=0755 mvnw mvnw
#10 CACHED

#11 [deps 4/5] COPY .mvn/ .mvn/
#11 CACHED

#12 [deps 5/5] RUN --mount=type=bind,source=pom.xml,target=pom.xml     --mount=type=cache,target=/root/.m2     ./mvnw dependency:go-offline -DskipTests
#12 3.743 [INFO] Scanning for projects...
#12 5.463 [INFO] 
#12 5.463 [INFO] -------------------< dev.nmarulo:despensa-rest-api >--------------------
#12 5.467 [INFO] Building Despensa-app rest-api 0.0.1
#12 5.467 [INFO]   from pom.xml
#12 5.467 [INFO] --------------------------------[ war ]---------------------------------
#12 5.483 [INFO] 
#12 5.484 [INFO] --- dependency:3.8.1:go-offline (default-cli) @ despensa-rest-api ---
#12 14.56 [INFO] Resolved plugin: jetty-servlet-9.4.46.v20220331.jar
#12 14.56 [INFO] Resolved plugin: maven-install-plugin-3.1.4.jar
#12 14.56 [INFO] Resolved plugin: asm-9.7.jar
#12 14.56 [INFO] Resolved plugin: doxia-module-twiki-1.11.1.jar
#12 14.56 [INFO] Resolved plugin: jdependency-2.8.0.jar
#12 14.56 [INFO] Resolved plugin: velocity-tools-2.0.jar
#12 14.57 [INFO] Resolved plugin: spring-context-6.2.6.jar
#12 14.57 [INFO] Resolved plugin: surefire-extensions-api-3.5.3.jar
#12 14.57 [INFO] Resolved plugin: flexmark-ext-gfm-tasklist-0.42.14.jar
#12 14.57 [INFO] Resolved plugin: surefire-api-3.5.3.jar
#12 14.57 [INFO] Resolved plugin: maven-resolver-api-1.9.22.jar
#12 14.57 [INFO] Resolved plugin: flexmark-ext-admonition-0.42.14.jar
#12 14.57 [INFO] Resolved plugin: jna-5.13.0.jar
#12 14.57 [INFO] Resolved plugin: maven-core-3.2.5.jar
#12 14.57 [INFO] Resolved plugin: flexmark-ext-footnotes-0.42.14.jar
#12 14.57 [INFO] Resolved plugin: flexmark-ext-gfm-strikethrough-0.42.14.jar
#12 14.57 [INFO] Resolved plugin: maven-surefire-plugin-3.5.3.jar
#12 14.57 [INFO] Resolved plugin: maven-repository-metadata-3.0.jar
#12 14.57 [INFO] Resolved plugin: flexmark-ext-media-tags-0.42.14.jar
#12 14.57 [INFO] Resolved plugin: doxia-module-xhtml-1.11.1.jar
#12 14.57 [INFO] Resolved plugin: flexmark-util-0.42.14.jar
#12 14.57 [INFO] Resolved plugin: flexmark-ext-anchorlink-0.42.14.jar
#12 14.58 [INFO] Resolved plugin: asm-9.6.jar
#12 14.58 [INFO] Resolved plugin: aether-api-1.7.jar
#12 14.58 [INFO] Resolved plugin: maven-resolver-util-1.9.22.jar
#12 14.58 [INFO] Resolved plugin: spring-boot-maven-plugin-3.4.5.jar
#12 14.58 [INFO] Resolved plugin: aether-api-1.0.0.v20140518.jar
#12 14.58 [INFO] Resolved plugin: autolink-0.6.0.jar
#12 14.58 [INFO] Resolved plugin: maven-filtering-3.3.1.jar
#12 14.58 [INFO] Resolved plugin: sisu-guice-2.1.7-noaop.jar
#12 14.58 [INFO] Resolved plugin: asm-commons-9.7.jar
#12 14.58 [INFO] Resolved plugin: jackson-module-parameter-names-2.18.3.jar
#12 14.58 [INFO] Resolved plugin: doxia-skin-model-1.11.1.jar
#12 14.58 [INFO] Resolved plugin: dom4j-1.1.jar
#12 14.58 [INFO] Resolved plugin: plexus-compiler-api-2.15.0.jar
#12 14.58 [INFO] Resolved plugin: spring-beans-6.2.6.jar
#12 14.58 [INFO] Resolved plugin: flexmark-youtrack-converter-0.42.14.jar
#12 14.58 [INFO] Resolved plugin: maven-aether-provider-3.0.jar
#12 14.58 [INFO] Resolved plugin: spring-expression-6.2.6.jar
#12 14.58 [INFO] Resolved plugin: tomlj-1.0.0.jar
#12 14.58 [INFO] Resolved plugin: httpclient-4.5.13.jar
#12 14.58 [INFO] Resolved plugin: flexmark-ext-toc-0.42.14.jar
#12 14.58 [INFO] Resolved plugin: qdox-2.0.3.jar
#12 14.58 [INFO] Resolved plugin: spring-aop-6.2.6.jar
#12 14.58 [INFO] Resolved plugin: jetty-http-9.4.46.v20220331.jar
#12 14.58 [INFO] Resolved plugin: plexus-classworlds-2.2.3.jar
#12 14.58 [INFO] Resolved plugin: flexmark-jira-converter-0.42.14.jar
#12 14.58 [INFO] Resolved plugin: maven-reporting-api-3.1.1.jar
#12 14.58 [INFO] Resolved plugin: org.jacoco.core-0.8.12.jar
#12 14.58 [INFO] Resolved plugin: maven-plugin-api-3.2.5.jar
#12 14.59 [INFO] Resolved plugin: sisu-guice-3.2.3-no_aop.jar
#12 14.59 [INFO] Resolved plugin: flexmark-ext-attributes-0.42.14.jar
#12 14.59 [INFO] Resolved plugin: commons-lang3-3.8.1.jar
#12 14.59 [INFO] Resolved plugin: maven-aether-provider-3.2.5.jar
#12 14.59 [INFO] Resolved plugin: aether-util-1.0.0.v20140518.jar
#12 14.59 [INFO] Resolved plugin: jetty-security-9.4.46.v20220331.jar
#12 14.59 [INFO] Resolved plugin: maven-archiver-3.6.0.jar
#12 14.59 [INFO] Resolved plugin: httpcore5-5.3.4.jar
#12 14.59 [INFO] Resolved plugin: micrometer-commons-1.14.5.jar
#12 14.59 [INFO] Resolved plugin: commons-compress-1.23.0.jar
#12 14.59 [INFO] Resolved plugin: maven-common-artifact-filters-3.4.0.jar
#12 14.59 [INFO] Resolved plugin: aether-impl-1.7.jar
#12 14.59 [INFO] Resolved plugin: spring-jcl-6.2.6.jar
#12 14.59 [INFO] Resolved plugin: maven-compiler-plugin-3.13.0.jar
#12 14.59 [INFO] Resolved plugin: org.eclipse.sisu.plexus-0.3.5.jar
#12 14.59 [INFO] Resolved plugin: doxia-core-1.11.1.jar
#12 14.59 [INFO] Resolved plugin: flexmark-ext-ins-0.42.14.jar
#12 14.59 [INFO] Resolved plugin: zstd-jni-1.5.5-2.jar
#12 14.59 [INFO] Resolved plugin: maven-artifact-3.0.jar
#12 14.59 [INFO] Resolved plugin: google-collections-1.0.jar
#12 14.59 [INFO] Resolved plugin: org.jacoco.agent-0.8.12-runtime.jar
#12 14.59 [INFO] Resolved plugin: flexmark-ext-emoji-0.42.14.jar
#12 14.59 [INFO] Resolved plugin: doxia-integration-tools-1.11.1.jar
#12 14.59 [INFO] Resolved plugin: maven-resolver-api-1.4.1.jar
#12 14.59 [INFO] Resolved plugin: plexus-compiler-manager-2.15.0.jar
#12 14.59 [INFO] Resolved plugin: plexus-component-annotations-1.5.5.jar
#12 14.59 [INFO] Resolved plugin: maven-repository-metadata-3.2.5.jar
#12 14.59 [INFO] Resolved plugin: flexmark-ext-jekyll-front-matter-0.42.14.jar
#12 14.59 [INFO] Resolved plugin: doxia-decoration-model-1.11.1.jar
#12 14.59 [INFO] Resolved plugin: flexmark-all-0.42.14.jar
#12 14.59 [INFO] Resolved plugin: asm-9.7.1.jar
#12 14.59 [INFO] Resolved plugin: maven-shared-incremental-1.1.jar
#12 14.59 [INFO] Resolved plugin: file-management-3.1.0.jar
#12 14.59 [INFO] Resolved plugin: jetty-webapp-9.4.46.v20220331.jar
#12 14.59 [INFO] Resolved plugin: plexus-io-3.2.0.jar
#12 14.59 [INFO] Resolved plugin: xbean-reflect-3.7.jar
#12 14.59 [INFO] Resolved plugin: maven-reporting-exec-1.6.0.jar
#12 14.59 [INFO] Resolved plugin: doxia-sink-api-1.11.1.jar
#12 14.59 [INFO] Resolved plugin: plexus-xml-3.0.0.jar
#12 14.59 [INFO] Resolved plugin: jetty-xml-9.4.46.v20220331.jar
#12 14.59 [INFO] Resolved plugin: spring-core-6.2.6.jar
#12 14.59 [INFO] Resolved plugin: plexus-velocity-1.2.jar
#12 14.59 [INFO] Resolved plugin: plexus-container-default-2.1.0.jar
#12 14.60 [INFO] Resolved plugin: commons-codec-1.11.jar
#12 14.60 [INFO] Resolved plugin: snappy-0.4.jar
#12 14.60 [INFO] Resolved plugin: maven-deploy-plugin-3.1.4.jar
#12 14.60 [INFO] Resolved plugin: jsr305-3.0.2.jar
#12 14.60 [INFO] Resolved plugin: surefire-shared-utils-3.5.3.jar
#12 14.60 [INFO] Resolved plugin: plexus-build-api-0.0.7.jar
#12 14.60 [INFO] Resolved plugin: asm-9.5.jar
#12 14.60 [INFO] Resolved plugin: maven-dependency-tree-3.2.1.jar
#12 14.60 [INFO] Resolved plugin: doxia-module-fml-1.11.1.jar
#12 14.60 [INFO] Resolved plugin: commons-digester-1.8.jar
#12 14.60 [INFO] Resolved plugin: jetty-server-9.4.46.v20220331.jar
#12 14.60 [INFO] Resolved plugin: maven-shared-utils-3.4.2.jar
#12 14.60 [INFO] Resolved plugin: flexmark-ext-abbreviation-0.42.14.jar
#12 14.60 [INFO] Resolved plugin: spring-boot-loader-tools-3.4.5.jar
#12 14.60 [INFO] Resolved plugin: maven-archiver-3.5.2.jar
#12 14.60 [INFO] Resolved plugin: flexmark-ext-definition-0.42.14.jar
#12 14.60 [INFO] Resolved plugin: doxia-logging-api-1.11.1.jar
#12 14.60 [INFO] Resolved plugin: plexus-xml-3.0.1.jar
#12 14.60 [INFO] Resolved plugin: flexmark-ext-yaml-front-matter-0.42.14.jar
#12 14.61 [INFO] Resolved plugin: maven-shade-plugin-3.5.0.jar
#12 14.61 [INFO] Resolved plugin: maven-site-plugin-3.12.1.jar
#12 14.61 [INFO] Resolved plugin: flexmark-ext-superscript-0.42.14.jar
#12 14.61 [INFO] Resolved plugin: commons-collections-3.2.2.jar
#12 14.61 [INFO] Resolved plugin: jackson-annotations-2.18.3.jar
#12 14.61 [INFO] Resolved plugin: doxia-module-markdown-1.11.1.jar
#12 14.61 [INFO] Resolved plugin: flexmark-ext-xwiki-macros-0.42.14.jar
#12 14.61 [INFO] Resolved plugin: plexus-java-1.4.0.jar
#12 14.61 [INFO] Resolved plugin: plexus-io-3.4.0.jar
#12 14.61 [INFO] Resolved plugin: commons-compress-1.20.jar
#12 14.61 [INFO] Resolved plugin: maven-resources-plugin-3.3.1.jar
#12 14.61 [INFO] Resolved plugin: velocity-1.7.jar
#12 14.61 [INFO] Resolved plugin: plexus-utils-3.5.1.jar
#12 14.61 [INFO] Resolved plugin: aopalliance-1.0.jar
#12 14.61 [INFO] Resolved plugin: maven-model-3.0.jar
#12 14.61 [INFO] Resolved plugin: aether-spi-1.0.0.v20140518.jar
#12 14.61 [INFO] Resolved plugin: plexus-interpolation-1.26.jar
#12 14.61 [INFO] Resolved plugin: spring-boot-buildpack-platform-3.4.5.jar
#12 14.61 [INFO] Resolved plugin: maven-settings-builder-3.2.5.jar
#12 14.61 [INFO] Resolved plugin: httpcore-4.4.14.jar
#12 14.61 [INFO] Resolved plugin: maven-reporting-api-3.0.jar
#12 14.61 [INFO] Resolved plugin: commons-lang3-3.12.0.jar
#12 14.61 [INFO] Resolved plugin: maven-model-builder-3.0.jar
#12 14.61 [INFO] Resolved plugin: maven-artifact-3.2.5.jar
#12 14.61 [INFO] Resolved plugin: plexus-compiler-javac-2.15.0.jar
#12 14.61 [INFO] Resolved plugin: flexmark-ext-enumerated-reference-0.42.14.jar
#12 14.61 [INFO] Resolved plugin: plexus-component-annotations-2.1.1.jar
#12 14.61 [INFO] Resolved plugin: httpclient5-5.4.3.jar
#12 14.61 [INFO] Resolved plugin: surefire-extensions-spi-3.5.3.jar
#12 14.61 [INFO] Resolved plugin: plexus-utils-3.0.24.jar
#12 14.61 [INFO] Resolved plugin: asm-tree-9.7.jar
#12 14.61 [INFO] Resolved plugin: commons-logging-1.2.jar
#12 14.61 [INFO] Resolved plugin: flexmark-ext-escaped-character-0.42.14.jar
#12 14.62 [INFO] Resolved plugin: plexus-java-1.2.0.jar
#12 14.62 [INFO] Resolved plugin: plexus-cipher-1.4.jar
#12 14.62 [INFO] Resolved plugin: flexmark-0.42.14.jar
#12 14.62 [INFO] Resolved plugin: plexus-utils-3.4.2.jar
#12 14.62 [INFO] Resolved plugin: flexmark-ext-aside-0.42.14.jar
#12 14.62 [INFO] Resolved plugin: flexmark-ext-wikilink-0.42.14.jar
#12 14.62 [INFO] Resolved plugin: org.eclipse.sisu.inject-0.3.5.jar
#12 14.62 [INFO] Resolved plugin: maven-plugin-api-3.0.jar
#12 14.62 [INFO] Resolved plugin: flexmark-ext-gfm-tables-0.42.14.jar
#12 14.62 [INFO] Resolved plugin: sisu-inject-bean-1.4.2.jar
#12 14.62 [INFO] Resolved plugin: antlr4-runtime-4.7.2.jar
#12 14.62 [INFO] Resolved plugin: commons-io-2.11.0.jar
#12 14.62 [INFO] Resolved plugin: jetty-io-9.4.46.v20220331.jar
#12 14.62 [INFO] Resolved plugin: jacoco-maven-plugin-0.8.12.jar
#12 14.62 [INFO] Resolved plugin: cdi-api-1.2.jar
#12 14.62 [INFO] Resolved plugin: commons-chain-1.1.jar
#12 14.62 [INFO] Resolved plugin: flexmark-html-parser-0.42.14.jar
#12 14.63 [INFO] Resolved plugin: javax.inject-1.jar
#12 14.63 [INFO] Resolved plugin: asm-tree-9.5.jar
#12 14.63 [INFO] Resolved plugin: surefire-logger-api-3.5.3.jar
#12 14.63 [INFO] Resolved plugin: maven-shared-utils-3.3.4.jar
#12 14.63 [INFO] Resolved plugin: javax.servlet-api-3.1.0.jar
#12 14.64 [INFO] Resolved plugin: jetty-util-ajax-9.4.46.v20220331.jar
#12 14.64 [INFO] Resolved plugin: commons-io-2.13.0.jar
#12 14.65 [INFO] Resolved plugin: maven-mapping-3.0.0.jar
#12 14.65 [INFO] Resolved plugin: maven-settings-3.2.5.jar
#12 14.65 [INFO] Resolved plugin: jna-platform-5.13.0.jar
#12 14.65 [INFO] Resolved plugin: jsoup-1.10.2.jar
#12 14.66 [INFO] Resolved plugin: oro-2.0.8.jar
#12 14.66 [INFO] Resolved plugin: jackson-core-2.18.3.jar
#12 14.66 [INFO] Resolved plugin: maven-common-artifact-filters-3.3.2.jar
#12 14.66 [INFO] Resolved plugin: xz-1.9.jar
#12 14.66 [INFO] Resolved plugin: maven-settings-builder-3.0.jar
#12 14.66 [INFO] Resolved plugin: aether-impl-1.0.0.v20140518.jar
#12 14.66 [INFO] Resolved plugin: aether-util-1.7.jar
#12 14.66 [INFO] Resolved plugin: commons-text-1.3.jar
#12 14.66 [INFO] Resolved plugin: plexus-utils-4.0.0.jar
#12 14.67 [INFO] Resolved plugin: maven-core-3.0.jar
#12 14.67 [INFO] Resolved plugin: org.jacoco.report-0.8.12.jar
#12 14.68 [INFO] Resolved plugin: commons-lang-2.4.jar
#12 14.68 [INFO] Resolved plugin: slf4j-api-1.7.36.jar
#12 14.69 [INFO] Resolved plugin: doxia-module-apt-1.11.1.jar
#12 14.69 [INFO] Resolved plugin: maven-resolver-util-1.4.1.jar
#12 14.69 [INFO] Resolved plugin: flexmark-ext-gfm-issues-0.42.14.jar
#12 14.69 [INFO] Resolved plugin: jetty-util-9.4.46.v20220331.jar
#12 14.69 [INFO] Resolved plugin: maven-model-builder-3.2.5.jar
#12 14.69 [INFO] Resolved plugin: plexus-archiver-4.2.7.jar
#12 14.69 [INFO] Resolved plugin: commons-io-2.6.jar
#12 14.69 [INFO] Resolved plugin: flexmark-ext-youtube-embedded-0.42.14.jar
#12 14.69 [INFO] Resolved plugin: flexmark-formatter-0.42.14.jar
#12 14.69 [INFO] Resolved plugin: maven-model-3.2.5.jar
#12 14.69 [INFO] Resolved plugin: plexus-utils-4.0.1.jar
#12 14.69 [INFO] Resolved plugin: jdom2-2.0.6.1.jar
#12 14.69 [INFO] Resolved plugin: flexmark-profile-pegdown-0.42.14.jar
#12 14.69 [INFO] Resolved plugin: doxia-module-docbook-simple-1.11.1.jar
#12 14.70 [INFO] Resolved plugin: commons-compress-1.25.0.jar
#12 14.70 [INFO] Resolved plugin: guava-16.0.1.jar
#12 14.70 [INFO] Resolved plugin: flexmark-ext-typographic-0.42.14.jar
#12 14.70 [INFO] Resolved plugin: flexmark-ext-autolink-0.42.14.jar
#12 14.70 [INFO] Resolved plugin: flexmark-ext-jekyll-tag-0.42.14.jar
#12 14.70 [INFO] Resolved plugin: flexmark-ext-gitlab-0.42.14.jar
#12 14.70 [INFO] Resolved plugin: doxia-module-xdoc-1.11.1.jar
#12 14.70 [INFO] Resolved plugin: doxia-site-renderer-1.11.1.jar
#12 14.70 [INFO] Resolved plugin: sisu-inject-plexus-1.4.2.jar
#12 14.70 [INFO] Resolved plugin: commons-beanutils-1.7.0.jar
#12 14.70 [INFO] Resolved plugin: maven-war-plugin-3.4.0.jar
#12 14.70 [INFO] Resolved plugin: plexus-classworlds-2.5.2.jar
#12 14.70 [INFO] Resolved plugin: doxia-module-confluence-1.11.1.jar
#12 14.70 [INFO] Resolved plugin: jackson-databind-2.18.3.jar
#12 14.70 [INFO] Resolved plugin: doxia-module-xhtml5-1.11.1.jar
#12 14.70 [INFO] Resolved plugin: surefire-booter-3.5.3.jar
#12 14.70 [INFO] Resolved plugin: flexmark-ext-tables-0.42.14.jar
#12 14.70 [INFO] Resolved plugin: javax.annotation-api-1.2.jar
#12 14.70 [INFO] Resolved plugin: httpcore5-h2-5.3.4.jar
#12 14.70 [INFO] Resolved plugin: flexmark-ext-macros-0.42.14.jar
#12 14.70 [INFO] Resolved plugin: aether-spi-1.7.jar
#12 14.70 [INFO] Resolved plugin: plexus-sec-dispatcher-1.3.jar
#12 14.70 [INFO] Resolved plugin: commons-collections4-4.4.jar
#12 14.70 [INFO] Resolved plugin: plexus-i18n-1.0-beta-10.jar
#12 14.70 [INFO] Resolved plugin: micrometer-observation-1.14.5.jar
#12 14.70 [INFO] Resolved plugin: flexmark-ext-gfm-users-0.42.14.jar
#12 14.70 [INFO] Resolved plugin: qdox-2.2.0.jar
#12 14.70 [INFO] Resolved plugin: maven-clean-plugin-3.4.1.jar
#12 14.70 [INFO] Resolved plugin: maven-surefire-common-3.5.3.jar
#12 14.70 [INFO] Resolved plugin: doxia-sink-api-1.0.jar
#12 14.70 [INFO] Resolved plugin: plexus-archiver-4.7.1.jar
#12 14.70 [INFO] Resolved plugin: asm-commons-9.5.jar
#12 14.71 [INFO] Resolved dependency: google-cloud-core-grpc-2.44.1.jar
#12 14.71 [INFO] Resolved dependency: json-smart-2.5.2.jar
#12 14.71 [INFO] Resolved dependency: log4j-to-slf4j-2.24.3.jar
#12 14.71 [INFO] Resolved dependency: spring-context-6.2.6.jar
#12 14.71 [INFO] Resolved dependency: jspecify-1.0.0.jar
#12 14.71 [INFO] Resolved dependency: grpc-auth-1.68.0.jar
#12 14.71 [INFO] Resolved dependency: opentelemetry-sdk-trace-1.42.1.jar
#12 14.71 [INFO] Resolved dependency: regions-2.25.26.jar
#12 14.71 [INFO] Resolved dependency: oci-java-sdk-circuitbreaker-3.41.2.jar
#12 14.71 [INFO] Resolved dependency: jackson-datatype-jsr310-2.15.2.jar
#12 14.71 [INFO] Resolved dependency: utils-2.25.26.jar
#12 14.71 [INFO] Resolved dependency: byte-buddy-agent-1.15.4.jar
#12 14.71 [INFO] Resolved dependency: grpc-googleapis-1.68.0.jar
#12 14.71 [INFO] Resolved dependency: jakarta.activation-api-2.1.0.jar
#12 14.71 [INFO] Resolved dependency: accessors-smart-2.5.2.jar
#12 14.71 [INFO] Resolved dependency: netty-resolver-4.1.108.Final.jar
#12 14.71 [INFO] Resolved dependency: gax-httpjson-2.54.1.jar
#12 14.71 [INFO] Resolved dependency: third-party-jackson-core-2.25.26.jar
#12 14.71 [INFO] Resolved dependency: spring-boot-test-3.4.5.jar
#12 14.71 [INFO] Resolved dependency: sdk-core-2.25.26.jar
#12 14.71 [INFO] Resolved dependency: checker-qual-3.47.0.jar
#12 14.71 [INFO] Resolved dependency: http-auth-2.25.26.jar
#12 14.71 [INFO] Resolved dependency: springdoc-openapi-starter-webmvc-ui-2.8.8.jar
#12 14.71 [INFO] Resolved dependency: spring-boot-starter-3.4.5.jar
#12 14.71 [INFO] Resolved dependency: jackson-module-parameter-names-2.18.3.jar
#12 14.71 [INFO] Resolved dependency: grpc-context-1.68.0.jar
#12 14.71 [INFO] Resolved dependency: jandex-3.2.0.jar
#12 14.71 [INFO] Resolved dependency: netty-common-4.1.108.Final.jar
#12 14.71 [INFO] Resolved dependency: jboss-logging-3.6.1.Final.jar
#12 14.72 [INFO] Resolved dependency: auto-value-annotations-1.11.0.jar
#12 14.72 [INFO] Resolved dependency: grpc-protobuf-lite-1.68.0.jar
#12 14.72 [INFO] Resolved dependency: jakarta.transaction-api-2.0.1.jar
#12 14.72 [INFO] Resolved dependency: google-api-client-2.7.0.jar
#12 14.72 [INFO] Resolved dependency: bcutil-jdk15to18-1.74.jar
#12 14.72 [INFO] Resolved dependency: error_prone_annotations-2.32.0.jar
#12 14.72 [INFO] Resolved dependency: spring-beans-6.2.6.jar
#12 14.72 [INFO] Resolved dependency: opentelemetry-api-incubator-1.42.1-alpha.jar
#12 14.72 [INFO] Resolved dependency: angus-activation-2.0.0.jar
#12 14.72 [INFO] Resolved dependency: netty-handler-4.1.108.Final.jar
#12 14.72 [INFO] Resolved dependency: spring-expression-6.2.6.jar
#12 14.72 [INFO] Resolved dependency: ucp-19.6.0.0.jar
#12 14.72 [INFO] Resolved dependency: swagger-models-jakarta-2.2.30.jar
#12 14.72 [INFO] Resolved dependency: spring-security-config-6.4.5.jar
#12 14.72 [INFO] Resolved dependency: httpclient-4.5.13.jar
#12 14.72 [INFO] Resolved dependency: google-auth-library-credentials-1.27.0.jar
#12 14.72 [INFO] Resolved dependency: spring-aop-6.2.6.jar
#12 14.72 [INFO] Resolved dependency: jackson-core-2.15.2.jar
#12 14.72 [INFO] Resolved dependency: xmlunit-core-2.10.0.jar
#12 14.72 [INFO] Resolved dependency: simplefan-19.6.0.0.jar
#12 14.72 [INFO] Resolved dependency: osdt_cert-19.6.0.0.jar
#12 14.72 [INFO] Resolved dependency: commons-codec-1.17.1.jar
#12 14.72 [INFO] Resolved dependency: json-utils-2.25.26.jar
#12 14.72 [INFO] Resolved dependency: netty-codec-4.1.108.Final.jar
#12 14.72 [INFO] Resolved dependency: grpc-google-cloud-storage-v2-2.43.1-beta.jar
#12 14.72 [INFO] Resolved dependency: spring-boot-starter-security-3.4.5.jar
#12 14.72 [INFO] Resolved dependency: spring-boot-starter-data-jpa-3.4.5.jar
#12 14.72 [INFO] Resolved dependency: slf4j-api-2.0.11.jar
#12 14.72 [INFO] Resolved dependency: opentelemetry-sdk-common-1.42.1.jar
#12 14.72 [INFO] Resolved dependency: micrometer-commons-1.14.5.jar
#12 14.72 [INFO] Resolved dependency: checksums-spi-2.25.26.jar
#12 14.72 [INFO] Resolved dependency: aws-core-2.25.26.jar
#12 14.72 [INFO] Resolved dependency: netty-codec-http-4.1.108.Final.jar
#12 14.72 [INFO] Resolved dependency: grpc-stub-1.68.0.jar
#12 14.72 [INFO] Resolved dependency: spring-jcl-6.2.6.jar
#12 14.72 [INFO] Resolved dependency: jakarta.xml.bind-api-4.0.0.jar
#12 14.72 [INFO] Resolved dependency: google-cloud-monitoring-3.31.0.jar
#12 14.72 [INFO] Resolved dependency: grpc-opentelemetry-1.68.0.jar
#12 14.72 [INFO] Resolved dependency: hibernate-core-6.6.13.Final.jar
#12 14.72 [INFO] Resolved dependency: oraclepki-19.6.0.0.jar
#12 14.72 [INFO] Resolved dependency: grpc-xds-1.68.0.jar
#12 14.72 [INFO] Resolved dependency: commons-lang3-3.17.0.jar
#12 14.72 [INFO] Resolved dependency: spring-boot-starter-actuator-3.4.5.jar
#12 14.72 [INFO] Resolved dependency: junit-jupiter-api-5.11.4.jar
#12 14.72 [INFO] Resolved dependency: identity-spi-2.25.26.jar
#12 14.72 [INFO] Resolved dependency: HikariCP-5.1.0.jar
#12 14.72 [INFO] Resolved dependency: netty-transport-native-unix-common-4.1.108.Final.jar
#12 14.73 [INFO] Resolved dependency: slf4j-api-2.0.2.jar
#12 14.73 [INFO] Resolved dependency: junit-jupiter-engine-5.11.4.jar
#12 14.73 [INFO] Resolved dependency: listenablefuture-9999.0-empty-to-avoid-conflict-with-guava.jar
#12 14.73 [INFO] Resolved dependency: arns-2.25.26.jar
#12 14.73 [INFO] Resolved dependency: snakeyaml-2.4.jar
#12 14.73 [INFO] Resolved dependency: aws-xml-protocol-2.25.26.jar
#12 14.73 [INFO] Resolved dependency: opentelemetry-sdk-metrics-1.42.1.jar
#12 14.73 [INFO] Resolved dependency: micrometer-commons-1.14.6.jar
#12 14.73 [INFO] Resolved dependency: google-http-client-1.45.0.jar
#12 14.73 [INFO] Resolved dependency: antlr4-runtime-4.13.0.jar
#12 14.73 [INFO] Resolved dependency: grpc-rls-1.68.0.jar
#12 14.73 [INFO] Resolved dependency: snakeyaml-2.3.jar
#12 14.73 [INFO] Resolved dependency: spring-data-commons-3.4.5.jar
#12 14.73 [INFO] Resolved dependency: asm-9.7.1.jar
#12 14.73 [INFO] Resolved dependency: threetenbp-1.7.0.jar
#12 14.73 [INFO] Resolved dependency: ojdbc8-19.6.0.0.jar
#12 14.73 [INFO] Resolved dependency: spring-boot-starter-jdbc-3.4.5.jar
#12 14.73 [INFO] Resolved dependency: jackson-databind-2.13.4.2.jar
#12 14.73 [INFO] Resolved dependency: assertj-core-3.26.3.jar
#12 14.73 [INFO] Resolved dependency: logback-classic-1.5.18.jar
#12 14.73 [INFO] Resolved dependency: gax-grpc-2.54.1.jar
#12 14.73 [INFO] Resolved dependency: google-cloud-core-http-2.44.1.jar
#12 14.73 [INFO] Resolved dependency: slf4j-api-1.7.30.jar
#12 14.73 [INFO] Resolved dependency: spring-core-6.2.6.jar
#12 14.73 [INFO] Resolved dependency: spring-boot-test-autoconfigure-3.4.5.jar
#12 14.73 [INFO] Resolved dependency: junit-jupiter-params-5.11.4.jar
#12 14.73 [INFO] Resolved dependency: spring-security-web-6.4.5.jar
#12 14.73 [INFO] Resolved dependency: http-auth-aws-2.25.26.jar
#12 14.73 [INFO] Resolved dependency: netty-transport-4.1.108.Final.jar
#12 14.73 [INFO] Resolved dependency: grpc-grpclb-1.68.0.jar
#12 14.73 [INFO] Resolved dependency: perfmark-api-0.27.0.jar
#12 14.73 [INFO] Resolved dependency: ons-19.6.0.0.jar
#12 14.73 [INFO] Resolved dependency: jcip-annotations-1.0-1.jar
#12 14.73 [INFO] Resolved dependency: jsr305-3.0.2.jar
#12 14.73 [INFO] Resolved dependency: micrometer-core-1.14.6.jar
#12 14.73 [INFO] Resolved dependency: jakarta.xml.bind-api-4.0.2.jar
#12 14.73 [INFO] Resolved dependency: protocol-core-2.25.26.jar
#12 14.73 [INFO] Resolved dependency: netty-transport-classes-epoll-4.1.108.Final.jar
#12 14.73 [INFO] Resolved dependency: spring-data-jpa-3.4.5.jar
#12 14.73 [INFO] Resolved dependency: jackson-dataformat-toml-2.15.2.jar
#12 14.73 [INFO] Resolved dependency: opentelemetry-gcp-resources-1.37.0-alpha.jar
#12 14.73 [INFO] Resolved dependency: jakarta.annotation-api-2.1.1.jar
#12 14.73 [INFO] Resolved dependency: aws-secretsmanager-jdbc-2.0.2.jar
#12 14.73 [INFO] Resolved dependency: secretsmanager-2.20.93.jar
#12 14.73 [INFO] Resolved dependency: aws-secretsmanager-caching-java-2.0.0.jar
#12 14.73 [INFO] Resolved dependency: bcprov-jdk15to18-1.74.jar
#12 14.73 [INFO] Resolved dependency: nimbus-jose-jwt-9.37.3.jar
#12 14.73 [INFO] Resolved dependency: spotbugs-annotations-4.7.3.jar
#12 14.74 [INFO] Resolved dependency: spring-boot-starter-test-3.4.5.jar
#12 14.74 [INFO] Resolved dependency: http-auth-spi-2.25.26.jar
#12 14.74 [INFO] Resolved dependency: endpoints-spi-2.25.26.jar
#12 14.74 [INFO] Resolved dependency: swagger-ui-5.21.0.jar
#12 14.74 [INFO] Resolved dependency: eventstream-1.0.1.jar
#12 14.74 [INFO] Resolved dependency: gson-2.10.1.jar
#12 14.74 [INFO] Resolved dependency: webjars-locator-lite-1.0.1.jar
#12 14.74 [INFO] Resolved dependency: opentelemetry-sdk-logs-1.42.1.jar
#12 14.74 [INFO] Resolved dependency: spring-boot-starter-oauth2-resource-server-3.4.5.jar
#12 14.74 [INFO] Resolved dependency: google-http-client-apache-v2-1.45.0.jar
#12 14.74 [INFO] Resolved dependency: json-path-2.9.0.jar
#12 14.74 [INFO] Resolved dependency: hibernate-commons-annotations-7.0.3.Final.jar
#12 14.74 [INFO] Resolved dependency: spring-boot-starter-web-3.4.5.jar
#12 14.74 [INFO] Resolved dependency: resilience4j-circuitbreaker-1.7.1.jar
#12 14.74 [INFO] Resolved dependency: jackson-databind-2.15.2.jar
#12 14.74 [INFO] Resolved dependency: protobuf-java-3.25.5.jar
#12 14.74 [INFO] Resolved dependency: jackson-annotations-2.18.3.jar
#12 14.74 [INFO] Resolved dependency: byte-buddy-1.15.11.jar
#12 14.74 [INFO] Resolved dependency: tomcat-embed-el-10.1.40.jar
#12 14.74 [INFO] Resolved dependency: detector-resources-support-0.32.0.jar
#12 14.74 [INFO] Resolved dependency: flyway-core-10.20.1.jar
#12 14.74 [INFO] Resolved dependency: tomcat-embed-core-10.1.40.jar
#12 14.74 [INFO] Resolved dependency: hibernate-validator-8.0.2.Final.jar
#12 14.74 [INFO] Resolved dependency: reactive-streams-1.0.4.jar
#12 14.75 [INFO] Resolved dependency: junit-jupiter-5.11.4.jar
#12 14.75 [INFO] Resolved dependency: google-http-client-appengine-1.45.0.jar
#12 14.75 [INFO] Resolved dependency: grpc-alts-1.68.0.jar
#12 14.76 [INFO] Resolved dependency: crt-core-2.25.26.jar
#12 14.76 [INFO] Resolved dependency: oci-java-sdk-common-3.41.2.jar
#12 14.78 [INFO] Resolved dependency: spring-webmvc-6.2.6.jar
#12 14.78 [INFO] Resolved dependency: animal-sniffer-annotations-1.24.jar
#12 14.78 [INFO] Resolved dependency: spring-security-oauth2-resource-server-6.4.5.jar
#12 14.78 [INFO] Resolved dependency: mysql-connector-j-9.1.0.jar
#12 14.78 [INFO] Resolved dependency: spring-boot-starter-tomcat-3.4.5.jar
#12 14.78 [INFO] Resolved dependency: s3-2.25.26.jar
#12 14.78 [INFO] Resolved dependency: opencensus-proto-0.2.0.jar
#12 14.78 [INFO] Resolved dependency: opentelemetry-context-1.42.1.jar
#12 14.78 [INFO] Resolved dependency: resilience4j-core-1.7.1.jar
#12 14.78 [INFO] Resolved dependency: slf4j-api-2.0.17.jar
#12 14.78 [INFO] Resolved dependency: jaxb-core-4.0.2.jar
#12 14.78 [INFO] Resolved dependency: proto-google-cloud-monitoring-v3-3.31.0.jar
#12 14.78 [INFO] Resolved dependency: grpc-protobuf-1.68.0.jar
#12 14.78 [INFO] Resolved dependency: commons-lang3-3.12.0.jar
#12 14.78 [INFO] Resolved dependency: netty-codec-http2-4.1.108.Final.jar
#12 14.78 [INFO] Resolved dependency: classmate-1.7.0.jar
#12 14.78 [INFO] Resolved dependency: gson-2.11.0.jar
#12 14.78 [INFO] Resolved dependency: api-common-2.37.1.jar
#12 14.79 [INFO] Resolved dependency: slf4j-api-1.7.33.jar
#12 14.79 [INFO] Resolved dependency: javax.annotation-api-1.3.2.jar
#12 14.79 [INFO] Resolved dependency: opentelemetry-sdk-extension-autoconfigure-spi-1.42.1.jar
#12 14.79 [INFO] Resolved dependency: jul-to-slf4j-2.0.17.jar
#12 14.79 [INFO] Resolved dependency: spring-boot-actuator-autoconfigure-3.4.5.jar
#12 14.79 [INFO] Resolved dependency: grpc-core-1.68.0.jar
#12 14.79 [INFO] Resolved dependency: proto-google-common-protos-2.45.1.jar
#12 14.79 [INFO] Resolved dependency: opentest4j-1.3.0.jar
#12 14.79 [INFO] Resolved dependency: commons-logging-1.2.jar
#12 14.79 [INFO] Resolved dependency: datafaker-2.4.3.jar
#12 14.79 [INFO] Resolved dependency: bcpkix-jdk15to18-1.74.jar
#12 14.79 [INFO] Resolved dependency: opencensus-contrib-http-util-0.31.1.jar
#12 14.79 [INFO] Resolved dependency: spring-test-6.2.6.jar
#12 14.79 [INFO] Resolved dependency: httpcore-4.4.13.jar
#12 14.79 [INFO] Resolved dependency: spring-orm-6.2.6.jar
#12 14.79 [INFO] Resolved dependency: commons-text-1.10.0.jar
#12 14.79 [INFO] Resolved dependency: google-cloud-storage-2.43.1.jar
#12 14.79 [INFO] Resolved dependency: conscrypt-openjdk-uber-2.5.2.jar
#12 14.79 [INFO] Resolved dependency: failureaccess-1.0.2.jar
#12 14.79 [INFO] Resolved dependency: gapic-google-cloud-storage-v2-2.43.1-beta.jar
#12 14.79 [INFO] Resolved dependency: opentelemetry-sdk-1.42.1.jar
#12 14.80 [INFO] Resolved dependency: spring-boot-devtools-3.4.5.jar
#12 14.80 [INFO] Resolved dependency: opentelemetry-api-1.42.1.jar
#12 14.80 [INFO] Resolved dependency: apache-client-2.25.26.jar
#12 14.80 [INFO] Resolved dependency: google-http-client-gson-1.45.0.jar
#12 14.80 [INFO] Resolved dependency: spring-jdbc-6.2.6.jar
#12 14.80 [INFO] Resolved dependency: micrometer-jakarta9-1.14.6.jar
#12 14.80 [INFO] Resolved dependency: spring-security-crypto-6.4.5.jar
#12 14.80 [INFO] Resolved dependency: annotations-2.25.26.jar
#12 14.80 [INFO] Resolved dependency: j2objc-annotations-3.0.0.jar
#12 14.80 [INFO] Resolved dependency: aws-query-protocol-2.25.26.jar
#12 14.80 [INFO] Resolved dependency: txw2-4.0.2.jar
#12 14.80 [INFO] Resolved dependency: tomcat-embed-websocket-10.1.40.jar
#12 14.80 [INFO] Resolved dependency: HdrHistogram-2.2.2.jar
#12 14.80 [INFO] Resolved dependency: spring-security-oauth2-jose-6.4.5.jar
#12 14.80 [INFO] Resolved dependency: hamcrest-2.2.jar
#12 14.80 [INFO] Resolved dependency: jackson-dataformat-yaml-2.18.3.jar
#12 14.80 [INFO] Resolved dependency: istack-commons-runtime-4.1.1.jar
#12 14.80 [INFO] Resolved dependency: error_prone_annotations-2.27.0.jar
#12 14.80 [INFO] Resolved dependency: annotations-4.1.1.4.jar
#12 14.80 [INFO] Resolved dependency: jboss-logging-3.5.0.Final.jar
#12 14.80 [INFO] Resolved dependency: spring-security-core-6.4.5.jar
#12 14.80 [INFO] Resolved dependency: spring-security-test-6.4.5.jar
#12 14.80 [INFO] Resolved dependency: log4j-api-2.24.3.jar
#12 14.80 [INFO] Resolved dependency: classmate-1.5.1.jar
#12 14.80 [INFO] Resolved dependency: protobuf-java-4.26.1.jar
#12 14.80 [INFO] Resolved dependency: google-oauth-client-1.36.0.jar
#12 14.80 [INFO] Resolved dependency: jackson-core-2.18.3.jar
#12 14.80 [INFO] Resolved dependency: oci-java-sdk-common-httpclient-3.41.2.jar
#12 14.80 [INFO] Resolved dependency: proto-google-cloud-storage-v2-2.43.1-beta.jar
#12 14.80 [INFO] Resolved dependency: springdoc-openapi-starter-webmvc-api-2.8.8.jar
#12 14.80 [INFO] Resolved dependency: aspectjweaver-1.9.22.1.jar
#12 14.80 [INFO] Resolved dependency: spring-boot-actuator-3.4.5.jar
#12 14.81 [INFO] Resolved dependency: shared-resourcemapping-0.32.0.jar
#12 14.81 [INFO] Resolved dependency: spring-boot-autoconfigure-3.4.5.jar
#12 14.81 [INFO] Resolved dependency: gax-2.54.1.jar
#12 14.81 [INFO] Resolved dependency: objenesis-3.3.jar
#12 14.81 [INFO] Resolved dependency: spring-aspects-6.2.6.jar
#12 14.81 [INFO] Resolved dependency: grpc-api-1.68.0.jar
#12 14.81 [INFO] Resolved dependency: metrics-spi-2.25.26.jar
#12 14.81 [INFO] Resolved dependency: jackson-datatype-jdk8-2.18.3.jar
#12 14.81 [INFO] Resolved dependency: swagger-annotations-jakarta-2.2.30.jar
#12 14.81 [INFO] Resolved dependency: vavr-0.10.2.jar
#12 14.81 [INFO] Resolved dependency: profiles-2.25.26.jar
#12 14.81 [INFO] Resolved dependency: spring-boot-starter-logging-3.4.5.jar
#12 14.81 [INFO] Resolved dependency: google-http-client-jackson2-1.45.0.jar
#12 14.81 [INFO] Resolved dependency: opentelemetry-semconv-1.25.0-alpha.jar
#12 14.81 [INFO] Resolved dependency: spring-web-6.2.6.jar
#12 14.81 [INFO] Resolved dependency: byte-buddy-1.14.18.jar
#12 14.81 [INFO] Resolved dependency: libphonenumber-9.0.2.jar
#12 14.81 [INFO] Resolved dependency: jboss-logging-3.1.4.GA.jar
#12 14.81 [INFO] Resolved dependency: jakarta.persistence-api-3.1.0.jar
#12 14.81 [INFO] Resolved dependency: jboss-vfs-3.2.15.Final.jar
#12 14.81 [INFO] Resolved dependency: jakarta.activation-api-2.1.3.jar
#12 14.81 [INFO] Resolved dependency: micrometer-observation-1.14.6.jar
#12 14.81 [INFO] Resolved dependency: rgxgen-2.0.jar
#12 14.81 [INFO] Resolved dependency: grpc-inprocess-1.68.0.jar
#12 14.81 [INFO] Resolved dependency: jsonassert-1.5.3.jar
#12 14.81 [INFO] Resolved dependency: osdt_core-19.6.0.0.jar
#12 14.81 [INFO] Resolved dependency: http-client-spi-2.25.26.jar
#12 14.81 [INFO] Resolved dependency: spring-tx-6.2.6.jar
#12 14.81 [INFO] Resolved dependency: logback-core-1.5.18.jar
#12 14.81 [INFO] Resolved dependency: jakarta.validation-api-3.0.2.jar
#12 14.81 [INFO] Resolved dependency: mockito-core-5.14.2.jar
#12 14.81 [INFO] Resolved dependency: spring-security-oauth2-core-6.4.5.jar
#12 14.81 [INFO] Resolved dependency: junit-platform-commons-1.11.4.jar
#12 14.81 [INFO] Resolved dependency: spring-boot-starter-validation-3.4.5.jar
#12 14.81 [INFO] Resolved dependency: netty-nio-client-2.25.26.jar
#12 14.81 [INFO] Resolved dependency: junit-platform-engine-1.11.4.jar
#12 14.81 [INFO] Resolved dependency: mockito-junit-jupiter-5.14.2.jar
#12 14.81 [INFO] Resolved dependency: google-auth-library-oauth2-http-1.27.0.jar
#12 14.81 [INFO] Resolved dependency: proto-google-iam-v1-1.40.1.jar
#12 14.81 [INFO] Resolved dependency: jackson-datatype-jsr310-2.18.3.jar
#12 14.81 [INFO] Resolved dependency: guava-33.3.0-jre.jar
#12 14.81 [INFO] Resolved dependency: jackson-annotations-2.15.2.jar
#12 14.81 [INFO] Resolved dependency: jaxb-runtime-4.0.2.jar
#12 14.82 [INFO] Resolved dependency: awaitility-4.2.2.jar
#12 14.82 [INFO] Resolved dependency: grpc-util-1.68.0.jar
#12 14.82 [INFO] Resolved dependency: grpc-services-1.68.0.jar
#12 14.82 [INFO] Resolved dependency: jakarta.inject-api-2.0.1.jar
#12 14.82 [INFO] Resolved dependency: lombok-1.18.38.jar
#12 14.82 [INFO] Resolved dependency: spring-boot-starter-json-3.4.5.jar
#12 14.82 [INFO] Resolved dependency: exporter-metrics-0.31.0.jar
#12 14.82 [INFO] Resolved dependency: flyway-mysql-10.20.1.jar
#12 14.82 [INFO] Resolved dependency: jackson-databind-2.18.3.jar
#12 14.82 [INFO] Resolved dependency: log4j-api-2.17.1.jar
#12 14.82 [INFO] Resolved dependency: vavr-match-0.10.2.jar
#12 14.82 [INFO] Resolved dependency: springdoc-openapi-starter-common-2.8.8.jar
#12 14.82 [INFO] Resolved dependency: swagger-core-jakarta-2.2.30.jar
#12 14.82 [INFO] Resolved dependency: opencensus-api-0.31.1.jar
#12 14.82 [INFO] Resolved dependency: grpc-netty-shaded-1.68.0.jar
#12 14.82 [INFO] Resolved dependency: auth-2.25.26.jar
#12 14.82 [INFO] Resolved dependency: checksums-2.25.26.jar
#12 14.82 [INFO] Resolved dependency: micrometer-observation-1.14.5.jar
#12 14.82 [INFO] Resolved dependency: apiguardian-api-1.1.2.jar
#12 14.82 [INFO] Resolved dependency: LatencyUtils-2.0.3.jar
#12 14.82 [INFO] Resolved dependency: netty-buffer-4.1.108.Final.jar
#12 14.82 [INFO] Resolved dependency: google-api-services-storage-v1-rev20240819-2.0.0.jar
#12 14.82 [INFO] Resolved dependency: google-cloud-core-2.44.1.jar
#12 14.82 [INFO] Resolved dependency: re2j-1.7.jar
#12 14.82 [INFO] Resolved dependency: android-json-0.0.20131108.vaadin1.jar
#12 14.82 [INFO] Resolved dependency: spring-boot-3.4.5.jar
#12 14.82 [INFO] Resolved dependency: protobuf-java-util-3.25.5.jar
#12 14.82 [INFO] Resolved dependency: aws-json-protocol-2.20.93.jar
#12 14.83 [INFO] ------------------------------------------------------------------------
#12 14.83 [INFO] BUILD SUCCESS
#12 14.83 [INFO] ------------------------------------------------------------------------
#12 14.84 [INFO] Total time:  11.166 s
#12 14.84 [INFO] Finished at: 2026-05-04T16:52:20Z
#12 14.84 [INFO] ------------------------------------------------------------------------
#12 DONE 15.0s

#13 [package 1/3] WORKDIR /build
#13 DONE 0.1s

#14 [package 2/3] COPY ./src src/
#14 DONE 0.1s

#15 [package 3/3] RUN --mount=type=bind,source=pom.xml,target=pom.xml     --mount=type=cache,target=/root/.m2     ./mvnw package -DskipTests &&     mv target/$(./mvnw help:evaluate -Dexpression=project.artifactId -q -DforceStdout).war target/app.war
#15 3.729 [INFO] Scanning for projects...
#15 4.412 [INFO] 
#15 4.416 [INFO] -------------------< dev.nmarulo:despensa-rest-api >--------------------
#15 4.416 [INFO] Building Despensa-app rest-api 0.0.1
#15 4.416 [INFO]   from pom.xml
#15 4.416 [INFO] --------------------------------[ war ]---------------------------------
#15 6.012 [INFO] 
#15 6.012 [INFO] --- jacoco:0.8.12:prepare-agent (default) @ despensa-rest-api ---
#15 6.329 [INFO] argLine set to -javaagent:/root/.m2/repository/org/jacoco/org.jacoco.agent/0.8.12/org.jacoco.agent-0.8.12-runtime.jar=destfile=/build/target/jacoco.exec,excludes=**/dtos/**:**/exception/**:**/AppProperties.class:**/Product.class:**/ProductHasShoppingList.class:**/ProductHasShoppingListPK.class:**/ShoppingList.class:**/UnitType.class:**/User.class
#15 6.331 [INFO] 
#15 6.332 [INFO] --- resources:3.3.1:resources (default-resources) @ despensa-rest-api ---
#15 6.537 [INFO] Copying 21 resources from src/main/resources to target/classes
#15 6.653 [INFO] 
#15 6.653 [INFO] --- compiler:3.13.0:compile (default-compile) @ despensa-rest-api ---
#15 7.209 [INFO] Recompiling the module because of changed source code.
#15 7.252 [INFO] Compiling 102 source files with javac [debug parameters release 21] to target/classes
#15 19.47 [INFO] Annotation processing is enabled because one or more processors were found
#15 19.47   on the class path. A future release of javac may disable annotation processing
#15 19.47   unless at least one processor is specified by name (-processor), or a search
#15 19.47   path is specified (--processor-path, --processor-module-path), or annotation
#15 19.47   processing is enabled explicitly (-proc:only, -proc:full).
#15 19.47   Use -Xlint:-options to suppress this message.
#15 19.47   Use -proc:none to disable annotation processing.
#15 19.48 [INFO] 
#15 19.48 [INFO] --- resources:3.3.1:testResources (default-testResources) @ despensa-rest-api ---
#15 19.50 [INFO] skip non existing resourceDirectory /build/src/test/resources
#15 19.50 [INFO] 
#15 19.50 [INFO] --- compiler:3.13.0:testCompile (default-testCompile) @ despensa-rest-api ---
#15 19.55 [INFO] Recompiling the module because of changed dependency.
#15 19.55 [INFO] Compiling 9 source files with javac [debug parameters release 21] to target/test-classes
#15 21.90 [INFO] Annotation processing is enabled because one or more processors were found
#15 21.90   on the class path. A future release of javac may disable annotation processing
#15 21.90   unless at least one processor is specified by name (-processor), or a search
#15 21.90   path is specified (--processor-path, --processor-module-path), or annotation
#15 21.90   processing is enabled explicitly (-proc:only, -proc:full).
#15 21.90   Use -Xlint:-options to suppress this message.
#15 21.90   Use -proc:none to disable annotation processing.
#15 21.90 [INFO] 
#15 21.90 [INFO] --- surefire:3.5.3:test (default-test) @ despensa-rest-api ---
#15 22.40 [INFO] Tests are skipped.
#15 22.40 [INFO] 
#15 22.41 [INFO] --- jacoco:0.8.12:report (report) @ despensa-rest-api ---
#15 22.43 [INFO] Skipping JaCoCo execution due to missing execution data file.
#15 22.43 [INFO] 
#15 22.43 [INFO] --- war:3.4.0:war (default-war) @ despensa-rest-api ---
#15 23.57 [INFO] Packaging webapp
#15 23.58 [INFO] Assembling webapp [despensa-rest-api] in [/build/target/despensa-rest-api]
#15 23.60 [INFO] Processing war project
#15 24.64 [INFO] Building war: /build/target/despensa-rest-api.war
#15 26.51 [INFO] 
#15 26.51 [INFO] --- spring-boot:3.4.5:repackage (repackage) @ despensa-rest-api ---
#15 28.81 [INFO] Replacing main artifact /build/target/despensa-rest-api.war with repackaged archive, adding nested dependencies in BOOT-INF/.
#15 28.81 [INFO] The original artifact has been renamed to /build/target/despensa-rest-api.war.original
#15 28.81 [INFO] ------------------------------------------------------------------------
#15 28.82 [INFO] BUILD SUCCESS
#15 28.82 [INFO] ------------------------------------------------------------------------
#15 28.82 [INFO] Total time:  25.163 s
#15 28.82 [INFO] Finished at: 2026-05-04T16:52:49Z
#15 28.82 [INFO] ------------------------------------------------------------------------
#15 DONE 35.1s

#16 [extract 1/2] WORKDIR /build
#16 DONE 0.0s

#17 [extract 2/2] RUN java -Djarmode=layertools -jar target/app.war extract --destination target/extracted
#17 1.527 Warning: This command is deprecated. Use '-Djarmode=tools extract --layers --launcher' instead.
#17 1.527 
#17 DONE 2.4s

#18 [development 1/5] WORKDIR /build
#18 DONE 0.0s

#19 [development 2/5] RUN cp -r /build/target/extracted/dependencies/. ./
#19 DONE 0.6s

#20 [development 3/5] RUN cp -r /build/target/extracted/spring-boot-loader/. ./
#20 DONE 0.3s

#21 [development 4/5] RUN cp -r /build/target/extracted/snapshot-dependencies/. ./
#21 DONE 0.3s

#22 [development 5/5] RUN cp -r /build/target/extracted/application/. ./
#22 DONE 0.3s

#23 exporting to image
#23 exporting layers
#23 exporting layers 1.1s done
#23 writing image sha256:f469a4258756920495041434cc01e76520c00395baebe47fea51b6200aaf1a36 done
#23 naming to docker.io/library/despensa-app-despensa-rest-api-despensa-rest-api done
#23 DONE 1.2s

#24 resolving provenance for metadata file
#24 DONE 0.1s
 Image despensa-app-despensa-rest-api-despensa-rest-api Built 
 Network despensa-app-despensa-rest-api_default Creating 
 Network despensa-app-despensa-rest-api_default Created 
 Volume despensa-app-despensa-rest-api_despensa-app-mysql-data Creating 
 Volume despensa-app-despensa-rest-api_despensa-app-mysql-data Created 
 Container despensa-app-despensa-rest-api-despensa-app-mysql-1 Creating 
 Container despensa-app-despensa-rest-api-despensa-app-mysql-1 Created 
 Container despensa-app-despensa-rest-api-despensa-rest-api-1 Creating 
 Container despensa-app-despensa-rest-api-despensa-rest-api-1 Created 
 Container despensa-app-despensa-rest-api-despensa-app-mysql-1 Starting 
 Container despensa-app-despensa-rest-api-despensa-app-mysql-1 Started 
 Container despensa-app-despensa-rest-api-despensa-app-mysql-1 Waiting 
 Container despensa-app-despensa-rest-api-despensa-app-mysql-1 Healthy 
 Container despensa-app-despensa-rest-api-despensa-rest-api-1 Starting 
 Container despensa-app-despensa-rest-api-despensa-rest-api-1 Started 
 Container despensa-app-despensa-rest-api-despensa-rest-api-1 Waiting 
 Container despensa-app-despensa-rest-api-despensa-app-mysql-1 Waiting 
 Container despensa-app-despensa-rest-api-despensa-app-mysql-1 Healthy 
 Container despensa-app-despensa-rest-api-despensa-rest-api-1 Healthy 

[0;34m== Setup — register fresh user, login, capture JWT + user id ==[0m
[0;31mFAIL[0m POST /auth/register                                          [2m[got 000000, want 200][0m
curl: (56) Recv failure: Connection reset by peer
Traceback (most recent call last):
  File "<string>", line 1, in <module>
    import sys,json;print(json.load(sys.stdin).get("accessToken",""))
                          ~~~~~~~~~^^^^^^^^^^^
  File "/usr/local/Cellar/python@3.14/3.14.3_1/Frameworks/Python.framework/Versions/3.14/lib/python3.14/json/__init__.py", line 298, in load
    return loads(fp.read(),
        cls=cls, object_hook=object_hook,
        parse_float=parse_float, parse_int=parse_int,
        parse_constant=parse_constant, object_pairs_hook=object_pairs_hook, **kw)
  File "/usr/local/Cellar/python@3.14/3.14.3_1/Frameworks/Python.framework/Versions/3.14/lib/python3.14/json/__init__.py", line 352, in loads
    return _default_decoder.decode(s)
           ~~~~~~~~~~~~~~~~~~~~~~~^^^
  File "/usr/local/Cellar/python@3.14/3.14.3_1/Frameworks/Python.framework/Versions/3.14/lib/python3.14/json/decoder.py", line 345, in decode
    obj, end = self.raw_decode(s, idx=_w(s, 0).end())
               ~~~~~~~~~~~~~~~^^^^^^^^^^^^^^^^^^^^^^^
  File "/usr/local/Cellar/python@3.14/3.14.3_1/Frameworks/Python.framework/Versions/3.14/lib/python3.14/json/decoder.py", line 363, in raw_decode
    raise JSONDecodeError("Expecting value", s, err.value) from None
json.decoder.JSONDecodeError: Expecting value: line 2 column 1 (char 1)
Traceback (most recent call last):
  File "<string>", line 1, in <module>
    import sys,json;print(json.load(sys.stdin).get("user",{}).get("id",""))
                          ~~~~~~~~~^^^^^^^^^^^
  File "/usr/local/Cellar/python@3.14/3.14.3_1/Frameworks/Python.framework/Versions/3.14/lib/python3.14/json/__init__.py", line 298, in load
    return loads(fp.read(),
        cls=cls, object_hook=object_hook,
        parse_float=parse_float, parse_int=parse_int,
        parse_constant=parse_constant, object_pairs_hook=object_pairs_hook, **kw)
  File "/usr/local/Cellar/python@3.14/3.14.3_1/Frameworks/Python.framework/Versions/3.14/lib/python3.14/json/__init__.py", line 352, in loads
    return _default_decoder.decode(s)
           ~~~~~~~~~~~~~~~~~~~~~~~^^^
  File "/usr/local/Cellar/python@3.14/3.14.3_1/Frameworks/Python.framework/Versions/3.14/lib/python3.14/json/decoder.py", line 345, in decode
    obj, end = self.raw_decode(s, idx=_w(s, 0).end())
               ~~~~~~~~~~~~~~~^^^^^^^^^^^^^^^^^^^^^^^
  File "/usr/local/Cellar/python@3.14/3.14.3_1/Frameworks/Python.framework/Versions/3.14/lib/python3.14/json/decoder.py", line 363, in raw_decode
    raise JSONDecodeError("Expecting value", s, err.value) from None
json.decoder.JSONDecodeError: Expecting value: line 2 column 1 (char 1)
[0;31mERROR: login parse failed[0m
