[INFO] Scanning for projects...
[INFO] ------------------------------------------------------------------------
[INFO] Reactor Build Order:
[INFO] 
[INFO] polybot                                                            [pom]
[INFO] polybot-core                                                       [jar]
[INFO] executor-service                                                   [jar]
[INFO] strategy-service                                                   [jar]
[INFO] analytics-service                                                  [jar]
[INFO] ingestor-service                                                   [jar]
[INFO] infrastructure-orchestrator-service                                [jar]
[INFO] 
[INFO] ------------------------< com.polybot:polybot >-------------------------
[INFO] Building polybot 0.0.1-SNAPSHOT                                    [1/7]
[INFO]   from pom.xml
[INFO] --------------------------------[ pom ]---------------------------------
[INFO] 
[INFO] --- spring-boot:3.3.1:repackage (repackage) @ polybot ---
[INFO] 
[INFO] --- install:3.1.2:install (default-install) @ polybot ---
[INFO] Installing /project/pom.xml to /root/.m2/repository/com/polybot/polybot/0.0.1-SNAPSHOT/polybot-0.0.1-SNAPSHOT.pom
[INFO] 
[INFO] ----------------------< com.polybot:polybot-core >----------------------
[INFO] Building polybot-core 0.0.1-SNAPSHOT                               [2/7]
[INFO]   from polybot-core/pom.xml
[INFO] --------------------------------[ jar ]---------------------------------
[INFO] 
[INFO] --- resources:3.3.1:resources (default-resources) @ polybot-core ---
[INFO] Copying 0 resource from src/main/resources to target/classes
[INFO] Copying 1 resource from src/main/resources to target/classes
[INFO] 
[INFO] --- compiler:3.13.0:compile (default-compile) @ polybot-core ---
[INFO] Recompiling the module because of changed source code.
[INFO] Compiling 52 source files with javac [debug parameters release 21] to target/classes
[INFO] 
[INFO] --- resources:3.3.1:testResources (default-testResources) @ polybot-core ---
[INFO] Not copying test resources
[INFO] 
[INFO] --- compiler:3.13.0:testCompile (default-testCompile) @ polybot-core ---
[INFO] Not compiling test sources
[INFO] 
[INFO] --- surefire:3.2.5:test (default-test) @ polybot-core ---
[INFO] Tests are skipped.
[INFO] 
[INFO] --- jar:3.4.2:jar (default-jar) @ polybot-core ---
[INFO] Building jar: /project/polybot-core/target/polybot-core-0.0.1-SNAPSHOT.jar
[INFO] 
[INFO] --- spring-boot:3.3.1:repackage (repackage) @ polybot-core ---
[INFO] 
[INFO] --- install:3.1.2:install (default-install) @ polybot-core ---
[INFO] Installing /project/polybot-core/pom.xml to /root/.m2/repository/com/polybot/polybot-core/0.0.1-SNAPSHOT/polybot-core-0.0.1-SNAPSHOT.pom
[INFO] Installing /project/polybot-core/target/polybot-core-0.0.1-SNAPSHOT.jar to /root/.m2/repository/com/polybot/polybot-core/0.0.1-SNAPSHOT/polybot-core-0.0.1-SNAPSHOT.jar
[INFO] 
[INFO] --------------------< com.polybot:executor-service >--------------------
[INFO] Building executor-service 0.0.1-SNAPSHOT                           [3/7]
[INFO]   from executor-service/pom.xml
[INFO] --------------------------------[ jar ]---------------------------------
[INFO] 
[INFO] --- resources:3.3.1:resources (default-resources) @ executor-service ---
[INFO] Copying 2 resources from src/main/resources to target/classes
[INFO] Copying 0 resource from src/main/resources to target/classes
[INFO] 
[INFO] --- compiler:3.13.0:compile (default-compile) @ executor-service ---
[INFO] Recompiling the module because of changed dependency.
[INFO] Compiling 26 source files with javac [debug parameters release 21] to target/classes
[INFO] -------------------------------------------------------------
[ERROR] COMPILATION ERROR : 
[INFO] -------------------------------------------------------------
[ERROR] /project/executor-service/src/main/java/com/polybot/hft/executor/web/LiveTradingGuardFilter.java:[11,33] package org.jetbrains.annotations does not exist
[ERROR] /project/executor-service/src/main/java/com/polybot/hft/executor/web/LiveTradingGuardFilter.java:[42,36] cannot find symbol
  symbol:   class NotNull
  location: class com.polybot.hft.executor.web.LiveTradingGuardFilter
[ERROR] /project/executor-service/src/main/java/com/polybot/hft/executor/web/LiveTradingGuardFilter.java:[42,73] cannot find symbol
  symbol:   class NotNull
  location: class com.polybot.hft.executor.web.LiveTradingGuardFilter
[ERROR] /project/executor-service/src/main/java/com/polybot/hft/executor/web/LiveTradingGuardFilter.java:[42,112] cannot find symbol
  symbol:   class NotNull
  location: class com.polybot.hft.executor.web.LiveTradingGuardFilter
[INFO] 4 errors 
[INFO] -------------------------------------------------------------
[INFO] ------------------------------------------------------------------------
[INFO] Reactor Summary for polybot 0.0.1-SNAPSHOT:
[INFO] 
[INFO] polybot ............................................ SUCCESS [  0.895 s]
[INFO] polybot-core ....................................... SUCCESS [  7.647 s]
[INFO] executor-service ................................... FAILURE [  1.622 s]
[INFO] strategy-service ................................... SKIPPED
[INFO] analytics-service .................................. SKIPPED
[INFO] ingestor-service ................................... SKIPPED
[INFO] infrastructure-orchestrator-service ................ SKIPPED
[INFO] ------------------------------------------------------------------------
[INFO] BUILD FAILURE
[INFO] ------------------------------------------------------------------------
[INFO] Total time:  10.841 s
[INFO] Finished at: 2026-09-21T20:23:41Z
[INFO] ------------------------------------------------------------------------
[ERROR] Failed to execute goal org.apache.maven.plugins:maven-compiler-plugin:3.13.0:compile (default-compile) on project executor-service: Compilation failure: Compilation failure: 
[ERROR] /project/executor-service/src/main/java/com/polybot/hft/executor/web/LiveTradingGuardFilter.java:[11,33] package org.jetbrains.annotations does not exist
[ERROR] /project/executor-service/src/main/java/com/polybot/hft/executor/web/LiveTradingGuardFilter.java:[42,36] cannot find symbol
[ERROR]   symbol:   class NotNull
[ERROR]   location: class com.polybot.hft.executor.web.LiveTradingGuardFilter
[ERROR] /project/executor-service/src/main/java/com/polybot/hft/executor/web/LiveTradingGuardFilter.java:[42,73] cannot find symbol
[ERROR]   symbol:   class NotNull
[ERROR]   location: class com.polybot.hft.executor.web.LiveTradingGuardFilter
[ERROR] /project/executor-service/src/main/java/com/polybot/hft/executor/web/LiveTradingGuardFilter.java:[42,112] cannot find symbol
[ERROR]   symbol:   class NotNull
[ERROR]   location: class com.polybot.hft.executor.web.LiveTradingGuardFilter
[ERROR] -> [Help 1]
[ERROR] 
[ERROR] To see the full stack trace of the errors, re-run Maven with the -e switch.
[ERROR] Re-run Maven using the -X switch to enable full debug logging.
[ERROR] 
[ERROR] For more information about the errors and possible solutions, please read the following articles:
[ERROR] [Help 1] http://cwiki.apache.org/confluence/display/MAVEN/MojoFailureException
[ERROR] 
[ERROR] After correcting the problems, you can resume the build with the command
[ERROR]   mvn <args> -rf :executor-service
