Unable to find image 'ghcr.io/graalvm/graalvm-community:21-ol9' locally
21-ol9: Pulling from graalvm/graalvm-community
2eb32e254df9: Pulling fs layer
821a62b4cc8c: Pulling fs layer
b1b6d66002d7: Pulling fs layer
dee01bd0a980: Pulling fs layer
b137a4530d99: Pulling fs layer
2e998fdb517f: Pulling fs layer
821a62b4cc8c: Download complete
2e998fdb517f: Download complete
2eb32e254df9: Download complete
dee01bd0a980: Download complete
dee01bd0a980: Pull complete
b137a4530d99: Download complete
b137a4530d99: Pull complete
821a62b4cc8c: Pull complete
2e998fdb517f: Pull complete
2eb32e254df9: Pull complete
b1b6d66002d7: Download complete
b1b6d66002d7: Pull complete
Digest: sha256:6e46c711c90bdbc24e23ccdb6e3fba837d660e68dd4ffeb87abbd3d08e115653
Status: Downloaded newer image for ghcr.io/graalvm/graalvm-community:21-ol9
Downloading metadata...
Downloading metadata...
Package                                             Repository            Size
Installing:                                                                   
 emacs-filesystem-1:27.2-18.el9.noarch              ol9_appstream       8.3 kB
 git-2.47.3-1.el9_6.x86_64                          ol9_appstream      66.9 kB
 git-core-2.47.3-1.el9_6.x86_64                     ol9_appstream       5.0 MB
 git-core-doc-2.47.3-1.el9_6.noarch                 ol9_appstream       4.3 MB
 groff-base-1.22.4-10.el9.x86_64                    ol9_baseos_latest   1.3 MB
 libcbor-0.7.0-5.el9.x86_64                         ol9_baseos_latest  58.2 kB
 libedit-3.1-38.20210216cvs.el9.x86_64              ol9_baseos_latest 111.2 kB
 libfido2-1.13.0-2.el9.x86_64                       ol9_baseos_latest 104.0 kB
 ncurses-6.2-10.20210508.el9.x86_64                 ol9_baseos_latest 436.3 kB
 openssh-8.7p1-49.0.1.el9_7.x86_64                  ol9_baseos_latest 492.0 kB
 openssh-clients-8.7p1-49.0.1.el9_7.x86_64          ol9_baseos_latest 748.0 kB
 openssl-fips-provider-3.0.7-8.0.1.el9.x86_64       ol9_baseos_latest   8.5 kB
 openssl-fips-provider-so-3.0.7-8.0.1.el9.x86_64    ol9_baseos_latest 588.9 kB
 perl-AutoLoader-5.74-481.1.el9_6.noarch            ol9_appstream      20.2 kB
 perl-B-1.80-481.1.el9_6.x86_64                     ol9_appstream     199.9 kB
 perl-Carp-1.50-460.el9.noarch                      ol9_appstream      35.1 kB
 perl-Class-Struct-0.66-481.1.el9_6.noarch          ol9_appstream      21.0 kB
 perl-Data-Dumper-2.174-462.el9.x86_64              ol9_appstream      61.8 kB
 perl-Digest-1.19-4.el9.noarch                      ol9_appstream      35.7 kB
 perl-Digest-MD5-2.58-4.el9.x86_64                  ol9_appstream      42.2 kB
 perl-DynaLoader-1.47-481.1.el9_6.x86_64            ol9_appstream      24.7 kB
 perl-Encode-4:3.08-462.el9.x86_64                  ol9_appstream       1.8 MB
 perl-Errno-1.30-481.1.el9_6.x86_64                 ol9_appstream      13.6 kB
 perl-Error-1:0.17029-7.el9.noarch                  ol9_appstream      58.1 kB
 perl-Exporter-5.74-461.el9.noarch                  ol9_appstream      38.4 kB
 perl-Fcntl-1.13-481.1.el9_6.x86_64                 ol9_appstream      19.2 kB
 perl-File-Basename-2.85-481.1.el9_6.noarch         ol9_appstream      16.0 kB
 perl-File-Find-1.37-481.1.el9_6.noarch             ol9_appstream      24.4 kB
 perl-File-Path-2.18-4.el9.noarch                   ol9_appstream      37.0 kB
 perl-File-Temp-1:0.231.100-4.el9.noarch            ol9_appstream      68.4 kB
 perl-File-stat-1.09-481.1.el9_6.noarch             ol9_appstream      15.9 kB
 perl-FileHandle-2.03-481.1.el9_6.noarch            ol9_appstream      14.3 kB
 perl-Getopt-Long-1:2.52-4.el9.noarch               ol9_appstream      72.9 kB
 perl-Getopt-Std-1.12-481.1.el9_6.noarch            ol9_appstream      14.4 kB
 perl-Git-2.47.3-1.el9_6.noarch                     ol9_appstream      43.3 kB
 perl-HTTP-Tiny-0.076-462.el9.noarch                ol9_appstream      64.6 kB
 perl-IO-1.43-481.1.el9_6.x86_64                    ol9_appstream     111.4 kB
 perl-IO-Socket-IP-0.41-5.el9.noarch                ol9_appstream      50.4 kB
 perl-IO-Socket-SSL-2.073-2.el9.noarch              ol9_appstream     239.6 kB
 perl-IPC-Open3-1.21-481.1.el9_6.noarch             ol9_appstream      26.6 kB
 perl-MIME-Base64-3.16-4.el9.x86_64                 ol9_appstream      38.6 kB
 perl-Mozilla-CA-20200520-6.el9.noarch              ol9_appstream      13.3 kB
 perl-NDBM_File-1.15-481.1.el9_6.x86_64             ol9_appstream      20.9 kB
 perl-Net-SSLeay-1.94-3.el9.x86_64                  ol9_appstream     516.4 kB
 perl-POSIX-1.94-481.1.el9_6.x86_64                 ol9_appstream     101.6 kB
 perl-PathTools-3.78-461.el9.x86_64                 ol9_appstream     110.4 kB
 perl-Pod-Escapes-1:1.07-460.el9.noarch             ol9_appstream      21.1 kB
 perl-Pod-Perldoc-3.28.01-461.el9.noarch            ol9_appstream     118.6 kB
 perl-Pod-Simple-1:3.42-4.el9.noarch                ol9_appstream     278.8 kB
 perl-Pod-Usage-4:2.01-4.el9.noarch                 ol9_appstream      48.9 kB
 perl-Scalar-List-Utils-4:1.56-462.el9.x86_64       ol9_appstream      83.3 kB
 perl-SelectSaver-1.02-481.1.el9_6.noarch           ol9_appstream      10.4 kB
 perl-Socket-4:2.031-4.el9.x86_64                   ol9_appstream      63.5 kB
 perl-Storable-1:3.21-460.el9.x86_64                ol9_appstream     102.6 kB
 perl-Symbol-1.08-481.1.el9_6.noarch                ol9_appstream      12.9 kB
 perl-Term-ANSIColor-5.01-461.el9.noarch            ol9_appstream      55.6 kB
 perl-Term-Cap-1.17-460.el9.noarch                  ol9_appstream      27.8 kB
 perl-TermReadKey-2.38-11.el9.x86_64                ol9_appstream      43.3 kB
 perl-Text-ParseWords-3.30-460.el9.noarch           ol9_appstream      17.2 kB
 perl-Text-Tabs+Wrap-2013.0523-460.el9.noarch       ol9_appstream      29.8 kB
 perl-Time-Local-2:1.300-7.el9.noarch               ol9_appstream      41.9 kB
 perl-URI-5.09-3.el9.noarch                         ol9_appstream     183.8 kB
 perl-base-2.27-481.1.el9_6.noarch                  ol9_appstream      15.0 kB
 perl-constant-1.33-461.el9.noarch                  ol9_appstream      28.9 kB
 perl-if-0.60.800-481.1.el9_6.noarch                ol9_appstream      12.7 kB
 perl-interpreter-4:5.32.1-481.1.el9_6.x86_64       ol9_appstream      77.8 kB
 perl-lib-0.65-481.1.el9_6.x86_64                   ol9_appstream      13.6 kB
 perl-libnet-3.13-4.el9.noarch                      ol9_appstream     161.1 kB
 perl-libs-4:5.32.1-481.1.el9_6.x86_64              ol9_appstream       2.8 MB
 perl-mro-1.23-481.1.el9_6.x86_64                   ol9_appstream      27.2 kB
 perl-overload-1.31-481.1.el9_6.noarch              ol9_appstream      45.0 kB
 perl-overloading-0.02-481.1.el9_6.noarch           ol9_appstream      11.6 kB
 perl-parent-1:0.238-460.el9.noarch                 ol9_appstream      15.3 kB
 perl-podlators-1:4.14-460.el9.noarch               ol9_appstream     138.6 kB
 perl-subs-1.03-481.1.el9_6.noarch                  ol9_appstream      10.3 kB
 perl-vars-1.05-481.1.el9_6.noarch                  ol9_appstream      11.7 kB
Upgrading:                                                                    
 curl-7.76.1-35.el9_7.3.x86_64                      ol9_baseos_latest 310.0 kB
  replacing curl-7.76.1-26.el9_3.2.x86_64                                     
 libcurl-7.76.1-35.el9_7.3.x86_64                   ol9_baseos_latest 289.2 kB
  replacing libcurl-7.76.1-26.el9_3.2.x86_64                                  
 libcurl-devel-7.76.1-35.el9_7.3.x86_64             ol9_appstream       1.5 MB
  replacing libcurl-devel-7.76.1-26.el9_3.2.x86_64                            
 openssl-1:3.5.1-7.0.1.el9_7.x86_64                 ol9_baseos_latest   1.7 MB
  replacing openssl-1:3.0.7-24.0.1.el9.x86_64                                 
 openssl-devel-1:3.5.1-7.0.1.el9_7.x86_64           ol9_appstream       4.4 MB
  replacing openssl-devel-1:3.0.7-24.0.1.el9.x86_64                           
 openssl-libs-1:3.5.1-7.0.1.el9_7.x86_64            ol9_baseos_latest   2.4 MB
  replacing openssl-libs-1:3.0.7-24.0.1.el9.x86_64                            
 tar-2:1.34-9.el9_7.x86_64                          ol9_baseos_latest 949.0 kB
   replacing tar-2:1.34-6.el9_1.x86_64                                        
Transaction Summary:
 Installing:       76 packages
 Reinstalling:      0 packages
 Upgrading:         7 packages
 Obsoleting:        0 packages
 Removing:          0 packages
 Downgrading:       0 packages
Downloading packages...
Running transaction test...
Installing: emacs-filesystem;1:27.2-18.el9;noarch;ol9_appstream
Installing: openssl-fips-provider-so;3.0.7-8.0.1.el9;x86_64;ol9_baseos_latest
Installing: openssl-fips-provider;3.0.7-8.0.1.el9;x86_64;ol9_baseos_latest
Updating: openssl-libs;1:3.5.1-7.0.1.el9_7;x86_64;ol9_baseos_latest
Updating: libcurl;7.76.1-35.el9_7.3;x86_64;ol9_baseos_latest
Installing: openssh;8.7p1-49.0.1.el9_7;x86_64;ol9_baseos_latest
Installing: ncurses;6.2-10.20210508.el9;x86_64;ol9_baseos_latest
Installing: libedit;3.1-38.20210216cvs.el9;x86_64;ol9_baseos_latest
Installing: libcbor;0.7.0-5.el9;x86_64;ol9_baseos_latest
Installing: libfido2;1.13.0-2.el9;x86_64;ol9_baseos_latest
Installing: openssh-clients;8.7p1-49.0.1.el9_7;x86_64;ol9_baseos_latest
Installing: git-core;2.47.3-1.el9_6;x86_64;ol9_appstream
Installing: git-core-doc;2.47.3-1.el9_6;noarch;ol9_appstream
Installing: groff-base;1.22.4-10.el9;x86_64;ol9_baseos_latest
Installing: perl-Digest;1.19-4.el9;noarch;ol9_appstream
Installing: perl-Digest-MD5;2.58-4.el9;x86_64;ol9_appstream
Installing: perl-B;1.80-481.1.el9_6;x86_64;ol9_appstream
Installing: perl-FileHandle;2.03-481.1.el9_6;noarch;ol9_appstream
Installing: perl-Data-Dumper;2.174-462.el9;x86_64;ol9_appstream
Installing: perl-libnet;3.13-4.el9;noarch;ol9_appstream
Installing: perl-AutoLoader;5.74-481.1.el9_6;noarch;ol9_appstream
Installing: perl-base;2.27-481.1.el9_6;noarch;ol9_appstream
Installing: perl-URI;5.09-3.el9;noarch;ol9_appstream
Installing: perl-Mozilla-CA;20200520-6.el9;noarch;ol9_appstream
Installing: perl-if;0.60.800-481.1.el9_6;noarch;ol9_appstream
Installing: perl-IO-Socket-IP;0.41-5.el9;noarch;ol9_appstream
Installing: perl-Time-Local;2:1.300-7.el9;noarch;ol9_appstream
Installing: perl-File-Path;2.18-4.el9;noarch;ol9_appstream
Installing: perl-IO-Socket-SSL;2.073-2.el9;noarch;ol9_appstream
Installing: perl-Net-SSLeay;1.94-3.el9;x86_64;ol9_appstream
Installing: perl-Pod-Escapes;1:1.07-460.el9;noarch;ol9_appstream
Installing: perl-Text-Tabs+Wrap;2013.0523-460.el9;noarch;ol9_appstream
Installing: perl-Class-Struct;0.66-481.1.el9_6;noarch;ol9_appstream
Installing: perl-POSIX;1.94-481.1.el9_6;x86_64;ol9_appstream
Installing: perl-Term-ANSIColor;5.01-461.el9;noarch;ol9_appstream
Installing: perl-IPC-Open3;1.21-481.1.el9_6;noarch;ol9_appstream
Installing: perl-subs;1.03-481.1.el9_6;noarch;ol9_appstream
Installing: perl-File-Temp;1:0.231.100-4.el9;noarch;ol9_appstream
Installing: perl-HTTP-Tiny;0.076-462.el9;noarch;ol9_appstream
Installing: perl-Term-Cap;1.17-460.el9;noarch;ol9_appstream
Installing: perl-Pod-Simple;1:3.42-4.el9;noarch;ol9_appstream
Installing: perl-Socket;4:2.031-4.el9;x86_64;ol9_appstream
Installing: perl-SelectSaver;1.02-481.1.el9_6;noarch;ol9_appstream
Installing: perl-Symbol;1.08-481.1.el9_6;noarch;ol9_appstream
Installing: perl-File-stat;1.09-481.1.el9_6;noarch;ol9_appstream
Installing: perl-podlators;1:4.14-460.el9;noarch;ol9_appstream
Installing: perl-Pod-Perldoc;3.28.01-461.el9;noarch;ol9_appstream
Installing: perl-Fcntl;1.13-481.1.el9_6;x86_64;ol9_appstream
Installing: perl-Text-ParseWords;3.30-460.el9;noarch;ol9_appstream
Installing: perl-mro;1.23-481.1.el9_6;x86_64;ol9_appstream
Installing: perl-IO;1.43-481.1.el9_6;x86_64;ol9_appstream
Installing: perl-overloading;0.02-481.1.el9_6;noarch;ol9_appstream
Installing: perl-Pod-Usage;4:2.01-4.el9;noarch;ol9_appstream
Installing: perl-Errno;1.30-481.1.el9_6;x86_64;ol9_appstream
Installing: perl-File-Basename;2.85-481.1.el9_6;noarch;ol9_appstream
Installing: perl-Getopt-Std;1.12-481.1.el9_6;noarch;ol9_appstream
Installing: perl-MIME-Base64;3.16-4.el9;x86_64;ol9_appstream
Installing: perl-Scalar-List-Utils;4:1.56-462.el9;x86_64;ol9_appstream
Installing: perl-constant;1.33-461.el9;noarch;ol9_appstream
Installing: perl-Storable;1:3.21-460.el9;x86_64;ol9_appstream
Installing: perl-overload;1.31-481.1.el9_6;noarch;ol9_appstream
Installing: perl-parent;1:0.238-460.el9;noarch;ol9_appstream
Installing: perl-vars;1.05-481.1.el9_6;noarch;ol9_appstream
Installing: perl-Getopt-Long;1:2.52-4.el9;noarch;ol9_appstream
Installing: perl-Carp;1.50-460.el9;noarch;ol9_appstream
Installing: perl-Exporter;5.74-461.el9;noarch;ol9_appstream
Installing: perl-NDBM_File;1.15-481.1.el9_6;x86_64;ol9_appstream
Installing: perl-PathTools;3.78-461.el9;x86_64;ol9_appstream
Installing: perl-Encode;4:3.08-462.el9;x86_64;ol9_appstream
Installing: perl-libs;4:5.32.1-481.1.el9_6;x86_64;ol9_appstream
Installing: perl-interpreter;4:5.32.1-481.1.el9_6;x86_64;ol9_appstream
Installing: perl-DynaLoader;1.47-481.1.el9_6;x86_64;ol9_appstream
Installing: perl-TermReadKey;2.38-11.el9;x86_64;ol9_appstream
Installing: perl-Error;1:0.17029-7.el9;noarch;ol9_appstream
Installing: perl-File-Find;1.37-481.1.el9_6;noarch;ol9_appstream
Installing: perl-lib;0.65-481.1.el9_6;x86_64;ol9_appstream
Installing: perl-Git;2.47.3-1.el9_6;noarch;ol9_appstream
Installing: git;2.47.3-1.el9_6;x86_64;ol9_appstream
Updating: curl;7.76.1-35.el9_7.3;x86_64;ol9_baseos_latest
Updating: libcurl-devel;7.76.1-35.el9_7.3;x86_64;ol9_appstream
Updating: openssl;1:3.5.1-7.0.1.el9_7;x86_64;ol9_baseos_latest
Updating: openssl-devel;1:3.5.1-7.0.1.el9_7;x86_64;ol9_appstream
Updating: tar;2:1.34-9.el9_7;x86_64;ol9_baseos_latest
Cleanup: openssl;1:3.0.7-24.0.1.el9;x86_64;installed
Cleanup: openssl-devel;1:3.0.7-24.0.1.el9;x86_64;installed
Cleanup: libcurl-devel;7.76.1-26.el9_3.2;x86_64;installed
Cleanup: curl;7.76.1-26.el9_3.2;x86_64;installed
Cleanup: libcurl;7.76.1-26.el9_3.2;x86_64;installed
Cleanup: openssl-libs;1:3.0.7-24.0.1.el9;x86_64;installed
Cleanup: tar;2:1.34-6.el9_1;x86_64;installed
Complete.
[INFO] Downloading from central: https://repo.maven.apache.org/maven2/org/apache/maven/resolver/maven-resolver-api/1.9.22/maven-resolver-api-1.9.22.pom
[INFO] Downloaded from central: https://repo.maven.apache.org/maven2/org/apache/maven/resolver/maven-resolver-api/1.9.22/maven-resolver-api-1.9.22.pom (2.2 kB at 111 kB/s)
[INFO] Downloading from central: https://repo.maven.apache.org/maven2/org/codehaus/plexus/plexus-xml/3.0.1/plexus-xml-3.0.1.pom
[INFO] Downloaded from central: https://repo.maven.apache.org/maven2/org/codehaus/plexus/plexus-xml/3.0.1/plexus-xml-3.0.1.pom (3.7 kB at 161 kB/s)
[INFO] Downloading from central: https://repo.maven.apache.org/maven2/org/codehaus/plexus/plexus/18/plexus-18.pom
[INFO] Downloaded from central: https://repo.maven.apache.org/maven2/org/codehaus/plexus/plexus/18/plexus-18.pom (29 kB at 1.5 MB/s)
[INFO] Downloading from central: https://repo.maven.apache.org/maven2/org/apache/maven/resolver/maven-resolver-util/1.9.22/maven-resolver-util-1.9.22.jar
[INFO] Downloaded from central: https://repo.maven.apache.org/maven2/org/apache/maven/resolver/maven-resolver-util/1.9.22/maven-resolver-util-1.9.22.jar (196 kB at 3.6 MB/s)
[INFO] Downloading from central: https://repo.maven.apache.org/maven2/org/codehaus/plexus/plexus-xml/3.0.1/plexus-xml-3.0.1.jar
[INFO] Downloading from central: https://repo.maven.apache.org/maven2/org/apache/maven/resolver/maven-resolver-api/1.9.22/maven-resolver-api-1.9.22.jar
[INFO] Downloaded from central: https://repo.maven.apache.org/maven2/org/codehaus/plexus/plexus-xml/3.0.1/plexus-xml-3.0.1.jar (94 kB at 755 kB/s)
[INFO] Downloaded from central: https://repo.maven.apache.org/maven2/org/apache/maven/resolver/maven-resolver-api/1.9.22/maven-resolver-api-1.9.22.jar (157 kB at 1.1 MB/s)
[INFO] Installing /project/pom.xml to /root/.m2/repository/org/cardanofoundation/tools/cf-adahandle-resolver/0.1.4/cf-adahandle-resolver-0.1.4.pom
[INFO] Installing /project/target/cf-adahandle-resolver-0.1.4.jar to /root/.m2/repository/org/cardanofoundation/tools/cf-adahandle-resolver/0.1.4/cf-adahandle-resolver-0.1.4.jar
[INFO] ------------------------------------------------------------------------
[INFO] BUILD SUCCESS
[INFO] ------------------------------------------------------------------------
[INFO] Total time:  01:12 min
[INFO] Finished at: 2026-05-22T02:07:17Z
[INFO] ------------------------------------------------------------------------
2026-05-22T02:16:28.119Z  INFO 268 --- [           main] c.b.c.y.store.core.service.InitService   : Trying to find shelley start block info from properties
2026-05-22T02:16:28.122Z  INFO 268 --- [           main] c.b.c.y.store.core.service.InitService   : Shelley start point is set to : CardanoEra(era=Shelley, startSlot=4492800, block=4490511, blockHash=aa83acbf5904c0edfe4d79b3689d3d00fcfc553cf360fd2229b98d464c28e9de)
2026-05-22T02:16:28.260Z  INFO 268 --- [           main] c.b.c.y.store.core.service.StartService  : Application is ready. Let's start the sync process ...
2026-05-22T02:16:28.368Z  INFO 268 --- [           main] c.b.c.y.s.c.service.CursorServiceImpl    : No cursor found.
2026-05-22T02:16:28.528Z  INFO 268 --- [           main] c.b.c.y.store.core.service.StartService  : From >> [slot=47931310, hash='89f93419845d5f6ce8040fd5eeedda93d764c8569f7c2cc6802a8429a0da877b']
2026-05-22T02:16:28.529Z  INFO 268 --- [           main] c.b.c.y.store.core.service.StartService  : TO >> [slot=187849890, hash='6b6789385683c077ddb5d15fb2867c61cf68911feed8e1b1dee3e8e22860b518']
2026-05-22T02:16:28.531Z  INFO 268 --- [           main] c.b.c.y.store.core.service.StartService  : Publishing rollback event to clean data after restart >>> RollbackEvent(rollbackTo=[slot=47931310, hash='89f93419845d5f6ce8040fd5eeedda93d764c8569f7c2cc6802a8429a0da877b'], currentPoint=[slot=187849890, hash='6b6789385683c077ddb5d15fb2867c61cf68911feed8e1b1dee3e8e22860b518'], currentBlock=13449178, remotePublish=false)
2026-05-22T02:16:28.678Z  INFO 268 --- [           main] c.b.c.y.s.u.p.UtxoRollbackProcessor      : Rollback -- 0 address_utxos records
2026-05-22T02:16:28.680Z  INFO 268 --- [           main] c.b.c.y.s.u.p.UtxoRollbackProcessor      : Rollback -- 0 spent output records
2026-05-22T02:16:28.685Z  INFO 268 --- [           main] c.b.c.y.store.core.service.StartService  : Start BlockRangeSync
2026-05-22T02:16:28.918Z  INFO 268 --- [ntLoopGroup-5-1] c.b.cardano.yaci.core.network.Session    : Connection established
2026-05-22T02:16:28.919Z  INFO 268 --- [ntLoopGroup-5-1] c.b.c.yaci.core.network.NodeClient       : Connected !!!
2026-05-22T02:16:29.053Z  INFO 268 --- [ntLoopGroup-5-1] c.b.c.y.c.p.handshake.HandshakeAgent     : Handshake Ok!!! AcceptVersion(versionNumber=14, versionData=N2NVersionData(initiatorOnlyDiffusionMode=true, peerSharing=0, query=false))
2026-05-22T02:16:29.645Z  INFO 268 --- [ntLoopGroup-5-1] c.b.c.y.s.c.service.BlockFetchService    : Publish EpochChangeEvent >>>
2026-05-22T02:16:29.648Z  INFO 268 --- [ntLoopGroup-5-1] c.b.c.y.s.c.service.BlockFetchService    : Processing first block of the epoch 308, block 6627110
2026-05-22T02:16:43.192Z  INFO 268 --- [ntLoopGroup-3-1] c.b.c.y.s.c.service.CursorServiceImpl    : # of blocks written: 100, Time taken: 23199 ms
2026-05-22T02:16:43.199Z  INFO 268 --- [ntLoopGroup-3-1] c.b.c.y.s.c.service.CursorServiceImpl    : Block No: 6632110  , Era: Alonzo
2026-05-22T02:16:44.084Z  INFO 268 --- [ntLoopGroup-5-1] c.b.c.y.s.c.service.CursorServiceImpl    : # of blocks written: 100, Time taken: 126859 ms
2026-05-22T02:16:44.089Z  INFO 268 --- [ntLoopGroup-5-1] c.b.c.y.s.c.service.CursorServiceImpl    : Block No: 6627210  , Era: Alonzo
2026-05-22T02:16:55.819Z  INFO 268 --- [ntLoopGroup-5-1] c.b.c.y.s.c.service.CursorServiceImpl    : # of blocks written: 100, Time taken: 11734 ms
2026-05-22T02:16:55.823Z  INFO 268 --- [ntLoopGroup-5-1] c.b.c.y.s.c.service.CursorServiceImpl    : Block No: 6627310  , Era: Alonzo
2026-05-22T02:16:57.583Z  INFO 268 --- [   scheduling-2] c.b.c.y.s.c.s.CursorCleanupScheduler     : Running cursor cleanup scheduler
2026-05-22T02:16:57.676Z  INFO 268 --- [   scheduling-2] c.b.c.y.s.c.s.CursorCleanupScheduler     : Current cursor: Optional[Cursor(slot=47936134, blockHash=a8ce748ffa0cba2004e233d596168de727dd35c5f971cff6af135bcc1db17d93, block=6627327, prevBlockHash=2a4e8489cf6a578b1318ea9d9951f773fd1a88f896ff5d5403953f80f2a27a1e, era=Alonzo)]
2026-05-22T02:16:57.747Z  INFO 268 --- [   scheduling-2] c.b.c.y.s.c.s.CursorCleanupScheduler     : Deleted 0 cursors before block 6625167
2026-05-22T02:17:08.412Z  INFO 268 --- [ntLoopGroup-5-1] c.b.c.y.s.c.service.CursorServiceImpl    : # of blocks written: 100, Time taken: 12591 ms
2026-05-22T02:17:08.419Z  INFO 268 --- [ntLoopGroup-5-1] c.b.c.y.s.c.service.CursorServiceImpl    : Block No: 6627410  , Era: Alonzo
2026-05-22T02:17:13.250Z  INFO 268 --- [omcat-handler-0] o.a.c.c.C.[Tomcat].[localhost].[/]       : Initializing Spring DispatcherServlet 'dispatcherServlet'
2026-05-22T02:17:13.257Z  INFO 268 --- [omcat-handler-0] o.s.web.servlet.DispatcherServlet        : Initializing Servlet 'dispatcherServlet'
2026-05-22T02:17:13.273Z  INFO 268 --- [omcat-handler-0] o.s.web.servlet.DispatcherServlet        : Completed initialization in 13 ms
2026-05-22T02:17:15.776Z  INFO 268 --- [ntLoopGroup-3-1] c.b.c.y.s.c.service.CursorServiceImpl    : # of blocks written: 100, Time taken: 32588 ms
2026-05-22T02:17:15.789Z  INFO 268 --- [ntLoopGroup-3-1] c.b.c.y.s.c.service.CursorServiceImpl    : Block No: 6632210  , Era: Alonzo
2026-05-22T02:17:19.107Z  INFO 268 --- [ntLoopGroup-5-1] c.b.c.y.s.c.service.CursorServiceImpl    : # of blocks written: 100, Time taken: 10695 ms
2026-05-22T02:17:19.111Z  INFO 268 --- [ntLoopGroup-5-1] c.b.c.y.s.c.service.CursorServiceImpl    : Block No: 6627510  , Era: Alonzo
2026-05-22T02:17:35.615Z  INFO 268 --- [ntLoopGroup-5-1] c.b.c.y.s.c.service.CursorServiceImpl    : # of blocks written: 100, Time taken: 16507 ms
2026-05-22T02:17:35.619Z  INFO 268 --- [ntLoopGroup-5-1] c.b.c.y.s.c.service.CursorServiceImpl    : Block No: 6627610  , Era: Alonzo
[INFO] Tests run: 3, Failures: 0, Errors: 0, Skipped: 0, Time elapsed: 413.0 s -- in org.cardanofoundation.tools.adahandle.resolver.api.AdaHandleApiTest
[INFO] Running org.cardanofoundation.tools.adahandle.resolver.service.AdaHandleServiceTest
2026-05-22T02:17:37.082Z  INFO 268 --- [           main] t.c.s.AnnotationConfigContextLoaderUtils : Could not detect default configuration classes for test class [org.cardanofoundation.tools.adahandle.resolver.service.AdaHandleServiceTest]: AdaHandleServiceTest does not declare any static, non-private, non-final, nested classes annotated with @Configuration.
2026-05-22T02:17:38.563Z  INFO 268 --- [           main] .b.t.c.SpringBootTestContextBootstrapper : Found @SpringBootConfiguration org.cardanofoundation.tools.adahandle.resolver.AdaHandleResolverApplication for test class org.cardanofoundation.tools.adahandle.resolver.service.AdaHandleServiceTest
2026-05-22T02:17:41.076Z  INFO 268 --- [           main] o.c.t.a.r.service.AdaHandleServiceTest   : Starting AdaHandleServiceTest using Java 21.0.2 with PID 268 (started by root in /project)
2026-05-22T02:17:41.079Z  INFO 268 --- [           main] o.c.t.a.r.service.AdaHandleServiceTest   : The following 1 profile is active: "[disable-indexer, test]"
2026-05-22T02:17:46.711Z  INFO 268 --- [           main] .s.d.r.c.RepositoryConfigurationDelegate : Bootstrapping Spring Data JPA repositories in DEFAULT mode.
2026-05-22T02:17:47.190Z  INFO 268 --- [           main] .s.d.r.c.RepositoryConfigurationDelegate : Finished Spring Data repository scanning in 470 ms. Found 2 JPA repository interfaces.
2026-05-22T02:17:48.694Z  INFO 268 --- [ntLoopGroup-2-5] c.b.c.yaci.core.network.NodeClient       : Connection closed !!!
2026-05-22T02:17:48.696Z  INFO 268 --- [ntLoopGroup-2-5] c.b.cardano.yaci.core.network.Session    : Disposing the session !!!
2026-05-22T02:17:48.701Z  WARN 268 --- [ntLoopGroup-2-5] c.b.c.yaci.core.network.NodeClient       : Trying to reconnect !!!
2026-05-22T02:17:49.263Z  INFO 268 --- [ntLoopGroup-2-6] c.b.cardano.yaci.core.network.Session    : Connection established
2026-05-22T02:17:49.265Z  INFO 268 --- [ntLoopGroup-2-6] c.b.c.yaci.core.network.NodeClient       : Connected !!!
2026-05-22T02:17:49.316Z  INFO 268 --- [ntLoopGroup-2-6] c.b.c.y.c.p.handshake.HandshakeAgent     : Handshake Ok!!! AcceptVersion(versionNumber=14, versionData=N2NVersionData(initiatorOnlyDiffusionMode=true, peerSharing=0, query=false))
2026-05-22T02:17:49.835Z  INFO 268 --- [ntLoopGroup-3-1] c.b.c.y.s.c.service.CursorServiceImpl    : # of blocks written: 100, Time taken: 34060 ms
2026-05-22T02:17:49.836Z  INFO 268 --- [ntLoopGroup-3-1] c.b.c.y.s.c.service.CursorServiceImpl    : Block No: 6632310  , Era: Alonzo
2026-05-22T02:17:52.046Z  INFO 268 --- [ntLoopGroup-5-1] c.b.c.y.s.c.service.CursorServiceImpl    : # of blocks written: 100, Time taken: 16431 ms
2026-05-22T02:17:52.052Z  INFO 268 --- [ntLoopGroup-5-1] c.b.c.y.s.c.service.CursorServiceImpl    : Block No: 6627710  , Era: Alonzo
2026-05-22T02:17:52.648Z  INFO 268 --- [           main] com.zaxxer.hikari.HikariDataSource       : HikariPool-3 - Starting...
2026-05-22T02:17:52.674Z  INFO 268 --- [           main] com.zaxxer.hikari.pool.HikariPool        : HikariPool-3 - Added connection conn20: url=jdbc:h2:./data/db user=SA
2026-05-22T02:17:52.680Z  INFO 268 --- [           main] com.zaxxer.hikari.HikariDataSource       : HikariPool-3 - Start completed.
2026-05-22T02:17:52.680Z  INFO 268 --- [ntLoopGroup-4-2] c.b.c.yaci.core.network.NodeClient       : Connection closed !!!
2026-05-22T02:17:52.682Z  INFO 268 --- [ntLoopGroup-4-2] c.b.cardano.yaci.core.network.Session    : Disposing the session !!!
2026-05-22T02:17:52.683Z  WARN 268 --- [ntLoopGroup-4-2] c.b.c.yaci.core.network.NodeClient       : Trying to reconnect !!!
2026-05-22T02:17:53.340Z  INFO 268 --- [ntLoopGroup-4-3] c.b.cardano.yaci.core.network.Session    : Connection established
2026-05-22T02:17:53.342Z  INFO 268 --- [ntLoopGroup-4-3] c.b.c.yaci.core.network.NodeClient       : Connected !!!
2026-05-22T02:17:53.461Z  INFO 268 --- [ntLoopGroup-4-3] c.b.c.y.c.p.handshake.HandshakeAgent     : Handshake Ok!!! AcceptVersion(versionNumber=14, versionData=N2NVersionData(initiatorOnlyDiffusionMode=true, peerSharing=0, query=false))
2026-05-22T02:17:53.735Z  INFO 268 --- [           main] org.flywaydb.core.FlywayExecutor         : Database: jdbc:h2:./data/db (H2 2.2)
2026-05-22T02:17:53.745Z  WARN 268 --- [           main] o.f.c.internal.database.base.Database    : Flyway upgrade recommended: H2 2.2.224 is newer than this version of Flyway and support has not been tested. The latest supported version of H2 is 2.2.220.
2026-05-22T02:17:53.874Z  INFO 268 --- [           main] o.f.core.internal.command.DbValidate     : Successfully validated 4 migrations (execution time 00:00.120s)
2026-05-22T02:17:53.897Z  INFO 268 --- [           main] o.f.core.internal.command.DbMigrate      : Current version of schema "PUBLIC": 2
2026-05-22T02:17:53.898Z  WARN 268 --- [           main] o.f.core.internal.command.DbMigrate      : outOfOrder mode is active. Migration of schema "PUBLIC" may not be reproducible.
2026-05-22T02:17:53.902Z  INFO 268 --- [           main] o.f.core.internal.command.DbMigrate      : Schema "PUBLIC" is up to date. No migration necessary.
2026-05-22T02:17:54.986Z  INFO 268 --- [           main] o.hibernate.jpa.internal.util.LogHelper  : HHH000204: Processing PersistenceUnitInfo [name: default]
2026-05-22T02:17:55.370Z  INFO 268 --- [           main] o.h.c.internal.RegionFactoryInitiator    : HHH000026: Second-level cache disabled
2026-05-22T02:17:57.683Z  INFO 268 --- [           main] o.s.o.j.p.SpringPersistenceUnitInfo      : No LoadTimeWeaver setup: ignoring JPA class transformer
2026-05-22T02:18:01.153Z  WARN 268 --- [           main] org.hibernate.mapping.RootClass          : HHH000038: Composite-id class does not override equals(): org.cardanofoundation.tools.adahandle.resolver.entity.AdaHandleHistoryItemKey
2026-05-22T02:18:01.162Z  WARN 268 --- [           main] org.hibernate.mapping.RootClass          : HHH000039: Composite-id class does not override hashCode(): org.cardanofoundation.tools.adahandle.resolver.entity.AdaHandleHistoryItemKey
2026-05-22T02:18:04.622Z  INFO 268 --- [ntLoopGroup-3-1] c.b.c.y.s.c.service.CursorServiceImpl    : # of blocks written: 100, Time taken: 14786 ms
2026-05-22T02:18:04.628Z  INFO 268 --- [ntLoopGroup-3-1] c.b.c.y.s.c.service.CursorServiceImpl    : Block No: 6632410  , Era: Alonzo
2026-05-22T02:18:09.533Z  INFO 268 --- [ntLoopGroup-5-1] c.b.c.y.s.c.service.CursorServiceImpl    : # of blocks written: 100, Time taken: 17487 ms
2026-05-22T02:18:09.546Z  INFO 268 --- [ntLoopGroup-5-1] c.b.c.y.s.c.service.CursorServiceImpl    : Block No: 6627810  , Era: Alonzo
2026-05-22T02:18:13.831Z  INFO 268 --- [           main] o.h.e.t.j.p.i.JtaPlatformInitiator       : HHH000489: No JTA platform available (set 'hibernate.transaction.jta.platform' to enable JTA platform integration)
2026-05-22T02:18:13.837Z  INFO 268 --- [           main] j.LocalContainerEntityManagerFactoryBean : Initialized JPA EntityManagerFactory for persistence unit 'default'
2026-05-22T02:18:19.700Z  INFO 268 --- [ntLoopGroup-3-1] c.b.c.y.s.c.service.CursorServiceImpl    : # of blocks written: 100, Time taken: 15078 ms
2026-05-22T02:18:19.708Z  INFO 268 --- [ntLoopGroup-3-1] c.b.c.y.s.c.service.CursorServiceImpl    : Block No: 6632510  , Era: Alonzo
2026-05-22T02:18:21.074Z  INFO 268 --- [           main] o.c.t.a.r.service.AdaHandleServiceTest   : Started AdaHandleServiceTest in 42.049 seconds (process running for 655.363)
Hibernate: select ahhi1_0.name,ahhi1_0.slot,ahhi1_0.payment_address,ahhi1_0.stake_address from ada_handle_history_item ahhi1_0
Hibernate: select ahhi1_0.name,ahhi1_0.slot,ahhi1_0.payment_address,ahhi1_0.stake_address from ada_handle_history_item ahhi1_0 where (ahhi1_0.name,ahhi1_0.slot) in ((?,?))
Hibernate: select ahhi1_0.name,ahhi1_0.slot,ahhi1_0.payment_address,ahhi1_0.stake_address from ada_handle_history_item ahhi1_0 where (ahhi1_0.name,ahhi1_0.slot) in ((?,?))
Hibernate: select ahhi1_0.name,ahhi1_0.slot,ahhi1_0.payment_address,ahhi1_0.stake_address from ada_handle_history_item ahhi1_0 where (ahhi1_0.name,ahhi1_0.slot) in ((?,?))
Hibernate: select ahhi1_0.name,ahhi1_0.slot,ahhi1_0.payment_address,ahhi1_0.stake_address from ada_handle_history_item ahhi1_0 where (ahhi1_0.name,ahhi1_0.slot) in ((?,?))
Hibernate: select ah1_0.name,ah1_0.payment_address,ah1_0.stake_address from ada_handle ah1_0
Hibernate: insert into ada_handle_history_item (payment_address,stake_address,name,slot) values (?,?,?,?)
Hibernate: insert into ada_handle_history_item (payment_address,stake_address,name,slot) values (?,?,?,?)
Hibernate: insert into ada_handle_history_item (payment_address,stake_address,name,slot) values (?,?,?,?)
Hibernate: insert into ada_handle_history_item (payment_address,stake_address,name,slot) values (?,?,?,?)
Hibernate: delete from ada_handle_history_item where name=? and slot=?
Hibernate: delete from ada_handle where name=?
Hibernate: delete from ada_handle where name=?
Hibernate: delete from ada_handle where name=?
Hibernate: delete from ada_handle where name=?
Hibernate: select ah1_0.name,ah1_0.payment_address,ah1_0.stake_address from ada_handle ah1_0 where ah1_0.name=?
Hibernate: select ah1_0.name,ah1_0.payment_address,ah1_0.stake_address from ada_handle ah1_0 where ah1_0.name=?
Hibernate: insert into ada_handle (payment_address,stake_address,name) values (?,?,?)
Hibernate: insert into ada_handle (payment_address,stake_address,name) values (?,?,?)
Hibernate: insert into ada_handle (payment_address,stake_address,name) values (?,?,?)
Hibernate: update ada_handle set payment_address=?,stake_address=? where name=?
Hibernate: select ah1_0.name from ada_handle ah1_0 where ah1_0.payment_address=?
Hibernate: select ahhi1_0.name,ahhi1_0.slot,ahhi1_0.payment_address,ahhi1_0.stake_address from ada_handle_history_item ahhi1_0
Hibernate: select ahhi1_0.name,ahhi1_0.slot,ahhi1_0.payment_address,ahhi1_0.stake_address from ada_handle_history_item ahhi1_0 where (ahhi1_0.name,ahhi1_0.slot) in ((?,?))
Hibernate: select ahhi1_0.name,ahhi1_0.slot,ahhi1_0.payment_address,ahhi1_0.stake_address from ada_handle_history_item ahhi1_0 where (ahhi1_0.name,ahhi1_0.slot) in ((?,?))
Hibernate: select ahhi1_0.name,ahhi1_0.slot,ahhi1_0.payment_address,ahhi1_0.stake_address from ada_handle_history_item ahhi1_0 where (ahhi1_0.name,ahhi1_0.slot) in ((?,?))
Hibernate: select ahhi1_0.name,ahhi1_0.slot,ahhi1_0.payment_address,ahhi1_0.stake_address from ada_handle_history_item ahhi1_0 where (ahhi1_0.name,ahhi1_0.slot) in ((?,?))
Hibernate: select ah1_0.name,ah1_0.payment_address,ah1_0.stake_address from ada_handle ah1_0
Hibernate: insert into ada_handle_history_item (payment_address,stake_address,name,slot) values (?,?,?,?)
Hibernate: insert into ada_handle_history_item (payment_address,stake_address,name,slot) values (?,?,?,?)
Hibernate: insert into ada_handle_history_item (payment_address,stake_address,name,slot) values (?,?,?,?)
Hibernate: insert into ada_handle_history_item (payment_address,stake_address,name,slot) values (?,?,?,?)
Hibernate: delete from ada_handle_history_item where name=? and slot=?
Hibernate: delete from ada_handle where name=?
Hibernate: delete from ada_handle where name=?
Hibernate: delete from ada_handle where name=?
Hibernate: delete from ada_handle where name=?
Hibernate: select ah1_0.name,ah1_0.payment_address,ah1_0.stake_address from ada_handle ah1_0 where ah1_0.name=?
Hibernate: select ah1_0.name,ah1_0.payment_address,ah1_0.stake_address from ada_handle ah1_0 where ah1_0.name=?
Hibernate: insert into ada_handle (payment_address,stake_address,name) values (?,?,?)
Hibernate: insert into ada_handle (payment_address,stake_address,name) values (?,?,?)
Hibernate: insert into ada_handle (payment_address,stake_address,name) values (?,?,?)
Hibernate: update ada_handle set payment_address=?,stake_address=? where name=?
Hibernate: select ah1_0.name from ada_handle ah1_0 where ah1_0.stake_address=?
Hibernate: select ahhi1_0.name,ahhi1_0.slot,ahhi1_0.payment_address,ahhi1_0.stake_address from ada_handle_history_item ahhi1_0
Hibernate: select ahhi1_0.name,ahhi1_0.slot,ahhi1_0.payment_address,ahhi1_0.stake_address from ada_handle_history_item ahhi1_0 where (ahhi1_0.name,ahhi1_0.slot) in ((?,?))
Hibernate: select ahhi1_0.name,ahhi1_0.slot,ahhi1_0.payment_address,ahhi1_0.stake_address from ada_handle_history_item ahhi1_0 where (ahhi1_0.name,ahhi1_0.slot) in ((?,?))
Hibernate: select ahhi1_0.name,ahhi1_0.slot,ahhi1_0.payment_address,ahhi1_0.stake_address from ada_handle_history_item ahhi1_0 where (ahhi1_0.name,ahhi1_0.slot) in ((?,?))
Hibernate: select ahhi1_0.name,ahhi1_0.slot,ahhi1_0.payment_address,ahhi1_0.stake_address from ada_handle_history_item ahhi1_0 where (ahhi1_0.name,ahhi1_0.slot) in ((?,?))
Hibernate: select ah1_0.name,ah1_0.payment_address,ah1_0.stake_address from ada_handle ah1_0
Hibernate: insert into ada_handle_history_item (payment_address,stake_address,name,slot) values (?,?,?,?)
Hibernate: insert into ada_handle_history_item (payment_address,stake_address,name,slot) values (?,?,?,?)
Hibernate: insert into ada_handle_history_item (payment_address,stake_address,name,slot) values (?,?,?,?)
Hibernate: insert into ada_handle_history_item (payment_address,stake_address,name,slot) values (?,?,?,?)
Hibernate: delete from ada_handle_history_item where name=? and slot=?
Hibernate: delete from ada_handle where name=?
Hibernate: delete from ada_handle where name=?
Hibernate: delete from ada_handle where name=?
Hibernate: delete from ada_handle where name=?
Hibernate: select ah1_0.name,ah1_0.payment_address,ah1_0.stake_address from ada_handle ah1_0 where ah1_0.name=?
Hibernate: select ah1_0.name,ah1_0.payment_address,ah1_0.stake_address from ada_handle ah1_0 where ah1_0.name=?
Hibernate: insert into ada_handle (payment_address,stake_address,name) values (?,?,?)
Hibernate: insert into ada_handle (payment_address,stake_address,name) values (?,?,?)
Hibernate: insert into ada_handle (payment_address,stake_address,name) values (?,?,?)
Hibernate: update ada_handle set payment_address=?,stake_address=? where name=?
Hibernate: select ah1_0.stake_address,ah1_0.payment_address from ada_handle ah1_0 where ah1_0.name=?
Hibernate: delete from ada_handle_history_item ahhi1_0 where ahhi1_0.slot>?
Hibernate: select ahhi1_0.name,ahhi1_0.slot,ahhi1_0.payment_address,ahhi1_0.stake_address from ada_handle_history_item ahhi1_0 where (ahhi1_0.name,ahhi1_0.slot) in (select ahhi2_0.name,max(ahhi2_0.slot) from ada_handle_history_item ahhi2_0 group by ahhi2_0.name)
Hibernate: select ah1_0.name,ah1_0.payment_address,ah1_0.stake_address from ada_handle ah1_0
Hibernate: delete from ada_handle where name=?
Hibernate: delete from ada_handle where name=?
Hibernate: delete from ada_handle where name=?
Hibernate: select ah1_0.name,ah1_0.payment_address,ah1_0.stake_address from ada_handle ah1_0 where ah1_0.name=?
Hibernate: select ah1_0.name,ah1_0.payment_address,ah1_0.stake_address from ada_handle ah1_0 where ah1_0.name=?
Hibernate: insert into ada_handle (payment_address,stake_address,name) values (?,?,?)
Hibernate: insert into ada_handle (payment_address,stake_address,name) values (?,?,?)
Hibernate: insert into ada_handle (payment_address,stake_address,name) values (?,?,?)
Hibernate: select ah1_0.stake_address,ah1_0.payment_address from ada_handle ah1_0 where ah1_0.name=?
Hibernate: select ah1_0.name from ada_handle ah1_0 where ah1_0.stake_address=?
Hibernate: select ahhi1_0.name,ahhi1_0.slot,ahhi1_0.payment_address,ahhi1_0.stake_address from ada_handle_history_item ahhi1_0
Hibernate: select ahhi1_0.name,ahhi1_0.slot,ahhi1_0.payment_address,ahhi1_0.stake_address from ada_handle_history_item ahhi1_0 where (ahhi1_0.name,ahhi1_0.slot) in ((?,?))
Hibernate: select ahhi1_0.name,ahhi1_0.slot,ahhi1_0.payment_address,ahhi1_0.stake_address from ada_handle_history_item ahhi1_0 where (ahhi1_0.name,ahhi1_0.slot) in ((?,?))
Hibernate: select ahhi1_0.name,ahhi1_0.slot,ahhi1_0.payment_address,ahhi1_0.stake_address from ada_handle_history_item ahhi1_0 where (ahhi1_0.name,ahhi1_0.slot) in ((?,?))
Hibernate: select ahhi1_0.name,ahhi1_0.slot,ahhi1_0.payment_address,ahhi1_0.stake_address from ada_handle_history_item ahhi1_0 where (ahhi1_0.name,ahhi1_0.slot) in ((?,?))
Hibernate: select ah1_0.name,ah1_0.payment_address,ah1_0.stake_address from ada_handle ah1_0
Hibernate: insert into ada_handle_history_item (payment_address,stake_address,name,slot) values (?,?,?,?)
Hibernate: insert into ada_handle_history_item (payment_address,stake_address,name,slot) values (?,?,?,?)
Hibernate: insert into ada_handle_history_item (payment_address,stake_address,name,slot) values (?,?,?,?)
Hibernate: insert into ada_handle_history_item (payment_address,stake_address,name,slot) values (?,?,?,?)
Hibernate: delete from ada_handle_history_item where name=? and slot=?
Hibernate: delete from ada_handle where name=?
Hibernate: delete from ada_handle where name=?
Hibernate: delete from ada_handle where name=?
Hibernate: delete from ada_handle where name=?
Hibernate: select ah1_0.name,ah1_0.payment_address,ah1_0.stake_address from ada_handle ah1_0 where ah1_0.name=?
Hibernate: select ah1_0.name,ah1_0.payment_address,ah1_0.stake_address from ada_handle ah1_0 where ah1_0.name=?
Hibernate: insert into ada_handle (payment_address,stake_address,name) values (?,?,?)
Hibernate: insert into ada_handle (payment_address,stake_address,name) values (?,?,?)
Hibernate: insert into ada_handle (payment_address,stake_address,name) values (?,?,?)
Hibernate: update ada_handle set payment_address=?,stake_address=? where name=?
Hibernate: select ah1_0.stake_address,ah1_0.payment_address from ada_handle ah1_0 where ah1_0.name=?
Hibernate: select ah1_0.stake_address,ah1_0.payment_address from ada_handle ah1_0 where ah1_0.name=?
Hibernate: select ah1_0.stake_address,ah1_0.payment_address from ada_handle ah1_0 where ah1_0.name=?
[INFO] Tests run: 4, Failures: 0, Errors: 0, Skipped: 0, Time elapsed: 46.87 s -- in org.cardanofoundation.tools.adahandle.resolver.service.AdaHandleServiceTest
[INFO] 
[INFO] Results:
[INFO] 
[INFO] Tests run: 10, Failures: 0, Errors: 0, Skipped: 0
[INFO] 
[INFO] 
[INFO] --- jacoco:0.8.10:report (generate-code-coverage-report) @ cf-adahandle-resolver ---
[INFO] Skipping JaCoCo execution because property jacoco.skip is set.
[INFO] ------------------------------------------------------------------------
[INFO] BUILD SUCCESS
[INFO] ------------------------------------------------------------------------
[INFO] Total time:  11:06 min
[INFO] Finished at: 2026-05-22T02:18:26Z
[INFO] ------------------------------------------------------------------------
