[INFO] Scanning for projects...
[ERROR] [ERROR] Could not find the selected project in the reactor: connectors/spark-iotdb-table-connector/spark-iotdb-table-common @ 
[INFO] 0 goals, 0 executed
[WARNING] Adding build scan buildFinished actions is not allowed once their invocation has started. Newly added action will be ignored.
May 25, 2026 9:19:33 AM com.gradle.maven.extension.internal.dep.org.apache.http.impl.execchain.RetryExec execute
INFO: I/O exception (java.net.SocketException) caught when processing request to {s}->https://ge.apache.org:443: Connection reset
May 25, 2026 9:19:33 AM com.gradle.maven.extension.internal.dep.org.apache.http.impl.execchain.RetryExec execute
INFO: Retrying request to {s}->https://ge.apache.org:443
May 25, 2026 9:19:33 AM com.gradle.maven.extension.internal.dep.org.apache.http.impl.execchain.RetryExec execute
INFO: I/O exception (java.net.SocketException) caught when processing request to {s}->https://ge.apache.org:443: Connection reset
May 25, 2026 9:19:33 AM com.gradle.maven.extension.internal.dep.org.apache.http.impl.execchain.RetryExec execute
INFO: Retrying request to {s}->https://ge.apache.org:443
May 25, 2026 9:19:33 AM com.gradle.maven.extension.internal.dep.org.apache.http.impl.execchain.RetryExec execute
INFO: I/O exception (java.net.SocketException) caught when processing request to {s}->https://ge.apache.org:443: Connection reset
May 25, 2026 9:19:33 AM com.gradle.maven.extension.internal.dep.org.apache.http.impl.execchain.RetryExec execute
INFO: Retrying request to {s}->https://ge.apache.org:443
[WARNING] Unexpected error while contacting Gradle Enterprise server at https://ge.apache.org/
[WARNING] No build scan will be published: Gradle Enterprise features were not enabled due to an unexpected error while contacting Gradle Enterprise.
[ERROR] Could not find the selected project in the reactor: connectors/spark-iotdb-table-connector/spark-iotdb-table-common -> [Help 1]
[ERROR] 
[ERROR] To see the full stack trace of the errors, re-run Maven with the -e switch.
[ERROR] Re-run Maven using the -X switch to enable full debug logging.
[ERROR] 
[ERROR] For more information about the errors and possible solutions, please read the following articles:
[ERROR] [Help 1] http://cwiki.apache.org/confluence/display/MAVEN/MavenExecutionException
