[INFO] Scanning for projects...
[WARNING] This build will only read from the build cache, since the clean lifecycle is not part of the build invocation.
May 25, 2026 9:20:08 AM com.gradle.maven.extension.internal.dep.org.apache.http.impl.execchain.RetryExec execute
INFO: I/O exception (java.net.SocketException) caught when processing request to {s}->https://ge.apache.org:443: Connection reset
May 25, 2026 9:20:08 AM com.gradle.maven.extension.internal.dep.org.apache.http.impl.execchain.RetryExec execute
INFO: Retrying request to {s}->https://ge.apache.org:443
May 25, 2026 9:20:08 AM com.gradle.maven.extension.internal.dep.org.apache.http.impl.execchain.RetryExec execute
INFO: I/O exception (java.net.SocketException) caught when processing request to {s}->https://ge.apache.org:443: Connection reset
May 25, 2026 9:20:08 AM com.gradle.maven.extension.internal.dep.org.apache.http.impl.execchain.RetryExec execute
INFO: Retrying request to {s}->https://ge.apache.org:443
May 25, 2026 9:20:08 AM com.gradle.maven.extension.internal.dep.org.apache.http.impl.execchain.RetryExec execute
INFO: I/O exception (java.net.SocketException) caught when processing request to {s}->https://ge.apache.org:443: Connection reset
May 25, 2026 9:20:08 AM com.gradle.maven.extension.internal.dep.org.apache.http.impl.execchain.RetryExec execute
INFO: Retrying request to {s}->https://ge.apache.org:443
[WARNING] Unexpected error while contacting Gradle Enterprise server at https://ge.apache.org/
[INFO] 
[INFO] -----------------< org.apache.iotdb:collector-openapi >-----------------
[INFO] Building IoTDB: Collector: OpenAPI 2.0.4-SNAPSHOT
[INFO]   from pom.xml
[INFO] --------------------------------[ jar ]---------------------------------
[INFO] 
[INFO] --- slimming:1.0:singleModuleCheck (default-cli) @ collector-openapi ---
[INFO] Downloading from apache.snapshots: https://repository.apache.org/snapshots/com/google/guava/guava/maven-metadata.xml
May 25, 2026 9:20:20 AM com.gradle.maven.extension.internal.dep.org.apache.http.impl.execchain.RetryExec execute
INFO: I/O exception (java.net.SocketException) caught when processing request to {s}->https://ge.apache.org:443: Connection reset
May 25, 2026 9:20:20 AM com.gradle.maven.extension.internal.dep.org.apache.http.impl.execchain.RetryExec execute
INFO: Retrying request to {s}->https://ge.apache.org:443
May 25, 2026 9:20:20 AM com.gradle.maven.extension.internal.dep.org.apache.http.impl.execchain.RetryExec execute
INFO: I/O exception (java.net.SocketException) caught when processing request to {s}->https://ge.apache.org:443: Connection reset
May 25, 2026 9:20:20 AM com.gradle.maven.extension.internal.dep.org.apache.http.impl.execchain.RetryExec execute
INFO: Retrying request to {s}->https://ge.apache.org:443
May 25, 2026 9:20:21 AM com.gradle.maven.extension.internal.dep.org.apache.http.impl.execchain.RetryExec execute
INFO: I/O exception (java.net.SocketException) caught when processing request to {s}->https://ge.apache.org:443: Connection reset
May 25, 2026 9:20:21 AM com.gradle.maven.extension.internal.dep.org.apache.http.impl.execchain.RetryExec execute
INFO: Retrying request to {s}->https://ge.apache.org:443
May 25, 2026 9:20:32 AM com.gradle.maven.extension.internal.dep.org.apache.http.impl.execchain.RetryExec execute
INFO: I/O exception (java.net.SocketException) caught when processing request to {s}->https://ge.apache.org:443: Connection reset
May 25, 2026 9:20:32 AM com.gradle.maven.extension.internal.dep.org.apache.http.impl.execchain.RetryExec execute
INFO: Retrying request to {s}->https://ge.apache.org:443
May 25, 2026 9:20:32 AM com.gradle.maven.extension.internal.dep.org.apache.http.impl.execchain.RetryExec execute
INFO: I/O exception (java.net.SocketException) caught when processing request to {s}->https://ge.apache.org:443: Connection reset
May 25, 2026 9:20:32 AM com.gradle.maven.extension.internal.dep.org.apache.http.impl.execchain.RetryExec execute
INFO: Retrying request to {s}->https://ge.apache.org:443
May 25, 2026 9:20:32 AM com.gradle.maven.extension.internal.dep.org.apache.http.impl.execchain.RetryExec execute
INFO: I/O exception (java.net.SocketException) caught when processing request to {s}->https://ge.apache.org:443: Connection reset
May 25, 2026 9:20:32 AM com.gradle.maven.extension.internal.dep.org.apache.http.impl.execchain.RetryExec execute
INFO: Retrying request to {s}->https://ge.apache.org:443
[INFO] mvn test successfully
[INFO] The project has no target/test-classes folder
[INFO] ------------------------------------------------------------------------
[INFO] ---------------------------< START ANALYSE >----------------------------
[INFO] ------------------------------------------------------------------------
[INFO] *************************** S L I M M I N G ****************************
[INFO] ------------------------------------------------------------------------
[INFO] license unknown:THE APACHE LICENSE, VERSION 2.0
May 25, 2026 9:21:30 AM com.gradle.maven.extension.internal.dep.org.apache.http.impl.execchain.RetryExec execute
INFO: I/O exception (java.net.SocketException) caught when processing request to {s}->https://ge.apache.org:443: Connection reset
May 25, 2026 9:21:30 AM com.gradle.maven.extension.internal.dep.org.apache.http.impl.execchain.RetryExec execute
INFO: Retrying request to {s}->https://ge.apache.org:443
May 25, 2026 9:21:30 AM com.gradle.maven.extension.internal.dep.org.apache.http.impl.execchain.RetryExec execute
INFO: I/O exception (java.net.SocketException) caught when processing request to {s}->https://ge.apache.org:443: Connection reset
May 25, 2026 9:21:30 AM com.gradle.maven.extension.internal.dep.org.apache.http.impl.execchain.RetryExec execute
INFO: Retrying request to {s}->https://ge.apache.org:443
May 25, 2026 9:21:30 AM com.gradle.maven.extension.internal.dep.org.apache.http.impl.execchain.RetryExec execute
INFO: I/O exception (java.net.SocketException) caught when processing request to {s}->https://ge.apache.org:443: Connection reset
May 25, 2026 9:21:30 AM com.gradle.maven.extension.internal.dep.org.apache.http.impl.execchain.RetryExec execute
INFO: Retrying request to {s}->https://ge.apache.org:443
May 25, 2026 9:21:39 AM com.gradle.maven.extension.internal.dep.org.apache.http.impl.execchain.RetryExec execute
INFO: I/O exception (java.net.SocketException) caught when processing request to {s}->https://ge.apache.org:443: Connection reset
May 25, 2026 9:21:39 AM com.gradle.maven.extension.internal.dep.org.apache.http.impl.execchain.RetryExec execute
INFO: Retrying request to {s}->https://ge.apache.org:443
May 25, 2026 9:21:39 AM com.gradle.maven.extension.internal.dep.org.apache.http.impl.execchain.RetryExec execute
INFO: I/O exception (java.net.SocketException) caught when processing request to {s}->https://ge.apache.org:443: Connection reset
May 25, 2026 9:21:39 AM com.gradle.maven.extension.internal.dep.org.apache.http.impl.execchain.RetryExec execute
INFO: Retrying request to {s}->https://ge.apache.org:443
May 25, 2026 9:21:39 AM com.gradle.maven.extension.internal.dep.org.apache.http.impl.execchain.RetryExec execute
INFO: I/O exception (java.net.SocketException) caught when processing request to {s}->https://ge.apache.org:443: Connection reset
May 25, 2026 9:21:39 AM com.gradle.maven.extension.internal.dep.org.apache.http.impl.execchain.RetryExec execute
INFO: Retrying request to {s}->https://ge.apache.org:443
[INFO] Successfully collect licenses Successfully!
[WARNING] Redundant dependency com.google.errorprone:error_prone_annotations:2.18.0 release time Optional[2023-01-09] has not been maintained for 1231 days
[WARNING] Redundant dependency jakarta.activation:jakarta.activation-api:1.2.2 release time Optional[2020-02-20] has not been maintained for 2285 days
[WARNING] Redundant dependency jakarta.xml.bind:jakarta.xml.bind-api:2.3.3 release time Optional[2020-01-27] has not been maintained for 2309 days
[WARNING] Redundant dependency com.google.code.findbugs:jsr305:3.0.2 release time Optional[2017-03-31] has not been maintained for 3342 days
[WARNING] Redundant dependency com.google.j2objc:j2objc-annotations:2.8 release time Optional[2023-01-11] has not been maintained for 1229 days
[WARNING] Redundant dependency org.checkerframework:checker-qual:3.33.0 release time Optional[2023-04-03] has not been maintained for 1148 days
[INFO] ALL DEPENDENCY[35]:
[INFO]  USED DEPENDENCY[29]:
[INFO]   USED DIRECT DEPENDENCY[11]:
[INFO] 		com.fasterxml.jackson.jaxrs:jackson-jaxrs-json-provider:2.16.2:compile [16 KB]
[INFO] 		io.swagger:swagger-models:1.6.14:compile [154 KB]
[INFO] 		io.swagger:swagger-jaxrs:1.6.14:compile [68 KB]
[INFO] 		com.fasterxml.jackson.core:jackson-databind:2.16.2:compile [1 MB]
[INFO] 		jakarta.validation:jakarta.validation-api:2.0.2:compile [89 KB]
[INFO] 		jakarta.ws.rs:jakarta.ws.rs-api:2.1.6:compile [137 KB]
[INFO] 		com.fasterxml.jackson.datatype:jackson-datatype-jsr310:2.16.2:compile [124 KB]
[INFO] 		io.swagger:swagger-annotations:1.6.14:compile [20 KB]
[INFO] 		org.glassfish.jersey.media:jersey-media-multipart:2.40:compile [79 KB]
[INFO] 		com.fasterxml.jackson.core:jackson-annotations:2.16.2:compile [76 KB]
[INFO] 		jakarta.servlet:jakarta.servlet-api:4.0.4:compile [81 KB]
[INFO]   USED TRANSITIVE DEPENDENCY[18]:
[INFO] 		org.javassist:javassist:3.28.0-GA:compile [831 KB]
[INFO] 		jakarta.annotation:jakarta.annotation-api:1.3.5:compile [24 KB]
[INFO] 		org.reflections:reflections:0.10.2:compile [127 KB]
[INFO] 		com.fasterxml.jackson.dataformat:jackson-dataformat-yaml:2.17.0:compile [54 KB]
[INFO] 		org.yaml:snakeyaml:2.2:compile [326 KB]
[INFO] 		org.apache.commons:commons-lang3:3.13.0:compile [617 KB]
[INFO] 		com.google.guava:listenablefuture:9999.0-empty-to-avoid-conflict-with-guava:compile [2 KB]
[INFO] 		io.swagger:swagger-core:1.6.14:compile [119 KB]
[INFO] 		org.jvnet.mimepull:mimepull:1.9.15:compile [63 KB]
[INFO] 		com.google.guava:guava:32.1.2-jre:compile [2 MB]
[INFO] 		com.fasterxml.jackson.core:jackson-core:2.16.2:compile [569 KB]
[INFO] 		com.fasterxml.jackson.jaxrs:jackson-jaxrs-base:2.16.2:compile [31 KB]
[INFO] 		org.glassfish.hk2:osgi-resource-locator:1.0.3:compile [19 KB]
[INFO] 		org.glassfish.jersey.core:jersey-common:2.40:compile [1 MB]
[INFO] 		org.slf4j:slf4j-api:2.0.9:compile [63 KB]
[INFO] 		com.google.guava:failureaccess:1.0.1:compile [4 KB]
[INFO] 		com.fasterxml.jackson.module:jackson-module-jaxb-annotations:2.16.2:compile [36 KB]
[INFO] 		org.glassfish.hk2.external:jakarta.inject:2.6.1:compile [17 KB]
[INFO]   USED INHERIT DIRECT DEPENDENCY[0]:
[INFO]   USED INHERIT TRANSITIVE DEPENDENCY[0]:
[INFO]  UNUSED DEPENDENCY[6]:
[INFO]   UNUSED DIRECT DEPENDENCY[0]:
[INFO]   UNUSED TRANSITIVE DEPENDENCY[6]:
[INFO] 		org.checkerframework:checker-qual:3.33.0:compile [218 KB]
[INFO] 		jakarta.activation:jakarta.activation-api:1.2.2:compile [45 KB]
[INFO] 		com.google.errorprone:error_prone_annotations:2.18.0:compile [15 KB]
[INFO] 		jakarta.xml.bind:jakarta.xml.bind-api:2.3.3:compile [112 KB]
[INFO] 		com.google.j2objc:j2objc-annotations:2.8:compile [9 KB]
[INFO] 		com.google.code.findbugs:jsr305:3.0.2:compile [19 KB]
[INFO]   UNUSED INHERIT DIRECT DEPENDENCY[0]:
[INFO]   UNUSED INHERIT TRANSITIVE DEPENDENCY[0]:
May 25, 2026 9:21:46 AM com.gradle.maven.extension.internal.dep.org.apache.http.impl.execchain.RetryExec execute
INFO: I/O exception (java.net.SocketException) caught when processing request to {s}->https://ge.apache.org:443: Connection reset
May 25, 2026 9:21:46 AM com.gradle.maven.extension.internal.dep.org.apache.http.impl.execchain.RetryExec execute
INFO: Retrying request to {s}->https://ge.apache.org:443
May 25, 2026 9:21:46 AM com.gradle.maven.extension.internal.dep.org.apache.http.impl.execchain.RetryExec execute
INFO: I/O exception (java.net.SocketException) caught when processing request to {s}->https://ge.apache.org:443: Connection reset
May 25, 2026 9:21:46 AM com.gradle.maven.extension.internal.dep.org.apache.http.impl.execchain.RetryExec execute
INFO: Retrying request to {s}->https://ge.apache.org:443
May 25, 2026 9:21:46 AM com.gradle.maven.extension.internal.dep.org.apache.http.impl.execchain.RetryExec execute
INFO: I/O exception (java.net.SocketException) caught when processing request to {s}->https://ge.apache.org:443: Connection reset
May 25, 2026 9:21:46 AM com.gradle.maven.extension.internal.dep.org.apache.http.impl.execchain.RetryExec execute
INFO: Retrying request to {s}->https://ge.apache.org:443
May 25, 2026 9:21:57 AM com.gradle.maven.extension.internal.dep.org.apache.http.impl.execchain.RetryExec execute
INFO: I/O exception (java.net.SocketException) caught when processing request to {s}->https://ge.apache.org:443: Connection reset
May 25, 2026 9:21:57 AM com.gradle.maven.extension.internal.dep.org.apache.http.impl.execchain.RetryExec execute
INFO: Retrying request to {s}->https://ge.apache.org:443
May 25, 2026 9:21:57 AM com.gradle.maven.extension.internal.dep.org.apache.http.impl.execchain.RetryExec execute
INFO: I/O exception (java.net.SocketException) caught when processing request to {s}->https://ge.apache.org:443: Connection reset
May 25, 2026 9:21:57 AM com.gradle.maven.extension.internal.dep.org.apache.http.impl.execchain.RetryExec execute
INFO: Retrying request to {s}->https://ge.apache.org:443
May 25, 2026 9:21:57 AM com.gradle.maven.extension.internal.dep.org.apache.http.impl.execchain.RetryExec execute
INFO: I/O exception (java.net.SocketException) caught when processing request to {s}->https://ge.apache.org:443: Connection reset
May 25, 2026 9:21:57 AM com.gradle.maven.extension.internal.dep.org.apache.http.impl.execchain.RetryExec execute
INFO: Retrying request to {s}->https://ge.apache.org:443
[INFO] mvn test successfully
[INFO] Repair Successfully
[INFO] After Repair Pom Path:/private/tmp/analysis-runs/apache-iotdb-extras/iotdb-collector/collector-openapi/bloatedOutput/orgapacheiotdbcollectoropenapi204SNAPSHOT/orgapacheiotdbcollectoropenapi204SNAPSHOT/pom-result.xml
[INFO] MeasureText: org.graphper.layout.AWTMeasureText was loaded as the primary measurement method.
[INFO] Print TreeCallGraph.svg, red is bloated, gray is unload
[INFO] ------------------------------------------------------------------------
[INFO] BUILD SUCCESS
[INFO] ------------------------------------------------------------------------
[INFO] Total time:  01:58 min
[INFO] Finished at: 2026-05-25T09:22:05+02:00
[INFO] ------------------------------------------------------------------------
[INFO] 1 goals, 1 executed
May 25, 2026 9:22:06 AM com.gradle.maven.extension.internal.dep.org.apache.http.impl.execchain.RetryExec execute
INFO: I/O exception (java.net.SocketException) caught when processing request to {s}->https://ge.apache.org:443: Connection reset
May 25, 2026 9:22:06 AM com.gradle.maven.extension.internal.dep.org.apache.http.impl.execchain.RetryExec execute
INFO: Retrying request to {s}->https://ge.apache.org:443
May 25, 2026 9:22:06 AM com.gradle.maven.extension.internal.dep.org.apache.http.impl.execchain.RetryExec execute
INFO: I/O exception (java.net.SocketException) caught when processing request to {s}->https://ge.apache.org:443: Connection reset
May 25, 2026 9:22:06 AM com.gradle.maven.extension.internal.dep.org.apache.http.impl.execchain.RetryExec execute
INFO: Retrying request to {s}->https://ge.apache.org:443
May 25, 2026 9:22:06 AM com.gradle.maven.extension.internal.dep.org.apache.http.impl.execchain.RetryExec execute
INFO: I/O exception (java.net.SocketException) caught when processing request to {s}->https://ge.apache.org:443: Connection reset
May 25, 2026 9:22:06 AM com.gradle.maven.extension.internal.dep.org.apache.http.impl.execchain.RetryExec execute
INFO: Retrying request to {s}->https://ge.apache.org:443
[WARNING] Unexpected error while contacting Gradle Enterprise server at https://ge.apache.org/
[WARNING] No build scan will be published: Gradle Enterprise features were not enabled due to an unexpected error while contacting Gradle Enterprise.
