[INFO] Scanning for projects...
[WARNING] This build will only read from the build cache, since the clean lifecycle is not part of the build invocation.
May 25, 2026 9:22:13 AM com.gradle.maven.extension.internal.dep.org.apache.http.impl.execchain.RetryExec execute
INFO: I/O exception (java.net.SocketException) caught when processing request to {s}->https://ge.apache.org:443: Connection reset
May 25, 2026 9:22:13 AM com.gradle.maven.extension.internal.dep.org.apache.http.impl.execchain.RetryExec execute
INFO: Retrying request to {s}->https://ge.apache.org:443
May 25, 2026 9:22:13 AM com.gradle.maven.extension.internal.dep.org.apache.http.impl.execchain.RetryExec execute
INFO: I/O exception (java.net.SocketException) caught when processing request to {s}->https://ge.apache.org:443: Connection reset
May 25, 2026 9:22:13 AM com.gradle.maven.extension.internal.dep.org.apache.http.impl.execchain.RetryExec execute
INFO: Retrying request to {s}->https://ge.apache.org:443
May 25, 2026 9:22:13 AM com.gradle.maven.extension.internal.dep.org.apache.http.impl.execchain.RetryExec execute
INFO: I/O exception (java.net.SocketException) caught when processing request to {s}->https://ge.apache.org:443: Connection reset
May 25, 2026 9:22:13 AM com.gradle.maven.extension.internal.dep.org.apache.http.impl.execchain.RetryExec execute
INFO: Retrying request to {s}->https://ge.apache.org:443
[WARNING] Unexpected error while contacting Gradle Enterprise server at https://ge.apache.org/
[INFO] 
[INFO] ------------------< org.apache.iotdb:collector-core >-------------------
[INFO] Building IoTDB: Collector: Core 2.0.4-SNAPSHOT
[INFO]   from pom.xml
[INFO] --------------------------------[ jar ]---------------------------------
[INFO] 
[INFO] --- slimming:1.0:singleModuleCheck (default-cli) @ collector-core ---
May 25, 2026 9:22:25 AM com.gradle.maven.extension.internal.dep.org.apache.http.impl.execchain.RetryExec execute
INFO: I/O exception (java.net.SocketException) caught when processing request to {s}->https://ge.apache.org:443: Connection reset
May 25, 2026 9:22:25 AM com.gradle.maven.extension.internal.dep.org.apache.http.impl.execchain.RetryExec execute
INFO: Retrying request to {s}->https://ge.apache.org:443
May 25, 2026 9:22:25 AM com.gradle.maven.extension.internal.dep.org.apache.http.impl.execchain.RetryExec execute
INFO: I/O exception (java.net.SocketException) caught when processing request to {s}->https://ge.apache.org:443: Connection reset
May 25, 2026 9:22:25 AM com.gradle.maven.extension.internal.dep.org.apache.http.impl.execchain.RetryExec execute
INFO: Retrying request to {s}->https://ge.apache.org:443
May 25, 2026 9:22:25 AM com.gradle.maven.extension.internal.dep.org.apache.http.impl.execchain.RetryExec execute
INFO: I/O exception (java.net.SocketException) caught when processing request to {s}->https://ge.apache.org:443: Connection reset
May 25, 2026 9:22:25 AM com.gradle.maven.extension.internal.dep.org.apache.http.impl.execchain.RetryExec execute
INFO: Retrying request to {s}->https://ge.apache.org:443
May 25, 2026 9:22:42 AM com.gradle.maven.extension.internal.dep.org.apache.http.impl.execchain.RetryExec execute
INFO: I/O exception (java.net.SocketException) caught when processing request to {s}->https://ge.apache.org:443: Connection reset
May 25, 2026 9:22:42 AM com.gradle.maven.extension.internal.dep.org.apache.http.impl.execchain.RetryExec execute
INFO: Retrying request to {s}->https://ge.apache.org:443
May 25, 2026 9:22:42 AM com.gradle.maven.extension.internal.dep.org.apache.http.impl.execchain.RetryExec execute
INFO: I/O exception (java.net.SocketException) caught when processing request to {s}->https://ge.apache.org:443: Connection reset
May 25, 2026 9:22:42 AM com.gradle.maven.extension.internal.dep.org.apache.http.impl.execchain.RetryExec execute
INFO: Retrying request to {s}->https://ge.apache.org:443
May 25, 2026 9:22:42 AM com.gradle.maven.extension.internal.dep.org.apache.http.impl.execchain.RetryExec execute
INFO: I/O exception (java.net.SocketException) caught when processing request to {s}->https://ge.apache.org:443: Connection reset
May 25, 2026 9:22:42 AM com.gradle.maven.extension.internal.dep.org.apache.http.impl.execchain.RetryExec execute
INFO: Retrying request to {s}->https://ge.apache.org:443
[INFO] mvn test successfully
[INFO] The project has no target/test-classes folder
[INFO] ------------------------------------------------------------------------
[INFO] ---------------------------< START ANALYSE >----------------------------
[INFO] ------------------------------------------------------------------------
[INFO] *************************** S L I M M I N G ****************************
[INFO] ------------------------------------------------------------------------
[INFO] license unknown:THE APACHE LICENSE, VERSION 2.0
May 25, 2026 9:25:41 AM com.gradle.maven.extension.internal.dep.org.apache.http.impl.execchain.RetryExec execute
INFO: I/O exception (java.net.SocketException) caught when processing request to {s}->https://ge.apache.org:443: Connection reset
May 25, 2026 9:25:41 AM com.gradle.maven.extension.internal.dep.org.apache.http.impl.execchain.RetryExec execute
INFO: Retrying request to {s}->https://ge.apache.org:443
May 25, 2026 9:25:41 AM com.gradle.maven.extension.internal.dep.org.apache.http.impl.execchain.RetryExec execute
INFO: I/O exception (java.net.SocketException) caught when processing request to {s}->https://ge.apache.org:443: Connection reset
May 25, 2026 9:25:41 AM com.gradle.maven.extension.internal.dep.org.apache.http.impl.execchain.RetryExec execute
INFO: Retrying request to {s}->https://ge.apache.org:443
May 25, 2026 9:25:41 AM com.gradle.maven.extension.internal.dep.org.apache.http.impl.execchain.RetryExec execute
INFO: I/O exception (java.net.SocketException) caught when processing request to {s}->https://ge.apache.org:443: Connection reset
May 25, 2026 9:25:41 AM com.gradle.maven.extension.internal.dep.org.apache.http.impl.execchain.RetryExec execute
INFO: Retrying request to {s}->https://ge.apache.org:443
May 25, 2026 9:25:50 AM com.gradle.maven.extension.internal.dep.org.apache.http.impl.execchain.RetryExec execute
INFO: I/O exception (java.net.SocketException) caught when processing request to {s}->https://ge.apache.org:443: Connection reset
May 25, 2026 9:25:50 AM com.gradle.maven.extension.internal.dep.org.apache.http.impl.execchain.RetryExec execute
INFO: Retrying request to {s}->https://ge.apache.org:443
May 25, 2026 9:25:50 AM com.gradle.maven.extension.internal.dep.org.apache.http.impl.execchain.RetryExec execute
INFO: I/O exception (java.net.SocketException) caught when processing request to {s}->https://ge.apache.org:443: Connection reset
May 25, 2026 9:25:50 AM com.gradle.maven.extension.internal.dep.org.apache.http.impl.execchain.RetryExec execute
INFO: Retrying request to {s}->https://ge.apache.org:443
May 25, 2026 9:25:50 AM com.gradle.maven.extension.internal.dep.org.apache.http.impl.execchain.RetryExec execute
INFO: I/O exception (java.net.SocketException) caught when processing request to {s}->https://ge.apache.org:443: Connection reset
May 25, 2026 9:25:50 AM com.gradle.maven.extension.internal.dep.org.apache.http.impl.execchain.RetryExec execute
INFO: Retrying request to {s}->https://ge.apache.org:443
[INFO] Successfully collect licenses Successfully!
[WARNING] Redundant dependency com.google.errorprone:error_prone_annotations:2.18.0 release time Optional[2023-01-09] has not been maintained for 1231 days
[WARNING] Redundant dependency org.glassfish.hk2.external:aopalliance-repackaged:2.6.1 release time Optional[2019-08-23] has not been maintained for 2467 days
[WARNING] Redundant dependency com.google.j2objc:j2objc-annotations:2.8 release time Optional[2023-01-11] has not been maintained for 1229 days
[WARNING] Redundant dependency org.checkerframework:checker-qual:3.33.0 release time Optional[2023-04-03] has not been maintained for 1148 days
[INFO] ALL DEPENDENCY[76]:
[INFO]  USED DEPENDENCY[71]:
[INFO]   USED DIRECT DEPENDENCY[29]:
[INFO] 		org.eclipse.jetty:jetty-http:9.4.57.v20241219:compile [244 KB]
[INFO] 		org.apache.iotdb:iotdb-thrift:2.0.5:compile [6 MB]
[INFO] 		org.xerial:sqlite-jdbc:3.49.1.0:compile [13 MB]
[INFO] 		org.apache.tsfile:tsfile:2.1.1:compile [1 MB]
[INFO] 		jakarta.ws.rs:jakarta.ws.rs-api:2.1.6:compile [137 KB]
[INFO] 		com.google.code.findbugs:jsr305:3.0.2:compile [19 KB]
[INFO] 		org.apache.kafka:kafka-clients:2.8.2:compile [4 MB]
[INFO] 		org.apache.tsfile:common:2.1.1:compile [48 KB]
[INFO] 		org.apache.iotdb:iotdb-session:2.0.5:compile [247 KB]
[INFO] 		org.apache.iotdb:service-rpc:2.0.5:compile [146 KB]
[INFO] 		commons-codec:commons-codec:1.16.0:compile [352 KB]
[INFO] 		com.github.ben-manes.caffeine:caffeine:2.9.3:compile [890 KB]
[INFO] 		org.apache.commons:commons-lang3:3.13.0:compile [617 KB]
[INFO] 		org.eclipse.jetty:jetty-servlet:9.4.57.v20241219:compile [142 KB]
[INFO] 		org.glassfish.jersey.inject:jersey-hk2:2.40:compile [76 KB]
[INFO] 		org.apache.iotdb:pipe-api:2.0.5:compile [35 KB]
[INFO] 		jakarta.servlet:jakarta.servlet-api:4.0.4:compile [81 KB]
[INFO] 		ch.qos.logback:logback-classic:1.3.15:compile [268 KB]
[INFO] 		com.lmax:disruptor:3.4.4:compile [82 KB]
[INFO] 		org.apache.thrift:libthrift:0.14.1:compile [298 KB]
[INFO] 		com.google.guava:guava:32.1.2-jre:compile [2 MB]
[INFO] 		com.github.luben:zstd-jni:1.5.5-5:compile [5 MB]
[INFO] 		org.eclipse.jetty:jetty-util:9.4.57.v20241219:compile [575 KB]
[INFO] 		org.apache.iotdb:collector-openapi:2.0.4-SNAPSHOT:compile [68 KB]
[INFO] 		commons-io:commons-io:2.14.0:compile [482 KB]
[INFO] 		org.apache.iotdb:iotdb-thrift-commons:2.0.5:compile [454 KB]
[INFO] 		org.glassfish.jersey.containers:jersey-container-servlet-core:2.40:compile [71 KB]
[INFO] 		org.eclipse.jetty:jetty-server:9.4.57.v20241219:compile [722 KB]
[INFO] 		org.slf4j:slf4j-api:2.0.9:compile [63 KB]
[INFO]   USED TRANSITIVE DEPENDENCY[42]:
[INFO] 		io.swagger:swagger-jaxrs:1.6.14:compile [68 KB]
[INFO] 		jakarta.annotation:jakarta.annotation-api:1.3.5:compile [24 KB]
[INFO] 		org.reflections:reflections:0.10.2:compile [127 KB]
[INFO] 		org.glassfish.jersey.core:jersey-client:2.40:compile [294 KB]
[INFO] 		org.eclipse.jetty:jetty-io:9.4.57.v20241219:compile [178 KB]
[INFO] 		jakarta.validation:jakarta.validation-api:2.0.2:compile [89 KB]
[INFO] 		org.apache.httpcomponents:httpcore:4.4.12:compile [320 KB]
[INFO] 		org.apache.httpcomponents:httpclient:4.5.14:compile [767 KB]
[INFO] 		com.fasterxml.jackson.dataformat:jackson-dataformat-yaml:2.17.0:compile [54 KB]
[INFO] 		org.eclipse.jetty:jetty-security:9.4.57.v20241219:compile [115 KB]
[INFO] 		org.glassfish.hk2:hk2-utils:2.6.1:compile [128 KB]
[INFO] 		org.yaml:snakeyaml:2.2:compile [326 KB]
[INFO] 		jakarta.xml.bind:jakarta.xml.bind-api:2.3.3:compile [112 KB]
[INFO] 		io.swagger:swagger-core:1.6.14:compile [119 KB]
[INFO] 		com.google.guava:listenablefuture:9999.0-empty-to-avoid-conflict-with-guava:compile [2 KB]
[INFO] 		org.tukaani:xz:1.10:compile [164 KB]
[INFO] 		org.lz4:lz4-java:1.8.0:compile [666 KB]
[INFO] 		org.jvnet.mimepull:mimepull:1.9.15:compile [63 KB]
[INFO] 		org.javassist:javassist:3.29.2-GA:compile [775 KB]
[INFO] 		org.glassfish.hk2:hk2-locator:2.6.1:compile [198 KB]
[INFO] 		com.fasterxml.jackson.jaxrs:jackson-jaxrs-json-provider:2.16.2:compile [16 KB]
[INFO] 		com.fasterxml.jackson.core:jackson-databind:2.16.2:compile [1 MB]
[INFO] 		com.fasterxml.jackson.datatype:jackson-datatype-jsr310:2.16.2:compile [124 KB]
[INFO] 		commons-logging:commons-logging:1.2:compile [60 KB]
[INFO] 		com.fasterxml.jackson.core:jackson-core:2.16.2:compile [569 KB]
[INFO] 		ch.qos.logback:logback-core:1.3.15:compile [558 KB]
[INFO] 		org.glassfish.jersey.core:jersey-server:2.40:compile [928 KB]
[INFO] 		com.fasterxml.jackson.jaxrs:jackson-jaxrs-base:2.16.2:compile [31 KB]
[INFO] 		org.glassfish.hk2:osgi-resource-locator:1.0.3:compile [19 KB]
[INFO] 		org.apache.iotdb:isession:2.0.5:compile [27 KB]
[INFO] 		org.glassfish.jersey.core:jersey-common:2.40:compile [1 MB]
[INFO] 		org.xerial.snappy:snappy-java:1.1.10.5:compile [2 MB]
[INFO] 		jakarta.activation:jakarta.activation-api:1.2.2:compile [45 KB]
[INFO] 		org.glassfish.hk2:hk2-api:2.6.1:compile [195 KB]
[INFO] 		io.swagger:swagger-models:1.6.14:compile [154 KB]
[INFO] 		com.google.guava:failureaccess:1.0.1:compile [4 KB]
[INFO] 		io.swagger:swagger-annotations:1.6.14:compile [20 KB]
[INFO] 		org.antlr:antlr4-runtime:4.9.3:compile [328 KB]
[INFO] 		com.fasterxml.jackson.module:jackson-module-jaxb-annotations:2.16.2:compile [36 KB]
[INFO] 		org.glassfish.hk2.external:jakarta.inject:2.6.1:compile [17 KB]
[INFO] 		org.glassfish.jersey.media:jersey-media-multipart:2.40:compile [79 KB]
[INFO] 		com.fasterxml.jackson.core:jackson-annotations:2.16.2:compile [76 KB]
[INFO]   USED INHERIT DIRECT DEPENDENCY[0]:
[INFO]   USED INHERIT TRANSITIVE DEPENDENCY[0]:
[INFO]  UNUSED DEPENDENCY[5]:
[INFO]   UNUSED DIRECT DEPENDENCY[0]:
[INFO]   UNUSED TRANSITIVE DEPENDENCY[5]:
[INFO] 		org.checkerframework:checker-qual:3.33.0:compile [218 KB]
[INFO] 		com.google.errorprone:error_prone_annotations:2.18.0:compile [15 KB]
[INFO] 		org.glassfish.hk2.external:aopalliance-repackaged:2.6.1:compile [26 KB]
[INFO] 		com.google.j2objc:j2objc-annotations:2.8:compile [9 KB]
[INFO] 		org.eclipse.jetty:jetty-util-ajax:9.4.57.v20241219:compile [65 KB]
[INFO]   UNUSED INHERIT DIRECT DEPENDENCY[0]:
[INFO]   UNUSED INHERIT TRANSITIVE DEPENDENCY[0]:
May 25, 2026 9:26:03 AM com.gradle.maven.extension.internal.dep.org.apache.http.impl.execchain.RetryExec execute
INFO: I/O exception (java.net.SocketException) caught when processing request to {s}->https://ge.apache.org:443: Connection reset
May 25, 2026 9:26:03 AM com.gradle.maven.extension.internal.dep.org.apache.http.impl.execchain.RetryExec execute
INFO: Retrying request to {s}->https://ge.apache.org:443
May 25, 2026 9:26:03 AM com.gradle.maven.extension.internal.dep.org.apache.http.impl.execchain.RetryExec execute
INFO: I/O exception (java.net.SocketException) caught when processing request to {s}->https://ge.apache.org:443: Connection reset
May 25, 2026 9:26:03 AM com.gradle.maven.extension.internal.dep.org.apache.http.impl.execchain.RetryExec execute
INFO: Retrying request to {s}->https://ge.apache.org:443
May 25, 2026 9:26:03 AM com.gradle.maven.extension.internal.dep.org.apache.http.impl.execchain.RetryExec execute
INFO: I/O exception (java.net.SocketException) caught when processing request to {s}->https://ge.apache.org:443: Connection reset
May 25, 2026 9:26:03 AM com.gradle.maven.extension.internal.dep.org.apache.http.impl.execchain.RetryExec execute
INFO: Retrying request to {s}->https://ge.apache.org:443
May 25, 2026 9:26:22 AM com.gradle.maven.extension.internal.dep.org.apache.http.impl.execchain.RetryExec execute
INFO: I/O exception (java.net.SocketException) caught when processing request to {s}->https://ge.apache.org:443: Connection reset
May 25, 2026 9:26:22 AM com.gradle.maven.extension.internal.dep.org.apache.http.impl.execchain.RetryExec execute
INFO: Retrying request to {s}->https://ge.apache.org:443
May 25, 2026 9:26:22 AM com.gradle.maven.extension.internal.dep.org.apache.http.impl.execchain.RetryExec execute
INFO: I/O exception (java.net.SocketException) caught when processing request to {s}->https://ge.apache.org:443: Connection reset
May 25, 2026 9:26:22 AM com.gradle.maven.extension.internal.dep.org.apache.http.impl.execchain.RetryExec execute
INFO: Retrying request to {s}->https://ge.apache.org:443
May 25, 2026 9:26:22 AM com.gradle.maven.extension.internal.dep.org.apache.http.impl.execchain.RetryExec execute
INFO: I/O exception (java.net.SocketException) caught when processing request to {s}->https://ge.apache.org:443: Connection reset
May 25, 2026 9:26:22 AM com.gradle.maven.extension.internal.dep.org.apache.http.impl.execchain.RetryExec execute
INFO: Retrying request to {s}->https://ge.apache.org:443
[INFO] mvn test successfully
[INFO] Repair Successfully
[INFO] After Repair Pom Path:/private/tmp/analysis-runs/apache-iotdb-extras/iotdb-collector/collector-core/bloatedOutput/orgapacheiotdbcollectorcore204SNAPSHOT/orgapacheiotdbcollectorcore204SNAPSHOT/pom-result.xml
[INFO] MeasureText: org.graphper.layout.AWTMeasureText was loaded as the primary measurement method.
[INFO] Print TreeCallGraph.svg, red is bloated, gray is unload
[INFO] ------------------------------------------------------------------------
[INFO] BUILD SUCCESS
[INFO] ------------------------------------------------------------------------
[INFO] Total time:  04:34 min
[INFO] Finished at: 2026-05-25T09:26:46+02:00
[INFO] ------------------------------------------------------------------------
[INFO] 1 goals, 1 executed
May 25, 2026 9:26:46 AM com.gradle.maven.extension.internal.dep.org.apache.http.impl.execchain.RetryExec execute
INFO: I/O exception (java.net.SocketException) caught when processing request to {s}->https://ge.apache.org:443: Connection reset
May 25, 2026 9:26:47 AM com.gradle.maven.extension.internal.dep.org.apache.http.impl.execchain.RetryExec execute
INFO: Retrying request to {s}->https://ge.apache.org:443
May 25, 2026 9:26:47 AM com.gradle.maven.extension.internal.dep.org.apache.http.impl.execchain.RetryExec execute
INFO: I/O exception (java.net.SocketException) caught when processing request to {s}->https://ge.apache.org:443: Connection reset
May 25, 2026 9:26:47 AM com.gradle.maven.extension.internal.dep.org.apache.http.impl.execchain.RetryExec execute
INFO: Retrying request to {s}->https://ge.apache.org:443
May 25, 2026 9:26:47 AM com.gradle.maven.extension.internal.dep.org.apache.http.impl.execchain.RetryExec execute
INFO: I/O exception (java.net.SocketException) caught when processing request to {s}->https://ge.apache.org:443: Connection reset
May 25, 2026 9:26:47 AM com.gradle.maven.extension.internal.dep.org.apache.http.impl.execchain.RetryExec execute
INFO: Retrying request to {s}->https://ge.apache.org:443
[WARNING] Unexpected error while contacting Gradle Enterprise server at https://ge.apache.org/
[WARNING] No build scan will be published: Gradle Enterprise features were not enabled due to an unexpected error while contacting Gradle Enterprise.
