[INFO] Scanning for projects...
[WARNING] This build will only read from the build cache, since the clean lifecycle is not part of the build invocation.
May 25, 2026 9:26:57 AM com.gradle.maven.extension.internal.dep.org.apache.http.impl.execchain.RetryExec execute
INFO: I/O exception (java.net.SocketException) caught when processing request to {s}->https://ge.apache.org:443: Connection reset
May 25, 2026 9:26:57 AM com.gradle.maven.extension.internal.dep.org.apache.http.impl.execchain.RetryExec execute
INFO: Retrying request to {s}->https://ge.apache.org:443
May 25, 2026 9:26:57 AM com.gradle.maven.extension.internal.dep.org.apache.http.impl.execchain.RetryExec execute
INFO: I/O exception (java.net.SocketException) caught when processing request to {s}->https://ge.apache.org:443: Connection reset
May 25, 2026 9:26:57 AM com.gradle.maven.extension.internal.dep.org.apache.http.impl.execchain.RetryExec execute
INFO: Retrying request to {s}->https://ge.apache.org:443
May 25, 2026 9:26:57 AM com.gradle.maven.extension.internal.dep.org.apache.http.impl.execchain.RetryExec execute
INFO: I/O exception (java.net.SocketException) caught when processing request to {s}->https://ge.apache.org:443: Connection reset
May 25, 2026 9:26:57 AM com.gradle.maven.extension.internal.dep.org.apache.http.impl.execchain.RetryExec execute
INFO: Retrying request to {s}->https://ge.apache.org:443
[WARNING] Unexpected error while contacting Gradle Enterprise server at https://ge.apache.org/
[INFO] 
[INFO] -------------< org.apache.iotdb:mybatis-generator-plugin >--------------
[INFO] Building IoTDB Extras: Mybatis Generator Plugin 2.0.4-SNAPSHOT
[INFO]   from pom.xml
[INFO] --------------------------------[ jar ]---------------------------------
[INFO] 
[INFO] --- slimming:1.0:singleModuleCheck (default-cli) @ mybatis-generator-plugin ---
May 25, 2026 9:27:10 AM com.gradle.maven.extension.internal.dep.org.apache.http.impl.execchain.RetryExec execute
INFO: I/O exception (java.net.SocketException) caught when processing request to {s}->https://ge.apache.org:443: Connection reset
May 25, 2026 9:27:10 AM com.gradle.maven.extension.internal.dep.org.apache.http.impl.execchain.RetryExec execute
INFO: Retrying request to {s}->https://ge.apache.org:443
May 25, 2026 9:27:10 AM com.gradle.maven.extension.internal.dep.org.apache.http.impl.execchain.RetryExec execute
INFO: I/O exception (java.net.SocketException) caught when processing request to {s}->https://ge.apache.org:443: Connection reset
May 25, 2026 9:27:10 AM com.gradle.maven.extension.internal.dep.org.apache.http.impl.execchain.RetryExec execute
INFO: Retrying request to {s}->https://ge.apache.org:443
May 25, 2026 9:27:10 AM com.gradle.maven.extension.internal.dep.org.apache.http.impl.execchain.RetryExec execute
INFO: I/O exception (java.net.SocketException) caught when processing request to {s}->https://ge.apache.org:443: Connection reset
May 25, 2026 9:27:10 AM com.gradle.maven.extension.internal.dep.org.apache.http.impl.execchain.RetryExec execute
INFO: Retrying request to {s}->https://ge.apache.org:443
May 25, 2026 9:27:21 AM com.gradle.maven.extension.internal.dep.org.apache.http.impl.execchain.RetryExec execute
INFO: I/O exception (java.net.SocketException) caught when processing request to {s}->https://ge.apache.org:443: Connection reset
May 25, 2026 9:27:21 AM com.gradle.maven.extension.internal.dep.org.apache.http.impl.execchain.RetryExec execute
INFO: Retrying request to {s}->https://ge.apache.org:443
May 25, 2026 9:27:21 AM com.gradle.maven.extension.internal.dep.org.apache.http.impl.execchain.RetryExec execute
INFO: I/O exception (java.net.SocketException) caught when processing request to {s}->https://ge.apache.org:443: Connection reset
May 25, 2026 9:27:21 AM com.gradle.maven.extension.internal.dep.org.apache.http.impl.execchain.RetryExec execute
INFO: Retrying request to {s}->https://ge.apache.org:443
May 25, 2026 9:27:21 AM com.gradle.maven.extension.internal.dep.org.apache.http.impl.execchain.RetryExec execute
INFO: I/O exception (java.net.SocketException) caught when processing request to {s}->https://ge.apache.org:443: Connection reset
May 25, 2026 9:27:21 AM com.gradle.maven.extension.internal.dep.org.apache.http.impl.execchain.RetryExec execute
INFO: Retrying request to {s}->https://ge.apache.org:443
[INFO] mvn test successfully
[INFO] The project has no target/test-classes folder
[Fatal Error] generatorConfig.xml:1:48: DOCTYPE is disallowed when the feature "http://apache.org/xml/features/disallow-doctype-decl" set to true.
[INFO] ------------------------------------------------------------------------
[INFO] ---------------------------< START ANALYSE >----------------------------
[INFO] ------------------------------------------------------------------------
[INFO] *************************** S L I M M I N G ****************************
[INFO] ------------------------------------------------------------------------
May 25, 2026 9:27:42 AM com.gradle.maven.extension.internal.dep.org.apache.http.impl.execchain.RetryExec execute
INFO: I/O exception (java.net.SocketException) caught when processing request to {s}->https://ge.apache.org:443: Connection reset
May 25, 2026 9:27:42 AM com.gradle.maven.extension.internal.dep.org.apache.http.impl.execchain.RetryExec execute
INFO: Retrying request to {s}->https://ge.apache.org:443
May 25, 2026 9:27:42 AM com.gradle.maven.extension.internal.dep.org.apache.http.impl.execchain.RetryExec execute
INFO: I/O exception (java.net.SocketException) caught when processing request to {s}->https://ge.apache.org:443: Connection reset
May 25, 2026 9:27:42 AM com.gradle.maven.extension.internal.dep.org.apache.http.impl.execchain.RetryExec execute
INFO: Retrying request to {s}->https://ge.apache.org:443
May 25, 2026 9:27:42 AM com.gradle.maven.extension.internal.dep.org.apache.http.impl.execchain.RetryExec execute
INFO: I/O exception (java.net.SocketException) caught when processing request to {s}->https://ge.apache.org:443: Connection reset
May 25, 2026 9:27:42 AM com.gradle.maven.extension.internal.dep.org.apache.http.impl.execchain.RetryExec execute
INFO: Retrying request to {s}->https://ge.apache.org:443
May 25, 2026 9:27:47 AM com.gradle.maven.extension.internal.dep.org.apache.http.impl.execchain.RetryExec execute
INFO: I/O exception (java.net.SocketException) caught when processing request to {s}->https://ge.apache.org:443: Connection reset
May 25, 2026 9:27:47 AM com.gradle.maven.extension.internal.dep.org.apache.http.impl.execchain.RetryExec execute
INFO: Retrying request to {s}->https://ge.apache.org:443
May 25, 2026 9:27:47 AM com.gradle.maven.extension.internal.dep.org.apache.http.impl.execchain.RetryExec execute
INFO: I/O exception (java.net.SocketException) caught when processing request to {s}->https://ge.apache.org:443: Connection reset
May 25, 2026 9:27:47 AM com.gradle.maven.extension.internal.dep.org.apache.http.impl.execchain.RetryExec execute
INFO: Retrying request to {s}->https://ge.apache.org:443
May 25, 2026 9:27:47 AM com.gradle.maven.extension.internal.dep.org.apache.http.impl.execchain.RetryExec execute
INFO: I/O exception (java.net.SocketException) caught when processing request to {s}->https://ge.apache.org:443: Connection reset
May 25, 2026 9:27:47 AM com.gradle.maven.extension.internal.dep.org.apache.http.impl.execchain.RetryExec execute
INFO: Retrying request to {s}->https://ge.apache.org:443
[INFO] Successfully collect licenses Successfully!
[INFO] ALL DEPENDENCY[1]:
[INFO]  USED DEPENDENCY[1]:
[INFO]   USED DIRECT DEPENDENCY[1]:
[INFO] 		org.mybatis.generator:mybatis-generator-core:1.4.2:compile [710 KB]
[INFO]   USED TRANSITIVE DEPENDENCY[0]:
[INFO]   USED INHERIT DIRECT DEPENDENCY[0]:
[INFO]   USED INHERIT TRANSITIVE DEPENDENCY[0]:
[INFO]  UNUSED DEPENDENCY[0]:
[INFO]   UNUSED DIRECT DEPENDENCY[0]:
[INFO]   UNUSED TRANSITIVE DEPENDENCY[0]:
[INFO]   UNUSED INHERIT DIRECT DEPENDENCY[0]:
[INFO]   UNUSED INHERIT TRANSITIVE DEPENDENCY[0]:
[INFO] No Bloated
[INFO] MeasureText: org.graphper.layout.AWTMeasureText was loaded as the primary measurement method.
[INFO] Print TreeCallGraph.svg, red is bloated, gray is unload
[INFO] ------------------------------------------------------------------------
[INFO] BUILD SUCCESS
[INFO] ------------------------------------------------------------------------
[INFO] Total time:  56.194 s
[INFO] Finished at: 2026-05-25T09:27:52+02:00
[INFO] ------------------------------------------------------------------------
[INFO] 1 goals, 1 executed
May 25, 2026 9:27:52 AM com.gradle.maven.extension.internal.dep.org.apache.http.impl.execchain.RetryExec execute
INFO: I/O exception (java.net.SocketException) caught when processing request to {s}->https://ge.apache.org:443: Connection reset
May 25, 2026 9:27:52 AM com.gradle.maven.extension.internal.dep.org.apache.http.impl.execchain.RetryExec execute
INFO: Retrying request to {s}->https://ge.apache.org:443
May 25, 2026 9:27:52 AM com.gradle.maven.extension.internal.dep.org.apache.http.impl.execchain.RetryExec execute
INFO: I/O exception (java.net.SocketException) caught when processing request to {s}->https://ge.apache.org:443: Connection reset
May 25, 2026 9:27:52 AM com.gradle.maven.extension.internal.dep.org.apache.http.impl.execchain.RetryExec execute
INFO: Retrying request to {s}->https://ge.apache.org:443
May 25, 2026 9:27:52 AM com.gradle.maven.extension.internal.dep.org.apache.http.impl.execchain.RetryExec execute
INFO: I/O exception (java.net.SocketException) caught when processing request to {s}->https://ge.apache.org:443: Connection reset
May 25, 2026 9:27:52 AM com.gradle.maven.extension.internal.dep.org.apache.http.impl.execchain.RetryExec execute
INFO: Retrying request to {s}->https://ge.apache.org:443
[WARNING] Unexpected error while contacting Gradle Enterprise server at https://ge.apache.org/
[WARNING] No build scan will be published: Gradle Enterprise features were not enabled due to an unexpected error while contacting Gradle Enterprise.
