[INFO] Scanning for projects...
[INFO] 
[INFO] ---------------< com.sebastian-daschner:favorite-coffee >---------------
[INFO] Building favorite-coffee 1.0
[INFO]   from pom.xml
[INFO] --------------------------------[ jar ]---------------------------------
[INFO] 
[INFO] --- slimming:1.0:singleModuleCheck (default-cli) @ favorite-coffee ---
[INFO] mvn test successfully
[INFO] The project has no target/test-classes folder
java.nio.file.NotDirectoryException: /META-INF/versions
	at jdk.zipfs/jdk.nio.zipfs.ZipDirectoryStream.<init>(ZipDirectoryStream.java:58)
	at jdk.zipfs/jdk.nio.zipfs.ZipPath.newDirectoryStream(ZipPath.java:755)
	at jdk.zipfs/jdk.nio.zipfs.ZipFileSystemProvider.newDirectoryStream(ZipFileSystemProvider.java:262)
	at java.base/java.nio.file.Files.newDirectoryStream(Files.java:482)
	at java.base/java.nio.file.Files.list(Files.java:3792)
	at sootup.java.bytecode.inputlocation.PathBasedAnalysisInputLocation$MultiReleaseJarAnalysisInputLocation.<init>(PathBasedAnalysisInputLocation.java:282)
	at sootup.java.bytecode.inputlocation.PathBasedAnalysisInputLocation$MultiReleaseJarAnalysisInputLocation.<init>(PathBasedAnalysisInputLocation.java:256)
	at sootup.java.bytecode.inputlocation.PathBasedAnalysisInputLocation.<init>(PathBasedAnalysisInputLocation.java:109)
	at sootup.java.bytecode.inputlocation.JavaClassPathAnalysisInputLocation.inputLocationForPath(JavaClassPathAnalysisInputLocation.java:207)
	at sootup.java.bytecode.inputlocation.JavaClassPathAnalysisInputLocation.lambda$explodeClassPath$1(JavaClassPathAnalysisInputLocation.java:235)
	at java.base/java.util.stream.ReferencePipeline$7$1.accept(ReferencePipeline.java:273)
	at java.base/java.util.stream.DistinctOps$1$2.accept(DistinctOps.java:174)
	at java.base/java.util.stream.ReferencePipeline$3$1.accept(ReferencePipeline.java:197)
	at java.base/java.util.stream.Streams$StreamBuilderImpl.forEachRemaining(Streams.java:411)
	at java.base/java.util.stream.ReferencePipeline$Head.forEach(ReferencePipeline.java:762)
	at java.base/java.util.stream.ReferencePipeline$7$1.accept(ReferencePipeline.java:276)
	at java.base/java.util.Spliterators$ArraySpliterator.forEachRemaining(Spliterators.java:992)
	at java.base/java.util.stream.AbstractPipeline.copyInto(AbstractPipeline.java:509)
	at java.base/java.util.stream.AbstractPipeline.wrapAndCopyInto(AbstractPipeline.java:499)
	at java.base/java.util.stream.ReduceOps$ReduceOp.evaluateSequential(ReduceOps.java:921)
	at java.base/java.util.stream.AbstractPipeline.evaluate(AbstractPipeline.java:234)
	at java.base/java.util.stream.ReferencePipeline.collect(ReferencePipeline.java:682)
	at sootup.java.bytecode.inputlocation.JavaClassPathAnalysisInputLocation.explodeClassPath(JavaClassPathAnalysisInputLocation.java:236)
	at sootup.java.bytecode.inputlocation.JavaClassPathAnalysisInputLocation.explodeClassPath(JavaClassPathAnalysisInputLocation.java:221)
	at sootup.java.bytecode.inputlocation.JavaClassPathAnalysisInputLocation.<init>(JavaClassPathAnalysisInputLocation.java:94)
	at neu.lab.n.a.g(SootUpTools.java:76)
	at neu.lab.SingleModuleMojo.bloatedDependencyCheck(SingleModuleMojo.java:259)
	at neu.lab.SingleModuleMojo.execute(SingleModuleMojo.java:149)
	at org.apache.maven.plugin.DefaultBuildPluginManager.executeMojo(DefaultBuildPluginManager.java:126)
	at org.apache.maven.lifecycle.internal.MojoExecutor.doExecute2(MojoExecutor.java:328)
	at org.apache.maven.lifecycle.internal.MojoExecutor.doExecute(MojoExecutor.java:316)
	at org.apache.maven.lifecycle.internal.MojoExecutor.execute(MojoExecutor.java:212)
	at org.apache.maven.lifecycle.internal.MojoExecutor.execute(MojoExecutor.java:174)
	at org.apache.maven.lifecycle.internal.MojoExecutor.access$000(MojoExecutor.java:75)
	at org.apache.maven.lifecycle.internal.MojoExecutor$1.run(MojoExecutor.java:162)
	at org.apache.maven.plugin.DefaultMojosExecutionStrategy.execute(DefaultMojosExecutionStrategy.java:39)
	at org.apache.maven.lifecycle.internal.MojoExecutor.execute(MojoExecutor.java:159)
	at org.apache.maven.lifecycle.internal.LifecycleModuleBuilder.buildProject(LifecycleModuleBuilder.java:105)
	at org.apache.maven.lifecycle.internal.LifecycleModuleBuilder.buildProject(LifecycleModuleBuilder.java:73)
	at org.apache.maven.lifecycle.internal.builder.singlethreaded.SingleThreadedBuilder.build(SingleThreadedBuilder.java:53)
	at org.apache.maven.lifecycle.internal.LifecycleStarter.execute(LifecycleStarter.java:118)
	at org.apache.maven.DefaultMaven.doExecute(DefaultMaven.java:261)
	at org.apache.maven.DefaultMaven.doExecute(DefaultMaven.java:173)
	at org.apache.maven.DefaultMaven.execute(DefaultMaven.java:101)
	at org.apache.maven.cli.MavenCli.execute(MavenCli.java:906)
	at org.apache.maven.cli.MavenCli.doMain(MavenCli.java:283)
	at org.apache.maven.cli.MavenCli.main(MavenCli.java:206)
	at java.base/jdk.internal.reflect.NativeMethodAccessorImpl.invoke0(Native Method)
	at java.base/jdk.internal.reflect.NativeMethodAccessorImpl.invoke(NativeMethodAccessorImpl.java:77)
	at java.base/jdk.internal.reflect.DelegatingMethodAccessorImpl.invoke(DelegatingMethodAccessorImpl.java:43)
	at java.base/java.lang.reflect.Method.invoke(Method.java:568)
	at org.codehaus.plexus.classworlds.launcher.Launcher.launchEnhanced(Launcher.java:255)
	at org.codehaus.plexus.classworlds.launcher.Launcher.launch(Launcher.java:201)
	at org.codehaus.plexus.classworlds.launcher.Launcher.mainWithExitCode(Launcher.java:361)
	at org.codehaus.plexus.classworlds.launcher.Launcher.main(Launcher.java:314)
[INFO] ------------------------------------------------------------------------
[INFO] ---------------------------< START ANALYSE >----------------------------
[INFO] ------------------------------------------------------------------------
[INFO] *************************** S L I M M I N G ****************************
[INFO] ------------------------------------------------------------------------
[INFO] Successfully collect licenses Successfully!
[WARNING] Redundant dependency io.quarkus:quarkus-ide-launcher:2.13.3.Final release time Optional[2022-10-19] has not been maintained for 1314 days
[WARNING] Redundant dependency io.smallrye.reactive:smallrye-mutiny-vertx-bridge-common:2.27.0 release time Optional[2022-09-30] has not been maintained for 1333 days
[WARNING] Redundant dependency io.smallrye.common:smallrye-common-io:1.13.1 release time Optional[2022-09-01] has not been maintained for 1362 days
[WARNING] Redundant dependency org.jboss.spec.javax.xml.bind:jboss-jaxb-api_2.3_spec:2.0.0.Final release time Optional[2019-09-11] has not been maintained for 2448 days
[WARNING] Redundant dependency com.sun.activation:jakarta.activation:1.2.1 release time Optional[2018-11-20] has not been maintained for 2742 days
[WARNING] Redundant dependency org.jboss.logging:jboss-logging-annotations:2.2.1.Final release time Optional[2019-11-21] has not been maintained for 2376 days
[WARNING] Redundant dependency io.vertx:vertx-uri-template:4.3.4 release time Optional[2022-09-30] has not been maintained for 1333 days
[WARNING] Redundant dependency io.smallrye.reactive:smallrye-mutiny-vertx-uri-template:2.27.0 release time Optional[2022-09-30] has not been maintained for 1333 days
[INFO] ALL DEPENDENCY[130]:
[INFO]  USED DEPENDENCY[122]:
[INFO]   USED DIRECT DEPENDENCY[7]:
[INFO] 		io.quarkus:quarkus-resteasy-jsonb:2.13.3.Final:compile [11 KB]
[INFO] 		io.quarkus:quarkus-smallrye-health:2.13.3.Final:compile [19 KB]
[INFO] 		org.assertj:assertj-core:3.20.2:test [4 MB]
[INFO] 		org.junit.jupiter:junit-jupiter-engine:5.7.2:test [207 KB]
[INFO] 		org.junit.jupiter:junit-jupiter-api:5.7.2:test [171 KB]
[INFO] 		io.quarkus:quarkus-resteasy-qute:2.13.3.Final:compile [7 KB]
[INFO] 		org.neo4j:neo4j-ogm-quarkus:2.1.0:compile [9 KB]
[INFO]   USED TRANSITIVE DEPENDENCY[115]:
[INFO] 		com.aayushatharva.brotli4j:brotli4j:1.8.0:compile [40 KB]
[INFO] 		io.netty:netty-transport-native-unix-common:4.1.82.Final:compile [42 KB]
[INFO] 		org.eclipse:yasson:1.0.11:compile [356 KB]
[INFO] 		io.netty:netty-codec-http:4.1.82.Final:compile [630 KB]
[INFO] 		com.aayushatharva.brotli4j:native-osx-x86_64:1.8.0:compile [494 KB]
[INFO] 		io.smallrye.config:smallrye-config-core:2.12.0:compile [256 KB]
[INFO] 		org.eclipse.microprofile.context-propagation:microprofile-context-propagation-api:1.2:compile [16 KB]
[INFO] 		io.quarkus:quarkus-development-mode-spi:2.13.3.Final:compile [42 KB]
[INFO] 		com.fasterxml.jackson.datatype:jackson-datatype-jsr310:2.13.4:compile [118 KB]
[INFO] 		org.opentest4j:opentest4j:1.2.0:test [7 KB]
[INFO] 		jakarta.interceptor:jakarta.interceptor-api:1.2.5:compile [24 KB]
[INFO] 		com.fasterxml.jackson.core:jackson-annotations:2.13.4:compile [73 KB]
[INFO] 		io.vertx:vertx-web:4.3.4:compile [351 KB]
[INFO] 		io.smallrye.reactive:smallrye-mutiny-vertx-core:2.27.0:compile [282 KB]
[INFO] 		io.quarkus:quarkus-security-runtime-spi:2.13.3.Final:compile [6 KB]
[INFO] 		org.neo4j:neo4j-ogm-bolt-driver:4.0.1:compile [35 KB]
[INFO] 		io.netty:netty-codec-haproxy:4.1.82.Final:compile [35 KB]
[INFO] 		com.fasterxml.jackson.datatype:jackson-datatype-jdk8:2.13.4:compile [33 KB]
[INFO] 		io.netty:netty-codec-socks:4.1.82.Final:compile [116 KB]
[INFO] 		com.fasterxml.jackson.core:jackson-databind:2.13.4.2:compile [1 MB]
[INFO] 		io.smallrye:smallrye-context-propagation-api:1.2.2:compile [7 KB]
[INFO] 		io.quarkus:quarkus-vertx:2.13.3.Final:compile [101 KB]
[INFO] 		jakarta.enterprise:jakarta.enterprise.cdi-api:2.0.2:compile [106 KB]
[INFO] 		org.neo4j:neo4j-ogm-api:4.0.1:compile [103 KB]
[INFO] 		jakarta.el:jakarta.el-api:3.0.3:compile [77 KB]
[INFO] 		io.netty:netty-resolver-dns:4.1.82.Final:compile [153 KB]
[INFO] 		org.eclipse.microprofile.health:microprofile-health-api:3.1:compile [16 KB]
[INFO] 		org.jboss.slf4j:slf4j-jboss-logmanager:1.2.0.Final:compile [11 KB]
[INFO] 		org.junit.platform:junit-platform-engine:1.9.1:test [183 KB]
[INFO] 		io.smallrye.common:smallrye-common-classloader:1.13.1:compile [12 KB]
[INFO] 		io.smallrye.common:smallrye-common-annotation:1.13.1:compile [6 KB]
[INFO] 		org.jboss.resteasy:resteasy-json-p-provider:4.7.7.Final:compile [14 KB]
[INFO] 		com.fasterxml.jackson.core:jackson-core:2.13.4:compile [366 KB]
[INFO] 		io.quarkus:quarkus-vertx-http:2.13.3.Final:compile [455 KB]
[INFO] 		io.smallrye.common:smallrye-common-expression:1.13.1:compile [19 KB]
[INFO] 		io.quarkus:quarkus-jsonb:2.13.3.Final:compile [6 KB]
[INFO] 		io.github.crac:org-crac:0.1.1:compile [9 KB]
[INFO] 		org.neo4j.driver:neo4j-java-driver:5.3.1:compile [630 KB]
[INFO] 		io.quarkus:quarkus-fs-util:0.0.9:compile [23 KB]
[INFO] 		io.smallrye.reactive:mutiny:1.7.0:compile [838 KB]
[INFO] 		io.smallrye.reactive:smallrye-mutiny-vertx-auth-common:2.27.0:compile [37 KB]
[INFO] 		io.netty:netty-common:4.1.82.Final:compile [638 KB]
[INFO] 		jakarta.transaction:jakarta.transaction-api:1.3.3:compile [15 KB]
[INFO] 		io.quarkus:quarkus-resteasy:2.13.3.Final:compile [87 KB]
[INFO] 		org.glassfish:jakarta.json:1.1.6:compile [137 KB]
[INFO] 		io.netty:netty-codec-http2:4.1.82.Final:compile [463 KB]
[INFO] 		org.junit.platform:junit-platform-commons:1.9.1:test [100 KB]
[INFO] 		io.smallrye.common:smallrye-common-function:1.13.1:compile [43 KB]
[INFO] 		org.graalvm.sdk:graal-sdk:22.2.0:compile [644 KB]
[INFO] 		org.jboss.spec.javax.ws.rs:jboss-jaxrs-api_2.1_spec:2.0.1.Final:compile [143 KB]
[INFO] 		io.quarkus:quarkus-smallrye-context-propagation:2.13.3.Final:compile [11 KB]
[INFO] 		io.smallrye.common:smallrye-common-constraint:1.13.1:compile [11 KB]
[INFO] 		io.smallrye.reactive:smallrye-mutiny-vertx-web:2.27.0:compile [137 KB]
[INFO] 		io.smallrye.reactive:smallrye-mutiny-vertx-runtime:2.27.0:compile [26 KB]
[INFO] 		io.quarkus:quarkus-arc:2.13.3.Final:compile [66 KB]
[INFO] 		jakarta.annotation:jakarta.annotation-api:1.3.5:compile [24 KB]
[INFO] 		org.jboss.logging:jboss-logging:3.5.0.Final:compile [61 KB]
[INFO] 		io.netty:netty-codec:4.1.82.Final:compile [331 KB]
[INFO] 		io.quarkus:quarkus-mutiny:2.13.3.Final:compile [12 KB]
[INFO] 		io.netty:netty-transport:4.1.82.Final:compile [474 KB]
[INFO] 		io.smallrye.config:smallrye-config-common:2.12.0:compile [10 KB]
[INFO] 		io.netty:netty-tcnative-classes:2.0.54.Final:compile [34 KB]
[INFO] 		io.vertx:vertx-codegen:4.3.4:compile [199 KB]
[INFO] 		io.quarkus:quarkus-jsonp:2.13.3.Final:compile [2 KB]
[INFO] 		io.smallrye:smallrye-health:3.3.0:compile [29 KB]
[INFO] 		io.vertx:vertx-core:4.3.4:compile [1 MB]
[INFO] 		commons-io:commons-io:2.11.0:compile [319 KB]
[INFO] 		org.jboss.logmanager:jboss-logmanager-embedded:1.0.10:compile [258 KB]
[INFO] 		io.quarkus:quarkus-credentials:2.13.3.Final:compile [3 KB]
[INFO] 		io.smallrye:smallrye-context-propagation-storage:1.2.2:compile [7 KB]
[INFO] 		io.netty:netty-handler-proxy:4.1.82.Final:compile [23 KB]
[INFO] 		io.projectreactor:reactor-core:3.4.26:compile [1 MB]
[INFO] 		io.smallrye:smallrye-health-provided-checks:3.3.0:compile [15 KB]
[INFO] 		org.reactivestreams:reactive-streams:1.0.3:compile [11 KB]
[INFO] 		io.smallrye:smallrye-context-propagation:1.2.2:compile [93 KB]
[INFO] 		io.smallrye:smallrye-fault-tolerance-vertx:5.5.0:compile [6 KB]
[INFO] 		io.smallrye.reactive:mutiny-smallrye-context-propagation:1.7.0:compile [20 KB]
[INFO] 		com.ibm.async:asyncutil:0.1.0:compile [117 KB]
[INFO] 		org.jboss.resteasy:resteasy-core-spi:4.7.7.Final:compile [180 KB]
[INFO] 		io.vertx:vertx-bridge-common:4.3.4:compile [10 KB]
[INFO] 		io.quarkus.arc:arc:2.13.3.Final:compile [205 KB]
[INFO] 		org.jboss.resteasy:resteasy-core:4.7.7.Final:compile [775 KB]
[INFO] 		io.smallrye.config:smallrye-config:2.12.0:compile [33 KB]
[INFO] 		io.quarkiverse.neo4j:quarkus-neo4j:2.1.0:compile [22 KB]
[INFO] 		org.neo4j:neo4j-ogm-core:4.0.1:compile [419 KB]
[INFO] 		io.quarkus:quarkus-qute:2.13.3.Final:compile [64 KB]
[INFO] 		io.github.classgraph:classgraph:4.8.151:compile [546 KB]
[INFO] 		io.quarkus:quarkus-resteasy-common:2.13.3.Final:compile [24 KB]
[INFO] 		io.quarkus:quarkus-bootstrap-runner:2.13.3.Final:compile [41 KB]
[INFO] 		io.quarkus:quarkus-vertx-latebound-mdc-provider:2.13.3.Final:compile [5 KB]
[INFO] 		org.slf4j:slf4j-api:1.7.36:compile [40 KB]
[INFO] 		org.jboss.resteasy:resteasy-json-binding-provider:4.7.7.Final:compile [15 KB]
[INFO] 		jakarta.validation:jakarta.validation-api:2.0.2:compile [89 KB]
[INFO] 		io.smallrye.reactive:vertx-mutiny-generator:2.27.0:compile [89 KB]
[INFO] 		org.eclipse.microprofile.config:microprofile-config-api:2.0.1:compile [18 KB]
[INFO] 		io.smallrye:smallrye-health-api:3.3.0:compile [6 KB]
[INFO] 		io.smallrye.reactive:smallrye-mutiny-vertx-web-common:2.27.0:compile [17 KB]
[INFO] 		io.vertx:vertx-auth-common:4.3.4:compile [131 KB]
[INFO] 		io.smallrye.common:smallrye-common-vertx-context:1.13.1:compile [5 KB]
[INFO] 		io.netty:netty-resolver:4.1.82.Final:compile [36 KB]
[INFO] 		org.wildfly.common:wildfly-common:1.5.4.Final-format-001:compile [299 KB]
[INFO] 		io.quarkus:quarkus-core:2.13.3.Final:compile [280 KB]
[INFO] 		io.vertx:vertx-web-common:4.3.4:compile [23 KB]
[INFO] 		io.quarkus:quarkus-resteasy-server-common:2.13.3.Final:compile [7 KB]
[INFO] 		io.quarkus.security:quarkus-security:1.1.4.Final:compile [17 KB]
[INFO] 		jakarta.inject:jakarta.inject-api:1.0:compile [4 KB]
[INFO] 		io.netty:netty-buffer:4.1.82.Final:compile [297 KB]
[INFO] 		io.netty:netty-handler:4.1.82.Final:compile [525 KB]
[INFO] 		jakarta.json.bind:jakarta.json.bind-api:1.0.2:compile [34 KB]
[INFO] 		io.quarkus:quarkus-netty:2.13.3.Final:compile [60 KB]
[INFO] 		org.jboss.threads:jboss-threads:3.4.3.Final:compile [101 KB]
[INFO] 		org.apiguardian:apiguardian-api:1.1.0:test [2 KB]
[INFO] 		io.netty:netty-codec-dns:4.1.82.Final:compile [63 KB]
[INFO] 		io.quarkus:quarkus-vertx-http-dev-console-runtime-spi:2.13.3.Final:compile [11 KB]
[INFO] 		io.quarkus.qute:qute-core:2.13.3.Final:compile [279 KB]
[INFO]   USED INHERIT DIRECT DEPENDENCY[0]:
[INFO]   USED INHERIT TRANSITIVE DEPENDENCY[0]:
[INFO]  UNUSED DEPENDENCY[8]:
[INFO]   UNUSED DIRECT DEPENDENCY[0]:
[INFO]   UNUSED TRANSITIVE DEPENDENCY[8]:
[INFO] 		io.quarkus:quarkus-ide-launcher:2.13.3.Final:compile [12 MB]
[INFO] 		org.jboss.spec.javax.xml.bind:jboss-jaxb-api_2.3_spec:2.0.0.Final:compile [110 KB]
[INFO] 		io.smallrye.reactive:smallrye-mutiny-vertx-uri-template:2.27.0:compile [7 KB]
[INFO] 		io.smallrye.common:smallrye-common-io:1.13.1:compile [8 KB]
[INFO] 		com.sun.activation:jakarta.activation:1.2.1:compile [64 KB]
[INFO] 		io.smallrye.reactive:smallrye-mutiny-vertx-bridge-common:2.27.0:compile [6 KB]
[INFO] 		org.jboss.logging:jboss-logging-annotations:2.2.1.Final:compile [20 KB]
[INFO] 		io.vertx:vertx-uri-template:4.3.4:compile [34 KB]
[INFO]   UNUSED INHERIT DIRECT DEPENDENCY[0]:
[INFO]   UNUSED INHERIT TRANSITIVE DEPENDENCY[0]:
[INFO] mvn test successfully
[INFO] Repair Successfully
[INFO] After Repair Pom Path:/private/tmp/analysis-runs/sdaschner-favorite-coffee/bloatedOutput/comsebastiandaschnerfavoritecoffee10/comsebastiandaschnerfavoritecoffee10/pom-result.xml
[INFO] MeasureText: org.graphper.layout.AWTMeasureText was loaded as the primary measurement method.
[INFO] Print TreeCallGraph.svg, red is bloated, gray is unload
[INFO] ------------------------------------------------------------------------
[INFO] BUILD SUCCESS
[INFO] ------------------------------------------------------------------------
[INFO] Total time:  02:44 min
[INFO] Finished at: 2026-05-25T09:10:51+02:00
[INFO] ------------------------------------------------------------------------
