[INFO] Scanning for projects...
[WARNING] 
[WARNING] Some problems were encountered while building the effective model for org.kairosdb:kairosdb:jar:1.4.0-SNAPSHOT
[WARNING] 'build.plugins.plugin.version' for org.apache.maven.plugins:maven-compiler-plugin is missing. @ line 519, column 15
[WARNING] 
[WARNING] It is highly recommended to fix these problems because they threaten the stability of your build.
[WARNING] 
[WARNING] For this reason, future Maven versions might no longer support building such malformed projects.
[WARNING] 
[INFO] 
[INFO] -----------------------< org.kairosdb:kairosdb >------------------------
[INFO] Building kairosdb 1.4.0-SNAPSHOT
[INFO]   from pom.xml
[INFO] --------------------------------[ jar ]---------------------------------
[INFO] Downloading from central: https://repo.maven.apache.org/maven2/com/google/guava/guava/maven-metadata.xml
[INFO] Downloaded from central: https://repo.maven.apache.org/maven2/com/google/guava/guava/maven-metadata.xml (5.9 kB at 8.7 kB/s)
[INFO] 
[INFO] --- resources:3.4.0:resources (default-resources) @ kairosdb ---
[WARNING] Using platform encoding (UTF-8 actually) to copy filtered resources, i.e. build is platform dependent!
[INFO] Copying 7 resources from src/main/resources to target/classes
[INFO] 
[INFO] --- compiler:3.15.0:compile (default-compile) @ kairosdb ---
[INFO] Recompiling the module because of changed source code.
[WARNING] File encoding has not been set, using platform encoding UTF-8, i.e. build is platform dependent!
[INFO] Compiling 361 source files with javac [debug target 17] to target/classes
[INFO] 
[INFO] --- resources:3.4.0:testResources (default-testResources) @ kairosdb ---
[INFO] Not copying test resources
[INFO] 
[INFO] --- compiler:3.15.0:testCompile (default-testCompile) @ kairosdb ---
[INFO] Not compiling test sources
[INFO] 
[INFO] --- surefire:3.5.4:test (default-test) @ kairosdb ---
[INFO] Tests are skipped.
[INFO] 
[INFO] --- jar:3.5.0:jar (default-jar) @ kairosdb ---
[INFO] Building jar: /project/target/kairosdb-1.4.0-SNAPSHOT.jar
[INFO] 
[INFO] --- install:3.1.4:install (default-install) @ kairosdb ---
[INFO] Installing /project/pom.xml to /root/.m2/repository/org/kairosdb/kairosdb/1.4.0-SNAPSHOT/kairosdb-1.4.0-SNAPSHOT.pom
[INFO] Installing /project/target/kairosdb-1.4.0-SNAPSHOT.jar to /root/.m2/repository/org/kairosdb/kairosdb/1.4.0-SNAPSHOT/kairosdb-1.4.0-SNAPSHOT.jar
[INFO] ------------------------------------------------------------------------
[INFO] BUILD SUCCESS
[INFO] ------------------------------------------------------------------------
[INFO] Total time:  39.473 s
[INFO] Finished at: 2026-09-21T20:35:07Z
[INFO] ------------------------------------------------------------------------
