 Image eclipse-temurin:17-jdk Pulling 
 12bc3e24598e Pulling fs layer 0B
 378301a10b47 Pulling fs layer 0B
 8e97448c6cbe Pulling fs layer 0B
 219586acfc56 Pulling fs layer 0B
 12bc3e24598e Download complete 0B
 219586acfc56 Download complete 0B
 378301a10b47 Downloading 2.097MB
 378301a10b47 Downloading 3.146MB
 378301a10b47 Downloading 5.243MB
 378301a10b47 Downloading 6.291MB
 378301a10b47 Downloading 6.291MB
 378301a10b47 Downloading 8.43MB
 94a431b3e7e4 Download complete 0B
 378301a10b47 Downloading 11.53MB
 8e97448c6cbe Downloading 1.049MB
 378301a10b47 Downloading 12.58MB
 8e97448c6cbe Downloading 1.049MB
 4f5d01816533 Downloading 1.049MB
 378301a10b47 Downloading 13.63MB
 8e97448c6cbe Downloading 1.049MB
 4f5d01816533 Downloading 2.097MB
 8e97448c6cbe Downloading 1.049MB
 4f5d01816533 Downloading 2.097MB
 378301a10b47 Downloading 13.63MB
 378301a10b47 Downloading 15.73MB
 8e97448c6cbe Downloading 2.097MB
 4f5d01816533 Downloading 3.146MB
 378301a10b47 Downloading 16.78MB
 8e97448c6cbe Downloading 2.097MB
 4f5d01816533 Downloading 4.194MB
 4f5d01816533 Download complete 0B
 378301a10b47 Downloading 18.87MB
 8e97448c6cbe Downloading 2.097MB
 8e97448c6cbe Downloading 3.146MB
 378301a10b47 Downloading 18.87MB
 378301a10b47 Downloading 19.92MB
 8e97448c6cbe Downloading 3.146MB
 378301a10b47 Downloading 22.02MB
 8e97448c6cbe Downloading 3.146MB
 378301a10b47 Downloading 24.12MB
 8e97448c6cbe Downloading 3.146MB
 378301a10b47 Downloading 26.21MB
 8e97448c6cbe Downloading 4.194MB
 378301a10b47 Downloading 28.31MB
 8e97448c6cbe Downloading 4.194MB
 378301a10b47 Downloading 30.41MB
 8e97448c6cbe Downloading 5.243MB
 378301a10b47 Downloading 30.41MB
 8e97448c6cbe Downloading 5.243MB
 8e97448c6cbe Downloading 5.243MB
 378301a10b47 Downloading 32.51MB
 378301a10b47 Downloading 34.6MB
 8e97448c6cbe Downloading 6.291MB
 8e97448c6cbe Downloading 6.291MB
 378301a10b47 Downloading 36.7MB
 378301a10b47 Downloading 36.7MB
 8e97448c6cbe Downloading 6.291MB
 378301a10b47 Downloading 37.75MB
 8e97448c6cbe Downloading 6.291MB
 378301a10b47 Downloading 40.89MB
 8e97448c6cbe Downloading 7.34MB
 378301a10b47 Downloading 42.99MB
 8e97448c6cbe Downloading 7.34MB
 378301a10b47 Downloading 45.09MB
 8e97448c6cbe Downloading 8.389MB
 378301a10b47 Downloading 47.19MB
 8e97448c6cbe Downloading 8.389MB
 378301a10b47 Downloading 48.23MB
 8e97448c6cbe Downloading 8.389MB
 378301a10b47 Downloading 50.33MB
 8e97448c6cbe Downloading 8.389MB
 378301a10b47 Downloading 52.43MB
 8e97448c6cbe Downloading 9.437MB
 378301a10b47 Downloading 55.57MB
 8e97448c6cbe Downloading 10.49MB
 378301a10b47 Downloading 55.57MB
 8e97448c6cbe Downloading 10.49MB
 378301a10b47 Downloading 56.62MB
 8e97448c6cbe Downloading 10.49MB
 378301a10b47 Downloading 57.67MB
 8e97448c6cbe Downloading 10.49MB
 378301a10b47 Downloading 59.77MB
 8e97448c6cbe Downloading 11.53MB
 378301a10b47 Downloading 61.87MB
 8e97448c6cbe Downloading 12.58MB
 8e97448c6cbe Downloading 12.58MB
 378301a10b47 Downloading 63.96MB
 378301a10b47 Downloading 65.01MB
 8e97448c6cbe Downloading 13.63MB
 378301a10b47 Downloading 66.06MB
 8e97448c6cbe Downloading 13.63MB
 378301a10b47 Downloading 68.16MB
 8e97448c6cbe Downloading 14.68MB
 378301a10b47 Downloading 70.25MB
 8e97448c6cbe Downloading 15.73MB
 378301a10b47 Downloading 71.3MB
 8e97448c6cbe Downloading 15.73MB
 378301a10b47 Downloading 72.35MB
 8e97448c6cbe Downloading 15.73MB
 378301a10b47 Downloading 72.35MB
 8e97448c6cbe Downloading 15.73MB
 378301a10b47 Downloading 74.45MB
 8e97448c6cbe Downloading 16.78MB
 378301a10b47 Downloading 76.55MB
 8e97448c6cbe Downloading 17.83MB
 378301a10b47 Downloading 78.64MB
 8e97448c6cbe Downloading 18.87MB
 378301a10b47 Downloading 80.74MB
 8e97448c6cbe Downloading 19.92MB
 378301a10b47 Downloading 80.74MB
 8e97448c6cbe Downloading 19.92MB
 378301a10b47 Downloading 82.84MB
 8e97448c6cbe Downloading 20.97MB
 378301a10b47 Downloading 83.89MB
 8e97448c6cbe Downloading 22.02MB
 378301a10b47 Downloading 85.98MB
 8e97448c6cbe Downloading 23.07MB
 378301a10b47 Downloading 85.98MB
 8e97448c6cbe Downloading 23.07MB
 378301a10b47 Downloading 87.03MB
 8e97448c6cbe Downloading 23.07MB
 378301a10b47 Downloading 89.13MB
 8e97448c6cbe Downloading 23.07MB
 378301a10b47 Downloading 91.23MB
 8e97448c6cbe Downloading 24.04MB
 8e97448c6cbe Downloading 24.04MB
 378301a10b47 Downloading 94.37MB
 378301a10b47 Downloading 96.47MB
 8e97448c6cbe Download complete 0B
 8e97448c6cbe Extracting 1B
 378301a10b47 Downloading 98.57MB
 8e97448c6cbe Extracting 1B
 378301a10b47 Downloading 99.61MB
 8e97448c6cbe Extracting 1B
 378301a10b47 Downloading 102.8MB
 8e97448c6cbe Extracting 1B
 378301a10b47 Downloading 105.9MB
 8e97448c6cbe Extracting 1B
 378301a10b47 Downloading 107MB
 8e97448c6cbe Extracting 1B
 378301a10b47 Downloading 108MB
 8e97448c6cbe Extracting 1B
 378301a10b47 Downloading 109.1MB
 8e97448c6cbe Extracting 1B
 378301a10b47 Downloading 111.1MB
 8e97448c6cbe Extracting 1B
 378301a10b47 Downloading 114.3MB
 8e97448c6cbe Extracting 1B
 378301a10b47 Downloading 117.4MB
 8e97448c6cbe Extracting 1B
 378301a10b47 Downloading 120.6MB
 8e97448c6cbe Extracting 2B
 378301a10b47 Downloading 121.6MB
 8e97448c6cbe Extracting 2B
 378301a10b47 Downloading 123.7MB
 8e97448c6cbe Extracting 2B
 378301a10b47 Downloading 126.9MB
 8e97448c6cbe Extracting 2B
 378301a10b47 Downloading 130MB
 8e97448c6cbe Extracting 2B
 378301a10b47 Downloading 130MB
 8e97448c6cbe Extracting 2B
 378301a10b47 Downloading 131.1MB
 8e97448c6cbe Extracting 2B
 378301a10b47 Downloading 133.2MB
 8e97448c6cbe Extracting 2B
 378301a10b47 Downloading 136.3MB
 8e97448c6cbe Extracting 2B
 378301a10b47 Downloading 139.5MB
 8e97448c6cbe Extracting 2B
 378301a10b47 Downloading 141.6MB
 8e97448c6cbe Extracting 3B
 378301a10b47 Downloading 143.7MB
 8e97448c6cbe Extracting 3B
 378301a10b47 Downloading 144.7MB
 8e97448c6cbe Extracting 3B
 378301a10b47 Downloading 145.8MB
 8e97448c6cbe Extracting 3B
 378301a10b47 Downloading 145.8MB
 8e97448c6cbe Extracting 3B
 378301a10b47 Downloading 145.8MB
 8e97448c6cbe Extracting 3B
 378301a10b47 Downloading 145.8MB
 8e97448c6cbe Extracting 3B
 378301a10b47 Downloading 145.8MB
 8e97448c6cbe Extracting 3B
 378301a10b47 Downloading 145.8MB
 8e97448c6cbe Extracting 3B
 378301a10b47 Downloading 145.8MB
 8e97448c6cbe Extracting 3B
 378301a10b47 Download complete 0B
 8e97448c6cbe Pull complete 0B
 378301a10b47 Extracting 1B
 378301a10b47 Extracting 1B
 378301a10b47 Extracting 1B
 378301a10b47 Extracting 1B
 378301a10b47 Extracting 1B
 378301a10b47 Extracting 1B
 378301a10b47 Extracting 1B
 378301a10b47 Extracting 1B
 378301a10b47 Extracting 1B
 378301a10b47 Extracting 1B
 378301a10b47 Extracting 1B
 378301a10b47 Extracting 2B
 378301a10b47 Extracting 2B
 378301a10b47 Extracting 2B
 378301a10b47 Extracting 2B
 378301a10b47 Extracting 2B
 378301a10b47 Extracting 2B
 378301a10b47 Extracting 2B
 378301a10b47 Extracting 2B
 378301a10b47 Extracting 2B
 378301a10b47 Extracting 2B
 378301a10b47 Extracting 3B
 378301a10b47 Extracting 3B
 378301a10b47 Extracting 3B
 378301a10b47 Extracting 3B
 378301a10b47 Extracting 3B
 378301a10b47 Extracting 3B
 378301a10b47 Extracting 3B
 378301a10b47 Extracting 3B
 378301a10b47 Extracting 3B
 378301a10b47 Extracting 3B
 378301a10b47 Extracting 4B
 378301a10b47 Extracting 4B
 378301a10b47 Extracting 4B
 378301a10b47 Extracting 4B
 378301a10b47 Extracting 4B
 378301a10b47 Extracting 4B
 378301a10b47 Extracting 4B
 378301a10b47 Extracting 4B
 378301a10b47 Extracting 4B
 378301a10b47 Extracting 5B
 378301a10b47 Extracting 5B
 378301a10b47 Extracting 5B
 378301a10b47 Extracting 5B
 378301a10b47 Extracting 5B
 378301a10b47 Extracting 5B
 378301a10b47 Extracting 5B
 378301a10b47 Extracting 5B
 378301a10b47 Extracting 5B
 378301a10b47 Extracting 5B
 378301a10b47 Extracting 5B
 378301a10b47 Extracting 6B
 378301a10b47 Extracting 6B
 378301a10b47 Extracting 6B
 378301a10b47 Extracting 6B
 378301a10b47 Extracting 6B
 378301a10b47 Extracting 6B
 378301a10b47 Extracting 6B
 378301a10b47 Extracting 6B
 378301a10b47 Extracting 6B
 219586acfc56 Pull complete 0B
 378301a10b47 Pull complete 0B
 12bc3e24598e Pull complete 0B
 Image eclipse-temurin:17-jdk Pulled 
 Network kairosdb_default Creating 
 Network kairosdb_default Created 
 Volume kairosdb_kairosdb_cache Creating 
 Volume kairosdb_kairosdb_cache Created 
 Container kairosdb-app Creating 
 Container kairosdb-app Created 
 Container kairosdb-app Starting 
 Container kairosdb-app Started 
 Container kairosdb-app Waiting 
 Container kairosdb-app Healthy 

[0;34m== Version endpoint — MetricsResource (Guice DI, JAX-RS) ==[0m
[0;32mPASS[0m GET  /api/v1/version                                         [2m[200, body ✓][0m
[0;32mPASS[0m GET  /api/v1/version (JSON content-type)                     [2m[200, header ✓][0m

[0;34m== Health check — HealthCheckResource (Codahale HealthCheck) ==[0m
[0;32mPASS[0m GET  /api/v1/health/check (→ 204 healthy)                  [2m[204][0m
[0;32mPASS[0m GET  /api/v1/health/status                                   [2m[200, body ✓][0m

[0;34m== Metric names — MetricsResource (Datastore query) ==[0m
[0;32mPASS[0m GET  /api/v1/metricnames (results array)                     [2m[200, body ✓][0m

[0;34m== Data ingestion — MetricsResource (DataPointsParser, Gson) ==[0m
[0;32mPASS[0m POST /api/v1/datapoints (ingest metric)                      [2m[204][0m
[0;32mPASS[0m POST /api/v1/datapoints (batch ingest)                       [2m[204][0m
[0;32mPASS[0m POST /api/v1/datapoints (invalid JSON → 400)               [2m[400, body ✓][0m
[0;32mPASS[0m POST /api/v1/datapoints (missing name → 400)               [2m[400, body ✓][0m
[0;32mPASS[0m POST /api/v1/datapoints (gzip content-encoding)              [2m[204][0m

[0;34m== Data query — MetricsResource (QueryParser, DatastoreQuery) ==[0m
[0;32mPASS[0m POST /api/v1/datapoints/query (query metric)                 [2m[200, all fields ✓][0m
[0;32mPASS[0m POST /api/v1/datapoints/query (with aggregator)              [2m[200, all fields ✓][0m
[0;32mPASS[0m POST /api/v1/datapoints/query (group_by tag)                 [2m[200, body ✓][0m
[0;32mPASS[0m POST /api/v1/datapoints/query (group_by time)                [2m[200, body ✓][0m
[0;32mPASS[0m POST /api/v1/datapoints/query (no metrics → 400)           [2m[400, body ✓][0m

[0;34m== Query tags — MetricsResource (tag query path) ==[0m
[0;32mPASS[0m POST /api/v1/datapoints/query/tags                           [2m[200, body ✓][0m

[0;34m== Features — FeaturesResource (FeatureProcessor DI) ==[0m
[0;32mPASS[0m GET  /api/v1/features (list features)                        [2m[200][0m
[0;32mPASS[0m GET  /api/v1/features/aggregators                            [2m[200, body ✓][0m
[0;32mPASS[0m GET  /api/v1/features/nonexistent (→ 404)                  [2m[404, body ✓][0m

[0;34m== Rollups — RollUpResource (RollUpTasksStore, Scheduler) ==[0m
[0;32mPASS[0m GET  /api/v1/rollups (list rollups)                          [2m[404][0m
[0;31mFAIL[0m POST /api/v1/rollups (create rollup)                         [2m[got 404, want 200|201|204][0m

[0;34m== Admin — AdminResource (QueryQueuingManager, Scheduler) ==[0m
[0;32mPASS[0m GET  /api/v1/admin/scheduledjobs                             [2m[200][0m
[0;32mPASS[0m GET  /api/v1/admin/runningqueries                            [2m[200, all fields ✓][0m

[0;34m== Metric delete — MetricsResource (H2Datastore.deleteDataPoints) ==[0m
[0;32mPASS[0m DELETE /api/v1/metric/test.metric (delete metric)            [2m[204][0m
[0;32mPASS[0m POST /api/v1/datapoints/delete (delete by query)             [2m[204][0m

[0;34m== Metadata — MetadataResource (ServiceKeyStore CRUD) ==[0m
[0;32mPASS[0m GET  /api/v1/metadata/grafana (list service keys)            [2m[200][0m
[0;32mPASS[0m POST /api/v1/metadata/grafana/smoke_key/test_val             [2m[204][0m
[0;32mPASS[0m GET  /api/v1/metadata/grafana/smoke_key                      [2m[200][0m
[0;32mPASS[0m GET  /api/v1/metadata/grafana/smoke_key/test_val             [2m[200][0m
[0;32mPASS[0m DELETE /api/v1/metadata/grafana/smoke_key/test_val           [2m[204][0m

[0;34m== Static web UI — Jetty StaticFileHandler ==[0m
[0;32mPASS[0m GET  / (web UI root)                                         [2m[200, body ✓][0m
[0;32mPASS[0m GET  / (Content-Type: text/html)                             [2m[200, header ✓][0m

[0;34m== CORS support — MetricsResource.setHeaders() ==[0m
[0;32mPASS[0m GET  /api/v1/version (CORS headers)                          [2m[200, header ✓][0m

[0;34m== Error paths — 404/405 for unknown endpoints ==[0m
[0;32mPASS[0m GET  /api/v1/nonexistent (→ 404)                           [2m[404][0m
[0;32mPASS[0m DELETE /api/v1/version (→ 405)                             [2m[405][0m

[0;34m== Concurrent requests — Jetty thread pool ==[0m
[0;32mPASS[0m 5x parallel GET /api/v1/version                              [2m[all 200][0m

[0;34m== Summary ==[0m
[0;31m1/36 checks failed[0m (35 passed).
