[INFO] Scanning for projects...
[INFO] Inspecting build with total of 1 modules...
[INFO] Installing Nexus Staging features:
[INFO]   ... total of 1 executions of maven-deploy-plugin replaced with nexus-staging-maven-plugin
[INFO] 
[INFO] -----------------< io.github.qmjy:map-offline-server >------------------
[INFO] Building map-offline-server 1.0.3-SNAPSHOT
[INFO]   from pom.xml
[INFO] --------------------------------[ jar ]---------------------------------
[INFO] Downloading from osgeo-snapshot: https://repo.osgeo.org/repository/snapshot/org/eclipse/emf/org.eclipse.emf.common/maven-metadata.xml
[INFO] Downloading from jts-snapshots: https://repo.eclipse.org/content/repositories/jts-snapshots/org/eclipse/emf/org.eclipse.emf.common/maven-metadata.xml
[INFO] Downloading from osgeo: https://repo.osgeo.org/repository/release/org/eclipse/emf/org.eclipse.emf.common/maven-metadata.xml
[INFO] Downloading from central: https://repo.maven.apache.org/maven2/org/eclipse/emf/org.eclipse.emf.common/maven-metadata.xml
[INFO] Downloaded from central: https://repo.maven.apache.org/maven2/org/eclipse/emf/org.eclipse.emf.common/maven-metadata.xml (1.7 kB at 1.0 kB/s)
[INFO] Downloading from osgeo: https://repo.osgeo.org/repository/release/org/eclipse/emf/org.eclipse.emf.common/2.46.0/org.eclipse.emf.common-2.46.0.pom
[INFO] Downloading from central: https://repo.maven.apache.org/maven2/org/eclipse/emf/org.eclipse.emf.common/2.46.0/org.eclipse.emf.common-2.46.0.pom
[INFO] Downloaded from central: https://repo.maven.apache.org/maven2/org/eclipse/emf/org.eclipse.emf.common/2.46.0/org.eclipse.emf.common-2.46.0.pom (1.8 kB at 7.6 kB/s)
[INFO] Downloading from central: https://repo.maven.apache.org/maven2/org/eclipse/emf/org.eclipse.emf.ecore/maven-metadata.xml
[INFO] Downloading from osgeo: https://repo.osgeo.org/repository/release/org/eclipse/emf/org.eclipse.emf.ecore/maven-metadata.xml
[INFO] Downloading from osgeo-snapshot: https://repo.osgeo.org/repository/snapshot/org/eclipse/emf/org.eclipse.emf.ecore/maven-metadata.xml
[INFO] Downloading from jts-snapshots: https://repo.eclipse.org/content/repositories/jts-snapshots/org/eclipse/emf/org.eclipse.emf.ecore/maven-metadata.xml
[INFO] Downloaded from central: https://repo.maven.apache.org/maven2/org/eclipse/emf/org.eclipse.emf.ecore/maven-metadata.xml (1.7 kB at 6.2 kB/s)
[INFO] Downloading from osgeo: https://repo.osgeo.org/repository/release/org/eclipse/emf/org.eclipse.emf.ecore/2.43.0/org.eclipse.emf.ecore-2.43.0.pom
[INFO] Downloading from central: https://repo.maven.apache.org/maven2/org/eclipse/emf/org.eclipse.emf.ecore/2.43.0/org.eclipse.emf.ecore-2.43.0.pom
[INFO] Downloaded from central: https://repo.maven.apache.org/maven2/org/eclipse/emf/org.eclipse.emf.ecore/2.43.0/org.eclipse.emf.ecore-2.43.0.pom (2.4 kB at 11 kB/s)
[INFO] Downloading from osgeo: https://repo.osgeo.org/repository/release/org/eclipse/collections/eclipse-collections-forkjoin/maven-metadata.xml
[INFO] Downloading from central: https://repo.maven.apache.org/maven2/org/eclipse/collections/eclipse-collections-forkjoin/maven-metadata.xml
[INFO] Downloading from sonatype-nexus-snapshots: https://oss.sonatype.org/content/repositories/snapshots/org/eclipse/collections/eclipse-collections-forkjoin/maven-metadata.xml
[INFO] Downloaded from central: https://repo.maven.apache.org/maven2/org/eclipse/collections/eclipse-collections-forkjoin/maven-metadata.xml (2.2 kB at 9.3 kB/s)
[INFO] Downloading from osgeo: https://repo.osgeo.org/repository/release/com/google/guava/guava/maven-metadata.xml
[INFO] Downloading from central: https://repo.maven.apache.org/maven2/com/google/guava/guava/maven-metadata.xml
[INFO] Downloading from sonatype-nexus-snapshots: https://oss.sonatype.org/content/repositories/snapshots/com/google/guava/guava/maven-metadata.xml
[INFO] Downloaded from central: https://repo.maven.apache.org/maven2/com/google/guava/guava/maven-metadata.xml (5.9 kB at 22 kB/s)
[INFO] Downloading from osgeo: https://repo.osgeo.org/repository/release/com/fasterxml/woodstox/woodstox-core/5.1.0/woodstox-core-5.1.0.jar
[INFO] Downloading from osgeo: https://repo.osgeo.org/repository/release/org/codehaus/woodstox/stax2-api/4.1/stax2-api-4.1.jar
[INFO] Downloading from central: https://repo.maven.apache.org/maven2/com/fasterxml/woodstox/woodstox-core/5.1.0/woodstox-core-5.1.0.jar
[INFO] Downloaded from central: https://repo.maven.apache.org/maven2/com/fasterxml/woodstox/woodstox-core/5.1.0/woodstox-core-5.1.0.jar (514 kB at 231 kB/s)
[INFO] Downloading from central: https://repo.maven.apache.org/maven2/org/codehaus/woodstox/stax2-api/4.1/stax2-api-4.1.jar
[INFO] Downloaded from central: https://repo.maven.apache.org/maven2/org/codehaus/woodstox/stax2-api/4.1/stax2-api-4.1.jar (170 kB at 554 kB/s)
[INFO] 
[INFO] --- resources:3.3.1:resources (default-resources) @ map-offline-server ---
[INFO] Copying 1 resource from src/main/resources to target/classes
[INFO] Copying 567 resources from src/main/resources to target/classes
[INFO] 
[INFO] --- compiler:3.11.0:compile (default-compile) @ map-offline-server ---
[INFO] Changes detected - recompiling the module! :source
[INFO] Compiling 86 source files with javac [debug release 21] to target/classes
[INFO] Annotation processing is enabled because one or more processors were found
  on the class path. A future release of javac may disable annotation processing
  unless at least one processor is specified by name (-processor), or a search
  path is specified (--processor-path, --processor-module-path), or annotation
  processing is enabled explicitly (-proc:only, -proc:full).
  Use -Xlint:-options to suppress this message.
  Use -proc:none to disable annotation processing.
[INFO] -------------------------------------------------------------
[WARNING] COMPILATION WARNING : 
[INFO] -------------------------------------------------------------
[WARNING] unknown enum constant org.eclipse.jdt.annotation.DefaultLocation.PARAMETER
  reason: class file for org.eclipse.jdt.annotation.DefaultLocation not found
[WARNING] unknown enum constant org.eclipse.jdt.annotation.DefaultLocation.RETURN_TYPE
[WARNING] unknown enum constant org.eclipse.jdt.annotation.DefaultLocation.PARAMETER
[WARNING] unknown enum constant org.eclipse.jdt.annotation.DefaultLocation.RETURN_TYPE
[WARNING] unknown enum constant org.eclipse.jdt.annotation.DefaultLocation.PARAMETER
[WARNING] unknown enum constant org.eclipse.jdt.annotation.DefaultLocation.RETURN_TYPE
[WARNING] unknown enum constant org.eclipse.jdt.annotation.DefaultLocation.PARAMETER
[WARNING] unknown enum constant org.eclipse.jdt.annotation.DefaultLocation.RETURN_TYPE
[WARNING] unknown enum constant org.eclipse.jdt.annotation.DefaultLocation.PARAMETER
[WARNING] unknown enum constant org.eclipse.jdt.annotation.DefaultLocation.RETURN_TYPE
[WARNING] unknown enum constant org.eclipse.jdt.annotation.DefaultLocation.PARAMETER
[WARNING] unknown enum constant org.eclipse.jdt.annotation.DefaultLocation.RETURN_TYPE
[WARNING] unknown enum constant org.eclipse.jdt.annotation.DefaultLocation.PARAMETER
[WARNING] unknown enum constant org.eclipse.jdt.annotation.DefaultLocation.RETURN_TYPE
[WARNING] unknown enum constant org.eclipse.jdt.annotation.DefaultLocation.PARAMETER
[WARNING] unknown enum constant org.eclipse.jdt.annotation.DefaultLocation.RETURN_TYPE
[WARNING] unknown enum constant org.eclipse.jdt.annotation.DefaultLocation.PARAMETER
[WARNING] unknown enum constant org.eclipse.jdt.annotation.DefaultLocation.RETURN_TYPE
[WARNING] unknown enum constant org.eclipse.jdt.annotation.DefaultLocation.PARAMETER
  reason: class file for org.eclipse.jdt.annotation.DefaultLocation not found
[WARNING] unknown enum constant org.eclipse.jdt.annotation.DefaultLocation.RETURN_TYPE
[WARNING] unknown enum constant org.eclipse.jdt.annotation.DefaultLocation.PARAMETER
[WARNING] unknown enum constant org.eclipse.jdt.annotation.DefaultLocation.RETURN_TYPE
[WARNING] unknown enum constant org.eclipse.jdt.annotation.DefaultLocation.PARAMETER
[WARNING] unknown enum constant org.eclipse.jdt.annotation.DefaultLocation.RETURN_TYPE
[WARNING] unknown enum constant org.eclipse.jdt.annotation.DefaultLocation.PARAMETER
[WARNING] unknown enum constant org.eclipse.jdt.annotation.DefaultLocation.RETURN_TYPE
[WARNING] unknown enum constant org.eclipse.jdt.annotation.DefaultLocation.PARAMETER
[WARNING] unknown enum constant org.eclipse.jdt.annotation.DefaultLocation.RETURN_TYPE
[WARNING] unknown enum constant org.eclipse.jdt.annotation.DefaultLocation.PARAMETER
[WARNING] unknown enum constant org.eclipse.jdt.annotation.DefaultLocation.RETURN_TYPE
[WARNING] unknown enum constant org.eclipse.jdt.annotation.DefaultLocation.PARAMETER
[WARNING] unknown enum constant org.eclipse.jdt.annotation.DefaultLocation.RETURN_TYPE
[WARNING] unknown enum constant org.eclipse.jdt.annotation.DefaultLocation.PARAMETER
[WARNING] unknown enum constant org.eclipse.jdt.annotation.DefaultLocation.RETURN_TYPE
[WARNING] unknown enum constant org.eclipse.jdt.annotation.DefaultLocation.PARAMETER
[WARNING] unknown enum constant org.eclipse.jdt.annotation.DefaultLocation.RETURN_TYPE
[WARNING] unknown enum constant org.eclipse.jdt.annotation.DefaultLocation.PARAMETER
  reason: class file for org.eclipse.jdt.annotation.DefaultLocation not found
[WARNING] unknown enum constant org.eclipse.jdt.annotation.DefaultLocation.RETURN_TYPE
[WARNING] unknown enum constant org.eclipse.jdt.annotation.DefaultLocation.PARAMETER
[WARNING] unknown enum constant org.eclipse.jdt.annotation.DefaultLocation.RETURN_TYPE
[WARNING] unknown enum constant org.eclipse.jdt.annotation.DefaultLocation.PARAMETER
[WARNING] unknown enum constant org.eclipse.jdt.annotation.DefaultLocation.RETURN_TYPE
[WARNING] unknown enum constant org.eclipse.jdt.annotation.DefaultLocation.PARAMETER
[WARNING] unknown enum constant org.eclipse.jdt.annotation.DefaultLocation.RETURN_TYPE
[WARNING] unknown enum constant org.eclipse.jdt.annotation.DefaultLocation.PARAMETER
[WARNING] unknown enum constant org.eclipse.jdt.annotation.DefaultLocation.RETURN_TYPE
[WARNING] unknown enum constant org.eclipse.jdt.annotation.DefaultLocation.PARAMETER
[WARNING] unknown enum constant org.eclipse.jdt.annotation.DefaultLocation.RETURN_TYPE
[WARNING] unknown enum constant org.eclipse.jdt.annotation.DefaultLocation.PARAMETER
[WARNING] unknown enum constant org.eclipse.jdt.annotation.DefaultLocation.RETURN_TYPE
[WARNING] unknown enum constant org.eclipse.jdt.annotation.DefaultLocation.PARAMETER
[WARNING] unknown enum constant org.eclipse.jdt.annotation.DefaultLocation.RETURN_TYPE
[WARNING] unknown enum constant org.eclipse.jdt.annotation.DefaultLocation.PARAMETER
[WARNING] unknown enum constant org.eclipse.jdt.annotation.DefaultLocation.RETURN_TYPE
[WARNING] unknown enum constant org.eclipse.jdt.annotation.DefaultLocation.PARAMETER
  reason: class file for org.eclipse.jdt.annotation.DefaultLocation not found
[WARNING] unknown enum constant org.eclipse.jdt.annotation.DefaultLocation.RETURN_TYPE
[WARNING] unknown enum constant org.eclipse.jdt.annotation.DefaultLocation.PARAMETER
[WARNING] unknown enum constant org.eclipse.jdt.annotation.DefaultLocation.RETURN_TYPE
[WARNING] unknown enum constant org.eclipse.jdt.annotation.DefaultLocation.PARAMETER
[WARNING] unknown enum constant org.eclipse.jdt.annotation.DefaultLocation.RETURN_TYPE
[WARNING] unknown enum constant org.eclipse.jdt.annotation.DefaultLocation.PARAMETER
[WARNING] unknown enum constant org.eclipse.jdt.annotation.DefaultLocation.RETURN_TYPE
[WARNING] unknown enum constant org.eclipse.jdt.annotation.DefaultLocation.PARAMETER
[WARNING] unknown enum constant org.eclipse.jdt.annotation.DefaultLocation.RETURN_TYPE
[WARNING] unknown enum constant org.eclipse.jdt.annotation.DefaultLocation.PARAMETER
[WARNING] unknown enum constant org.eclipse.jdt.annotation.DefaultLocation.RETURN_TYPE
[WARNING] unknown enum constant org.eclipse.jdt.annotation.DefaultLocation.PARAMETER
[WARNING] unknown enum constant org.eclipse.jdt.annotation.DefaultLocation.RETURN_TYPE
[WARNING] unknown enum constant org.eclipse.jdt.annotation.DefaultLocation.PARAMETER
[WARNING] unknown enum constant org.eclipse.jdt.annotation.DefaultLocation.RETURN_TYPE
[WARNING] unknown enum constant org.eclipse.jdt.annotation.DefaultLocation.PARAMETER
[WARNING] unknown enum constant org.eclipse.jdt.annotation.DefaultLocation.RETURN_TYPE
[INFO] 72 warnings 
[INFO] -------------------------------------------------------------
[INFO] -------------------------------------------------------------
[ERROR] COMPILATION ERROR : 
[INFO] -------------------------------------------------------------
[ERROR] /project/src/main/java/eu/smartdatalake/athenarc/osmwrangle/utils/Converter.java:[22,29] package org.apache.jena.graph does not exist
[ERROR] /project/src/main/java/eu/smartdatalake/athenarc/osmwrangle/utils/Classification.java:[23,30] package org.apache.commons.csv does not exist
[ERROR] /project/src/main/java/eu/smartdatalake/athenarc/osmwrangle/utils/Classification.java:[24,30] package org.apache.commons.csv does not exist
[ERROR] /project/src/main/java/eu/smartdatalake/athenarc/osmwrangle/utils/Classification.java:[25,30] package org.apache.commons.csv does not exist
[ERROR] /project/src/main/java/eu/smartdatalake/athenarc/osmwrangle/utils/Classification.java:[27,28] package org.apache.jena.riot does not exist
[ERROR] /project/src/main/java/eu/smartdatalake/athenarc/osmwrangle/utils/Classification.java:[28,35] package org.apache.jena.riot.system does not exist
[ERROR] /project/src/main/java/eu/smartdatalake/athenarc/osmwrangle/utils/Classification.java:[29,35] package org.apache.jena.riot.system does not exist
[ERROR] /project/src/main/java/io/github/qmjy/mapserver/config/AppConfig.java:[23,32] package org.springframework.http does not exist
[ERROR] /project/src/main/java/io/github/qmjy/mapserver/config/AppConfig.java:[52,25] cannot find symbol
  symbol:   class MediaType
  location: class io.github.qmjy.mapserver.config.AppConfig
[ERROR] /project/src/main/java/io/github/qmjy/mapserver/config/AppConfig.java:[62,25] cannot find symbol
  symbol:   class MediaType
  location: class io.github.qmjy.mapserver.config.AppConfig
[ERROR] /project/src/main/java/eu/smartdatalake/athenarc/osmwrangle/utils/Assistant.java:[161,32] package org.apache.jena.riot does not exist
[ERROR] /project/src/main/java/eu/smartdatalake/athenarc/osmwrangle/utils/Converter.java:[58,17] cannot find symbol
  symbol:   class Triple
  location: interface eu.smartdatalake.athenarc.osmwrangle.utils.Converter
[ERROR] /project/src/main/java/eu/smartdatalake/athenarc/osmwrangle/utils/OsmCsvConverter.java:[24,29] package org.apache.jena.graph does not exist
[ERROR] /project/src/main/java/eu/smartdatalake/athenarc/osmwrangle/utils/OsmCsvConverter.java:[155,17] cannot find symbol
  symbol:   class Triple
  location: class eu.smartdatalake.athenarc.osmwrangle.utils.OsmCsvConverter
[ERROR] /project/src/main/java/io/github/qmjy/mapserver/controller/MapServerSpritesController.java:[25,32] package org.springframework.http does not exist
[ERROR] /project/src/main/java/io/github/qmjy/mapserver/controller/MapServerSpritesController.java:[26,32] package org.springframework.http does not exist
[ERROR] /project/src/main/java/io/github/qmjy/mapserver/controller/MapServerSpritesController.java:[27,32] package org.springframework.http does not exist
[ERROR] /project/src/main/java/io/github/qmjy/mapserver/controller/MapServerSpritesController.java:[28,32] package org.springframework.http does not exist
[ERROR] /project/src/main/java/io/github/qmjy/mapserver/controller/MapServerSpritesController.java:[38,2] cannot find symbol
  symbol: class RestController
[ERROR] /project/src/main/java/io/github/qmjy/mapserver/controller/MapServerSpritesController.java:[39,2] cannot find symbol
  symbol: class RequestMapping
[ERROR] /project/src/main/java/io/github/qmjy/mapserver/controller/MapServerSpritesController.java:[54,12] cannot find symbol
  symbol:   class ResponseEntity
  location: class io.github.qmjy.mapserver.controller.MapServerSpritesController
[ERROR] /project/src/main/java/io/github/qmjy/mapserver/controller/MapServerSpritesController.java:[83,12] cannot find symbol
  symbol:   class ResponseEntity
  location: class io.github.qmjy.mapserver.controller.MapServerSpritesController
[ERROR] /project/src/main/java/io/github/qmjy/mapserver/controller/MapServerSpritesController.java:[31,36] package org.springframework.web.bind.annotation does not exist
[ERROR] /project/src/main/java/eu/smartdatalake/athenarc/osmwrangle/utils/Mapping.java:[23,33] package org.apache.jena.datatypes does not exist
[ERROR] /project/src/main/java/eu/smartdatalake/athenarc/osmwrangle/utils/Mapping.java:[24,37] package org.apache.jena.datatypes.xsd does not exist
[ERROR] /project/src/main/java/eu/smartdatalake/athenarc/osmwrangle/utils/Mapping.java:[90,9] cannot find symbol
  symbol:   class RDFDatatype
  location: class eu.smartdatalake.athenarc.osmwrangle.utils.Mapping.mapProperties
[ERROR] /project/src/main/java/eu/smartdatalake/athenarc/osmwrangle/utils/Mapping.java:[351,16] cannot find symbol
  symbol:   class RDFDatatype
  location: class eu.smartdatalake.athenarc.osmwrangle.utils.Mapping.mapProperties
[ERROR] /project/src/main/java/io/github/qmjy/mapserver/controller/MapServerGeoController.java:[34,32] package org.springframework.http does not exist
[ERROR] /project/src/main/java/io/github/qmjy/mapserver/controller/MapServerGeoController.java:[35,32] package org.springframework.http does not exist
[ERROR] /project/src/main/java/io/github/qmjy/mapserver/controller/MapServerGeoController.java:[48,2] cannot find symbol
  symbol: class RestController
[ERROR] /project/src/main/java/io/github/qmjy/mapserver/controller/MapServerGeoController.java:[49,2] cannot find symbol
  symbol: class RequestMapping
[ERROR] /project/src/main/java/io/github/qmjy/mapserver/controller/MapServerGeoController.java:[63,12] cannot find symbol
  symbol:   class ResponseEntity
  location: class io.github.qmjy.mapserver.controller.MapServerGeoController
[ERROR] /project/src/main/java/io/github/qmjy/mapserver/controller/MapServerGeoController.java:[114,12] cannot find symbol
  symbol:   class ResponseEntity
  location: class io.github.qmjy.mapserver.controller.MapServerGeoController
[ERROR] /project/src/main/java/io/github/qmjy/mapserver/controller/MapServerGeoController.java:[36,36] package org.springframework.web.bind.annotation does not exist
[ERROR] /project/src/main/java/io/github/qmjy/mapserver/controller/MapServerToolsController.java:[21,32] package org.springframework.http does not exist
[ERROR] /project/src/main/java/io/github/qmjy/mapserver/controller/MapServerToolsController.java:[22,32] package org.springframework.http does not exist
[ERROR] /project/src/main/java/io/github/qmjy/mapserver/controller/MapServerToolsController.java:[23,32] package org.springframework.http does not exist
[ERROR] /project/src/main/java/io/github/qmjy/mapserver/controller/MapServerToolsController.java:[24,47] package org.springframework.web.bind.annotation does not exist
[ERROR] /project/src/main/java/io/github/qmjy/mapserver/controller/MapServerToolsController.java:[25,47] package org.springframework.web.bind.annotation does not exist
[ERROR] /project/src/main/java/io/github/qmjy/mapserver/controller/MapServerToolsController.java:[26,47] package org.springframework.web.bind.annotation does not exist
[ERROR] /project/src/main/java/io/github/qmjy/mapserver/controller/MapServerToolsController.java:[27,47] package org.springframework.web.bind.annotation does not exist
[ERROR] /project/src/main/java/io/github/qmjy/mapserver/controller/MapServerToolsController.java:[28,41] package org.springframework.web.multipart does not exist
[ERROR] /project/src/main/java/io/github/qmjy/mapserver/controller/MapServerToolsController.java:[42,2] cannot find symbol
  symbol: class RestController
[ERROR] /project/src/main/java/io/github/qmjy/mapserver/controller/MapServerToolsController.java:[43,2] cannot find symbol
  symbol: class RequestMapping
[ERROR] /project/src/main/java/io/github/qmjy/mapserver/controller/MapServerToolsController.java:[52,84] cannot find symbol
  symbol:   class MultipartFile
  location: class io.github.qmjy.mapserver.controller.MapServerToolsController
[ERROR] /project/src/main/java/io/github/qmjy/mapserver/controller/MapServerToolsController.java:[51,12] cannot find symbol
  symbol:   class ResponseEntity
  location: class io.github.qmjy.mapserver.controller.MapServerToolsController
[ERROR] /project/src/main/java/io/github/qmjy/mapserver/controller/MapServerToolsController.java:[110,42] cannot find symbol
  symbol:   class MultipartFile
  location: class io.github.qmjy.mapserver.controller.MapServerToolsController
[ERROR] /project/src/main/java/io/github/qmjy/mapserver/controller/MapServerRouteRestController.java:[31,32] package org.springframework.http does not exist
[ERROR] /project/src/main/java/io/github/qmjy/mapserver/controller/MapServerRouteRestController.java:[32,32] package org.springframework.http does not exist
[ERROR] /project/src/main/java/io/github/qmjy/mapserver/controller/MapServerRouteRestController.java:[46,2] cannot find symbol
  symbol: class RestController
[ERROR] /project/src/main/java/io/github/qmjy/mapserver/controller/MapServerRouteRestController.java:[47,2] cannot find symbol
  symbol: class RequestMapping
[ERROR] /project/src/main/java/io/github/qmjy/mapserver/controller/MapServerRouteRestController.java:[77,12] cannot find symbol
  symbol:   class ResponseEntity
  location: class io.github.qmjy.mapserver.controller.MapServerRouteRestController
[ERROR] /project/src/main/java/io/github/qmjy/mapserver/controller/MapServerRouteRestController.java:[33,36] package org.springframework.web.bind.annotation does not exist
[ERROR] /project/src/main/java/io/github/qmjy/mapserver/controller/MapServerPOIRestController.java:[32,32] package org.springframework.http does not exist
[ERROR] /project/src/main/java/io/github/qmjy/mapserver/controller/MapServerPOIRestController.java:[33,32] package org.springframework.http does not exist
[ERROR] /project/src/main/java/io/github/qmjy/mapserver/controller/MapServerPOIRestController.java:[48,2] cannot find symbol
  symbol: class RestController
[ERROR] /project/src/main/java/io/github/qmjy/mapserver/controller/MapServerPOIRestController.java:[49,2] cannot find symbol
  symbol: class RequestMapping
[ERROR] /project/src/main/java/io/github/qmjy/mapserver/controller/MapServerPOIRestController.java:[69,12] cannot find symbol
  symbol:   class ResponseEntity
  location: class io.github.qmjy.mapserver.controller.MapServerPOIRestController
[ERROR] /project/src/main/java/io/github/qmjy/mapserver/controller/MapServerPOIRestController.java:[110,12] cannot find symbol
  symbol:   class ResponseEntity
  location: class io.github.qmjy.mapserver.controller.MapServerPOIRestController
[ERROR] /project/src/main/java/io/github/qmjy/mapserver/controller/MapServerPOIRestController.java:[35,36] package org.springframework.web.bind.annotation does not exist
[ERROR] /project/src/main/java/io/github/qmjy/mapserver/controller/MapServerFontsController.java:[27,32] package org.springframework.http does not exist
[ERROR] /project/src/main/java/io/github/qmjy/mapserver/controller/MapServerFontsController.java:[28,32] package org.springframework.http does not exist
[ERROR] /project/src/main/java/io/github/qmjy/mapserver/controller/MapServerFontsController.java:[29,32] package org.springframework.http does not exist
[ERROR] /project/src/main/java/io/github/qmjy/mapserver/controller/MapServerFontsController.java:[42,2] cannot find symbol
  symbol: class RestController
[ERROR] /project/src/main/java/io/github/qmjy/mapserver/controller/MapServerFontsController.java:[43,2] cannot find symbol
  symbol: class RequestMapping
[ERROR] /project/src/main/java/io/github/qmjy/mapserver/controller/MapServerFontsController.java:[59,12] cannot find symbol
  symbol:   class ResponseEntity
  location: class io.github.qmjy.mapserver.controller.MapServerFontsController
[ERROR] /project/src/main/java/io/github/qmjy/mapserver/controller/MapServerFontsController.java:[73,12] cannot find symbol
  symbol:   class ResponseEntity
  location: class io.github.qmjy.mapserver.controller.MapServerFontsController
[ERROR] /project/src/main/java/io/github/qmjy/mapserver/controller/MapServerFontsController.java:[31,36] package org.springframework.web.bind.annotation does not exist
[ERROR] /project/src/main/java/eu/smartdatalake/athenarc/osmwrangle/utils/TripleGenerator.java:[24,33] package org.apache.jena.datatypes does not exist
[ERROR] /project/src/main/java/eu/smartdatalake/athenarc/osmwrangle/utils/TripleGenerator.java:[25,33] package org.apache.jena.datatypes does not exist
[ERROR] /project/src/main/java/eu/smartdatalake/athenarc/osmwrangle/utils/TripleGenerator.java:[26,29] package org.apache.jena.graph does not exist
[ERROR] /project/src/main/java/eu/smartdatalake/athenarc/osmwrangle/utils/TripleGenerator.java:[27,29] package org.apache.jena.graph does not exist
[ERROR] /project/src/main/java/eu/smartdatalake/athenarc/osmwrangle/utils/TripleGenerator.java:[28,34] package org.apache.jena.vocabulary does not exist
[ERROR] /project/src/main/java/eu/smartdatalake/athenarc/osmwrangle/utils/TripleGenerator.java:[75,18] cannot find symbol
  symbol:   class Triple
  location: class eu.smartdatalake.athenarc.osmwrangle.utils.TripleGenerator
[ERROR] /project/src/main/java/eu/smartdatalake/athenarc/osmwrangle/utils/TripleGenerator.java:[185,17] cannot find symbol
  symbol:   class Triple
  location: class eu.smartdatalake.athenarc.osmwrangle.utils.TripleGenerator
[ERROR] /project/src/main/java/eu/smartdatalake/athenarc/osmwrangle/utils/TripleGenerator.java:[770,74] cannot find symbol
  symbol:   class RDFDatatype
  location: class eu.smartdatalake.athenarc.osmwrangle.utils.TripleGenerator
[ERROR] /project/src/main/java/eu/smartdatalake/athenarc/osmwrangle/utils/OsmRdfCsvStreamConverter.java:[24,29] package org.apache.jena.graph does not exist
[ERROR] /project/src/main/java/eu/smartdatalake/athenarc/osmwrangle/utils/OsmRdfCsvStreamConverter.java:[25,28] package org.apache.jena.riot does not exist
[ERROR] /project/src/main/java/eu/smartdatalake/athenarc/osmwrangle/utils/OsmRdfCsvStreamConverter.java:[26,35] package org.apache.jena.riot.system does not exist
[ERROR] /project/src/main/java/eu/smartdatalake/athenarc/osmwrangle/utils/OsmRdfCsvStreamConverter.java:[27,35] package org.apache.jena.riot.system does not exist
[ERROR] /project/src/main/java/eu/smartdatalake/athenarc/osmwrangle/utils/OsmRdfCsvStreamConverter.java:[69,18] cannot find symbol
  symbol:   class Triple
  location: class eu.smartdatalake.athenarc.osmwrangle.utils.OsmRdfCsvStreamConverter
[ERROR] /project/src/main/java/eu/smartdatalake/athenarc/osmwrangle/utils/OsmRdfCsvStreamConverter.java:[83,13] cannot find symbol
  symbol:   class StreamRDF
  location: class eu.smartdatalake.athenarc.osmwrangle.utils.OsmRdfCsvStreamConverter
[ERROR] /project/src/main/java/eu/smartdatalake/athenarc/osmwrangle/utils/OsmRdfCsvStreamConverter.java:[174,17] cannot find symbol
  symbol:   class Triple
  location: class eu.smartdatalake.athenarc.osmwrangle.utils.OsmRdfCsvStreamConverter
[ERROR] /project/src/main/java/io/github/qmjy/mapserver/controller/MapServerWebController.java:[31,47] package org.springframework.web.bind.annotation does not exist
[ERROR] /project/src/main/java/io/github/qmjy/mapserver/controller/MapServerWebController.java:[32,47] package org.springframework.web.bind.annotation does not exist
[ERROR] /project/src/main/java/io/github/qmjy/mapserver/controller/MapServerProxyController.java:[23,32] package org.springframework.http does not exist
[ERROR] /project/src/main/java/io/github/qmjy/mapserver/controller/MapServerProxyController.java:[24,32] package org.springframework.http does not exist
[ERROR] /project/src/main/java/io/github/qmjy/mapserver/controller/MapServerProxyController.java:[25,32] package org.springframework.http does not exist
[ERROR] /project/src/main/java/io/github/qmjy/mapserver/controller/MapServerProxyController.java:[26,32] package org.springframework.http does not exist
[ERROR] /project/src/main/java/io/github/qmjy/mapserver/controller/MapServerProxyController.java:[28,38] package org.springframework.web.client does not exist
[ERROR] /project/src/main/java/io/github/qmjy/mapserver/controller/MapServerProxyController.java:[31,2] cannot find symbol
  symbol: class RestController
[ERROR] /project/src/main/java/io/github/qmjy/mapserver/controller/MapServerProxyController.java:[32,2] cannot find symbol
  symbol: class RequestMapping
[ERROR] /project/src/main/java/io/github/qmjy/mapserver/controller/MapServerProxyController.java:[48,12] cannot find symbol
  symbol:   class ResponseEntity
  location: class io.github.qmjy.mapserver.controller.MapServerProxyController
[ERROR] /project/src/main/java/io/github/qmjy/mapserver/controller/MapServerProxyController.java:[27,36] package org.springframework.web.bind.annotation does not exist
[ERROR] /project/src/main/java/io/github/qmjy/mapserver/controller/MapServerAssetsController.java:[19,47] package org.springframework.web.bind.annotation does not exist
[ERROR] /project/src/main/java/io/github/qmjy/mapserver/controller/MapServerAssetsController.java:[20,47] package org.springframework.web.bind.annotation does not exist
[ERROR] /project/src/main/java/io/github/qmjy/mapserver/controller/MapServerAssetsController.java:[27,2] cannot find symbol
  symbol: class RequestMapping
[ERROR] /project/src/main/java/io/github/qmjy/mapserver/controller/MapServerTilesetsRestController.java:[43,32] package org.springframework.http does not exist
[ERROR] /project/src/main/java/io/github/qmjy/mapserver/controller/MapServerTilesetsRestController.java:[44,32] package org.springframework.http does not exist
[ERROR] /project/src/main/java/io/github/qmjy/mapserver/controller/MapServerTilesetsRestController.java:[45,32] package org.springframework.http does not exist
[INFO] 100 errors 
[INFO] -------------------------------------------------------------
[INFO] ------------------------------------------------------------------------
[INFO] BUILD FAILURE
[INFO] ------------------------------------------------------------------------
[INFO] Total time:  25.587 s
[INFO] Finished at: 2026-09-11T19:41:05Z
[INFO] ------------------------------------------------------------------------
[ERROR] Failed to execute goal org.apache.maven.plugins:maven-compiler-plugin:3.11.0:compile (default-compile) on project map-offline-server: Compilation failure: Compilation failure: 
[ERROR] /project/src/main/java/eu/smartdatalake/athenarc/osmwrangle/utils/Converter.java:[22,29] package org.apache.jena.graph does not exist
[ERROR] /project/src/main/java/eu/smartdatalake/athenarc/osmwrangle/utils/Classification.java:[23,30] package org.apache.commons.csv does not exist
[ERROR] /project/src/main/java/eu/smartdatalake/athenarc/osmwrangle/utils/Classification.java:[24,30] package org.apache.commons.csv does not exist
[ERROR] /project/src/main/java/eu/smartdatalake/athenarc/osmwrangle/utils/Classification.java:[25,30] package org.apache.commons.csv does not exist
[ERROR] /project/src/main/java/eu/smartdatalake/athenarc/osmwrangle/utils/Classification.java:[27,28] package org.apache.jena.riot does not exist
[ERROR] /project/src/main/java/eu/smartdatalake/athenarc/osmwrangle/utils/Classification.java:[28,35] package org.apache.jena.riot.system does not exist
[ERROR] /project/src/main/java/eu/smartdatalake/athenarc/osmwrangle/utils/Classification.java:[29,35] package org.apache.jena.riot.system does not exist
[ERROR] /project/src/main/java/io/github/qmjy/mapserver/config/AppConfig.java:[23,32] package org.springframework.http does not exist
[ERROR] /project/src/main/java/io/github/qmjy/mapserver/config/AppConfig.java:[52,25] cannot find symbol
[ERROR]   symbol:   class MediaType
[ERROR]   location: class io.github.qmjy.mapserver.config.AppConfig
[ERROR] /project/src/main/java/io/github/qmjy/mapserver/config/AppConfig.java:[62,25] cannot find symbol
[ERROR]   symbol:   class MediaType
[ERROR]   location: class io.github.qmjy.mapserver.config.AppConfig
[ERROR] /project/src/main/java/eu/smartdatalake/athenarc/osmwrangle/utils/Assistant.java:[161,32] package org.apache.jena.riot does not exist
[ERROR] /project/src/main/java/eu/smartdatalake/athenarc/osmwrangle/utils/Converter.java:[58,17] cannot find symbol
[ERROR]   symbol:   class Triple
[ERROR]   location: interface eu.smartdatalake.athenarc.osmwrangle.utils.Converter
[ERROR] /project/src/main/java/eu/smartdatalake/athenarc/osmwrangle/utils/OsmCsvConverter.java:[24,29] package org.apache.jena.graph does not exist
[ERROR] /project/src/main/java/eu/smartdatalake/athenarc/osmwrangle/utils/OsmCsvConverter.java:[155,17] cannot find symbol
[ERROR]   symbol:   class Triple
[ERROR]   location: class eu.smartdatalake.athenarc.osmwrangle.utils.OsmCsvConverter
[ERROR] /project/src/main/java/io/github/qmjy/mapserver/controller/MapServerSpritesController.java:[25,32] package org.springframework.http does not exist
[ERROR] /project/src/main/java/io/github/qmjy/mapserver/controller/MapServerSpritesController.java:[26,32] package org.springframework.http does not exist
[ERROR] /project/src/main/java/io/github/qmjy/mapserver/controller/MapServerSpritesController.java:[27,32] package org.springframework.http does not exist
[ERROR] /project/src/main/java/io/github/qmjy/mapserver/controller/MapServerSpritesController.java:[28,32] package org.springframework.http does not exist
[ERROR] /project/src/main/java/io/github/qmjy/mapserver/controller/MapServerSpritesController.java:[38,2] cannot find symbol
[ERROR]   symbol: class RestController
[ERROR] /project/src/main/java/io/github/qmjy/mapserver/controller/MapServerSpritesController.java:[39,2] cannot find symbol
[ERROR]   symbol: class RequestMapping
[ERROR] /project/src/main/java/io/github/qmjy/mapserver/controller/MapServerSpritesController.java:[54,12] cannot find symbol
[ERROR]   symbol:   class ResponseEntity
[ERROR]   location: class io.github.qmjy.mapserver.controller.MapServerSpritesController
[ERROR] /project/src/main/java/io/github/qmjy/mapserver/controller/MapServerSpritesController.java:[83,12] cannot find symbol
[ERROR]   symbol:   class ResponseEntity
[ERROR]   location: class io.github.qmjy.mapserver.controller.MapServerSpritesController
[ERROR] /project/src/main/java/io/github/qmjy/mapserver/controller/MapServerSpritesController.java:[31,36] package org.springframework.web.bind.annotation does not exist
[ERROR] /project/src/main/java/eu/smartdatalake/athenarc/osmwrangle/utils/Mapping.java:[23,33] package org.apache.jena.datatypes does not exist
[ERROR] /project/src/main/java/eu/smartdatalake/athenarc/osmwrangle/utils/Mapping.java:[24,37] package org.apache.jena.datatypes.xsd does not exist
[ERROR] /project/src/main/java/eu/smartdatalake/athenarc/osmwrangle/utils/Mapping.java:[90,9] cannot find symbol
[ERROR]   symbol:   class RDFDatatype
[ERROR]   location: class eu.smartdatalake.athenarc.osmwrangle.utils.Mapping.mapProperties
[ERROR] /project/src/main/java/eu/smartdatalake/athenarc/osmwrangle/utils/Mapping.java:[351,16] cannot find symbol
[ERROR]   symbol:   class RDFDatatype
[ERROR]   location: class eu.smartdatalake.athenarc.osmwrangle.utils.Mapping.mapProperties
[ERROR] /project/src/main/java/io/github/qmjy/mapserver/controller/MapServerGeoController.java:[34,32] package org.springframework.http does not exist
[ERROR] /project/src/main/java/io/github/qmjy/mapserver/controller/MapServerGeoController.java:[35,32] package org.springframework.http does not exist
[ERROR] /project/src/main/java/io/github/qmjy/mapserver/controller/MapServerGeoController.java:[48,2] cannot find symbol
[ERROR]   symbol: class RestController
[ERROR] /project/src/main/java/io/github/qmjy/mapserver/controller/MapServerGeoController.java:[49,2] cannot find symbol
[ERROR]   symbol: class RequestMapping
[ERROR] /project/src/main/java/io/github/qmjy/mapserver/controller/MapServerGeoController.java:[63,12] cannot find symbol
[ERROR]   symbol:   class ResponseEntity
[ERROR]   location: class io.github.qmjy.mapserver.controller.MapServerGeoController
[ERROR] /project/src/main/java/io/github/qmjy/mapserver/controller/MapServerGeoController.java:[114,12] cannot find symbol
[ERROR]   symbol:   class ResponseEntity
[ERROR]   location: class io.github.qmjy.mapserver.controller.MapServerGeoController
[ERROR] /project/src/main/java/io/github/qmjy/mapserver/controller/MapServerGeoController.java:[36,36] package org.springframework.web.bind.annotation does not exist
[ERROR] /project/src/main/java/io/github/qmjy/mapserver/controller/MapServerToolsController.java:[21,32] package org.springframework.http does not exist
[ERROR] /project/src/main/java/io/github/qmjy/mapserver/controller/MapServerToolsController.java:[22,32] package org.springframework.http does not exist
[ERROR] /project/src/main/java/io/github/qmjy/mapserver/controller/MapServerToolsController.java:[23,32] package org.springframework.http does not exist
[ERROR] /project/src/main/java/io/github/qmjy/mapserver/controller/MapServerToolsController.java:[24,47] package org.springframework.web.bind.annotation does not exist
[ERROR] /project/src/main/java/io/github/qmjy/mapserver/controller/MapServerToolsController.java:[25,47] package org.springframework.web.bind.annotation does not exist
[ERROR] /project/src/main/java/io/github/qmjy/mapserver/controller/MapServerToolsController.java:[26,47] package org.springframework.web.bind.annotation does not exist
[ERROR] /project/src/main/java/io/github/qmjy/mapserver/controller/MapServerToolsController.java:[27,47] package org.springframework.web.bind.annotation does not exist
[ERROR] /project/src/main/java/io/github/qmjy/mapserver/controller/MapServerToolsController.java:[28,41] package org.springframework.web.multipart does not exist
[ERROR] /project/src/main/java/io/github/qmjy/mapserver/controller/MapServerToolsController.java:[42,2] cannot find symbol
[ERROR]   symbol: class RestController
[ERROR] /project/src/main/java/io/github/qmjy/mapserver/controller/MapServerToolsController.java:[43,2] cannot find symbol
[ERROR]   symbol: class RequestMapping
[ERROR] /project/src/main/java/io/github/qmjy/mapserver/controller/MapServerToolsController.java:[52,84] cannot find symbol
[ERROR]   symbol:   class MultipartFile
[ERROR]   location: class io.github.qmjy.mapserver.controller.MapServerToolsController
[ERROR] /project/src/main/java/io/github/qmjy/mapserver/controller/MapServerToolsController.java:[51,12] cannot find symbol
[ERROR]   symbol:   class ResponseEntity
[ERROR]   location: class io.github.qmjy.mapserver.controller.MapServerToolsController
[ERROR] /project/src/main/java/io/github/qmjy/mapserver/controller/MapServerToolsController.java:[110,42] cannot find symbol
[ERROR]   symbol:   class MultipartFile
[ERROR]   location: class io.github.qmjy.mapserver.controller.MapServerToolsController
[ERROR] /project/src/main/java/io/github/qmjy/mapserver/controller/MapServerRouteRestController.java:[31,32] package org.springframework.http does not exist
[ERROR] /project/src/main/java/io/github/qmjy/mapserver/controller/MapServerRouteRestController.java:[32,32] package org.springframework.http does not exist
[ERROR] /project/src/main/java/io/github/qmjy/mapserver/controller/MapServerRouteRestController.java:[46,2] cannot find symbol
[ERROR]   symbol: class RestController
[ERROR] /project/src/main/java/io/github/qmjy/mapserver/controller/MapServerRouteRestController.java:[47,2] cannot find symbol
[ERROR]   symbol: class RequestMapping
[ERROR] /project/src/main/java/io/github/qmjy/mapserver/controller/MapServerRouteRestController.java:[77,12] cannot find symbol
[ERROR]   symbol:   class ResponseEntity
[ERROR]   location: class io.github.qmjy.mapserver.controller.MapServerRouteRestController
[ERROR] /project/src/main/java/io/github/qmjy/mapserver/controller/MapServerRouteRestController.java:[33,36] package org.springframework.web.bind.annotation does not exist
[ERROR] /project/src/main/java/io/github/qmjy/mapserver/controller/MapServerPOIRestController.java:[32,32] package org.springframework.http does not exist
[ERROR] /project/src/main/java/io/github/qmjy/mapserver/controller/MapServerPOIRestController.java:[33,32] package org.springframework.http does not exist
[ERROR] /project/src/main/java/io/github/qmjy/mapserver/controller/MapServerPOIRestController.java:[48,2] cannot find symbol
[ERROR]   symbol: class RestController
[ERROR] /project/src/main/java/io/github/qmjy/mapserver/controller/MapServerPOIRestController.java:[49,2] cannot find symbol
[ERROR]   symbol: class RequestMapping
[ERROR] /project/src/main/java/io/github/qmjy/mapserver/controller/MapServerPOIRestController.java:[69,12] cannot find symbol
[ERROR]   symbol:   class ResponseEntity
[ERROR]   location: class io.github.qmjy.mapserver.controller.MapServerPOIRestController
[ERROR] /project/src/main/java/io/github/qmjy/mapserver/controller/MapServerPOIRestController.java:[110,12] cannot find symbol
[ERROR]   symbol:   class ResponseEntity
[ERROR]   location: class io.github.qmjy.mapserver.controller.MapServerPOIRestController
[ERROR] /project/src/main/java/io/github/qmjy/mapserver/controller/MapServerPOIRestController.java:[35,36] package org.springframework.web.bind.annotation does not exist
[ERROR] /project/src/main/java/io/github/qmjy/mapserver/controller/MapServerFontsController.java:[27,32] package org.springframework.http does not exist
[ERROR] /project/src/main/java/io/github/qmjy/mapserver/controller/MapServerFontsController.java:[28,32] package org.springframework.http does not exist
[ERROR] /project/src/main/java/io/github/qmjy/mapserver/controller/MapServerFontsController.java:[29,32] package org.springframework.http does not exist
[ERROR] /project/src/main/java/io/github/qmjy/mapserver/controller/MapServerFontsController.java:[42,2] cannot find symbol
[ERROR]   symbol: class RestController
[ERROR] /project/src/main/java/io/github/qmjy/mapserver/controller/MapServerFontsController.java:[43,2] cannot find symbol
[ERROR]   symbol: class RequestMapping
[ERROR] /project/src/main/java/io/github/qmjy/mapserver/controller/MapServerFontsController.java:[59,12] cannot find symbol
[ERROR]   symbol:   class ResponseEntity
[ERROR]   location: class io.github.qmjy.mapserver.controller.MapServerFontsController
[ERROR] /project/src/main/java/io/github/qmjy/mapserver/controller/MapServerFontsController.java:[73,12] cannot find symbol
[ERROR]   symbol:   class ResponseEntity
[ERROR]   location: class io.github.qmjy.mapserver.controller.MapServerFontsController
[ERROR] /project/src/main/java/io/github/qmjy/mapserver/controller/MapServerFontsController.java:[31,36] package org.springframework.web.bind.annotation does not exist
[ERROR] /project/src/main/java/eu/smartdatalake/athenarc/osmwrangle/utils/TripleGenerator.java:[24,33] package org.apache.jena.datatypes does not exist
[ERROR] /project/src/main/java/eu/smartdatalake/athenarc/osmwrangle/utils/TripleGenerator.java:[25,33] package org.apache.jena.datatypes does not exist
[ERROR] /project/src/main/java/eu/smartdatalake/athenarc/osmwrangle/utils/TripleGenerator.java:[26,29] package org.apache.jena.graph does not exist
[ERROR] /project/src/main/java/eu/smartdatalake/athenarc/osmwrangle/utils/TripleGenerator.java:[27,29] package org.apache.jena.graph does not exist
[ERROR] /project/src/main/java/eu/smartdatalake/athenarc/osmwrangle/utils/TripleGenerator.java:[28,34] package org.apache.jena.vocabulary does not exist
[ERROR] /project/src/main/java/eu/smartdatalake/athenarc/osmwrangle/utils/TripleGenerator.java:[75,18] cannot find symbol
[ERROR]   symbol:   class Triple
[ERROR]   location: class eu.smartdatalake.athenarc.osmwrangle.utils.TripleGenerator
[ERROR] /project/src/main/java/eu/smartdatalake/athenarc/osmwrangle/utils/TripleGenerator.java:[185,17] cannot find symbol
[ERROR]   symbol:   class Triple
[ERROR]   location: class eu.smartdatalake.athenarc.osmwrangle.utils.TripleGenerator
[ERROR] /project/src/main/java/eu/smartdatalake/athenarc/osmwrangle/utils/TripleGenerator.java:[770,74] cannot find symbol
[ERROR]   symbol:   class RDFDatatype
[ERROR]   location: class eu.smartdatalake.athenarc.osmwrangle.utils.TripleGenerator
[ERROR] /project/src/main/java/eu/smartdatalake/athenarc/osmwrangle/utils/OsmRdfCsvStreamConverter.java:[24,29] package org.apache.jena.graph does not exist
[ERROR] /project/src/main/java/eu/smartdatalake/athenarc/osmwrangle/utils/OsmRdfCsvStreamConverter.java:[25,28] package org.apache.jena.riot does not exist
[ERROR] /project/src/main/java/eu/smartdatalake/athenarc/osmwrangle/utils/OsmRdfCsvStreamConverter.java:[26,35] package org.apache.jena.riot.system does not exist
[ERROR] /project/src/main/java/eu/smartdatalake/athenarc/osmwrangle/utils/OsmRdfCsvStreamConverter.java:[27,35] package org.apache.jena.riot.system does not exist
[ERROR] /project/src/main/java/eu/smartdatalake/athenarc/osmwrangle/utils/OsmRdfCsvStreamConverter.java:[69,18] cannot find symbol
[ERROR]   symbol:   class Triple
[ERROR]   location: class eu.smartdatalake.athenarc.osmwrangle.utils.OsmRdfCsvStreamConverter
[ERROR] /project/src/main/java/eu/smartdatalake/athenarc/osmwrangle/utils/OsmRdfCsvStreamConverter.java:[83,13] cannot find symbol
[ERROR]   symbol:   class StreamRDF
[ERROR]   location: class eu.smartdatalake.athenarc.osmwrangle.utils.OsmRdfCsvStreamConverter
[ERROR] /project/src/main/java/eu/smartdatalake/athenarc/osmwrangle/utils/OsmRdfCsvStreamConverter.java:[174,17] cannot find symbol
[ERROR]   symbol:   class Triple
[ERROR]   location: class eu.smartdatalake.athenarc.osmwrangle.utils.OsmRdfCsvStreamConverter
[ERROR] /project/src/main/java/io/github/qmjy/mapserver/controller/MapServerWebController.java:[31,47] package org.springframework.web.bind.annotation does not exist
[ERROR] /project/src/main/java/io/github/qmjy/mapserver/controller/MapServerWebController.java:[32,47] package org.springframework.web.bind.annotation does not exist
[ERROR] /project/src/main/java/io/github/qmjy/mapserver/controller/MapServerProxyController.java:[23,32] package org.springframework.http does not exist
[ERROR] /project/src/main/java/io/github/qmjy/mapserver/controller/MapServerProxyController.java:[24,32] package org.springframework.http does not exist
[ERROR] /project/src/main/java/io/github/qmjy/mapserver/controller/MapServerProxyController.java:[25,32] package org.springframework.http does not exist
[ERROR] /project/src/main/java/io/github/qmjy/mapserver/controller/MapServerProxyController.java:[26,32] package org.springframework.http does not exist
[ERROR] /project/src/main/java/io/github/qmjy/mapserver/controller/MapServerProxyController.java:[28,38] package org.springframework.web.client does not exist
[ERROR] /project/src/main/java/io/github/qmjy/mapserver/controller/MapServerProxyController.java:[31,2] cannot find symbol
[ERROR]   symbol: class RestController
[ERROR] /project/src/main/java/io/github/qmjy/mapserver/controller/MapServerProxyController.java:[32,2] cannot find symbol
[ERROR]   symbol: class RequestMapping
[ERROR] /project/src/main/java/io/github/qmjy/mapserver/controller/MapServerProxyController.java:[48,12] cannot find symbol
[ERROR]   symbol:   class ResponseEntity
[ERROR]   location: class io.github.qmjy.mapserver.controller.MapServerProxyController
[ERROR] /project/src/main/java/io/github/qmjy/mapserver/controller/MapServerProxyController.java:[27,36] package org.springframework.web.bind.annotation does not exist
[ERROR] /project/src/main/java/io/github/qmjy/mapserver/controller/MapServerAssetsController.java:[19,47] package org.springframework.web.bind.annotation does not exist
[ERROR] /project/src/main/java/io/github/qmjy/mapserver/controller/MapServerAssetsController.java:[20,47] package org.springframework.web.bind.annotation does not exist
[ERROR] /project/src/main/java/io/github/qmjy/mapserver/controller/MapServerAssetsController.java:[27,2] cannot find symbol
[ERROR]   symbol: class RequestMapping
[ERROR] /project/src/main/java/io/github/qmjy/mapserver/controller/MapServerTilesetsRestController.java:[43,32] package org.springframework.http does not exist
[ERROR] /project/src/main/java/io/github/qmjy/mapserver/controller/MapServerTilesetsRestController.java:[44,32] package org.springframework.http does not exist
[ERROR] /project/src/main/java/io/github/qmjy/mapserver/controller/MapServerTilesetsRestController.java:[45,32] package org.springframework.http does not exist
[ERROR] -> [Help 1]
[ERROR] 
[ERROR] To see the full stack trace of the errors, re-run Maven with the -e switch.
[ERROR] Re-run Maven using the -X switch to enable full debug logging.
[ERROR] 
[ERROR] For more information about the errors and possible solutions, please read the following articles:
[ERROR] [Help 1] http://cwiki.apache.org/confluence/display/MAVEN/MojoFailureException
