Downloading metadata...
Downloading metadata...
Package                                             Repository            Size
Installing:                                                                   
 emacs-filesystem-1:27.2-18.el9.noarch              ol9_appstream       8.3 kB
 git-2.47.3-1.el9_6.x86_64                          ol9_appstream      66.9 kB
 git-core-2.47.3-1.el9_6.x86_64                     ol9_appstream       5.0 MB
 git-core-doc-2.47.3-1.el9_6.noarch                 ol9_appstream       4.3 MB
 groff-base-1.22.4-10.el9.x86_64                    ol9_baseos_latest   1.3 MB
 libcbor-0.7.0-5.el9.x86_64                         ol9_baseos_latest  58.2 kB
 libedit-3.1-38.20210216cvs.el9.x86_64              ol9_baseos_latest 111.2 kB
 libfido2-1.13.0-2.el9.x86_64                       ol9_baseos_latest 104.0 kB
 ncurses-6.2-10.20210508.el9.x86_64                 ol9_baseos_latest 436.3 kB
 openssh-8.7p1-49.0.1.el9_7.x86_64                  ol9_baseos_latest 492.0 kB
 openssh-clients-8.7p1-49.0.1.el9_7.x86_64          ol9_baseos_latest 748.0 kB
 openssl-fips-provider-3.0.7-8.0.1.el9.x86_64       ol9_baseos_latest   8.5 kB
 openssl-fips-provider-so-3.0.7-8.0.1.el9.x86_64    ol9_baseos_latest 588.9 kB
 perl-AutoLoader-5.74-481.1.el9_6.noarch            ol9_appstream      20.2 kB
 perl-B-1.80-481.1.el9_6.x86_64                     ol9_appstream     199.9 kB
 perl-Carp-1.50-460.el9.noarch                      ol9_appstream      35.1 kB
 perl-Class-Struct-0.66-481.1.el9_6.noarch          ol9_appstream      21.0 kB
 perl-Data-Dumper-2.174-462.el9.x86_64              ol9_appstream      61.8 kB
 perl-Digest-1.19-4.el9.noarch                      ol9_appstream      35.7 kB
 perl-Digest-MD5-2.58-4.el9.x86_64                  ol9_appstream      42.2 kB
 perl-DynaLoader-1.47-481.1.el9_6.x86_64            ol9_appstream      24.7 kB
 perl-Encode-4:3.08-462.el9.x86_64                  ol9_appstream       1.8 MB
 perl-Errno-1.30-481.1.el9_6.x86_64                 ol9_appstream      13.6 kB
 perl-Error-1:0.17029-7.el9.noarch                  ol9_appstream      58.1 kB
 perl-Exporter-5.74-461.el9.noarch                  ol9_appstream      38.4 kB
 perl-Fcntl-1.13-481.1.el9_6.x86_64                 ol9_appstream      19.2 kB
 perl-File-Basename-2.85-481.1.el9_6.noarch         ol9_appstream      16.0 kB
 perl-File-Find-1.37-481.1.el9_6.noarch             ol9_appstream      24.4 kB
 perl-File-Path-2.18-4.el9.noarch                   ol9_appstream      37.0 kB
 perl-File-Temp-1:0.231.100-4.el9.noarch            ol9_appstream      68.4 kB
 perl-File-stat-1.09-481.1.el9_6.noarch             ol9_appstream      15.9 kB
 perl-FileHandle-2.03-481.1.el9_6.noarch            ol9_appstream      14.3 kB
 perl-Getopt-Long-1:2.52-4.el9.noarch               ol9_appstream      72.9 kB
 perl-Getopt-Std-1.12-481.1.el9_6.noarch            ol9_appstream      14.4 kB
 perl-Git-2.47.3-1.el9_6.noarch                     ol9_appstream      43.3 kB
 perl-HTTP-Tiny-0.076-462.el9.noarch                ol9_appstream      64.6 kB
 perl-IO-1.43-481.1.el9_6.x86_64                    ol9_appstream     111.4 kB
 perl-IO-Socket-IP-0.41-5.el9.noarch                ol9_appstream      50.4 kB
 perl-IO-Socket-SSL-2.073-2.el9.noarch              ol9_appstream     239.6 kB
 perl-IPC-Open3-1.21-481.1.el9_6.noarch             ol9_appstream      26.6 kB
 perl-MIME-Base64-3.16-4.el9.x86_64                 ol9_appstream      38.6 kB
 perl-Mozilla-CA-20200520-6.el9.noarch              ol9_appstream      13.3 kB
 perl-NDBM_File-1.15-481.1.el9_6.x86_64             ol9_appstream      20.9 kB
 perl-Net-SSLeay-1.94-3.el9.x86_64                  ol9_appstream     516.4 kB
 perl-POSIX-1.94-481.1.el9_6.x86_64                 ol9_appstream     101.6 kB
 perl-PathTools-3.78-461.el9.x86_64                 ol9_appstream     110.4 kB
 perl-Pod-Escapes-1:1.07-460.el9.noarch             ol9_appstream      21.1 kB
 perl-Pod-Perldoc-3.28.01-461.el9.noarch            ol9_appstream     118.6 kB
 perl-Pod-Simple-1:3.42-4.el9.noarch                ol9_appstream     278.8 kB
 perl-Pod-Usage-4:2.01-4.el9.noarch                 ol9_appstream      48.9 kB
 perl-Scalar-List-Utils-4:1.56-462.el9.x86_64       ol9_appstream      83.3 kB
 perl-SelectSaver-1.02-481.1.el9_6.noarch           ol9_appstream      10.4 kB
 perl-Socket-4:2.031-4.el9.x86_64                   ol9_appstream      63.5 kB
 perl-Storable-1:3.21-460.el9.x86_64                ol9_appstream     102.6 kB
 perl-Symbol-1.08-481.1.el9_6.noarch                ol9_appstream      12.9 kB
 perl-Term-ANSIColor-5.01-461.el9.noarch            ol9_appstream      55.6 kB
 perl-Term-Cap-1.17-460.el9.noarch                  ol9_appstream      27.8 kB
 perl-TermReadKey-2.38-11.el9.x86_64                ol9_appstream      43.3 kB
 perl-Text-ParseWords-3.30-460.el9.noarch           ol9_appstream      17.2 kB
 perl-Text-Tabs+Wrap-2013.0523-460.el9.noarch       ol9_appstream      29.8 kB
 perl-Time-Local-2:1.300-7.el9.noarch               ol9_appstream      41.9 kB
 perl-URI-5.09-3.el9.noarch                         ol9_appstream     183.8 kB
 perl-base-2.27-481.1.el9_6.noarch                  ol9_appstream      15.0 kB
 perl-constant-1.33-461.el9.noarch                  ol9_appstream      28.9 kB
 perl-if-0.60.800-481.1.el9_6.noarch                ol9_appstream      12.7 kB
 perl-interpreter-4:5.32.1-481.1.el9_6.x86_64       ol9_appstream      77.8 kB
 perl-lib-0.65-481.1.el9_6.x86_64                   ol9_appstream      13.6 kB
 perl-libnet-3.13-4.el9.noarch                      ol9_appstream     161.1 kB
 perl-libs-4:5.32.1-481.1.el9_6.x86_64              ol9_appstream       2.8 MB
 perl-mro-1.23-481.1.el9_6.x86_64                   ol9_appstream      27.2 kB
 perl-overload-1.31-481.1.el9_6.noarch              ol9_appstream      45.0 kB
 perl-overloading-0.02-481.1.el9_6.noarch           ol9_appstream      11.6 kB
 perl-parent-1:0.238-460.el9.noarch                 ol9_appstream      15.3 kB
 perl-podlators-1:4.14-460.el9.noarch               ol9_appstream     138.6 kB
 perl-subs-1.03-481.1.el9_6.noarch                  ol9_appstream      10.3 kB
 perl-vars-1.05-481.1.el9_6.noarch                  ol9_appstream      11.7 kB
Upgrading:                                                                    
 curl-7.76.1-35.el9_7.3.x86_64                      ol9_baseos_latest 310.0 kB
  replacing curl-7.76.1-26.el9_3.2.x86_64                                     
 libcurl-7.76.1-35.el9_7.3.x86_64                   ol9_baseos_latest 289.2 kB
  replacing libcurl-7.76.1-26.el9_3.2.x86_64                                  
 libcurl-devel-7.76.1-35.el9_7.3.x86_64             ol9_appstream       1.5 MB
  replacing libcurl-devel-7.76.1-26.el9_3.2.x86_64                            
 openssl-1:3.5.1-7.0.1.el9_7.x86_64                 ol9_baseos_latest   1.7 MB
  replacing openssl-1:3.0.7-24.0.1.el9.x86_64                                 
 openssl-devel-1:3.5.1-7.0.1.el9_7.x86_64           ol9_appstream       4.4 MB
  replacing openssl-devel-1:3.0.7-24.0.1.el9.x86_64                           
 openssl-libs-1:3.5.1-7.0.1.el9_7.x86_64            ol9_baseos_latest   2.4 MB
  replacing openssl-libs-1:3.0.7-24.0.1.el9.x86_64                            
 tar-2:1.34-9.el9_7.x86_64                          ol9_baseos_latest 949.0 kB
   replacing tar-2:1.34-6.el9_1.x86_64                                        
Transaction Summary:
 Installing:       76 packages
 Reinstalling:      0 packages
 Upgrading:         7 packages
 Obsoleting:        0 packages
 Removing:          0 packages
 Downgrading:       0 packages
Downloading packages...
Running transaction test...
Installing: emacs-filesystem;1:27.2-18.el9;noarch;ol9_appstream
Installing: openssl-fips-provider-so;3.0.7-8.0.1.el9;x86_64;ol9_baseos_latest
Installing: openssl-fips-provider;3.0.7-8.0.1.el9;x86_64;ol9_baseos_latest
Updating: openssl-libs;1:3.5.1-7.0.1.el9_7;x86_64;ol9_baseos_latest
Updating: libcurl;7.76.1-35.el9_7.3;x86_64;ol9_baseos_latest
Installing: openssh;8.7p1-49.0.1.el9_7;x86_64;ol9_baseos_latest
Installing: ncurses;6.2-10.20210508.el9;x86_64;ol9_baseos_latest
Installing: libedit;3.1-38.20210216cvs.el9;x86_64;ol9_baseos_latest
Installing: libcbor;0.7.0-5.el9;x86_64;ol9_baseos_latest
Installing: libfido2;1.13.0-2.el9;x86_64;ol9_baseos_latest
Installing: openssh-clients;8.7p1-49.0.1.el9_7;x86_64;ol9_baseos_latest
Installing: git-core;2.47.3-1.el9_6;x86_64;ol9_appstream
Installing: git-core-doc;2.47.3-1.el9_6;noarch;ol9_appstream
Installing: groff-base;1.22.4-10.el9;x86_64;ol9_baseos_latest
Installing: perl-Digest;1.19-4.el9;noarch;ol9_appstream
Installing: perl-Digest-MD5;2.58-4.el9;x86_64;ol9_appstream
Installing: perl-B;1.80-481.1.el9_6;x86_64;ol9_appstream
Installing: perl-FileHandle;2.03-481.1.el9_6;noarch;ol9_appstream
Installing: perl-Data-Dumper;2.174-462.el9;x86_64;ol9_appstream
Installing: perl-libnet;3.13-4.el9;noarch;ol9_appstream
Installing: perl-AutoLoader;5.74-481.1.el9_6;noarch;ol9_appstream
Installing: perl-base;2.27-481.1.el9_6;noarch;ol9_appstream
Installing: perl-URI;5.09-3.el9;noarch;ol9_appstream
Installing: perl-Mozilla-CA;20200520-6.el9;noarch;ol9_appstream
Installing: perl-if;0.60.800-481.1.el9_6;noarch;ol9_appstream
Installing: perl-IO-Socket-IP;0.41-5.el9;noarch;ol9_appstream
Installing: perl-Time-Local;2:1.300-7.el9;noarch;ol9_appstream
Installing: perl-File-Path;2.18-4.el9;noarch;ol9_appstream
Installing: perl-IO-Socket-SSL;2.073-2.el9;noarch;ol9_appstream
Installing: perl-Net-SSLeay;1.94-3.el9;x86_64;ol9_appstream
Installing: perl-Pod-Escapes;1:1.07-460.el9;noarch;ol9_appstream
Installing: perl-Text-Tabs+Wrap;2013.0523-460.el9;noarch;ol9_appstream
Installing: perl-Class-Struct;0.66-481.1.el9_6;noarch;ol9_appstream
Installing: perl-POSIX;1.94-481.1.el9_6;x86_64;ol9_appstream
Installing: perl-Term-ANSIColor;5.01-461.el9;noarch;ol9_appstream
Installing: perl-IPC-Open3;1.21-481.1.el9_6;noarch;ol9_appstream
Installing: perl-subs;1.03-481.1.el9_6;noarch;ol9_appstream
Installing: perl-File-Temp;1:0.231.100-4.el9;noarch;ol9_appstream
Installing: perl-HTTP-Tiny;0.076-462.el9;noarch;ol9_appstream
Installing: perl-Term-Cap;1.17-460.el9;noarch;ol9_appstream
Installing: perl-Pod-Simple;1:3.42-4.el9;noarch;ol9_appstream
Installing: perl-Socket;4:2.031-4.el9;x86_64;ol9_appstream
Installing: perl-SelectSaver;1.02-481.1.el9_6;noarch;ol9_appstream
Installing: perl-Symbol;1.08-481.1.el9_6;noarch;ol9_appstream
Installing: perl-File-stat;1.09-481.1.el9_6;noarch;ol9_appstream
Installing: perl-podlators;1:4.14-460.el9;noarch;ol9_appstream
Installing: perl-Pod-Perldoc;3.28.01-461.el9;noarch;ol9_appstream
Installing: perl-Fcntl;1.13-481.1.el9_6;x86_64;ol9_appstream
Installing: perl-Text-ParseWords;3.30-460.el9;noarch;ol9_appstream
Installing: perl-mro;1.23-481.1.el9_6;x86_64;ol9_appstream
Installing: perl-IO;1.43-481.1.el9_6;x86_64;ol9_appstream
Installing: perl-overloading;0.02-481.1.el9_6;noarch;ol9_appstream
Installing: perl-Pod-Usage;4:2.01-4.el9;noarch;ol9_appstream
Installing: perl-Errno;1.30-481.1.el9_6;x86_64;ol9_appstream
Installing: perl-File-Basename;2.85-481.1.el9_6;noarch;ol9_appstream
Installing: perl-Getopt-Std;1.12-481.1.el9_6;noarch;ol9_appstream
Installing: perl-MIME-Base64;3.16-4.el9;x86_64;ol9_appstream
Installing: perl-Scalar-List-Utils;4:1.56-462.el9;x86_64;ol9_appstream
Installing: perl-constant;1.33-461.el9;noarch;ol9_appstream
Installing: perl-Storable;1:3.21-460.el9;x86_64;ol9_appstream
Installing: perl-overload;1.31-481.1.el9_6;noarch;ol9_appstream
Installing: perl-parent;1:0.238-460.el9;noarch;ol9_appstream
Installing: perl-vars;1.05-481.1.el9_6;noarch;ol9_appstream
Installing: perl-Getopt-Long;1:2.52-4.el9;noarch;ol9_appstream
Installing: perl-Carp;1.50-460.el9;noarch;ol9_appstream
Installing: perl-Exporter;5.74-461.el9;noarch;ol9_appstream
Installing: perl-NDBM_File;1.15-481.1.el9_6;x86_64;ol9_appstream
Installing: perl-PathTools;3.78-461.el9;x86_64;ol9_appstream
Installing: perl-Encode;4:3.08-462.el9;x86_64;ol9_appstream
Installing: perl-libs;4:5.32.1-481.1.el9_6;x86_64;ol9_appstream
Installing: perl-interpreter;4:5.32.1-481.1.el9_6;x86_64;ol9_appstream
Installing: perl-DynaLoader;1.47-481.1.el9_6;x86_64;ol9_appstream
Installing: perl-TermReadKey;2.38-11.el9;x86_64;ol9_appstream
Installing: perl-Error;1:0.17029-7.el9;noarch;ol9_appstream
Installing: perl-File-Find;1.37-481.1.el9_6;noarch;ol9_appstream
Installing: perl-lib;0.65-481.1.el9_6;x86_64;ol9_appstream
Installing: perl-Git;2.47.3-1.el9_6;noarch;ol9_appstream
Installing: git;2.47.3-1.el9_6;x86_64;ol9_appstream
Updating: curl;7.76.1-35.el9_7.3;x86_64;ol9_baseos_latest
Updating: libcurl-devel;7.76.1-35.el9_7.3;x86_64;ol9_appstream
Updating: openssl;1:3.5.1-7.0.1.el9_7;x86_64;ol9_baseos_latest
Updating: openssl-devel;1:3.5.1-7.0.1.el9_7;x86_64;ol9_appstream
Updating: tar;2:1.34-9.el9_7;x86_64;ol9_baseos_latest
Cleanup: openssl;1:3.0.7-24.0.1.el9;x86_64;installed
Cleanup: openssl-devel;1:3.0.7-24.0.1.el9;x86_64;installed
Cleanup: libcurl-devel;7.76.1-26.el9_3.2;x86_64;installed
Cleanup: curl;7.76.1-26.el9_3.2;x86_64;installed
Cleanup: libcurl;7.76.1-26.el9_3.2;x86_64;installed
Cleanup: openssl-libs;1:3.0.7-24.0.1.el9;x86_64;installed
Cleanup: tar;2:1.34-6.el9_1;x86_64;installed
Complete.


See the dependency-check report for more details.


[INFO] 
[INFO] --- failsafe:3.2.5:verify (default) @ eris ---
[INFO] 
[INFO] --- install:3.1.1:install (default-install) @ eris ---
[INFO] Downloading from spring-releases: https://repo.spring.io/libs-release/org/codehaus/plexus/plexus-utils/3.5.0/plexus-utils-3.5.0.jar
[INFO] Downloading from central: https://repo.maven.apache.org/maven2/org/codehaus/plexus/plexus-utils/3.5.0/plexus-utils-3.5.0.jar
[INFO] Downloaded from central: https://repo.maven.apache.org/maven2/org/codehaus/plexus/plexus-utils/3.5.0/plexus-utils-3.5.0.jar (267 kB at 1.9 MB/s)
[INFO] Installing /project/pom.xml to /root/.m2/repository/com/madadipouya/eris/eris/0.2.84-SNAPSHOT/eris-0.2.84-SNAPSHOT.pom
[INFO] Installing /project/target/eris-0.2.84-SNAPSHOT.jar to /root/.m2/repository/com/madadipouya/eris/eris/0.2.84-SNAPSHOT/eris-0.2.84-SNAPSHOT.jar
[INFO] ------------------------------------------------------------------------
[INFO] BUILD SUCCESS
[INFO] ------------------------------------------------------------------------
[INFO] Total time:  35:50 min
[INFO] Finished at: 2026-05-22T03:39:14Z
[INFO] ------------------------------------------------------------------------
[INFO] Scanning for projects...
[INFO] 
[INFO] ---------------------< com.madadipouya.eris:eris >----------------------
[INFO] Building Eris 0.2.84-SNAPSHOT
[INFO]   from pom.xml
[INFO] --------------------------------[ jar ]---------------------------------
[INFO] 
[INFO] --- resources:3.3.1:resources (default-resources) @ eris ---
[INFO] Copying 1 resource from src/main/resources to target/classes
[INFO] Copying 4 resources from src/main/resources to target/classes
[INFO] 
[INFO] --- compiler:3.13.0:compile (default-compile) @ eris ---
[INFO] Nothing to compile - all classes are up to date.
[INFO] 
[INFO] --- resources:3.3.1:testResources (default-testResources) @ eris ---
[INFO] Copying 4 resources from src/test/resources to target/test-classes
[INFO] 
[INFO] --- compiler:3.13.0:testCompile (default-testCompile) @ eris ---
[INFO] Nothing to compile - all classes are up to date.
[INFO] 
[INFO] --- surefire:3.2.5:test (default-test) @ eris ---
[INFO] Using auto detected provider org.apache.maven.surefire.junitplatform.JUnitPlatformProvider
[INFO] 
[INFO] -------------------------------------------------------
[INFO]  T E S T S
[INFO] -------------------------------------------------------
[INFO] Running com.madadipouya.eris.configuration.RestTemplateConfigurationTest
OpenJDK 64-Bit Server VM warning: Sharing is only supported for boot loader classes because bootstrap classpath has been appended
WARNING: A Java agent has been loaded dynamically (/root/.m2/repository/net/bytebuddy/byte-buddy-agent/1.14.12/byte-buddy-agent-1.14.12.jar)
WARNING: If a serviceability tool is in use, please run with -XX:+EnableDynamicAgentLoading to hide this warning
WARNING: If a serviceability tool is not in use, please run with -Djdk.instrument.traceUsage for more information
WARNING: Dynamic loading of agents will be disallowed by default in a future release
Standard Commons Logging discovery in action with spring-jcl: please remove commons-logging.jar from classpath in order to avoid potential conflicts
[INFO] Tests run: 1, Failures: 0, Errors: 0, Skipped: 0, Time elapsed: 5.660 s -- in com.madadipouya.eris.configuration.RestTemplateConfigurationTest
[INFO] Running com.madadipouya.eris.configuration.SwaggerConfigurationTest
[INFO] Tests run: 1, Failures: 0, Errors: 0, Skipped: 0, Time elapsed: 0.398 s -- in com.madadipouya.eris.configuration.SwaggerConfigurationTest
[INFO] Running com.madadipouya.eris.configuration.CacheConfigurationTest
[INFO] Tests run: 1, Failures: 0, Errors: 0, Skipped: 0, Time elapsed: 0.411 s -- in com.madadipouya.eris.configuration.CacheConfigurationTest
[INFO] Running com.madadipouya.eris.configuration.ApplicationConfigurationTest
[INFO] Tests run: 1, Failures: 0, Errors: 0, Skipped: 0, Time elapsed: 2.954 s -- in com.madadipouya.eris.configuration.ApplicationConfigurationTest
[INFO] Running com.madadipouya.eris.listener.CountryCodeCacheInitializationListenerTest
03:39:44.960 [main] WARN com.madadipouya.eris.listener.CountryCodeCacheInitializationListener -- Failed to open the country code file, the cache will be empty
java.io.IOException: null
[INFO] Tests run: 5, Failures: 0, Errors: 0, Skipped: 0, Time elapsed: 4.346 s -- in com.madadipouya.eris.listener.CountryCodeCacheInitializationListenerTest
[INFO] Running com.madadipouya.eris.util.UnitConversionUtilsTest
[INFO] Tests run: 7, Failures: 0, Errors: 0, Skipped: 0, Time elapsed: 0.128 s -- in com.madadipouya.eris.util.UnitConversionUtilsTest
[INFO] Running com.madadipouya.eris.util.BeanUtilsTest
[INFO] Tests run: 3, Failures: 0, Errors: 0, Skipped: 0, Time elapsed: 0.221 s -- in com.madadipouya.eris.util.BeanUtilsTest
[INFO] Running com.madadipouya.eris.util.PropertyUtilsTest
03:39:46.261 [main] INFO org.springframework.test.context.support.AnnotationConfigContextLoaderUtils -- Could not detect default configuration classes for test class [com.madadipouya.eris.util.PropertyUtilsTest]: PropertyUtilsTest does not declare any static, non-private, non-final, nested classes annotated with @Configuration.
03:39:46.969 [main] INFO org.springframework.boot.test.context.SpringBootTestContextBootstrapper -- Found @SpringBootConfiguration com.madadipouya.eris.Application for test class com.madadipouya.eris.util.PropertyUtilsTest
_____ _____ _____ _____ _____ _____ _____ _____ _____ _____ _____ _____ _____ 
|_____|_____|_____|_____|_____|_____|_____|_____|_____|_____|_____|_____|_____|
                                                                               
                                                                               
 _____      _      __        __           _     _               _   ____ ___   
|____ |__ _(_)___  \ \      / ___  _ __ _| | __| |___ __ _     / \ / _  |_ _|  
  |_  |__` | |__ \  \ \ /\ / / _ \| '_ |__ |/ _` / _ |__` |   / _ | (_| || |   
 ___| |  | | / __/   \ V  V /\__  | |_) _| | | | \__  | | |  / ___ \__  || |   
|_____|  |_|_\___|    \_/\_/ |___/|_.__|__/|_| |_|___/  |_| /_/   \_\ |_|___|  
                                                                               
                                                                               
                                                                               
 _____ _____ _____ _____ _____ _____ _____ _____ _____ _____ _____ _____ _____ 
|_____|_____|_____|_____|_____|_____|_____|_____|_____|_____|_____|_____|_____|
                                                                               
                                                                               
2026-05-22T03:39:50.078Z  INFO 795 --- [Eris] [           main] c.m.eris.util.PropertyUtilsTest          : Starting PropertyUtilsTest using Java 21.0.2 with PID 795 (started by root in /project)
2026-05-22T03:39:50.142Z  INFO 795 --- [Eris] [           main] c.m.eris.util.PropertyUtilsTest          : No active profile set, falling back to 1 default profile: "default"
2026-05-22T03:40:12.859Z  INFO 795 --- [Eris] [           main] o.s.cloud.context.scope.GenericScope     : BeanFactory id=019184be-58eb-3573-992f-120f16b58ddd
2026-05-22T03:40:18.563Z  WARN 795 --- [Eris] [           main] trationDelegate$BeanPostProcessorChecker : Bean 'org.springframework.cloud.client.loadbalancer.LoadBalancerAutoConfiguration$DeferringLoadBalancerInterceptorConfig' of type [org.springframework.cloud.client.loadbalancer.LoadBalancerAutoConfiguration$DeferringLoadBalancerInterceptorConfig] is not eligible for getting processed by all BeanPostProcessors (for example: not eligible for auto-proxying). The currently created BeanPostProcessor [lbRestClientPostProcessor] is declared through a non-static factory method on that class; consider declaring it as static instead.
2026-05-22T03:40:18.725Z  WARN 795 --- [Eris] [           main] trationDelegate$BeanPostProcessorChecker : Bean 'deferringLoadBalancerInterceptor' of type [org.springframework.cloud.client.loadbalancer.DeferringLoadBalancerInterceptor] is not eligible for getting processed by all BeanPostProcessors (for example: not eligible for auto-proxying). Is this bean getting eagerly injected into a currently created BeanPostProcessor [lbRestClientPostProcessor]? Check the corresponding BeanPostProcessor declaration and its dependencies.
2026-05-22T03:41:32.337Z  INFO 795 --- [Eris] [           main] o.s.b.a.e.web.EndpointLinksResolver      : Exposing 23 endpoint(s) beneath base path '/actuator'
2026-05-22T03:41:38.771Z  INFO 795 --- [Eris] [           main] o.s.s.web.DefaultSecurityFilterChain     : Will secure any request with [org.springframework.security.web.session.DisableEncodeUrlFilter@58fe7e22, org.springframework.security.web.context.request.async.WebAsyncManagerIntegrationFilter@591dd039, org.springframework.security.web.context.SecurityContextHolderFilter@ebd4486, org.springframework.security.web.header.HeaderWriterFilter@2fbbdca, org.springframework.web.filter.CorsFilter@597f9d91, org.springframework.security.web.csrf.CsrfFilter@473ee461, org.springframework.security.web.authentication.logout.LogoutFilter@3566d527, org.springframework.security.web.authentication.www.BasicAuthenticationFilter@6809a461, org.springframework.security.web.savedrequest.RequestCacheAwareFilter@5973d3ec, org.springframework.security.web.servletapi.SecurityContextHolderAwareRequestFilter@5eace68f, org.springframework.security.web.authentication.AnonymousAuthenticationFilter@64d128d0, org.springframework.security.web.access.ExceptionTranslationFilter@6587c92f, org.springframework.security.web.access.intercept.AuthorizationFilter@158bd27d]
2026-05-22T03:42:22.956Z  WARN 795 --- [Eris] [           main] .s.s.UserDetailsServiceAutoConfiguration : 

Using generated security password: 001c79e2-381d-4233-8bdf-d4306dda1e70

This generated password is for development use only. Your security configuration must be updated before running your application in production.

2026-05-22T03:42:31.884Z  INFO 795 --- [Eris] [           main] c.m.eris.util.PropertyUtilsTest          : Started PropertyUtilsTest in 164.13 seconds (process running for 186.695)
[INFO] Tests run: 4, Failures: 0, Errors: 0, Skipped: 0, Time elapsed: 168.0 s -- in com.madadipouya.eris.util.PropertyUtilsTest
[INFO] Running com.madadipouya.eris.integration.openstreetmap.DefaultOpenStreetMapIntegrationTest
[INFO] Tests run: 2, Failures: 0, Errors: 0, Skipped: 0, Time elapsed: 9.565 s -- in com.madadipouya.eris.integration.openstreetmap.DefaultOpenStreetMapIntegrationTest
[INFO] Running com.madadipouya.eris.integration.openstreetmap.remote.response.OpenStreetMapLocationResponseTest
[INFO] Tests run: 1, Failures: 0, Errors: 0, Skipped: 0, Time elapsed: 0.011 s -- in com.madadipouya.eris.integration.openstreetmap.remote.response.OpenStreetMapLocationResponseTest
[INFO] Running com.madadipouya.eris.integration.groupkt.DefaultGroupktCountryNameIntegrationTest
[INFO] Tests run: 2, Failures: 0, Errors: 0, Skipped: 0, Time elapsed: 0.315 s -- in com.madadipouya.eris.integration.groupkt.DefaultGroupktCountryNameIntegrationTest
[INFO] Running com.madadipouya.eris.integration.groupkt.remote.response.GroupktCountryNameResponseTest
[INFO] Tests run: 1, Failures: 0, Errors: 0, Skipped: 0, Time elapsed: 0.010 s -- in com.madadipouya.eris.integration.groupkt.remote.response.GroupktCountryNameResponseTest
[INFO] Running com.madadipouya.eris.integration.ipapi.DefaultIpApiIntegrationTest
[INFO] Tests run: 1, Failures: 0, Errors: 0, Skipped: 0, Time elapsed: 1.774 s -- in com.madadipouya.eris.integration.ipapi.DefaultIpApiIntegrationTest
[INFO] Running com.madadipouya.eris.integration.ipapi.remote.response.IpApiResponseTest
[INFO] Tests run: 1, Failures: 0, Errors: 0, Skipped: 0, Time elapsed: 0.013 s -- in com.madadipouya.eris.integration.ipapi.remote.response.IpApiResponseTest
[INFO] Running com.madadipouya.eris.integration.fallbacks.iplookup.impl.DefaultExtremeIpLookupIntegrationTest
[INFO] Tests run: 1, Failures: 0, Errors: 0, Skipped: 0, Time elapsed: 0.048 s -- in com.madadipouya.eris.integration.fallbacks.iplookup.impl.DefaultExtremeIpLookupIntegrationTest
[INFO] Running com.madadipouya.eris.integration.openweathermap.DefaultOpenWeatherMapIntegrationTest
[INFO] Tests run: 2, Failures: 0, Errors: 0, Skipped: 0, Time elapsed: 0.688 s -- in com.madadipouya.eris.integration.openweathermap.DefaultOpenWeatherMapIntegrationTest
[INFO] Running com.madadipouya.eris.integration.openweathermap.remote.response.OpenWeatherMapCurrentWeatherResponseTest
[INFO] Tests run: 7, Failures: 0, Errors: 0, Skipped: 0, Time elapsed: 0.054 s -- in com.madadipouya.eris.integration.openweathermap.remote.response.OpenWeatherMapCurrentWeatherResponseTest
[INFO] Running com.madadipouya.eris.service.feelslike.impl.DefaultFeelsLikeServiceTest
[INFO] Tests run: 8, Failures: 0, Errors: 0, Skipped: 0, Time elapsed: 0.568 s -- in com.madadipouya.eris.service.feelslike.impl.DefaultFeelsLikeServiceTest
[INFO] Running com.madadipouya.eris.service.segmentio.impl.DefaultSegmentIoAnalyticsTest
[INFO] Tests run: 2, Failures: 0, Errors: 0, Skipped: 0, Time elapsed: 0.785 s -- in com.madadipouya.eris.service.segmentio.impl.DefaultSegmentIoAnalyticsTest
[INFO] Running com.madadipouya.eris.service.segmentio.interceptor.LogToSegmentInterceptorTest

[INFO] Tests run: 6, Failures: 0, Errors: 0, Skipped: 0, Time elapsed: 5.450 s -- in com.madadipouya.eris.service.segmentio.interceptor.LogToSegmentInterceptorTest
[INFO] Running com.madadipouya.eris.service.ipgeolocation.impl.DefaultIpGeoLocationTest
[INFO] Tests run: 5, Failures: 0, Errors: 0, Skipped: 0, Time elapsed: 5.002 s -- in com.madadipouya.eris.service.ipgeolocation.impl.DefaultIpGeoLocationTest
[INFO] Running com.madadipouya.eris.service.weather.impl.DefaultWeatherTest
[INFO] Tests run: 7, Failures: 0, Errors: 0, Skipped: 0, Time elapsed: 6.029 s -- in com.madadipouya.eris.service.weather.impl.DefaultWeatherTest
[INFO] Running com.madadipouya.eris.interceptor.HttpRequestLoggerInterceptorTest
2026-05-22T03:43:08.572Z  INFO 795 --- [Eris] [           main] c.m.e.i.HttpRequestLoggerInterceptor     : Serving request for IP: 185.86.151.11 with parameters: longitude:2.00, latitude:1.00 - @ /v1/weather/current
[INFO] Tests run: 2, Failures: 0, Errors: 0, Skipped: 0, Time elapsed: 3.819 s -- in com.madadipouya.eris.interceptor.HttpRequestLoggerInterceptorTest
[INFO] Running com.madadipouya.eris.rest.RedirectTest
[INFO] Tests run: 2, Failures: 0, Errors: 0, Skipped: 0, Time elapsed: 0.321 s -- in com.madadipouya.eris.rest.RedirectTest
[INFO] Running com.madadipouya.eris.rest.error.GlobalControllerExceptionHandlerTest
2026-05-22T03:43:10.826Z ERROR 795 --- [Eris] [           main] m.e.r.e.GlobalControllerExceptionHandler : 
[INFO] Tests run: 1, Failures: 0, Errors: 0, Skipped: 0, Time elapsed: 1.896 s -- in com.madadipouya.eris.rest.error.GlobalControllerExceptionHandlerTest
[INFO] Running com.madadipouya.eris.rest.CurrentWeatherAPIControllerTest
[INFO] Tests run: 4, Failures: 0, Errors: 0, Skipped: 0, Time elapsed: 1.044 s -- in com.madadipouya.eris.rest.CurrentWeatherAPIControllerTest
[INFO] 
[INFO] Results:
[INFO] 
[INFO] Tests run: 78, Failures: 0, Errors: 0, Skipped: 0
[INFO] 
[INFO] ------------------------------------------------------------------------
[INFO] BUILD SUCCESS
[INFO] ------------------------------------------------------------------------
[INFO] Total time:  03:54 min
[INFO] Finished at: 2026-05-22T03:43:12Z
[INFO] ------------------------------------------------------------------------
