[INFO] Scanning for projects...
[INFO] ------------------------------------------------------------------------
[INFO] Reactor Build Order:
[INFO] 
[INFO] trading                                                            [pom]
[INFO] trading-test                                                       [jar]
[INFO] trading-common                                                     [jar]
[INFO] trading-data-collect                                               [jar]
[INFO] trading-webapp                                                     [jar]
[INFO] trading-gatling                                                    [jar]
[INFO] 
[INFO] --------------------< fr.ymanvieu.trading:trading >---------------------
[INFO] Building trading 5.0.0-SNAPSHOT                                    [1/6]
[INFO]   from pom.xml
[INFO] --------------------------------[ pom ]---------------------------------
[INFO] 
[INFO] --- install:3.1.1:install (default-install) @ trading ---
[INFO] Installing /project/pom.xml to /root/.m2/repository/fr/ymanvieu/trading/trading/5.0.0-SNAPSHOT/trading-5.0.0-SNAPSHOT.pom
[INFO] 
[INFO] ------------------< fr.ymanvieu.trading:trading-test >------------------
[INFO] Building trading-test 5.0.0-SNAPSHOT                               [2/6]
[INFO]   from trading-test/pom.xml
[INFO] --------------------------------[ jar ]---------------------------------
[INFO] 
[INFO] --- resources:3.3.1:resources (default-resources) @ trading-test ---
[INFO] skip non existing resourceDirectory /project/trading-test/src/main/resources
[INFO] skip non existing resourceDirectory /project/trading-test/src/main/resources
[INFO] 
[INFO] --- compiler:3.11.0:compile (default-compile) @ trading-test ---
[INFO] Changes detected - recompiling the module! :source
[INFO] Compiling 1 source file with javac [debug release 21] to target/classes
[INFO] 
[INFO] --- resources:3.3.1:testResources (default-testResources) @ trading-test ---
[INFO] Not copying test resources
[INFO] 
[INFO] --- compiler:3.11.0:testCompile (default-testCompile) @ trading-test ---
[INFO] Not compiling test sources
[INFO] 
[INFO] --- surefire:3.1.2:test (default-test) @ trading-test ---
[INFO] Tests are skipped.
[INFO] 
[INFO] --- jar:3.3.0:jar (default-jar) @ trading-test ---
[INFO] Building jar: /project/trading-test/target/trading-test-5.0.0-SNAPSHOT.jar
[INFO] 
[INFO] --- install:3.1.1:install (default-install) @ trading-test ---
[INFO] Installing /project/trading-test/pom.xml to /root/.m2/repository/fr/ymanvieu/trading/trading-test/5.0.0-SNAPSHOT/trading-test-5.0.0-SNAPSHOT.pom
[INFO] Installing /project/trading-test/target/trading-test-5.0.0-SNAPSHOT.jar to /root/.m2/repository/fr/ymanvieu/trading/trading-test/5.0.0-SNAPSHOT/trading-test-5.0.0-SNAPSHOT.jar
[INFO] 
[INFO] -----------------< fr.ymanvieu.trading:trading-common >-----------------
[INFO] Building trading-common 5.0.0-SNAPSHOT                             [3/6]
[INFO]   from trading-common/pom.xml
[INFO] --------------------------------[ jar ]---------------------------------
[INFO] 
[INFO] --- apt:1.1.3:process (default) @ trading-common ---
/project/trading-common/src/main/java/fr/ymanvieu/trading/common/rate/mapper/RateMapper.java:5: error: package org.mapstruct does not exist
import org.mapstruct.Mapper;
                    ^
/project/trading-common/src/main/java/fr/ymanvieu/trading/common/rate/mapper/RateMapper.java:12: error: cannot find symbol
@Mapper(config = MapstructConfig.class, uses = SymbolMapper.class)
 ^
  symbol: class Mapper
/project/trading-common/src/main/java/fr/ymanvieu/trading/common/provider/mapper/PairMapper.java:5: error: package org.mapstruct does not exist
import org.mapstruct.Mapper;
                    ^
/project/trading-common/src/main/java/fr/ymanvieu/trading/common/provider/mapper/PairMapper.java:12: error: cannot find symbol
@Mapper(config = MapstructConfig.class, uses = SymbolMapper.class)
 ^
  symbol: class Mapper
/project/trading-common/src/main/java/fr/ymanvieu/trading/common/symbol/mapper/SymbolMapper.java:5: error: package org.mapstruct does not exist
import org.mapstruct.Mapper;
                    ^
/project/trading-common/src/main/java/fr/ymanvieu/trading/common/symbol/mapper/SymbolMapper.java:11: error: cannot find symbol
@Mapper(config = MapstructConfig.class)
 ^
  symbol: class Mapper
/project/trading-common/src/main/java/fr/ymanvieu/trading/common/config/MapstructConfig.java:3: error: package org.mapstruct does not exist
import org.mapstruct.MapperConfig;
                    ^
/project/trading-common/src/main/java/fr/ymanvieu/trading/common/config/MapstructConfig.java:4: error: package org.mapstruct does not exist
import org.mapstruct.ReportingPolicy;
                    ^
/project/trading-common/src/main/java/fr/ymanvieu/trading/common/config/MapstructConfig.java:6: error: cannot find symbol
@MapperConfig(unmappedTargetPolicy = ReportingPolicy.ERROR, componentModel = "spring")
 ^
  symbol: class MapperConfig
/project/trading-common/src/main/java/fr/ymanvieu/trading/common/config/MapstructConfig.java:6: error: cannot find symbol
@MapperConfig(unmappedTargetPolicy = ReportingPolicy.ERROR, componentModel = "spring")
                                     ^
  symbol: variable ReportingPolicy
10 errors
[INFO] 
[INFO] --- resources:3.3.1:resources (default-resources) @ trading-common ---
[INFO] Copying 0 resource from src/main/resources to target/classes
[INFO] Copying 7 resources from src/main/resources to target/classes
[INFO] 
[INFO] --- compiler:3.11.0:compile (default-compile) @ trading-common ---
[INFO] Changes detected - recompiling the module! :source
[INFO] Compiling 92 source files with javac [debug release 21] to target/classes
[INFO] Annotation processing is enabled because one or more processors were found
  on the class path. A future release of javac may disable annotation processing
  unless at least one processor is specified by name (-processor), or a search
  path is specified (--processor-path, --processor-module-path), or annotation
  processing is enabled explicitly (-proc:only, -proc:full).
  Use -Xlint:-options to suppress this message.
  Use -proc:none to disable annotation processing.
[INFO] -------------------------------------------------------------
[ERROR] COMPILATION ERROR : 
[INFO] -------------------------------------------------------------
[ERROR] /project/trading-common/src/main/java/fr/ymanvieu/trading/common/provider/mapper/PairMapper.java:[5,21] package org.mapstruct does not exist
[ERROR] /project/trading-common/src/main/java/fr/ymanvieu/trading/common/provider/mapper/PairMapper.java:[12,2] cannot find symbol
  symbol: class Mapper
[ERROR] /project/trading-common/src/main/java/fr/ymanvieu/trading/common/rate/mapper/RateMapper.java:[5,21] package org.mapstruct does not exist
[ERROR] /project/trading-common/src/main/java/fr/ymanvieu/trading/common/rate/mapper/RateMapper.java:[12,2] cannot find symbol
  symbol: class Mapper
[ERROR] /project/trading-common/src/main/java/fr/ymanvieu/trading/common/symbol/mapper/SymbolMapper.java:[5,21] package org.mapstruct does not exist
[ERROR] /project/trading-common/src/main/java/fr/ymanvieu/trading/common/symbol/mapper/SymbolMapper.java:[11,2] cannot find symbol
  symbol: class Mapper
[ERROR] /project/trading-common/src/main/java/fr/ymanvieu/trading/common/config/MapstructConfig.java:[3,21] package org.mapstruct does not exist
[ERROR] /project/trading-common/src/main/java/fr/ymanvieu/trading/common/config/MapstructConfig.java:[4,21] package org.mapstruct does not exist
[ERROR] /project/trading-common/src/main/java/fr/ymanvieu/trading/common/config/MapstructConfig.java:[6,2] cannot find symbol
  symbol: class MapperConfig
[ERROR] /project/trading-common/src/main/java/fr/ymanvieu/trading/common/config/MapstructConfig.java:[6,38] cannot find symbol
  symbol: variable ReportingPolicy
[INFO] 10 errors 
[INFO] -------------------------------------------------------------
[INFO] ------------------------------------------------------------------------
[INFO] Reactor Summary for trading 5.0.0-SNAPSHOT:
[INFO] 
[INFO] trading ............................................ SUCCESS [  0.387 s]
[INFO] trading-test ....................................... SUCCESS [  4.724 s]
[INFO] trading-common ..................................... FAILURE [ 11.309 s]
[INFO] trading-data-collect ............................... SKIPPED
[INFO] trading-webapp ..................................... SKIPPED
[INFO] trading-gatling .................................... SKIPPED
[INFO] ------------------------------------------------------------------------
[INFO] BUILD FAILURE
[INFO] ------------------------------------------------------------------------
[INFO] Total time:  17.245 s
[INFO] Finished at: 2026-09-21T20:47:20Z
[INFO] ------------------------------------------------------------------------
[ERROR] Failed to execute goal org.apache.maven.plugins:maven-compiler-plugin:3.11.0:compile (default-compile) on project trading-common: Compilation failure: Compilation failure: 
[ERROR] /project/trading-common/src/main/java/fr/ymanvieu/trading/common/provider/mapper/PairMapper.java:[5,21] package org.mapstruct does not exist
[ERROR] /project/trading-common/src/main/java/fr/ymanvieu/trading/common/provider/mapper/PairMapper.java:[12,2] cannot find symbol
[ERROR]   symbol: class Mapper
[ERROR] /project/trading-common/src/main/java/fr/ymanvieu/trading/common/rate/mapper/RateMapper.java:[5,21] package org.mapstruct does not exist
[ERROR] /project/trading-common/src/main/java/fr/ymanvieu/trading/common/rate/mapper/RateMapper.java:[12,2] cannot find symbol
[ERROR]   symbol: class Mapper
[ERROR] /project/trading-common/src/main/java/fr/ymanvieu/trading/common/symbol/mapper/SymbolMapper.java:[5,21] package org.mapstruct does not exist
[ERROR] /project/trading-common/src/main/java/fr/ymanvieu/trading/common/symbol/mapper/SymbolMapper.java:[11,2] cannot find symbol
[ERROR]   symbol: class Mapper
[ERROR] /project/trading-common/src/main/java/fr/ymanvieu/trading/common/config/MapstructConfig.java:[3,21] package org.mapstruct does not exist
[ERROR] /project/trading-common/src/main/java/fr/ymanvieu/trading/common/config/MapstructConfig.java:[4,21] package org.mapstruct does not exist
[ERROR] /project/trading-common/src/main/java/fr/ymanvieu/trading/common/config/MapstructConfig.java:[6,2] cannot find symbol
[ERROR]   symbol: class MapperConfig
[ERROR] /project/trading-common/src/main/java/fr/ymanvieu/trading/common/config/MapstructConfig.java:[6,38] cannot find symbol
[ERROR]   symbol: variable ReportingPolicy
[ERROR] -> [Help 1]
[ERROR] 
[ERROR] To see the full stack trace of the errors, re-run Maven with the -e switch.
[ERROR] Re-run Maven using the -X switch to enable full debug logging.
[ERROR] 
[ERROR] For more information about the errors and possible solutions, please read the following articles:
[ERROR] [Help 1] http://cwiki.apache.org/confluence/display/MAVEN/MojoFailureException
[ERROR] 
[ERROR] After correcting the problems, you can resume the build with the command
[ERROR]   mvn <args> -rf :trading-common
