 Network trading_benchnet Creating 
 Network trading_benchnet Created 
 Volume trading_trading_m2 Creating 
 Volume trading_trading_m2 Created 
 Container ymanvieu-trading-wiremock Creating 
 Container ymanvieu-trading-db Creating 
 Container ymanvieu-trading-wiremock Created 
 Container ymanvieu-trading-db Created 
 Container ymanvieu-trading-app Creating 
 Container ymanvieu-trading-app Created 
 Container ymanvieu-trading-wiremock Starting 
 Container ymanvieu-trading-db Starting 
 Container ymanvieu-trading-wiremock Started 
 Container ymanvieu-trading-db Started 
 Container ymanvieu-trading-db Waiting 
 Container ymanvieu-trading-db Healthy 
 Container ymanvieu-trading-app Starting 
 Container ymanvieu-trading-app Started 
 Container ymanvieu-trading-db Waiting 
 Container ymanvieu-trading-wiremock Waiting 
 Container ymanvieu-trading-app Waiting 
 Container ymanvieu-trading-wiremock Healthy 
 Container ymanvieu-trading-db Healthy 
container ymanvieu-trading-app exited (1)
