[INFO] Scanning for projects...
[INFO] 
[INFO] -------------------------< com:libraryman-api >-------------------------
[INFO] Building libraryman-api 0.0.1-SNAPSHOT
[INFO]   from pom.xml
[INFO] --------------------------------[ jar ]---------------------------------
[INFO] 
[INFO] --- resources:3.3.1:resources (default-resources) @ libraryman-api ---
[INFO] Copying 3 resources from src/main/resources to target/classes
[INFO] Copying 0 resource from src/main/resources to target/classes
[INFO] 
[INFO] --- compiler:3.13.0:compile (default-compile) @ libraryman-api ---
[INFO] Recompiling the module because of changed source code.
[INFO] Compiling 51 source files with javac [debug parameters release 17] to target/classes
[INFO] 
[INFO] --- resources:3.3.1:testResources (default-testResources) @ libraryman-api ---
[INFO] Not copying test resources
[INFO] 
[INFO] --- compiler:3.13.0:testCompile (default-testCompile) @ libraryman-api ---
[INFO] Not compiling test sources
[INFO] 
[INFO] --- surefire:3.2.5:test (default-test) @ libraryman-api ---
[INFO] Tests are skipped.
[INFO] 
[INFO] --- jar:3.4.2:jar (default-jar) @ libraryman-api ---
[INFO] Building jar: /project/target/libraryman-api-0.0.1-SNAPSHOT.jar
[INFO] 
[INFO] --- spring-boot:3.3.3:repackage (repackage) @ libraryman-api ---
[INFO] Replacing main artifact /project/target/libraryman-api-0.0.1-SNAPSHOT.jar with repackaged archive, adding nested dependencies in BOOT-INF/.
[INFO] The original artifact has been renamed to /project/target/libraryman-api-0.0.1-SNAPSHOT.jar.original
[INFO] 
[INFO] --- install:3.1.3:install (default-install) @ libraryman-api ---
[INFO] Installing /project/pom.xml to /root/.m2/repository/com/libraryman-api/0.0.1-SNAPSHOT/libraryman-api-0.0.1-SNAPSHOT.pom
[INFO] Installing /project/target/libraryman-api-0.0.1-SNAPSHOT.jar to /root/.m2/repository/com/libraryman-api/0.0.1-SNAPSHOT/libraryman-api-0.0.1-SNAPSHOT.jar
[INFO] ------------------------------------------------------------------------
[INFO] BUILD SUCCESS
[INFO] ------------------------------------------------------------------------
[INFO] Total time:  13.098 s
[INFO] Finished at: 2026-09-21T19:55:33Z
[INFO] ------------------------------------------------------------------------
