[INFO] Scanning for projects...
[INFO] 
[INFO] ----------------< com.codefork.conciliator:conciliator >----------------
[INFO] Building conciliator 3.1.2
[INFO]   from pom.xml
[INFO] --------------------------------[ jar ]---------------------------------
[INFO] 
[INFO] --- slimming:1.0:singleModuleCheck (default-cli) @ conciliator ---
[INFO] mvn test successfully
[INFO] Downloading from central: https://repo.maven.apache.org/maven2/org/junit/junit-bom/5.8.0/junit-bom-5.8.0.pom
[INFO] Downloaded from central: https://repo.maven.apache.org/maven2/org/junit/junit-bom/5.8.0/junit-bom-5.8.0.pom (5.6 kB at 17 kB/s)
[INFO] The project has no target/test-classes folder
[Fatal Error] catalog.xml:2:10: DOCTYPE is disallowed when the feature "http://apache.org/xml/features/disallow-doctype-decl" set to true.
[Fatal Error] mbeans-descriptors.xml:18:10: DOCTYPE is disallowed when the feature "http://apache.org/xml/features/disallow-doctype-decl" set to true.
[Fatal Error] RmiInvocationWrapperRTD.xml:2:10: DOCTYPE is disallowed when the feature "http://apache.org/xml/features/disallow-doctype-decl" set to true.
[INFO] ------------------------------------------------------------------------
[INFO] ---------------------------< START ANALYSE >----------------------------
[INFO] ------------------------------------------------------------------------
[INFO] *************************** S L I M M I N G ****************************
[INFO] ------------------------------------------------------------------------
[INFO] Successfully collect licenses Successfully!
[INFO] ALL DEPENDENCY[69]:
[INFO]  USED DEPENDENCY[69]:
[INFO]   USED DIRECT DEPENDENCY[6]:
[INFO] 		org.springframework.boot:spring-boot-starter-security:2.7.3:compile [4 KB]
[INFO] 		org.springframework.boot:spring-boot-starter-web:2.7.3:compile [4 KB]
[INFO] 		javax.cache:cache-api:1.1.1:compile [50 KB]
[INFO] 		org.springframework.boot:spring-boot-starter-cache:2.7.3:compile [4 KB]
[INFO] 		org.springframework.boot:spring-boot-starter-test:2.7.3:test [4 KB]
[INFO] 		org.ehcache:ehcache:3.9.9:compile [1 MB]
[INFO]   USED TRANSITIVE DEPENDENCY[63]:
[INFO] 		org.objenesis:objenesis:3.2:test [48 KB]
[INFO] 		com.jayway.jsonpath:json-path:2.7.0:test [264 KB]
[INFO] 		org.springframework:spring-expression:5.3.22:compile [282 KB]
[INFO] 		org.ow2.asm:asm:9.1:test [118 KB]
[INFO] 		org.apiguardian:apiguardian-api:1.1.2:test [6 KB]
[INFO] 		jakarta.annotation:jakarta.annotation-api:1.3.5:compile [24 KB]
[INFO] 		com.fasterxml.jackson.module:jackson-module-parameter-names:2.13.3:compile [9 KB]
[INFO] 		net.bytebuddy:byte-buddy:1.12.13:test [3 MB]
[INFO] 		org.springframework.boot:spring-boot-autoconfigure:2.7.3:compile [1 MB]
[INFO] 		org.apache.tomcat.embed:tomcat-embed-websocket:9.0.65:compile [270 KB]
[INFO] 		org.springframework.boot:spring-boot-starter:2.7.3:compile [4 KB]
[INFO] 		org.opentest4j:opentest4j:1.2.0:test [7 KB]
[INFO] 		org.apache.logging.log4j:log4j-api:2.17.2:compile [295 KB]
[INFO] 		org.assertj:assertj-core:3.22.0:test [4 MB]
[INFO] 		net.bytebuddy:byte-buddy-agent:1.12.13:test [250 KB]
[INFO] 		org.hamcrest:hamcrest:2.2:test [120 KB]
[INFO] 		org.mockito:mockito-core:4.5.1:test [646 KB]
[INFO] 		org.springframework:spring-beans:5.3.22:compile [682 KB]
[INFO] 		org.springframework:spring-jcl:5.3.22:compile [23 KB]
[INFO] 		org.apache.tomcat.embed:tomcat-embed-core:9.0.65:compile [3 MB]
[INFO] 		org.springframework:spring-webmvc:5.3.22:compile [1004 KB]
[INFO] 		com.vaadin.external.google:android-json:0.0.20131108.vaadin1:test [17 KB]
[INFO] 		org.springframework:spring-context-support:5.3.22:compile [182 KB]
[INFO] 		net.minidev:accessors-smart:2.4.8:test [28 KB]
[INFO] 		org.springframework.security:spring-security-config:5.7.3:compile [1 MB]
[INFO] 		org.springframework:spring-context:5.3.22:compile [1 MB]
[INFO] 		org.springframework:spring-test:5.3.22:test [769 KB]
[INFO] 		org.springframework:spring-aop:5.3.22:compile [373 KB]
[INFO] 		org.springframework.boot:spring-boot:2.7.3:compile [1 MB]
[INFO] 		org.skyscreamer:jsonassert:1.5.1:test [29 KB]
[INFO] 		org.slf4j:slf4j-api:1.7.36:compile [40 KB]
[INFO] 		org.mockito:mockito-junit-jupiter:4.5.1:test [5 KB]
[INFO] 		org.springframework:spring-core:5.3.22:compile [1 MB]
[INFO] 		org.springframework.boot:spring-boot-starter-logging:2.7.3:compile [4 KB]
[INFO] 		org.yaml:snakeyaml:1.30:compile [323 KB]
[INFO] 		ch.qos.logback:logback-core:1.2.11:compile [438 KB]
[INFO] 		org.springframework:spring-web:5.3.22:compile [1 MB]
[INFO] 		org.apache.tomcat.embed:tomcat-embed-el:9.0.65:compile [250 KB]
[INFO] 		net.minidev:json-smart:2.4.8:test [116 KB]
[INFO] 		org.junit.platform:junit-platform-commons:1.8.2:test [98 KB]
[INFO] 		org.junit.jupiter:junit-jupiter-engine:5.8.2:test [224 KB]
[INFO] 		org.junit.platform:junit-platform-engine:1.8.2:test [181 KB]
[INFO] 		ch.qos.logback:logback-classic:1.2.11:compile [226 KB]
[INFO] 		org.springframework.boot:spring-boot-test:2.7.3:test [231 KB]
[INFO] 		org.springframework.boot:spring-boot-starter-json:2.7.3:compile [4 KB]
[INFO] 		com.fasterxml.jackson.datatype:jackson-datatype-jdk8:2.13.3:compile [33 KB]
[INFO] 		org.junit.jupiter:junit-jupiter:5.8.2:test [6 KB]
[INFO] 		org.junit.jupiter:junit-jupiter-params:5.8.2:test [563 KB]
[INFO] 		com.fasterxml.jackson.core:jackson-annotations:2.13.3:compile [73 KB]
[INFO] 		jakarta.activation:jakarta.activation-api:1.2.2:test [45 KB]
[INFO] 		com.fasterxml.jackson.datatype:jackson-datatype-jsr310:2.13.3:compile [118 KB]
[INFO] 		org.xmlunit:xmlunit-core:2.9.0:test [169 KB]
[INFO] 		org.junit.jupiter:junit-jupiter-api:5.8.2:test [188 KB]
[INFO] 		org.springframework.security:spring-security-core:5.7.3:compile [435 KB]
[INFO] 		org.apache.logging.log4j:log4j-to-slf4j:2.17.2:compile [17 KB]
[INFO] 		com.fasterxml.jackson.core:jackson-databind:2.13.3:compile [1 MB]
[INFO] 		jakarta.xml.bind:jakarta.xml.bind-api:2.3.3:test [112 KB]
[INFO] 		com.fasterxml.jackson.core:jackson-core:2.13.3:compile [366 KB]
[INFO] 		org.springframework.boot:spring-boot-test-autoconfigure:2.7.3:test [211 KB]
[INFO] 		org.springframework.security:spring-security-web:5.7.3:compile [658 KB]
[INFO] 		org.slf4j:jul-to-slf4j:1.7.36:compile [4 KB]
[INFO] 		org.springframework.security:spring-security-crypto:5.7.3:compile [80 KB]
[INFO] 		org.springframework.boot:spring-boot-starter-tomcat:2.7.3:compile [4 KB]
[INFO]   USED INHERIT DIRECT DEPENDENCY[0]:
[INFO]   USED INHERIT TRANSITIVE DEPENDENCY[0]:
[INFO]  UNUSED DEPENDENCY[0]:
[INFO]   UNUSED DIRECT DEPENDENCY[0]:
[INFO]   UNUSED TRANSITIVE DEPENDENCY[0]:
[INFO]   UNUSED INHERIT DIRECT DEPENDENCY[0]:
[INFO]   UNUSED INHERIT TRANSITIVE DEPENDENCY[0]:
[INFO] No Bloated
Warning: the fonts "Times" and "Times" are not available for the Java logical font "Serif", which may have unexpected appearance or behavior. Re-enable the "Times" font to remove this warning.
[INFO] MeasureText: org.graphper.layout.AWTMeasureText was loaded as the primary measurement method.
[INFO] Print TreeCallGraph.svg, red is bloated, gray is unload
[INFO] ------------------------------------------------------------------------
[INFO] BUILD SUCCESS
[INFO] ------------------------------------------------------------------------
[INFO] Total time:  02:33 min
[INFO] Finished at: 2026-04-29T14:22:51+02:00
[INFO] ------------------------------------------------------------------------
