[INFO] Scanning for projects...
[INFO] ------------------------------------------------------------------------
[INFO] Reactor Build Order:
[INFO] 
[INFO] polybot                                                            [pom]
[INFO] polybot-core                                                       [jar]
[INFO] executor-service                                                   [jar]
[INFO] strategy-service                                                   [jar]
[INFO] analytics-service                                                  [jar]
[INFO] ingestor-service                                                   [jar]
[INFO] infrastructure-orchestrator-service                                [jar]
[INFO] 
[INFO] ------------------------< com.polybot:polybot >-------------------------
[INFO] Building polybot 0.0.1-SNAPSHOT                                    [1/7]
[INFO]   from pom.xml
[INFO] --------------------------------[ pom ]---------------------------------
[INFO] 
[INFO] --- spring-boot:3.3.1:repackage (repackage) @ polybot ---
[INFO] 
[INFO] --- install:3.1.2:install (default-install) @ polybot ---
[INFO] Installing /project/pom.xml to /root/.m2/repository/com/polybot/polybot/0.0.1-SNAPSHOT/polybot-0.0.1-SNAPSHOT.pom
[INFO] 
[INFO] ----------------------< com.polybot:polybot-core >----------------------
[INFO] Building polybot-core 0.0.1-SNAPSHOT                               [2/7]
[INFO]   from polybot-core/pom.xml
[INFO] --------------------------------[ jar ]---------------------------------
[INFO] 
[INFO] --- resources:3.3.1:resources (default-resources) @ polybot-core ---
[INFO] Copying 0 resource from src/main/resources to target/classes
[INFO] Copying 1 resource from src/main/resources to target/classes
[INFO] 
[INFO] --- compiler:3.13.0:compile (default-compile) @ polybot-core ---
[INFO] Recompiling the module because of changed source code.
[INFO] Compiling 52 source files with javac [debug parameters release 21] to target/classes
[INFO] -------------------------------------------------------------
[ERROR] COMPILATION ERROR : 
[INFO] -------------------------------------------------------------
[ERROR] /project/polybot-core/src/main/java/com/polybot/hft/config/HftProperties.java:[7,51] package org.springframework.boot.context.properties does not exist
[ERROR] /project/polybot-core/src/main/java/com/polybot/hft/config/HftProperties.java:[15,2] cannot find symbol
  symbol: class ConfigurationProperties
[ERROR] /project/polybot-core/src/main/java/com/polybot/hft/events/HftEventsConfiguration.java:[3,56] package org.springframework.boot.autoconfigure.condition does not exist
[ERROR] /project/polybot-core/src/main/java/com/polybot/hft/events/HftEventsConfiguration.java:[4,56] package org.springframework.boot.autoconfigure.condition does not exist
[ERROR] /project/polybot-core/src/main/java/com/polybot/hft/events/HftEventsProperties.java:[5,51] package org.springframework.boot.context.properties does not exist
[ERROR] /project/polybot-core/src/main/java/com/polybot/hft/events/HftEventsProperties.java:[9,2] cannot find symbol
  symbol: class ConfigurationProperties
[ERROR] /project/polybot-core/src/main/java/com/polybot/hft/events/kafka/KafkaHftEventPublisher.java:[17,1] package org.slf4j does not exist
[ERROR] /project/polybot-core/src/main/java/com/polybot/hft/events/kafka/KafkaHftEventsConfiguration.java:[6,56] package org.springframework.boot.autoconfigure.condition does not exist
[ERROR] /project/polybot-core/src/main/java/com/polybot/hft/events/kafka/KafkaHftEventsConfiguration.java:[7,56] package org.springframework.boot.autoconfigure.condition does not exist
[ERROR] /project/polybot-core/src/main/java/com/polybot/hft/events/kafka/KafkaHftEventsConfiguration.java:[16,2] cannot find symbol
  symbol: class ConditionalOnClass
[ERROR] /project/polybot-core/src/main/java/com/polybot/hft/metrics/PolybotMetrics.java:[22,1] package org.slf4j does not exist
[ERROR] /project/polybot-core/src/main/java/com/polybot/hft/polymarket/auth/PolymarketAuthContext.java:[6,26] package jakarta.annotation does not exist
[ERROR] /project/polybot-core/src/main/java/com/polybot/hft/polymarket/auth/PolymarketAuthContext.java:[18,1] package org.slf4j does not exist
[ERROR] /project/polybot-core/src/main/java/com/polybot/hft/polymarket/discovery/PolymarketMarketDiscoveryService.java:[16,1] package org.slf4j does not exist
[ERROR] /project/polybot-core/src/main/java/com/polybot/hft/polymarket/service/PolymarketTradingService.java:[30,1] package org.slf4j does not exist
[ERROR] /project/polybot-core/src/main/java/com/polybot/hft/polymarket/ws/ClobMarketWebSocketClient.java:[10,26] package jakarta.annotation does not exist
[ERROR] /project/polybot-core/src/main/java/com/polybot/hft/polymarket/ws/ClobMarketWebSocketClient.java:[11,26] package jakarta.annotation does not exist
[ERROR] /project/polybot-core/src/main/java/com/polybot/hft/polymarket/ws/ClobMarketWebSocketClient.java:[41,1] package org.slf4j does not exist
[ERROR] /project/polybot-core/src/main/java/com/polybot/hft/events/HftEventsConfiguration.java:[12,4] cannot find symbol
  symbol:   class ConditionalOnProperty
  location: class com.polybot.hft.events.HftEventsConfiguration
[ERROR] /project/polybot-core/src/main/java/com/polybot/hft/events/HftEventsConfiguration.java:[13,4] cannot find symbol
  symbol:   class ConditionalOnMissingBean
  location: class com.polybot.hft.events.HftEventsConfiguration
[ERROR] /project/polybot-core/src/main/java/com/polybot/hft/events/kafka/KafkaHftEventsConfiguration.java:[20,4] cannot find symbol
  symbol:   class ConditionalOnProperty
  location: class com.polybot.hft.events.kafka.KafkaHftEventsConfiguration
[ERROR] /project/polybot-core/src/main/java/com/polybot/hft/polymarket/auth/PolymarketAuthContext.java:[71,4] cannot find symbol
  symbol:   class PostConstruct
  location: class com.polybot.hft.polymarket.auth.PolymarketAuthContext
[ERROR] /project/polybot-core/src/main/java/com/polybot/hft/polymarket/ws/ClobMarketWebSocketClient.java:[177,4] cannot find symbol
  symbol:   class PostConstruct
  location: class com.polybot.hft.polymarket.ws.ClobMarketWebSocketClient
[ERROR] /project/polybot-core/src/main/java/com/polybot/hft/polymarket/ws/ClobMarketWebSocketClient.java:[306,4] cannot find symbol
  symbol:   class PreDestroy
  location: class com.polybot.hft.polymarket.ws.ClobMarketWebSocketClient
[INFO] 24 errors 
[INFO] -------------------------------------------------------------
[INFO] ------------------------------------------------------------------------
[INFO] Reactor Summary for polybot 0.0.1-SNAPSHOT:
[INFO] 
[INFO] polybot ............................................ SUCCESS [  2.318 s]
[INFO] polybot-core ....................................... FAILURE [  7.091 s]
[INFO] executor-service ................................... SKIPPED
[INFO] strategy-service ................................... SKIPPED
[INFO] analytics-service .................................. SKIPPED
[INFO] ingestor-service ................................... SKIPPED
[INFO] infrastructure-orchestrator-service ................ SKIPPED
[INFO] ------------------------------------------------------------------------
[INFO] BUILD FAILURE
[INFO] ------------------------------------------------------------------------
[INFO] Total time:  10.560 s
[INFO] Finished at: 2026-09-11T19:37:37Z
[INFO] ------------------------------------------------------------------------
[ERROR] Failed to execute goal org.apache.maven.plugins:maven-compiler-plugin:3.13.0:compile (default-compile) on project polybot-core: Compilation failure: Compilation failure: 
[ERROR] /project/polybot-core/src/main/java/com/polybot/hft/config/HftProperties.java:[7,51] package org.springframework.boot.context.properties does not exist
[ERROR] /project/polybot-core/src/main/java/com/polybot/hft/config/HftProperties.java:[15,2] cannot find symbol
[ERROR]   symbol: class ConfigurationProperties
[ERROR] /project/polybot-core/src/main/java/com/polybot/hft/events/HftEventsConfiguration.java:[3,56] package org.springframework.boot.autoconfigure.condition does not exist
[ERROR] /project/polybot-core/src/main/java/com/polybot/hft/events/HftEventsConfiguration.java:[4,56] package org.springframework.boot.autoconfigure.condition does not exist
[ERROR] /project/polybot-core/src/main/java/com/polybot/hft/events/HftEventsProperties.java:[5,51] package org.springframework.boot.context.properties does not exist
[ERROR] /project/polybot-core/src/main/java/com/polybot/hft/events/HftEventsProperties.java:[9,2] cannot find symbol
[ERROR]   symbol: class ConfigurationProperties
[ERROR] /project/polybot-core/src/main/java/com/polybot/hft/events/kafka/KafkaHftEventPublisher.java:[17,1] package org.slf4j does not exist
[ERROR] /project/polybot-core/src/main/java/com/polybot/hft/events/kafka/KafkaHftEventsConfiguration.java:[6,56] package org.springframework.boot.autoconfigure.condition does not exist
[ERROR] /project/polybot-core/src/main/java/com/polybot/hft/events/kafka/KafkaHftEventsConfiguration.java:[7,56] package org.springframework.boot.autoconfigure.condition does not exist
[ERROR] /project/polybot-core/src/main/java/com/polybot/hft/events/kafka/KafkaHftEventsConfiguration.java:[16,2] cannot find symbol
[ERROR]   symbol: class ConditionalOnClass
[ERROR] /project/polybot-core/src/main/java/com/polybot/hft/metrics/PolybotMetrics.java:[22,1] package org.slf4j does not exist
[ERROR] /project/polybot-core/src/main/java/com/polybot/hft/polymarket/auth/PolymarketAuthContext.java:[6,26] package jakarta.annotation does not exist
[ERROR] /project/polybot-core/src/main/java/com/polybot/hft/polymarket/auth/PolymarketAuthContext.java:[18,1] package org.slf4j does not exist
[ERROR] /project/polybot-core/src/main/java/com/polybot/hft/polymarket/discovery/PolymarketMarketDiscoveryService.java:[16,1] package org.slf4j does not exist
[ERROR] /project/polybot-core/src/main/java/com/polybot/hft/polymarket/service/PolymarketTradingService.java:[30,1] package org.slf4j does not exist
[ERROR] /project/polybot-core/src/main/java/com/polybot/hft/polymarket/ws/ClobMarketWebSocketClient.java:[10,26] package jakarta.annotation does not exist
[ERROR] /project/polybot-core/src/main/java/com/polybot/hft/polymarket/ws/ClobMarketWebSocketClient.java:[11,26] package jakarta.annotation does not exist
[ERROR] /project/polybot-core/src/main/java/com/polybot/hft/polymarket/ws/ClobMarketWebSocketClient.java:[41,1] package org.slf4j does not exist
[ERROR] /project/polybot-core/src/main/java/com/polybot/hft/events/HftEventsConfiguration.java:[12,4] cannot find symbol
[ERROR]   symbol:   class ConditionalOnProperty
[ERROR]   location: class com.polybot.hft.events.HftEventsConfiguration
[ERROR] /project/polybot-core/src/main/java/com/polybot/hft/events/HftEventsConfiguration.java:[13,4] cannot find symbol
[ERROR]   symbol:   class ConditionalOnMissingBean
[ERROR]   location: class com.polybot.hft.events.HftEventsConfiguration
[ERROR] /project/polybot-core/src/main/java/com/polybot/hft/events/kafka/KafkaHftEventsConfiguration.java:[20,4] cannot find symbol
[ERROR]   symbol:   class ConditionalOnProperty
[ERROR]   location: class com.polybot.hft.events.kafka.KafkaHftEventsConfiguration
[ERROR] /project/polybot-core/src/main/java/com/polybot/hft/polymarket/auth/PolymarketAuthContext.java:[71,4] cannot find symbol
[ERROR]   symbol:   class PostConstruct
[ERROR]   location: class com.polybot.hft.polymarket.auth.PolymarketAuthContext
[ERROR] /project/polybot-core/src/main/java/com/polybot/hft/polymarket/ws/ClobMarketWebSocketClient.java:[177,4] cannot find symbol
[ERROR]   symbol:   class PostConstruct
[ERROR]   location: class com.polybot.hft.polymarket.ws.ClobMarketWebSocketClient
[ERROR] /project/polybot-core/src/main/java/com/polybot/hft/polymarket/ws/ClobMarketWebSocketClient.java:[306,4] cannot find symbol
[ERROR]   symbol:   class PreDestroy
[ERROR]   location: class com.polybot.hft.polymarket.ws.ClobMarketWebSocketClient
[ERROR] -> [Help 1]
[ERROR] 
[ERROR] To see the full stack trace of the errors, re-run Maven with the -e switch.
[ERROR] Re-run Maven using the -X switch to enable full debug logging.
[ERROR] 
[ERROR] For more information about the errors and possible solutions, please read the following articles:
[ERROR] [Help 1] http://cwiki.apache.org/confluence/display/MAVEN/MojoFailureException
[ERROR] 
[ERROR] After correcting the problems, you can resume the build with the command
[ERROR]   mvn <args> -rf :polybot-core
