[INFO] Scanning for projects...
[INFO] 
[INFO] -----------------------< com.airline-ticket:api >-----------------------
[INFO] Building api 0.0.1-SNAPSHOT
[INFO]   from pom.xml
[INFO] --------------------------------[ jar ]---------------------------------
[INFO] 
[INFO] --- resources:3.3.1:resources (default-resources) @ api ---
[INFO] Copying 1 resource from src/main/resources to target/classes
[INFO] Copying 1 resource from src/main/resources to target/classes
[INFO] 
[INFO] --- compiler:3.13.0:compile (default-compile) @ api ---
[INFO] Recompiling the module because of changed source code.
[INFO] Compiling 64 source files with javac [debug parameters release 17] to target/classes
[INFO] 
[INFO] --- resources:3.3.1:testResources (default-testResources) @ api ---
[INFO] Not copying test resources
[INFO] 
[INFO] --- compiler:3.13.0:testCompile (default-testCompile) @ api ---
[INFO] Not compiling test sources
[INFO] 
[INFO] --- surefire:3.2.5:test (default-test) @ api ---
[INFO] Tests are skipped.
[INFO] 
[INFO] --- jar:3.4.2:jar (default-jar) @ api ---
[INFO] Building jar: /project/target/api-0.0.1-SNAPSHOT.jar
[INFO] 
[INFO] --- spring-boot:3.3.2:repackage (repackage) @ api ---
[INFO] Replacing main artifact /project/target/api-0.0.1-SNAPSHOT.jar with repackaged archive, adding nested dependencies in BOOT-INF/.
[INFO] The original artifact has been renamed to /project/target/api-0.0.1-SNAPSHOT.jar.original
[INFO] 
[INFO] --- install:3.1.2:install (default-install) @ api ---
[INFO] Installing /project/pom.xml to /root/.m2/repository/com/airline-ticket/api/0.0.1-SNAPSHOT/api-0.0.1-SNAPSHOT.pom
[INFO] Installing /project/target/api-0.0.1-SNAPSHOT.jar to /root/.m2/repository/com/airline-ticket/api/0.0.1-SNAPSHOT/api-0.0.1-SNAPSHOT.jar
[INFO] ------------------------------------------------------------------------
[INFO] BUILD SUCCESS
[INFO] ------------------------------------------------------------------------
[INFO] Total time:  28.372 s
[INFO] Finished at: 2026-09-21T20:30:42Z
[INFO] ------------------------------------------------------------------------
