 Image postgres:16.2 Pulling 
 873532e5f8c7 Pulling fs layer 0B
 cb628c265f09 Pulling fs layer 0B
 b0a0cf830b12 Pulling fs layer 0B
 f8406d9c00ea Pulling fs layer 0B
 050d9f8c3b1c Pulling fs layer 0B
 710e142705f8 Pulling fs layer 0B
 c1cb13b19080 Pulling fs layer 0B
 9739ced65621 Pulling fs layer 0B
 283a477db7bb Pulling fs layer 0B
 91d2729fa4d5 Pulling fs layer 0B
 c199bff16b05 Pulling fs layer 0B
 ae3bb1b347a4 Pulling fs layer 0B
 dda3d8fbd5ed Pulling fs layer 0B
 e0d55fdb4d15 Pulling fs layer 0B
 873532e5f8c7 Downloading 128B
 f8406d9c00ea Download complete 0B
 873532e5f8c7 Download complete 0B
 050d9f8c3b1c Downloading 169B
 cb628c265f09 Download complete 0B
 050d9f8c3b1c Download complete 0B
 c1cb13b19080 Download complete 0B
 283a477db7bb Downloading 2.228MB
 91d2729fa4d5 Downloading 1.049MB
 283a477db7bb Downloading 3.146MB
 91d2729fa4d5 Download complete 0B
 dda3d8fbd5ed Download complete 0B
 c199bff16b05 Download complete 0B
 283a477db7bb Downloading 3.146MB
 283a477db7bb Download complete 0B
 9739ced65621 Downloading 2.097MB
 710e142705f8 Download complete 0B
 ae3bb1b347a4 Download complete 0B
 9739ced65621 Downloading 3.146MB
 9739ced65621 Downloading 5.243MB
 56b5e4f0933d Downloading 55.24kB
 e0d55fdb4d15 Downloading 1.049MB
 9739ced65621 Downloading 6.291MB
 56b5e4f0933d Download complete 0B
 b0a0cf830b12 Downloading 1.049MB
 e0d55fdb4d15 Downloading 2.454MB
 9739ced65621 Downloading 6.291MB
 b0a0cf830b12 Downloading 1.049MB
 e0d55fdb4d15 Downloading 3.146MB
 9739ced65621 Downloading 7.34MB
 b0a0cf830b12 Downloading 1.049MB
 e0d55fdb4d15 Downloading 3.473MB
 5682dec5b749 Downloading 1.049MB
 9739ced65621 Download complete 0B
 b0a0cf830b12 Downloading 1.049MB
 e0d55fdb4d15 Downloading 5.243MB
 b0a0cf830b12 Downloading 2.097MB
 e0d55fdb4d15 Downloading 6.291MB
 5682dec5b749 Downloading 1.049MB
 e0d55fdb4d15 Downloading 6.291MB
 5682dec5b749 Downloading 1.049MB
 b0a0cf830b12 Downloading 2.097MB
 5682dec5b749 Downloading 2.097MB
 b0a0cf830b12 Downloading 2.097MB
 e0d55fdb4d15 Downloading 6.291MB
 e0d55fdb4d15 Downloading 7.34MB
 5682dec5b749 Downloading 3.146MB
 b0a0cf830b12 Downloading 2.097MB
 b0a0cf830b12 Downloading 2.097MB
 e0d55fdb4d15 Downloading 9.437MB
 5682dec5b749 Downloading 5.243MB
 b0a0cf830b12 Downloading 2.54MB
 e0d55fdb4d15 Downloading 11.53MB
 5682dec5b749 Download complete 0B
 b0a0cf830b12 Downloading 3.146MB
 e0d55fdb4d15 Downloading 13.63MB
 b0a0cf830b12 Downloading 3.146MB
 e0d55fdb4d15 Downloading 14.68MB
 b0a0cf830b12 Downloading 3.146MB
 e0d55fdb4d15 Downloading 15.73MB
 b0a0cf830b12 Downloading 4.194MB
 e0d55fdb4d15 Downloading 17.83MB
 b0a0cf830b12 Downloading 4.194MB
 e0d55fdb4d15 Downloading 20.97MB
 b0a0cf830b12 Downloading 4.194MB
 e0d55fdb4d15 Downloading 22.02MB
 b0a0cf830b12 Downloading 5.243MB
 e0d55fdb4d15 Downloading 22.02MB
 b0a0cf830b12 Downloading 5.243MB
 e0d55fdb4d15 Downloading 24.12MB
 b0a0cf830b12 Downloading 5.243MB
 e0d55fdb4d15 Downloading 26.21MB
 b0a0cf830b12 Downloading 5.243MB
 e0d55fdb4d15 Downloading 29.36MB
 e0d55fdb4d15 Downloading 32.25MB
 b0a0cf830b12 Downloading 6.291MB
 b0a0cf830b12 Downloading 6.291MB
 e0d55fdb4d15 Downloading 34.6MB
 b0a0cf830b12 Downloading 6.291MB
 e0d55fdb4d15 Downloading 37.75MB
 b0a0cf830b12 Downloading 7.34MB
 e0d55fdb4d15 Downloading 40.89MB
 b0a0cf830b12 Downloading 7.34MB
 e0d55fdb4d15 Downloading 40.89MB
 b0a0cf830b12 Downloading 7.34MB
 e0d55fdb4d15 Downloading 41.94MB
 b0a0cf830b12 Downloading 7.34MB
 e0d55fdb4d15 Downloading 41.94MB
 b0a0cf830b12 Downloading 7.34MB
 e0d55fdb4d15 Downloading 45.09MB
 b0a0cf830b12 Downloading 7.34MB
 e0d55fdb4d15 Downloading 47.19MB
 b0a0cf830b12 Downloading 8.389MB
 e0d55fdb4d15 Downloading 50.33MB
 b0a0cf830b12 Downloading 8.389MB
 e0d55fdb4d15 Downloading 52.43MB
 b0a0cf830b12 Downloading 8.389MB
 e0d55fdb4d15 Downloading 53.48MB
 b0a0cf830b12 Downloading 8.389MB
 e0d55fdb4d15 Downloading 55.57MB
 b0a0cf830b12 Downloading 9.437MB
 e0d55fdb4d15 Downloading 58.72MB
 b0a0cf830b12 Downloading 9.437MB
 e0d55fdb4d15 Downloading 60.82MB
 b0a0cf830b12 Downloading 9.437MB
 e0d55fdb4d15 Downloading 61.87MB
 b0a0cf830b12 Downloading 9.437MB
 e0d55fdb4d15 Downloading 61.87MB
 e0d55fdb4d15 Downloading 62.91MB
 b0a0cf830b12 Downloading 9.437MB
 b0a0cf830b12 Downloading 10.49MB
 e0d55fdb4d15 Downloading 66.36MB
 b0a0cf830b12 Downloading 10.49MB
 e0d55fdb4d15 Downloading 69.21MB
 b0a0cf830b12 Downloading 11.53MB
 e0d55fdb4d15 Downloading 72.35MB
 b0a0cf830b12 Downloading 11.53MB
 e0d55fdb4d15 Downloading 74.45MB
 b0a0cf830b12 Downloading 11.53MB
 e0d55fdb4d15 Downloading 74.45MB
 b0a0cf830b12 Downloading 11.53MB
 e0d55fdb4d15 Downloading 77.59MB
 b0a0cf830b12 Downloading 12.58MB
 e0d55fdb4d15 Downloading 79.69MB
 b0a0cf830b12 Downloading 12.58MB
 e0d55fdb4d15 Downloading 82.84MB
 b0a0cf830b12 Downloading 12.58MB
 e0d55fdb4d15 Downloading 83.6MB
 b0a0cf830b12 Downloading 12.58MB
 e0d55fdb4d15 Downloading 84.93MB
 b0a0cf830b12 Downloading 12.58MB
 e0d55fdb4d15 Downloading 87.03MB
 b0a0cf830b12 Downloading 13.63MB
 e0d55fdb4d15 Downloading 91.31MB
 b0a0cf830b12 Downloading 13.63MB
 e0d55fdb4d15 Downloading 95.42MB
 b0a0cf830b12 Downloading 14.68MB
 e0d55fdb4d15 Downloading 98.57MB
 b0a0cf830b12 Downloading 14.68MB
 e0d55fdb4d15 Downloading 98.57MB
 b0a0cf830b12 Downloading 14.68MB
 e0d55fdb4d15 Downloading 101.7MB
 b0a0cf830b12 Downloading 15.73MB
 e0d55fdb4d15 Downloading 104.9MB
 e0d55fdb4d15 Downloading 108MB
 b0a0cf830b12 Downloading 15.73MB
 b0a0cf830b12 Downloading 16.78MB
 e0d55fdb4d15 Downloading 108MB
 b0a0cf830b12 Downloading 16.78MB
 e0d55fdb4d15 Downloading 109MB
 b0a0cf830b12 Downloading 17.83MB
 e0d55fdb4d15 Downloading 109MB
 b0a0cf830b12 Downloading 18.87MB
 e0d55fdb4d15 Downloading 109MB
 e0d55fdb4d15 Downloading 109MB
 b0a0cf830b12 Downloading 20.97MB
 b0a0cf830b12 Downloading 24.12MB
 e0d55fdb4d15 Download complete 0B
 b0a0cf830b12 Downloading 26.21MB
 b0a0cf830b12 Downloading 27.2MB
 b0a0cf830b12 Downloading 29.15MB
 b0a0cf830b12 Download complete 0B
 b0a0cf830b12 Extracting 1B
 b0a0cf830b12 Extracting 1B
 b0a0cf830b12 Extracting 1B
 b0a0cf830b12 Extracting 1B
 b0a0cf830b12 Extracting 1B
 b0a0cf830b12 Extracting 1B
 b0a0cf830b12 Extracting 1B
 b0a0cf830b12 Extracting 1B
 b0a0cf830b12 Extracting 1B
 b0a0cf830b12 Extracting 1B
 b0a0cf830b12 Extracting 2B
 b0a0cf830b12 Extracting 2B
 b0a0cf830b12 Extracting 2B
 b0a0cf830b12 Extracting 2B
 b0a0cf830b12 Extracting 2B
 b0a0cf830b12 Extracting 2B
 b0a0cf830b12 Extracting 2B
 b0a0cf830b12 Extracting 2B
 b0a0cf830b12 Extracting 2B
 b0a0cf830b12 Extracting 2B
 b0a0cf830b12 Extracting 3B
 b0a0cf830b12 Extracting 3B
 b0a0cf830b12 Extracting 3B
 b0a0cf830b12 Extracting 3B
 b0a0cf830b12 Extracting 3B
 b0a0cf830b12 Extracting 3B
 b0a0cf830b12 Extracting 3B
 b0a0cf830b12 Extracting 3B
 b0a0cf830b12 Extracting 3B
 b0a0cf830b12 Extracting 3B
 b0a0cf830b12 Extracting 4B
 b0a0cf830b12 Extracting 4B
 b0a0cf830b12 Extracting 4B
 b0a0cf830b12 Extracting 4B
 b0a0cf830b12 Extracting 4B
 b0a0cf830b12 Extracting 4B
 b0a0cf830b12 Extracting 4B
 b0a0cf830b12 Extracting 4B
 b0a0cf830b12 Extracting 5B
 b0a0cf830b12 Pull complete 0B
 dda3d8fbd5ed Pull complete 0B
 283a477db7bb Extracting 1B
 283a477db7bb Extracting 1B
 283a477db7bb Extracting 1B
 283a477db7bb Extracting 1B
 283a477db7bb Extracting 1B
 283a477db7bb Pull complete 0B
 91d2729fa4d5 Extracting 1B
 91d2729fa4d5 Pull complete 0B
 9739ced65621 Extracting 1B
 9739ced65621 Extracting 1B
 9739ced65621 Extracting 1B
 9739ced65621 Extracting 1B
 9739ced65621 Extracting 1B
 9739ced65621 Extracting 1B
 9739ced65621 Extracting 1B
 9739ced65621 Extracting 1B
 9739ced65621 Extracting 1B
 9739ced65621 Extracting 1B
 9739ced65621 Pull complete 0B
 ae3bb1b347a4 Extracting 1B
 ae3bb1b347a4 Extracting 1B
 ae3bb1b347a4 Pull complete 0B
 f8406d9c00ea Pull complete 0B
 c199bff16b05 Pull complete 0B
 e0d55fdb4d15 Extracting 1B
 e0d55fdb4d15 Extracting 1B
 e0d55fdb4d15 Extracting 1B
 e0d55fdb4d15 Extracting 1B
 e0d55fdb4d15 Extracting 1B
 e0d55fdb4d15 Extracting 1B
 e0d55fdb4d15 Extracting 1B
 e0d55fdb4d15 Extracting 1B
 e0d55fdb4d15 Extracting 1B
 e0d55fdb4d15 Extracting 1B
 e0d55fdb4d15 Extracting 1B
 e0d55fdb4d15 Extracting 2B
 e0d55fdb4d15 Extracting 2B
 e0d55fdb4d15 Extracting 2B
 e0d55fdb4d15 Extracting 2B
 e0d55fdb4d15 Extracting 2B
 e0d55fdb4d15 Extracting 2B
 e0d55fdb4d15 Extracting 2B
 e0d55fdb4d15 Extracting 2B
 e0d55fdb4d15 Extracting 2B
 e0d55fdb4d15 Extracting 2B
 e0d55fdb4d15 Extracting 3B
 e0d55fdb4d15 Extracting 3B
 e0d55fdb4d15 Extracting 3B
 e0d55fdb4d15 Extracting 3B
 e0d55fdb4d15 Extracting 3B
 e0d55fdb4d15 Extracting 3B
 e0d55fdb4d15 Extracting 3B
 e0d55fdb4d15 Extracting 3B
 e0d55fdb4d15 Extracting 3B
 e0d55fdb4d15 Extracting 4B
 e0d55fdb4d15 Extracting 4B
 e0d55fdb4d15 Extracting 4B
 e0d55fdb4d15 Extracting 4B
 e0d55fdb4d15 Extracting 4B
 e0d55fdb4d15 Extracting 4B
 e0d55fdb4d15 Extracting 4B
 e0d55fdb4d15 Extracting 4B
 e0d55fdb4d15 Extracting 4B
 e0d55fdb4d15 Extracting 4B
 e0d55fdb4d15 Extracting 4B
 e0d55fdb4d15 Extracting 5B
 e0d55fdb4d15 Extracting 5B
 e0d55fdb4d15 Extracting 5B
 e0d55fdb4d15 Extracting 5B
 e0d55fdb4d15 Extracting 5B
 e0d55fdb4d15 Extracting 5B
 e0d55fdb4d15 Extracting 5B
 e0d55fdb4d15 Extracting 5B
 e0d55fdb4d15 Extracting 5B
 e0d55fdb4d15 Extracting 5B
 e0d55fdb4d15 Extracting 6B
 e0d55fdb4d15 Extracting 6B
 e0d55fdb4d15 Extracting 6B
 e0d55fdb4d15 Extracting 6B
 e0d55fdb4d15 Extracting 6B
 e0d55fdb4d15 Extracting 6B
 e0d55fdb4d15 Extracting 6B
 e0d55fdb4d15 Extracting 6B
 e0d55fdb4d15 Extracting 6B
 e0d55fdb4d15 Extracting 6B
 e0d55fdb4d15 Extracting 7B
 e0d55fdb4d15 Extracting 7B
 e0d55fdb4d15 Extracting 7B
 e0d55fdb4d15 Extracting 7B
 e0d55fdb4d15 Extracting 7B
 e0d55fdb4d15 Extracting 7B
 e0d55fdb4d15 Extracting 7B
 e0d55fdb4d15 Extracting 7B
 e0d55fdb4d15 Extracting 7B
 e0d55fdb4d15 Extracting 7B
 e0d55fdb4d15 Extracting 8B
 e0d55fdb4d15 Extracting 8B
 e0d55fdb4d15 Extracting 8B
 e0d55fdb4d15 Extracting 8B
 e0d55fdb4d15 Extracting 8B
 e0d55fdb4d15 Extracting 8B
 e0d55fdb4d15 Extracting 8B
 e0d55fdb4d15 Extracting 8B
 e0d55fdb4d15 Extracting 8B
 e0d55fdb4d15 Extracting 8B
 e0d55fdb4d15 Extracting 9B
 e0d55fdb4d15 Extracting 9B
 e0d55fdb4d15 Extracting 9B
 e0d55fdb4d15 Extracting 9B
 e0d55fdb4d15 Extracting 9B
 e0d55fdb4d15 Extracting 9B
 e0d55fdb4d15 Extracting 9B
 e0d55fdb4d15 Extracting 9B
 e0d55fdb4d15 Extracting 9B
 e0d55fdb4d15 Extracting 9B
 e0d55fdb4d15 Extracting 10B
 e0d55fdb4d15 Extracting 10B
 e0d55fdb4d15 Extracting 10B
 e0d55fdb4d15 Extracting 10B
 e0d55fdb4d15 Extracting 10B
 e0d55fdb4d15 Extracting 10B
 e0d55fdb4d15 Extracting 10B
 e0d55fdb4d15 Extracting 10B
 e0d55fdb4d15 Extracting 10B
 e0d55fdb4d15 Extracting 10B
 e0d55fdb4d15 Extracting 11B
 e0d55fdb4d15 Extracting 11B
 e0d55fdb4d15 Extracting 11B
 e0d55fdb4d15 Extracting 11B
 e0d55fdb4d15 Extracting 11B
 e0d55fdb4d15 Extracting 11B
 e0d55fdb4d15 Extracting 11B
 e0d55fdb4d15 Extracting 11B
 e0d55fdb4d15 Extracting 11B
 e0d55fdb4d15 Extracting 11B
 e0d55fdb4d15 Extracting 12B
 e0d55fdb4d15 Extracting 12B
 e0d55fdb4d15 Extracting 12B
 e0d55fdb4d15 Extracting 12B
 e0d55fdb4d15 Extracting 12B
 e0d55fdb4d15 Extracting 12B
 e0d55fdb4d15 Extracting 12B
 e0d55fdb4d15 Extracting 13B
 e0d55fdb4d15 Extracting 13B
 e0d55fdb4d15 Extracting 13B
 e0d55fdb4d15 Pull complete 0B
 873532e5f8c7 Pull complete 0B
 c1cb13b19080 Pull complete 0B
 050d9f8c3b1c Pull complete 0B
 710e142705f8 Pull complete 0B
 cb628c265f09 Pull complete 0B
 Image postgres:16.2 Pulled 
 Network flight-booking_default Creating 
 Network flight-booking_default Created 
 Volume flight-booking_airline_m2 Creating 
 Volume flight-booking_airline_m2 Created 
 Container airline-postgres Creating 
 Container airline-postgres Created 
 Container airline-app Creating 
 Container airline-app Created 
 Container airline-postgres Starting 
 Container airline-postgres Started 
 Container airline-postgres Waiting 
 Container airline-postgres Healthy 
 Container airline-app Starting 
 Container airline-app Started 
 Container airline-postgres Waiting 
 Container airline-app Waiting 
 Container airline-postgres Healthy 
 Container airline-app Healthy 

[0;34m== Public endpoints (no auth required) ==[0m
[0;32mPASS[0m GET  /v3/api-docs (OpenAPI spec)                           [2m[200, all fields ✓][0m
[0;32mPASS[0m GET  /swagger-ui/index.html                                [2m[200, all fields ✓][0m
[0;32mPASS[0m GET  /api/flights (public, empty list)                     [2m[200][0m
[0;32mPASS[0m GET  /api/seats (public, empty list)                       [2m[200][0m

[0;34m== Auth — register + login (passenger USER role) ==[0m
[0;32mPASS[0m POST /api/auth/passengers/register                         [2m[200, all fields ✓][0m
[0;32mPASS[0m POST /api/auth/passengers/login                            [2m[200, all fields ✓][0m

[0;34m== Auth — register + login (employee ADMIN role) ==[0m
[0;32mPASS[0m POST /api/auth/employees/register                          [2m[200, all fields ✓][0m
[0;32mPASS[0m POST /api/auth/employees/login                             [2m[200, all fields ✓][0m
[2mpassenger_id=c76f465e-2915-4b2e-a28a-b49dca3786a4[0m

[0;34m== ADMIN-only listings (require ADMIN token) ==[0m
[0;32mPASS[0m GET  /api/passengers (ADMIN list)                          [2m[200, all fields ✓][0m
[0;32mPASS[0m GET  /api/employees (ADMIN list)                           [2m[200, all fields ✓][0m

[0;34m== Real CRUD chain — flight → seat → reservation → ticket ==[0m
[0;32mPASS[0m POST /api/flights (ADMIN creates flight)                   [2m[201, flight created 8b7b4a1a...][0m
[0;32mPASS[0m POST /api/seats (ADMIN creates seat)                       [2m[201, seat created 7f7a951d...][0m
[0;32mPASS[0m POST /api/reservations (USER reserves seat)                [2m[201, seat→unavailable, 7f2dc3f4...][0m
[0;32mPASS[0m GET  /api/reservations/{id} (USER reads own)               [2m[200, all fields ✓][0m
[0;32mPASS[0m GET  /api/tickets/{id} (auto-generated ticket)             [2m[200, all fields ✓][0m

[0;34m== GET-by-id round-trips (verify writes are persistent + readable) ==[0m
[0;32mPASS[0m GET  /api/flights/{id} (public)                            [2m[200, all fields ✓][0m
[0;32mPASS[0m GET  /api/seats/{id} (public)                              [2m[200, all fields ✓][0m
[0;32mPASS[0m GET  /api/passengers/{self} (USER reads own)               [2m[200, all fields ✓][0m
[0;32mPASS[0m GET  /api/employees/{id} (ADMIN)                           [2m[200, all fields ✓][0m
[0;32mPASS[0m GET  /api/tickets (ADMIN list)                             [2m[200, all fields ✓][0m
[0;32mPASS[0m GET  /api/reservations (ADMIN list)                        [2m[200, all fields ✓][0m

[0;34m== PUT updates — mutate then verify via GET-by-id ==[0m
[0;32mPASS[0m PUT  /api/flights (ADMIN updates price)                    [2m[200][0m
[0;32mPASS[0m GET  /api/flights/{id} (after PUT — new price)           [2m[200, all fields ✓][0m
[0;32mPASS[0m PUT  /api/passengers (USER updates own phone)              [2m[200][0m
[0;32mPASS[0m GET  /api/passengers/{self} (after PUT — new phone)      [2m[200, all fields ✓][0m

[0;34m== Search/filter endpoints (representative sample, 1 per controller) ==[0m
[0;32mPASS[0m GET  /api/flights/searchByAirline?airline=TestAir (public) [2m[200, all fields ✓][0m
[0;32mPASS[0m GET  /api/seats/searchAvailableSeats?flightId={FLIGHT_ID}  [2m[200, all fields ✓][0m
[0;32mPASS[0m GET  /api/passengers/searchByName?name=Test (ADMIN)        [2m[200, all fields ✓][0m
[0;32mPASS[0m GET  /api/passengers/search?email= (ADMIN)                 [2m[200, all fields ✓][0m
[0;32mPASS[0m GET  /api/flights/searchByFlightNumber                     [2m[200, all fields ✓][0m
[0;32mPASS[0m GET  /api/flights/searchByLocation                         [2m[200, all fields ✓][0m
[0;32mPASS[0m GET  /api/seats/search?seatNumber                          [2m[200, all fields ✓][0m
[0;32mPASS[0m GET  /api/reservations/search?passengerId (ADMIN)          [2m[200, all fields ✓][0m
[0;32mPASS[0m GET  /api/reservations/searchByDate?reservationDate (ADMIN) [2m[200][0m
[0;32mPASS[0m GET  /api/tickets/search?reservationId (ADMIN)             [2m[200, all fields ✓][0m

[0;34m== Employee CRUD (POST + GET filters + PUT + DELETE) ==[0m
[0;32mPASS[0m POST /api/employees (ADMIN creates 2nd employee)           [2m[201, employee d292a1ee...][0m
[0;32mPASS[0m GET  /api/employees/byEmail (ADMIN)                        [2m[200, all fields ✓][0m
[0;32mPASS[0m GET  /api/employees/byName (ADMIN)                         [2m[200, all fields ✓][0m
[0;32mPASS[0m PUT  /api/employees (update name)                          [2m[200][0m
[0;32mPASS[0m DELETE /api/employees/{id}                                 [2m[204][0m

[0;34m== Seat / Ticket PUT + DELETE ==[0m
[0;32mPASS[0m PUT  /api/seats (ADMIN updates seatNumber)                 [2m[200][0m
[0;32mPASS[0m GET  /api/seats/{id} (after PUT — new seatNumber)        [2m[200, all fields ✓][0m
[0;32mPASS[0m PUT  /api/tickets (ADMIN updates ticketNumber)             [2m[200][0m
[0;32mPASS[0m GET  /api/tickets/{id} (after PUT — new number)          [2m[200, all fields ✓][0m

[0;34m== Cleanup ==[0m
[2mcleanup: deleted reservation=7f2dc3f4-f440-4913-ac03-ec9bc836f0a3 flight=8b7b4a1a-62aa-4101-971b-49bce8a4f765 (CASCADE drops seats+tickets)[0m

[0;34m== Summary ==[0m
[0;32mAll 44/44 checks passed.[0m
