[INFO] Scanning for projects...
[INFO] 
[INFO] ----------------< com.extendaretail:structurizr-to-png >----------------
[INFO] Building structurizr-to-png 0.0.1-local
[INFO]   from pom.xml
[INFO] --------------------------------[ jar ]---------------------------------
[INFO] 
[INFO] --- sortpom:4.0.0:verify (default) @ structurizr-to-png ---
[INFO] Verifying file /project/pom.xml
[INFO] 
[INFO] --- enforcer:3.6.1:enforce (enforce) @ structurizr-to-png ---
[INFO] Rule 0: org.apache.maven.enforcer.rules.dependency.DependencyConvergence passed
[INFO] Rule 1: org.apache.maven.enforcer.rules.dependency.RequireReleaseDeps passed
[INFO] 
[INFO] --- jacoco:0.8.13:prepare-agent (jacoco-surefire) @ structurizr-to-png ---
[INFO] Skipping JaCoCo execution because property jacoco.skip is set.
[INFO] argLine set to empty
[INFO] 
[INFO] --- resources:3.4.0:resources (default-resources) @ structurizr-to-png ---
[INFO] Copying 3 resources from src/main/resources to target/classes
[INFO] 
[INFO] --- compiler:3.14.1:compile (default-compile) @ structurizr-to-png ---
[INFO] Recompiling the module because of changed source code.
[INFO] Compiling 15 source files with javac [debug target 21] to target/classes
[INFO] /project/src/main/java/com/extendaretail/dsl2png/cli/Arguments.java: /project/src/main/java/com/extendaretail/dsl2png/cli/Arguments.java uses or overrides a deprecated API.
[INFO] /project/src/main/java/com/extendaretail/dsl2png/cli/Arguments.java: Recompile with -Xlint:deprecation for details.
[INFO] -------------------------------------------------------------
[ERROR] COMPILATION ERROR : 
[INFO] -------------------------------------------------------------
[ERROR] /project/src/main/java/com/extendaretail/dsl2png/vertx/MainVerticle.java:[6,27] package io.vertx.ext.bridge does not exist
[ERROR] /project/src/main/java/com/extendaretail/dsl2png/vertx/MainVerticle.java:[7,27] package io.vertx.ext.bridge does not exist
[ERROR] /project/src/main/java/com/extendaretail/dsl2png/vertx/MainVerticle.java:[120,5] cannot find symbol
  symbol:   class PermittedOptions
  location: class com.extendaretail.dsl2png.vertx.MainVerticle
[ERROR] /project/src/main/java/com/extendaretail/dsl2png/vertx/MainVerticle.java:[120,41] cannot find symbol
  symbol:   class PermittedOptions
  location: class com.extendaretail.dsl2png.vertx.MainVerticle
[ERROR] /project/src/main/java/com/extendaretail/dsl2png/vertx/MainVerticle.java:[126,42] cannot access io.vertx.ext.bridge.BridgeOptions
  class file for io.vertx.ext.bridge.BridgeOptions not found
[ERROR] /project/src/main/java/com/extendaretail/dsl2png/vertx/MainVerticle.java:[128,36] cannot find symbol
  symbol:   variable BridgeEventType
  location: class com.extendaretail.dsl2png.vertx.MainVerticle
[INFO] 6 errors 
[INFO] -------------------------------------------------------------
[INFO] ------------------------------------------------------------------------
[INFO] BUILD FAILURE
[INFO] ------------------------------------------------------------------------
[INFO] Total time:  6.718 s
[INFO] Finished at: 2026-09-11T19:37:49Z
[INFO] ------------------------------------------------------------------------
[ERROR] Failed to execute goal org.apache.maven.plugins:maven-compiler-plugin:3.14.1:compile (default-compile) on project structurizr-to-png: Compilation failure: Compilation failure: 
[ERROR] /project/src/main/java/com/extendaretail/dsl2png/vertx/MainVerticle.java:[6,27] package io.vertx.ext.bridge does not exist
[ERROR] /project/src/main/java/com/extendaretail/dsl2png/vertx/MainVerticle.java:[7,27] package io.vertx.ext.bridge does not exist
[ERROR] /project/src/main/java/com/extendaretail/dsl2png/vertx/MainVerticle.java:[120,5] cannot find symbol
[ERROR]   symbol:   class PermittedOptions
[ERROR]   location: class com.extendaretail.dsl2png.vertx.MainVerticle
[ERROR] /project/src/main/java/com/extendaretail/dsl2png/vertx/MainVerticle.java:[120,41] cannot find symbol
[ERROR]   symbol:   class PermittedOptions
[ERROR]   location: class com.extendaretail.dsl2png.vertx.MainVerticle
[ERROR] /project/src/main/java/com/extendaretail/dsl2png/vertx/MainVerticle.java:[126,42] cannot access io.vertx.ext.bridge.BridgeOptions
[ERROR]   class file for io.vertx.ext.bridge.BridgeOptions not found
[ERROR] /project/src/main/java/com/extendaretail/dsl2png/vertx/MainVerticle.java:[128,36] cannot find symbol
[ERROR]   symbol:   variable BridgeEventType
[ERROR]   location: class com.extendaretail.dsl2png.vertx.MainVerticle
[ERROR] -> [Help 1]
[ERROR] 
[ERROR] To see the full stack trace of the errors, re-run Maven with the -e switch.
[ERROR] Re-run Maven using the -X switch to enable full debug logging.
[ERROR] 
[ERROR] For more information about the errors and possible solutions, please read the following articles:
[ERROR] [Help 1] http://cwiki.apache.org/confluence/display/MAVEN/MojoFailureException
