[INFO] Scanning for projects...
[INFO] 
[INFO] -------------------< dev.nmarulo:despensa-rest-api >--------------------
[INFO] Building Despensa-app rest-api 0.0.1
[INFO]   from pom.xml
[INFO] --------------------------------[ war ]---------------------------------
[INFO] 
[INFO] --- jacoco:0.8.12:prepare-agent (default) @ despensa-rest-api ---
[INFO] Skipping JaCoCo execution because property jacoco.skip is set.
[INFO] argLine set to empty
[INFO] 
[INFO] --- resources:3.3.1:resources (default-resources) @ despensa-rest-api ---
[INFO] Copying 21 resources from src/main/resources to target/classes
[INFO] 
[INFO] --- compiler:3.13.0:compile (default-compile) @ despensa-rest-api ---
[INFO] Recompiling the module because of changed source code.
[INFO] Compiling 102 source files with javac [debug parameters release 21] to target/classes
[INFO] Annotation processing is enabled because one or more processors were found
  on the class path. A future release of javac may disable annotation processing
  unless at least one processor is specified by name (-processor), or a search
  path is specified (--processor-path, --processor-module-path), or annotation
  processing is enabled explicitly (-proc:only, -proc:full).
  Use -Xlint:-options to suppress this message.
  Use -proc:none to disable annotation processing.
[INFO] -------------------------------------------------------------
[ERROR] COMPILATION ERROR : 
[INFO] -------------------------------------------------------------
[ERROR] /project/src/main/java/dev/nmarulo/despensa_app/app/authentication/AuthenticationService.java:[21,50] package org.springframework.transaction.annotation does not exist
[ERROR] /project/src/main/java/dev/nmarulo/despensa_app/app/pantry/products/ProductService.java:[22,50] package org.springframework.transaction.annotation does not exist
[ERROR] /project/src/main/java/dev/nmarulo/despensa_app/app/pantry/shopping_list/ShoppingListService.java:[19,50] package org.springframework.transaction.annotation does not exist
[ERROR] /project/src/main/java/dev/nmarulo/despensa_app/app/pantry/shopping_list/services/UpdateShoppingListService.java:[18,50] package org.springframework.transaction.annotation does not exist
[ERROR] /project/src/main/java/dev/nmarulo/despensa_app/app/pantry/unity_types/UnitTypeService.java:[9,50] package org.springframework.transaction.annotation does not exist
[ERROR] /project/src/main/java/dev/nmarulo/despensa_app/app/users/UserService.java:[9,50] package org.springframework.transaction.annotation does not exist
[ERROR] /project/src/main/java/dev/nmarulo/despensa_app/app/authentication/AuthenticationService.java:[41,6] cannot find symbol
  symbol:   class Transactional
  location: class dev.nmarulo.despensa_app.app.authentication.AuthenticationService
[ERROR] /project/src/main/java/dev/nmarulo/despensa_app/app/authentication/AuthenticationService.java:[54,6] cannot find symbol
  symbol:   class Transactional
  location: class dev.nmarulo.despensa_app.app.authentication.AuthenticationService
[ERROR] /project/src/main/java/dev/nmarulo/despensa_app/app/pantry/products/ProductService.java:[37,6] cannot find symbol
  symbol:   class Transactional
  location: class dev.nmarulo.despensa_app.app.pantry.products.ProductService
[ERROR] /project/src/main/java/dev/nmarulo/despensa_app/app/pantry/products/ProductService.java:[54,6] cannot find symbol
  symbol:   class Transactional
  location: class dev.nmarulo.despensa_app.app.pantry.products.ProductService
[ERROR] /project/src/main/java/dev/nmarulo/despensa_app/app/pantry/products/ProductService.java:[86,6] cannot find symbol
  symbol:   class Transactional
  location: class dev.nmarulo.despensa_app.app.pantry.products.ProductService
[ERROR] /project/src/main/java/dev/nmarulo/despensa_app/app/pantry/shopping_list/services/UpdateShoppingListService.java:[34,6] cannot find symbol
  symbol:   class Transactional
  location: class dev.nmarulo.despensa_app.app.pantry.shopping_list.services.UpdateShoppingListService
[ERROR] /project/src/main/java/dev/nmarulo/despensa_app/app/pantry/shopping_list/ShoppingListService.java:[35,6] cannot find symbol
  symbol:   class Transactional
  location: class dev.nmarulo.despensa_app.app.pantry.shopping_list.ShoppingListService
[ERROR] /project/src/main/java/dev/nmarulo/despensa_app/app/pantry/shopping_list/ShoppingListService.java:[42,6] cannot find symbol
  symbol:   class Transactional
  location: class dev.nmarulo.despensa_app.app.pantry.shopping_list.ShoppingListService
[ERROR] /project/src/main/java/dev/nmarulo/despensa_app/app/pantry/shopping_list/ShoppingListService.java:[74,6] cannot find symbol
  symbol:   class Transactional
  location: class dev.nmarulo.despensa_app.app.pantry.shopping_list.ShoppingListService
[ERROR] /project/src/main/java/dev/nmarulo/despensa_app/app/pantry/shopping_list/ShoppingListService.java:[88,6] cannot find symbol
  symbol:   class Transactional
  location: class dev.nmarulo.despensa_app.app.pantry.shopping_list.ShoppingListService
[ERROR] /project/src/main/java/dev/nmarulo/despensa_app/app/pantry/shopping_list/ShoppingListService.java:[109,6] cannot find symbol
  symbol:   class Transactional
  location: class dev.nmarulo.despensa_app.app.pantry.shopping_list.ShoppingListService
[ERROR] /project/src/main/java/dev/nmarulo/despensa_app/app/pantry/shopping_list/ShoppingListService.java:[124,6] cannot find symbol
  symbol:   class Transactional
  location: class dev.nmarulo.despensa_app.app.pantry.shopping_list.ShoppingListService
[ERROR] /project/src/main/java/dev/nmarulo/despensa_app/app/pantry/shopping_list/ShoppingListService.java:[132,6] cannot find symbol
  symbol:   class Transactional
  location: class dev.nmarulo.despensa_app.app.pantry.shopping_list.ShoppingListService
[ERROR] /project/src/main/java/dev/nmarulo/despensa_app/app/pantry/shopping_list/ShoppingListService.java:[142,6] cannot find symbol
  symbol:   class Transactional
  location: class dev.nmarulo.despensa_app.app.pantry.shopping_list.ShoppingListService
[ERROR] /project/src/main/java/dev/nmarulo/despensa_app/app/pantry/unity_types/UnitTypeService.java:[18,6] cannot find symbol
  symbol:   class Transactional
  location: class dev.nmarulo.despensa_app.app.pantry.unity_types.UnitTypeService
[ERROR] /project/src/main/java/dev/nmarulo/despensa_app/app/users/UserService.java:[20,6] cannot find symbol
  symbol:   class Transactional
  location: class dev.nmarulo.despensa_app.app.users.UserService
[INFO] 22 errors 
[INFO] -------------------------------------------------------------
[INFO] ------------------------------------------------------------------------
[INFO] BUILD FAILURE
[INFO] ------------------------------------------------------------------------
[INFO] Total time:  14.664 s
[INFO] Finished at: 2026-09-11T19:36:53Z
[INFO] ------------------------------------------------------------------------
[ERROR] Failed to execute goal org.apache.maven.plugins:maven-compiler-plugin:3.13.0:compile (default-compile) on project despensa-rest-api: Compilation failure: Compilation failure: 
[ERROR] /project/src/main/java/dev/nmarulo/despensa_app/app/authentication/AuthenticationService.java:[21,50] package org.springframework.transaction.annotation does not exist
[ERROR] /project/src/main/java/dev/nmarulo/despensa_app/app/pantry/products/ProductService.java:[22,50] package org.springframework.transaction.annotation does not exist
[ERROR] /project/src/main/java/dev/nmarulo/despensa_app/app/pantry/shopping_list/ShoppingListService.java:[19,50] package org.springframework.transaction.annotation does not exist
[ERROR] /project/src/main/java/dev/nmarulo/despensa_app/app/pantry/shopping_list/services/UpdateShoppingListService.java:[18,50] package org.springframework.transaction.annotation does not exist
[ERROR] /project/src/main/java/dev/nmarulo/despensa_app/app/pantry/unity_types/UnitTypeService.java:[9,50] package org.springframework.transaction.annotation does not exist
[ERROR] /project/src/main/java/dev/nmarulo/despensa_app/app/users/UserService.java:[9,50] package org.springframework.transaction.annotation does not exist
[ERROR] /project/src/main/java/dev/nmarulo/despensa_app/app/authentication/AuthenticationService.java:[41,6] cannot find symbol
[ERROR]   symbol:   class Transactional
[ERROR]   location: class dev.nmarulo.despensa_app.app.authentication.AuthenticationService
[ERROR] /project/src/main/java/dev/nmarulo/despensa_app/app/authentication/AuthenticationService.java:[54,6] cannot find symbol
[ERROR]   symbol:   class Transactional
[ERROR]   location: class dev.nmarulo.despensa_app.app.authentication.AuthenticationService
[ERROR] /project/src/main/java/dev/nmarulo/despensa_app/app/pantry/products/ProductService.java:[37,6] cannot find symbol
[ERROR]   symbol:   class Transactional
[ERROR]   location: class dev.nmarulo.despensa_app.app.pantry.products.ProductService
[ERROR] /project/src/main/java/dev/nmarulo/despensa_app/app/pantry/products/ProductService.java:[54,6] cannot find symbol
[ERROR]   symbol:   class Transactional
[ERROR]   location: class dev.nmarulo.despensa_app.app.pantry.products.ProductService
[ERROR] /project/src/main/java/dev/nmarulo/despensa_app/app/pantry/products/ProductService.java:[86,6] cannot find symbol
[ERROR]   symbol:   class Transactional
[ERROR]   location: class dev.nmarulo.despensa_app.app.pantry.products.ProductService
[ERROR] /project/src/main/java/dev/nmarulo/despensa_app/app/pantry/shopping_list/services/UpdateShoppingListService.java:[34,6] cannot find symbol
[ERROR]   symbol:   class Transactional
[ERROR]   location: class dev.nmarulo.despensa_app.app.pantry.shopping_list.services.UpdateShoppingListService
[ERROR] /project/src/main/java/dev/nmarulo/despensa_app/app/pantry/shopping_list/ShoppingListService.java:[35,6] cannot find symbol
[ERROR]   symbol:   class Transactional
[ERROR]   location: class dev.nmarulo.despensa_app.app.pantry.shopping_list.ShoppingListService
[ERROR] /project/src/main/java/dev/nmarulo/despensa_app/app/pantry/shopping_list/ShoppingListService.java:[42,6] cannot find symbol
[ERROR]   symbol:   class Transactional
[ERROR]   location: class dev.nmarulo.despensa_app.app.pantry.shopping_list.ShoppingListService
[ERROR] /project/src/main/java/dev/nmarulo/despensa_app/app/pantry/shopping_list/ShoppingListService.java:[74,6] cannot find symbol
[ERROR]   symbol:   class Transactional
[ERROR]   location: class dev.nmarulo.despensa_app.app.pantry.shopping_list.ShoppingListService
[ERROR] /project/src/main/java/dev/nmarulo/despensa_app/app/pantry/shopping_list/ShoppingListService.java:[88,6] cannot find symbol
[ERROR]   symbol:   class Transactional
[ERROR]   location: class dev.nmarulo.despensa_app.app.pantry.shopping_list.ShoppingListService
[ERROR] /project/src/main/java/dev/nmarulo/despensa_app/app/pantry/shopping_list/ShoppingListService.java:[109,6] cannot find symbol
[ERROR]   symbol:   class Transactional
[ERROR]   location: class dev.nmarulo.despensa_app.app.pantry.shopping_list.ShoppingListService
[ERROR] /project/src/main/java/dev/nmarulo/despensa_app/app/pantry/shopping_list/ShoppingListService.java:[124,6] cannot find symbol
[ERROR]   symbol:   class Transactional
[ERROR]   location: class dev.nmarulo.despensa_app.app.pantry.shopping_list.ShoppingListService
[ERROR] /project/src/main/java/dev/nmarulo/despensa_app/app/pantry/shopping_list/ShoppingListService.java:[132,6] cannot find symbol
[ERROR]   symbol:   class Transactional
[ERROR]   location: class dev.nmarulo.despensa_app.app.pantry.shopping_list.ShoppingListService
[ERROR] /project/src/main/java/dev/nmarulo/despensa_app/app/pantry/shopping_list/ShoppingListService.java:[142,6] cannot find symbol
[ERROR]   symbol:   class Transactional
[ERROR]   location: class dev.nmarulo.despensa_app.app.pantry.shopping_list.ShoppingListService
[ERROR] /project/src/main/java/dev/nmarulo/despensa_app/app/pantry/unity_types/UnitTypeService.java:[18,6] cannot find symbol
[ERROR]   symbol:   class Transactional
[ERROR]   location: class dev.nmarulo.despensa_app.app.pantry.unity_types.UnitTypeService
[ERROR] /project/src/main/java/dev/nmarulo/despensa_app/app/users/UserService.java:[20,6] cannot find symbol
[ERROR]   symbol:   class Transactional
[ERROR]   location: class dev.nmarulo.despensa_app.app.users.UserService
[ERROR] -> [Help 1]
[ERROR] 
[ERROR] To see the full stack trace of the errors, re-run Maven with the -e switch.
[ERROR] Re-run Maven using the -X switch to enable full debug logging.
[ERROR] 
[ERROR] For more information about the errors and possible solutions, please read the following articles:
[ERROR] [Help 1] http://cwiki.apache.org/confluence/display/MAVEN/MojoFailureException
