[INFO] Scanning for projects...
[INFO] 
[INFO] ----------------< com.extendaretail:structurizr-to-png >----------------
[INFO] Building structurizr-to-png 0.0.1-local
[INFO]   from pom.xml
[INFO] --------------------------------[ jar ]---------------------------------
[INFO] 
[INFO] --- slimming:1.0:singleModuleCheck (default-cli) @ structurizr-to-png ---
Mockito is currently self-attaching to enable the inline-mock-maker. This will no longer work in future releases of the JDK. Please add Mockito as an agent to your build as described in Mockito's documentation: https://javadoc.io/doc/org.mockito/mockito-core/latest/org.mockito/org/mockito/Mockito.html#0.3
WARNING: A Java agent has been loaded dynamically (/Users/yifan/.m2/repository/net/bytebuddy/byte-buddy-agent/1.17.7/byte-buddy-agent-1.17.7.jar)
WARNING: If a serviceability tool is in use, please run with -XX:+EnableDynamicAgentLoading to hide this warning
WARNING: If a serviceability tool is not in use, please run with -Djdk.instrument.traceUsage for more information
WARNING: Dynamic loading of agents will be disallowed by default in a future release
May 25, 2026 8:38:14 AM org.junit.jupiter.engine.descriptor.AbstractExtensionContext lambda$createCloseAction$1
WARNING: Type implements CloseableResource but not AutoCloseable: io.vertx.junit5.ScopedObject
usage: java -jar structurizr-to-png.jar [--help] [--log-level <arg>] [-o <dir>]
       [-p <glob>] [-r <arg>] [-w]
Create PNG files from Structurizr DSL
    --help
    --log-level <arg>     Log verbosity level
 -o,--output <dir>        Image output directory. A relative path is resolved
                          from the DSL file.
 -p,--path <glob>         Path to workspaces to render. Glob is supported.
 -r,--render-with <arg>   The name of the diagram renderer to use.
 -w,--watch               Watch for changed DSL files.

[INFO] mvn test successfully
[INFO] The project has no target/test-classes folder
[INFO] ------------------------------------------------------------------------
[INFO] ---------------------------< START ANALYSE >----------------------------
[INFO] ------------------------------------------------------------------------
[INFO] *************************** S L I M M I N G ****************************
[INFO] ------------------------------------------------------------------------
[INFO] Successfully collect licenses Successfully!
[WARNING] Redundant dependency javax.activation:javax.activation-api:1.2.0 release time Optional[2017-09-07] has not been maintained for 3182 days
[WARNING] Redundant dependency com.google.code.findbugs:jsr305:3.0.2 release time Optional[2017-03-31] has not been maintained for 3342 days
[WARNING] Redundant dependency javax.xml.bind:jaxb-api:2.4.0-b180830.0359 release time Optional[2018-08-30] has not been maintained for 2825 days
[INFO] ALL DEPENDENCY[79]:
[INFO]  USED DEPENDENCY[76]:
[INFO]   USED DIRECT DEPENDENCY[17]:
[INFO] 		org.fusesource.jansi:jansi:2.4.2:compile [250 KB]
[INFO] 		net.sourceforge.plantuml:plantuml:1.2025.7:compile [24 MB]
[INFO] 		org.junit.jupiter:junit-jupiter-engine:5.13.4:test [333 KB]
[INFO] 		org.mockito:mockito-core:5.20.0:test [693 KB]
[INFO] 		io.vertx:vertx-junit5:5.0.4:test [24 KB]
[INFO] 		org.junit.jupiter:junit-jupiter-api:5.13.4:test [234 KB]
[INFO] 		io.vertx:vertx-tcp-eventbus-bridge:5.0.4:test [17 KB]
[INFO] 		org.slf4j:slf4j-api:2.0.17:compile [68 KB]
[INFO] 		io.vertx:vertx-core:5.0.4:compile [1 MB]
[INFO] 		io.vertx:vertx-web:5.0.4:compile [370 KB]
[INFO] 		com.structurizr:structurizr-client:4.1.0:compile [38 KB]
[INFO] 		ch.qos.logback:logback-classic:1.5.18:compile [299 KB]
[INFO] 		org.slf4j:jcl-over-slf4j:2.0.17:compile [17 KB]
[INFO] 		commons-cli:commons-cli:1.10.0:compile [105 KB]
[INFO] 		com.structurizr:structurizr-dsl:4.1.0:compile [239 KB]
[INFO] 		org.assertj:assertj-core:3.27.6:test [1 MB]
[INFO] 		com.structurizr:structurizr-export:4.1.0:compile [74 KB]
[INFO]   USED TRANSITIVE DEPENDENCY[59]:
[INFO] 		com.structurizr:structurizr-import:4.1.0:compile [33 KB]
[INFO] 		io.netty:netty-codec-http:4.2.5.Final:compile [666 KB]
[INFO] 		org.apiguardian:apiguardian-api:1.1.2:test [6 KB]
[INFO] 		io.netty:netty-handler-proxy:4.2.5.Final:compile [26 KB]
[INFO] 		org.apache.httpcomponents.core5:httpcore5:5.3.4:compile [887 KB]
[INFO] 		com.fasterxml.jackson.core:jackson-core:2.20.0:compile [579 KB]
[INFO] 		org.junit.platform:junit-platform-commons:1.13.4:test [154 KB]
[INFO] 		org.opentest4j:opentest4j:1.3.0:test [13 KB]
[INFO] 		net.bytebuddy:byte-buddy:1.17.7:test [8 MB]
[INFO] 		io.netty:netty-codec-base:4.2.5.Final:compile [149 KB]
[INFO] 		org.objenesis:objenesis:3.3:test [48 KB]
[INFO] 		org.checkerframework:checker-qual:3.33.0:runtime [218 KB]
[INFO] 		org.javassist:javassist:3.30.2-GA:runtime [776 KB]
[INFO] 		io.vertx:vertx-auth-common:5.0.4:compile [136 KB]
[INFO] 		com.google.guava:listenablefuture:9999.0-empty-to-avoid-conflict-with-guava:runtime [2 KB]
[INFO] 		org.apache.bcel:bcel:6.10.0:runtime [722 KB]
[INFO] 		net.bytebuddy:byte-buddy-agent:1.17.7:test [357 KB]
[INFO] 		io.vertx:vertx-web-common:5.0.4:compile [22 KB]
[INFO] 		io.netty:netty-handler:4.2.5.Final:compile [557 KB]
[INFO] 		com.fasterxml.jackson.core:jackson-databind:2.20.0:compile [1 MB]
[INFO] 		io.netty:netty-transport:4.2.5.Final:compile [548 KB]
[INFO] 		org.scilab.forge:jlatexmath-font-cyrillic:1.0.7:runtime [181 KB]
[INFO] 		org.apache.commons:commons-lang3:3.14.0:runtime [642 KB]
[INFO] 		com.google.j2objc:j2objc-annotations:2.8:runtime [9 KB]
[INFO] 		io.vertx:vertx-bridge-common:5.0.4:compile [10 KB]
[INFO] 		org.apache.httpcomponents.core5:httpcore5-h2:5.3.4:compile [236 KB]
[INFO] 		com.google.guava:guava:32.1.2-jre:runtime [2 MB]
[INFO] 		org.junit.platform:junit-platform-engine:1.13.4:test [262 KB]
[INFO] 		com.fasterxml.jackson.core:jackson-annotations:2.20:compile [77 KB]
[INFO] 		commons-logging:commons-logging:1.3.5:compile [72 KB]
[INFO] 		io.netty:netty-transport-native-unix-common:4.2.5.Final:compile [45 KB]
[INFO] 		io.netty:netty-codec-compression:4.2.5.Final:compile [178 KB]
[INFO] 		io.netty:netty-codec-dns:4.2.5.Final:compile [68 KB]
[INFO] 		com.structurizr:structurizr-core:4.1.0:compile [186 KB]
[INFO] 		com.github.javaparser:javaparser-core:3.26.2:runtime [1 MB]
[INFO] 		org.scilab.forge:jlatexmath-font-greek:1.0.7:runtime [184 KB]
[INFO] 		org.eclipse.elk:org.eclipse.elk.alg.mrtree:0.10.0:runtime [153 KB]
[INFO] 		org.eclipse.emf:org.eclipse.emf.ecore.xmi:2.12.0:runtime [225 KB]
[INFO] 		io.netty:netty-resolver-dns:4.2.5.Final:compile [184 KB]
[INFO] 		org.eclipse.elk:org.eclipse.elk.core:0.10.0:runtime [2 MB]
[INFO] 		org.eclipse.elk:org.eclipse.elk.alg.layered:0.10.0:runtime [1 MB]
[INFO] 		org.eclipse.emf:org.eclipse.emf.common:2.12.0:runtime [349 KB]
[INFO] 		io.netty:netty-codec-socks:4.2.5.Final:compile [128 KB]
[INFO] 		org.junit.jupiter:junit-jupiter-params:5.13.4:test [645 KB]
[INFO] 		io.netty:netty-common:4.2.5.Final:compile [756 KB]
[INFO] 		io.netty:netty-resolver:4.2.5.Final:compile [37 KB]
[INFO] 		com.google.errorprone:error_prone_annotations:2.18.0:runtime [15 KB]
[INFO] 		org.apache.httpcomponents.client5:httpclient5:5.4.3:compile [888 KB]
[INFO] 		org.eclipse.elk:org.eclipse.elk.alg.common:0.10.0:runtime [226 KB]
[INFO] 		org.scilab.forge:jlatexmath:1.0.7:runtime [653 KB]
[INFO] 		com.structurizr:structurizr-component:4.1.0:compile [58 KB]
[INFO] 		io.netty:netty-buffer:4.2.5.Final:compile [363 KB]
[INFO] 		io.netty:netty-codec-http2:4.2.5.Final:compile [488 KB]
[INFO] 		org.eclipse.emf:org.eclipse.emf.ecore:2.12.0:runtime [1 MB]
[INFO] 		com.google.guava:failureaccess:1.0.1:runtime [4 KB]
[INFO] 		org.eclipse.elk:org.eclipse.elk.graph:0.10.0:runtime [107 KB]
[INFO] 		io.vertx:vertx-core-logging:5.0.4:compile [16 KB]
[INFO] 		ch.qos.logback:logback-core:1.5.18:compile [612 KB]
[INFO] 		com.github.javaparser:javaparser-symbol-solver-core:3.26.2:runtime [498 KB]
[INFO]   USED INHERIT DIRECT DEPENDENCY[0]:
[INFO]   USED INHERIT TRANSITIVE DEPENDENCY[0]:
[INFO]  UNUSED DEPENDENCY[3]:
[INFO]   UNUSED DIRECT DEPENDENCY[0]:
[INFO]   UNUSED TRANSITIVE DEPENDENCY[3]:
[INFO] 		javax.activation:javax.activation-api:1.2.0:compile [55 KB]
[INFO] 		javax.xml.bind:jaxb-api:2.4.0-b180830.0359:compile [125 KB]
[INFO] 		com.google.code.findbugs:jsr305:3.0.2:compile [19 KB]
[INFO]   UNUSED INHERIT DIRECT DEPENDENCY[0]:
[INFO]   UNUSED INHERIT TRANSITIVE DEPENDENCY[0]:
[ERROR] mvn test unsuccessfully
[ERROR] Failed to repair
[INFO] MeasureText: org.graphper.layout.AWTMeasureText was loaded as the primary measurement method.
[INFO] Print TreeCallGraph.svg, red is bloated, gray is unload
[INFO] ------------------------------------------------------------------------
[INFO] BUILD SUCCESS
[INFO] ------------------------------------------------------------------------
[INFO] Total time:  02:57 min
[INFO] Finished at: 2026-05-25T08:40:57+02:00
[INFO] ------------------------------------------------------------------------
