[INFO] Scanning for projects...
[INFO] 
[INFO] ----------------------< com.zcunsoft:clklog-api >-----------------------
[INFO] Building clklog-api 1.2.1
[INFO]   from pom.xml
[INFO] --------------------------------[ jar ]---------------------------------
[INFO] 
[INFO] --- spring-boot:2.6.4:build-info (build-info) @ clklog-api ---
[INFO] 
[INFO] --- resources:3.2.0:resources (default-resources) @ clklog-api ---
[INFO] Using 'UTF-8' encoding to copy filtered resources.
[INFO] Using 'UTF-8' encoding to copy filtered properties files.
[INFO] Copying 1 resource
[INFO] Copying 1 resource
[INFO] 
[INFO] --- compiler:3.8.1:compile (default-compile) @ clklog-api ---
[INFO] Changes detected - recompiling the module!
[INFO] Compiling 261 source files to /project/target/classes
[INFO] /project/src/main/java/com/zcunsoft/clklog/api/cfg/ClickhouseConfig.java: Some input files use or override a deprecated API.
[INFO] /project/src/main/java/com/zcunsoft/clklog/api/cfg/ClickhouseConfig.java: Recompile with -Xlint:deprecation for details.
[INFO] /project/src/main/java/com/zcunsoft/clklog/api/services/ReportServiceImpl.java: /project/src/main/java/com/zcunsoft/clklog/api/services/ReportServiceImpl.java uses unchecked or unsafe operations.
[INFO] /project/src/main/java/com/zcunsoft/clklog/api/services/ReportServiceImpl.java: Recompile with -Xlint:unchecked for details.
[INFO] 
[INFO] --- resources:3.2.0:testResources (default-testResources) @ clklog-api ---
[INFO] Not copying test resources
[INFO] 
[INFO] --- compiler:3.8.1:testCompile (default-testCompile) @ clklog-api ---
[INFO] Not compiling test sources
[INFO] 
[INFO] --- surefire:2.22.2:test (default-test) @ clklog-api ---
[INFO] Tests are skipped.
[INFO] 
[INFO] --- jar:3.2.2:jar (default-jar) @ clklog-api ---
[INFO] Building jar: /project/target/clklog-api-1.2.1.jar
[INFO] 
[INFO] --- spring-boot:2.6.4:repackage (repackage) @ clklog-api ---
[INFO] Replacing main artifact with repackaged archive
[INFO] 
[INFO] --- install:2.5.2:install (default-install) @ clklog-api ---
[INFO] Installing /project/target/clklog-api-1.2.1.jar to /root/.m2/repository/com/zcunsoft/clklog-api/1.2.1/clklog-api-1.2.1.jar
[INFO] Installing /project/pom.xml to /root/.m2/repository/com/zcunsoft/clklog-api/1.2.1/clklog-api-1.2.1.pom
[INFO] ------------------------------------------------------------------------
[INFO] BUILD SUCCESS
[INFO] ------------------------------------------------------------------------
[INFO] Total time:  30.208 s
[INFO] Finished at: 2026-09-21T20:06:35Z
[INFO] ------------------------------------------------------------------------
