 Image clickhouse/clickhouse-server:24.3 Pulling 
 Image redis:7-alpine Pulling 
 4eb14bae0e1d Pulling fs layer 0B
 83234986c742 Pulling fs layer 0B
 7eb50503c2b0 Pulling fs layer 0B
 4f4fb700ef54 Pulling fs layer 0B
 16333ee0c00f Pulling fs layer 0B
 9928009b15c8 Pulling fs layer 0B
 1522f9c6f453 Pulling fs layer 0B
 43395cb79709 Pulling fs layer 0B
 d9802f032d67 Pulling fs layer 0B
 4f4fb700ef54 Pulling fs layer 0B
 6e1771347fd0 Pulling fs layer 0B
 4f4fb700ef54 Pulling fs layer 0B
 4e6412d000cc Pulling fs layer 0B
 d20f81a389b3 Pulling fs layer 0B
 8a3b7bc79fc7 Pulling fs layer 0B
 adca9326a17b Pulling fs layer 0B
 4f4fb700ef54 Pulling fs layer 0B
 14bae67f9b16 Pulling fs layer 0B
 43395cb79709 Download complete 0B
 1522f9c6f453 Downloading 3.146MB
 adca9326a17b Download complete 0B
 1522f9c6f453 Downloading 3.146MB
 4eb14bae0e1d Download complete 0B
 d20f81a389b3 Download complete 0B
 83234986c742 Download complete 0B
 1522f9c6f453 Downloading 4.714MB
 1522f9c6f453 Downloading 7.34MB
 14bae67f9b16 Download complete 0B
 1522f9c6f453 Downloading 9.437MB
 9928009b15c8 Download complete 0B
 1522f9c6f453 Downloading 10.49MB
 1522f9c6f453 Downloading 10.49MB
 1522f9c6f453 Downloading 10.49MB
 4f4fb700ef54 Download complete 0B
 1522f9c6f453 Downloading 11.53MB
 4f4fb700ef54 Download complete 0B
 6e1771347fd0 Downloading 1.049MB
 d9802f032d67 Downloading 1.049MB
 8a3b7bc79fc7 Downloading 863.5kB
 7eb50503c2b0 Download complete 0B
 1522f9c6f453 Download complete 0B
 d9802f032d67 Downloading 2.097MB
 54779914f171 Download complete 0B
 16333ee0c00f Downloading 1.049MB
 8a3b7bc79fc7 Download complete 0B
 6e1771347fd0 Downloading 1.049MB
 16333ee0c00f Downloading 1.049MB
 d9802f032d67 Downloading 3.146MB
 6e1771347fd0 Downloading 2.097MB
 16333ee0c00f Downloading 1.049MB
 d9802f032d67 Downloading 4.194MB
 6e1771347fd0 Downloading 2.097MB
 1edb5f7431ce Download complete 0B
 16333ee0c00f Downloading 1.049MB
 d9802f032d67 Downloading 5.243MB
 6e1771347fd0 Downloading 2.097MB
 6e1771347fd0 Downloading 3.146MB
 d9802f032d67 Downloading 7.34MB
 3beebc06c4ca Download complete 0B
 16333ee0c00f Downloading 1.049MB
 6e1771347fd0 Downloading 3.146MB
 d9802f032d67 Downloading 9.437MB
 16333ee0c00f Downloading 1.049MB
 d9802f032d67 Downloading 9.437MB
 6e1771347fd0 Downloading 3.146MB
 16333ee0c00f Downloading 2.097MB
 16333ee0c00f Downloading 2.097MB
 6e1771347fd0 Downloading 3.146MB
 d9802f032d67 Downloading 9.437MB
 16333ee0c00f Downloading 2.097MB
 d9802f032d67 Downloading 11.53MB
 4e6412d000cc Downloading 1.049MB
 6e1771347fd0 Downloading 4.194MB
 6e1771347fd0 Downloading 4.194MB
 d9802f032d67 Downloading 12.58MB
 4e6412d000cc Downloading 1.049MB
 16333ee0c00f Downloading 2.097MB
 16333ee0c00f Downloading 2.097MB
 6e1771347fd0 Downloading 5.243MB
 d9802f032d67 Downloading 14.68MB
 4e6412d000cc Downloading 1.049MB
 16333ee0c00f Downloading 2.097MB
 d9802f032d67 Downloading 16.78MB
 4e6412d000cc Downloading 1.049MB
 6e1771347fd0 Downloading 5.243MB
 6e1771347fd0 Downloading 5.243MB
 d9802f032d67 Downloading 16.78MB
 4e6412d000cc Downloading 1.049MB
 16333ee0c00f Downloading 2.097MB
 16333ee0c00f Downloading 3.146MB
 d9802f032d67 Downloading 18.87MB
 4e6412d000cc Downloading 1.049MB
 6e1771347fd0 Downloading 5.243MB
 16333ee0c00f Downloading 3.146MB
 6e1771347fd0 Downloading 6.291MB
 d9802f032d67 Downloading 20.97MB
 4e6412d000cc Downloading 2.097MB
 6e1771347fd0 Downloading 6.291MB
 d9802f032d67 Downloading 23.07MB
 4e6412d000cc Downloading 2.097MB
 d9802f032d67 Downloading 23.07MB
 4e6412d000cc Downloading 2.097MB
 6e1771347fd0 Downloading 6.291MB
 16333ee0c00f Download complete 0B
 16333ee0c00f Extracting 1B
 d9802f032d67 Downloading 24.12MB
 4e6412d000cc Downloading 2.097MB
 6e1771347fd0 Downloading 6.291MB
 83234986c742 Pull complete 0B
 7eb50503c2b0 Extracting 1B
 16333ee0c00f Pull complete 0B
 6e1771347fd0 Downloading 7.34MB
 d9802f032d67 Downloading 25.17MB
 4e6412d000cc Downloading 2.097MB
 7eb50503c2b0 Pull complete 0B
 d9802f032d67 Downloading 27.51MB
 4e6412d000cc Downloading 2.097MB
 6e1771347fd0 Downloading 7.34MB
 1522f9c6f453 Extracting 1B
 6e1771347fd0 Downloading 8.803MB
 d9802f032d67 Download complete 0B
 4e6412d000cc Downloading 3.146MB
 1522f9c6f453 Extracting 1B
 d9802f032d67 Extracting 1B
 4e6412d000cc Downloading 3.146MB
 6e1771347fd0 Download complete 0B
 1522f9c6f453 Extracting 1B
 d9802f032d67 Extracting 1B
 4e6412d000cc Downloading 4.194MB
 1522f9c6f453 Extracting 1B
 d9802f032d67 Extracting 1B
 4e6412d000cc Downloading 5.243MB
 9928009b15c8 Pull complete 0B
 4f4fb700ef54 Pull complete 0B
 1522f9c6f453 Pull complete 0B
 d9802f032d67 Extracting 1B
 4eb14bae0e1d Pull complete 0B
 Image redis:7-alpine Pulled 
 4e6412d000cc Downloading 6.291MB
 d9802f032d67 Extracting 1B
 4e6412d000cc Downloading 8.389MB
 d9802f032d67 Extracting 1B
 4e6412d000cc Downloading 10.49MB
 d9802f032d67 Extracting 1B
 4e6412d000cc Downloading 11.53MB
 d9802f032d67 Extracting 1B
 4e6412d000cc Downloading 11.53MB
 d9802f032d67 Extracting 1B
 4e6412d000cc Downloading 14.68MB
 d9802f032d67 Extracting 1B
 4e6412d000cc Downloading 17.83MB
 d9802f032d67 Extracting 1B
 4e6412d000cc Downloading 20.97MB
 d9802f032d67 Extracting 2B
 4e6412d000cc Downloading 23.07MB
 d9802f032d67 Extracting 2B
 4e6412d000cc Downloading 24.12MB
 d9802f032d67 Extracting 2B
 4e6412d000cc Downloading 27.26MB
 d9802f032d67 Extracting 2B
 4e6412d000cc Downloading 29.36MB
 d9802f032d67 Pull complete 0B
 6e1771347fd0 Extracting 1B
 4e6412d000cc Downloading 32.51MB
 6e1771347fd0 Extracting 1B
 4e6412d000cc Downloading 32.51MB
 6e1771347fd0 Extracting 1B
 4e6412d000cc Downloading 33.55MB
 6e1771347fd0 Extracting 1B
 4e6412d000cc Downloading 34.6MB
 6e1771347fd0 Extracting 1B
 4e6412d000cc Downloading 38.8MB
 6e1771347fd0 Extracting 1B
 4e6412d000cc Downloading 40.89MB
 6e1771347fd0 Extracting 1B
 4e6412d000cc Downloading 44.04MB
 6e1771347fd0 Extracting 1B
 4e6412d000cc Downloading 46.14MB
 6e1771347fd0 Extracting 1B
 4e6412d000cc Downloading 47.19MB
 6e1771347fd0 Pull complete 0B
 4e6412d000cc Downloading 50.33MB
 4f4fb700ef54 Pull complete 0B
 4e6412d000cc Downloading 52.43MB
 4e6412d000cc Downloading 54.53MB
 4e6412d000cc Downloading 54.53MB
 4e6412d000cc Downloading 54.53MB
 4e6412d000cc Downloading 58.72MB
 4e6412d000cc Downloading 60.82MB
 4e6412d000cc Downloading 63.96MB
 4e6412d000cc Downloading 66.06MB
 4e6412d000cc Downloading 67.11MB
 4e6412d000cc Downloading 69.21MB
 4e6412d000cc Downloading 72.35MB
 4e6412d000cc Downloading 74.45MB
 4e6412d000cc Downloading 75.5MB
 4e6412d000cc Downloading 76.55MB
 4e6412d000cc Downloading 78.64MB
 4e6412d000cc Downloading 80.74MB
 4e6412d000cc Downloading 83.89MB
 4e6412d000cc Downloading 85.98MB
 4e6412d000cc Downloading 87.03MB
 4e6412d000cc Downloading 88.08MB
 4e6412d000cc Downloading 91.23MB
 4e6412d000cc Downloading 93.32MB
 4e6412d000cc Downloading 94.37MB
 4e6412d000cc Downloading 96.47MB
 4e6412d000cc Downloading 96.47MB
 4e6412d000cc Downloading 99.61MB
 4e6412d000cc Downloading 101.7MB
 4e6412d000cc Downloading 104.9MB
 4e6412d000cc Downloading 108MB
 4e6412d000cc Downloading 109.1MB
 4e6412d000cc Downloading 111.1MB
 4e6412d000cc Downloading 114.3MB
 4e6412d000cc Downloading 117.4MB
 4e6412d000cc Downloading 117.4MB
 4e6412d000cc Downloading 118.5MB
 4e6412d000cc Downloading 120.6MB
 4e6412d000cc Downloading 122.7MB
 4e6412d000cc Downloading 125.4MB
 4e6412d000cc Downloading 129MB
 4e6412d000cc Downloading 131.1MB
 4e6412d000cc Downloading 132.1MB
 4e6412d000cc Downloading 134.2MB
 4e6412d000cc Downloading 136.3MB
 4e6412d000cc Downloading 138.4MB
 4e6412d000cc Downloading 139.5MB
 4e6412d000cc Downloading 139.5MB
 4e6412d000cc Downloading 142.6MB
 4e6412d000cc Downloading 145.8MB
 4e6412d000cc Downloading 148.9MB
 4e6412d000cc Downloading 151MB
 4e6412d000cc Downloading 151MB
 4e6412d000cc Downloading 154.1MB
 4e6412d000cc Downloading 157.3MB
 4e6412d000cc Downloading 159.4MB
 4e6412d000cc Downloading 160.4MB
 4e6412d000cc Downloading 161.5MB
 4e6412d000cc Downloading 163.6MB
 4e6412d000cc Downloading 165.7MB
 4e6412d000cc Downloading 168.8MB
 4e6412d000cc Downloading 172MB
 4e6412d000cc Downloading 174.1MB
 4e6412d000cc Downloading 175.1MB
 4e6412d000cc Downloading 177.2MB
 4e6412d000cc Downloading 180.4MB
 4e6412d000cc Downloading 182.5MB
 4e6412d000cc Downloading 182.5MB
 4e6412d000cc Downloading 182.5MB
 4e6412d000cc Downloading 186.6MB
 4e6412d000cc Downloading 189.8MB
 4e6412d000cc Downloading 191.9MB
 4e6412d000cc Downloading 195MB
 4e6412d000cc Downloading 195MB
 4e6412d000cc Downloading 198.2MB
 4e6412d000cc Downloading 200.3MB
 4e6412d000cc Downloading 203.4MB
 4e6412d000cc Downloading 203.4MB
 4e6412d000cc Downloading 204.5MB
 4e6412d000cc Downloading 204.5MB
 4e6412d000cc Downloading 205.5MB
 4e6412d000cc Downloading 208.7MB
 4e6412d000cc Downloading 210.8MB
 4e6412d000cc Downloading 212.9MB
 4e6412d000cc Downloading 213.9MB
 4e6412d000cc Downloading 217.1MB
 4e6412d000cc Downloading 220.2MB
 4e6412d000cc Downloading 221.2MB
 4e6412d000cc Downloading 222.3MB
 4e6412d000cc Downloading 223.3MB
 4e6412d000cc Downloading 226.5MB
 4e6412d000cc Downloading 227.5MB
 4e6412d000cc Downloading 227.5MB
 4e6412d000cc Downloading 228.6MB
 4e6412d000cc Downloading 228.6MB
 4e6412d000cc Downloading 230.7MB
 4e6412d000cc Downloading 233.8MB
 4e6412d000cc Downloading 237MB
 4e6412d000cc Downloading 237MB
 4e6412d000cc Downloading 238MB
 4e6412d000cc Downloading 240.1MB
 4e6412d000cc Downloading 243.3MB
 4e6412d000cc Downloading 244.3MB
 4e6412d000cc Downloading 247.5MB
 4e6412d000cc Downloading 249.6MB
 4e6412d000cc Downloading 250.6MB
 4e6412d000cc Downloading 253.8MB
 4e6412d000cc Downloading 256.9MB
 4e6412d000cc Downloading 257.9MB
 4e6412d000cc Downloading 260MB
 4e6412d000cc Downloading 260.3MB
 4e6412d000cc Downloading 260.3MB
 4e6412d000cc Downloading 260.3MB
 4e6412d000cc Downloading 260.3MB
 4e6412d000cc Downloading 260.3MB
 4e6412d000cc Downloading 260.3MB
 4e6412d000cc Downloading 260.3MB
 4e6412d000cc Downloading 260.3MB
 4e6412d000cc Downloading 260.3MB
 4e6412d000cc Downloading 260.3MB
 4e6412d000cc Downloading 260.3MB
 4e6412d000cc Downloading 260.3MB
 4e6412d000cc Download complete 0B
 4e6412d000cc Extracting 1B
 4e6412d000cc Extracting 1B
 4e6412d000cc Extracting 1B
 4e6412d000cc Extracting 1B
 4e6412d000cc Extracting 1B
 4e6412d000cc Extracting 1B
 4e6412d000cc Extracting 1B
 4e6412d000cc Extracting 1B
 4e6412d000cc Extracting 1B
 4e6412d000cc Extracting 1B
 4e6412d000cc Extracting 1B
 4e6412d000cc Extracting 2B
 4e6412d000cc Extracting 2B
 4e6412d000cc Extracting 2B
 4e6412d000cc Extracting 2B
 4e6412d000cc Extracting 2B
 4e6412d000cc Extracting 2B
 4e6412d000cc Extracting 2B
 4e6412d000cc Extracting 2B
 4e6412d000cc Extracting 2B
 4e6412d000cc Extracting 3B
 4e6412d000cc Extracting 3B
 4e6412d000cc Extracting 3B
 4e6412d000cc Extracting 3B
 4e6412d000cc Extracting 3B
 4e6412d000cc Extracting 3B
 4e6412d000cc Extracting 3B
 4e6412d000cc Extracting 3B
 4e6412d000cc Extracting 3B
 4e6412d000cc Extracting 3B
 4e6412d000cc Extracting 3B
 4e6412d000cc Extracting 4B
 4e6412d000cc Extracting 4B
 4e6412d000cc Extracting 4B
 4e6412d000cc Extracting 4B
 4e6412d000cc Extracting 4B
 4e6412d000cc Extracting 4B
 4e6412d000cc Extracting 4B
 4e6412d000cc Extracting 4B
 4e6412d000cc Extracting 4B
 4e6412d000cc Extracting 5B
 4e6412d000cc Extracting 5B
 4e6412d000cc Extracting 5B
 4e6412d000cc Extracting 5B
 4e6412d000cc Extracting 5B
 4e6412d000cc Extracting 5B
 4e6412d000cc Extracting 5B
 4e6412d000cc Extracting 5B
 4e6412d000cc Extracting 5B
 4e6412d000cc Extracting 5B
 4e6412d000cc Extracting 5B
 4e6412d000cc Extracting 6B
 4e6412d000cc Extracting 6B
 4e6412d000cc Extracting 6B
 4e6412d000cc Extracting 6B
 4e6412d000cc Extracting 6B
 4e6412d000cc Extracting 6B
 4e6412d000cc Extracting 6B
 4e6412d000cc Extracting 6B
 4e6412d000cc Extracting 6B
 4e6412d000cc Extracting 7B
 4e6412d000cc Extracting 7B
 4e6412d000cc Extracting 7B
 4e6412d000cc Extracting 7B
 4e6412d000cc Extracting 7B
 4e6412d000cc Extracting 7B
 4e6412d000cc Extracting 7B
 4e6412d000cc Extracting 7B
 4e6412d000cc Extracting 7B
 4e6412d000cc Extracting 7B
 4e6412d000cc Extracting 8B
 4e6412d000cc Extracting 8B
 4e6412d000cc Extracting 8B
 4e6412d000cc Extracting 8B
 4e6412d000cc Extracting 8B
 4e6412d000cc Extracting 8B
 4e6412d000cc Extracting 8B
 4e6412d000cc Extracting 8B
 4e6412d000cc Extracting 9B
 4e6412d000cc Extracting 9B
 4e6412d000cc Extracting 9B
 4e6412d000cc Extracting 9B
 4e6412d000cc Extracting 9B
 4e6412d000cc Extracting 9B
 4e6412d000cc Extracting 9B
 4e6412d000cc Extracting 9B
 4e6412d000cc Extracting 10B
 4e6412d000cc Extracting 10B
 4e6412d000cc Extracting 10B
 4e6412d000cc Extracting 10B
 4e6412d000cc Extracting 10B
 4e6412d000cc Extracting 10B
 4e6412d000cc Extracting 10B
 4e6412d000cc Extracting 10B
 4e6412d000cc Extracting 11B
 4e6412d000cc Extracting 11B
 4e6412d000cc Extracting 11B
 4e6412d000cc Extracting 11B
 4e6412d000cc Extracting 11B
 4e6412d000cc Extracting 11B
 4e6412d000cc Extracting 11B
 4e6412d000cc Extracting 11B
 4e6412d000cc Extracting 11B
 4e6412d000cc Extracting 11B
 4e6412d000cc Extracting 12B
 4e6412d000cc Extracting 12B
 4e6412d000cc Extracting 12B
 4e6412d000cc Extracting 12B
 4e6412d000cc Extracting 12B
 4e6412d000cc Extracting 12B
 4e6412d000cc Extracting 12B
 4e6412d000cc Extracting 12B
 4e6412d000cc Extracting 12B
 4e6412d000cc Extracting 12B
 4e6412d000cc Extracting 13B
 4e6412d000cc Extracting 13B
 4e6412d000cc Extracting 13B
 4e6412d000cc Extracting 13B
 4e6412d000cc Extracting 13B
 4e6412d000cc Extracting 13B
 4e6412d000cc Extracting 13B
 4e6412d000cc Extracting 13B
 4e6412d000cc Extracting 13B
 4e6412d000cc Extracting 13B
 4e6412d000cc Extracting 13B
 4e6412d000cc Pull complete 0B
 d20f81a389b3 Pull complete 0B
 8a3b7bc79fc7 Extracting 1B
 8a3b7bc79fc7 Extracting 1B
 8a3b7bc79fc7 Extracting 1B
 8a3b7bc79fc7 Extracting 1B
 8a3b7bc79fc7 Pull complete 0B
 adca9326a17b Pull complete 0B
 14bae67f9b16 Pull complete 0B
 43395cb79709 Pull complete 0B
 Image clickhouse/clickhouse-server:24.3 Pulled 
 Image clklog-app Building 
#1 [internal] load local bake definitions
#1 reading from stdin 520B done
#1 DONE 0.0s

#2 [internal] load build definition from Dockerfile.compose
#2 transferring dockerfile: 692B 0.0s done
#2 DONE 0.1s

#3 [internal] load metadata for docker.io/library/openjdk:8u342-jdk
#3 ...

#4 [internal] load metadata for docker.io/library/maven:3.9-eclipse-temurin-8
#4 DONE 0.2s

#3 [internal] load metadata for docker.io/library/openjdk:8u342-jdk
#3 DONE 1.9s

#5 [internal] load .dockerignore
#5 transferring context: 2B done
#5 DONE 0.0s

#6 [stage-1 1/4] FROM docker.io/library/openjdk:8u342-jdk@sha256:86e863cc57215cfb181bd319736d0baf625fe8f150577f9eb58bd937f5452cb8
#6 resolve docker.io/library/openjdk:8u342-jdk@sha256:86e863cc57215cfb181bd319736d0baf625fe8f150577f9eb58bd937f5452cb8 0.1s done
#6 DONE 0.1s

#7 [internal] load build context
#7 transferring context: 701.09kB 0.1s done
#7 DONE 0.2s

#8 [build 1/5] FROM docker.io/library/maven:3.9-eclipse-temurin-8@sha256:7f617b47ddb905b5140e16a2a062c7313b1680c0b40c6bb020ab3b3c3b9eb459
#8 resolve docker.io/library/maven:3.9-eclipse-temurin-8@sha256:7f617b47ddb905b5140e16a2a062c7313b1680c0b40c6bb020ab3b3c3b9eb459 0.1s done
#8 ...

#6 [stage-1 1/4] FROM docker.io/library/openjdk:8u342-jdk@sha256:86e863cc57215cfb181bd319736d0baf625fe8f150577f9eb58bd937f5452cb8
#6 DONE 0.4s

#8 [build 1/5] FROM docker.io/library/maven:3.9-eclipse-temurin-8@sha256:7f617b47ddb905b5140e16a2a062c7313b1680c0b40c6bb020ab3b3c3b9eb459
#8 DONE 0.5s

#6 [stage-1 1/4] FROM docker.io/library/openjdk:8u342-jdk@sha256:86e863cc57215cfb181bd319736d0baf625fe8f150577f9eb58bd937f5452cb8
#6 sha256:8754a66e005039a091c5ad0319f055be393c7123717b1f6fee8647c338ff3ceb 0B / 105.92MB 0.2s
#6 sha256:52a8c426d30b691c4f7e8c4b438901ddeb82ff80d4540d5bbd49986376d85cc9 0B / 210B 0.2s
#6 sha256:d85151f15b6683b98f21c3827ac545188b1849efb14a1049710ebc4692de3dd5 0B / 5.42MB 0.2s
#6 sha256:9daef329d35093868ef75ac8b7c6eb407fa53abbcb3a264c218c2ec7bca716e6 0B / 54.58MB 0.2s
#6 sha256:52a8c426d30b691c4f7e8c4b438901ddeb82ff80d4540d5bbd49986376d85cc9 210B / 210B 0.9s
#6 sha256:d85151f15b6683b98f21c3827ac545188b1849efb14a1049710ebc4692de3dd5 1.05MB / 5.42MB 1.2s
#6 sha256:8754a66e005039a091c5ad0319f055be393c7123717b1f6fee8647c338ff3ceb 7.34MB / 105.92MB 2.3s
#6 sha256:d85151f15b6683b98f21c3827ac545188b1849efb14a1049710ebc4692de3dd5 2.10MB / 5.42MB 2.1s
#6 sha256:d85151f15b6683b98f21c3827ac545188b1849efb14a1049710ebc4692de3dd5 4.19MB / 5.42MB 2.3s
#6 sha256:9daef329d35093868ef75ac8b7c6eb407fa53abbcb3a264c218c2ec7bca716e6 4.19MB / 54.58MB 2.3s
#6 sha256:d85151f15b6683b98f21c3827ac545188b1849efb14a1049710ebc4692de3dd5 5.42MB / 5.42MB 2.4s
#6 sha256:8754a66e005039a091c5ad0319f055be393c7123717b1f6fee8647c338ff3ceb 13.63MB / 105.92MB 2.7s
#6 sha256:9daef329d35093868ef75ac8b7c6eb407fa53abbcb3a264c218c2ec7bca716e6 7.34MB / 54.58MB 2.7s
#6 ...

#9 [build 2/5] WORKDIR /src
#9 DONE 3.0s

#6 [stage-1 1/4] FROM docker.io/library/openjdk:8u342-jdk@sha256:86e863cc57215cfb181bd319736d0baf625fe8f150577f9eb58bd937f5452cb8
#6 sha256:52a8c426d30b691c4f7e8c4b438901ddeb82ff80d4540d5bbd49986376d85cc9 210B / 210B 3.1s done
#6 ...

#10 [build 3/5] COPY pom.xml .
#10 DONE 0.2s

#6 [stage-1 1/4] FROM docker.io/library/openjdk:8u342-jdk@sha256:86e863cc57215cfb181bd319736d0baf625fe8f150577f9eb58bd937f5452cb8
#6 sha256:d85151f15b6683b98f21c3827ac545188b1849efb14a1049710ebc4692de3dd5 5.42MB / 5.42MB 3.1s done
#6 sha256:9daef329d35093868ef75ac8b7c6eb407fa53abbcb3a264c218c2ec7bca716e6 10.49MB / 54.58MB 3.2s
#6 sha256:8754a66e005039a091c5ad0319f055be393c7123717b1f6fee8647c338ff3ceb 19.92MB / 105.92MB 3.3s
#6 sha256:2068746827ec1b043b571e4788693eab7e9b2a95301176512791f8c317a2816a 995.33kB / 10.88MB 0.3s
#6 sha256:d9d4b9b6e964657da49910b495173d6c4f0d9bc47b3b44273cf82fd32723d165 0B / 5.16MB 0.2s
#6 ...

#11 [build 4/5] COPY src ./src
#11 DONE 0.3s

#6 [stage-1 1/4] FROM docker.io/library/openjdk:8u342-jdk@sha256:86e863cc57215cfb181bd319736d0baf625fe8f150577f9eb58bd937f5452cb8
#6 sha256:9daef329d35093868ef75ac8b7c6eb407fa53abbcb3a264c218c2ec7bca716e6 13.63MB / 54.58MB 3.6s
#6 sha256:2068746827ec1b043b571e4788693eab7e9b2a95301176512791f8c317a2816a 2.10MB / 10.88MB 0.6s
#6 sha256:2068746827ec1b043b571e4788693eab7e9b2a95301176512791f8c317a2816a 3.15MB / 10.88MB 0.8s
#6 sha256:d9d4b9b6e964657da49910b495173d6c4f0d9bc47b3b44273cf82fd32723d165 1.05MB / 5.16MB 0.6s
#6 sha256:2068746827ec1b043b571e4788693eab7e9b2a95301176512791f8c317a2816a 4.19MB / 10.88MB 1.1s
#6 sha256:8754a66e005039a091c5ad0319f055be393c7123717b1f6fee8647c338ff3ceb 26.21MB / 105.92MB 4.2s
#6 sha256:2068746827ec1b043b571e4788693eab7e9b2a95301176512791f8c317a2816a 5.24MB / 10.88MB 1.2s
#6 sha256:d9d4b9b6e964657da49910b495173d6c4f0d9bc47b3b44273cf82fd32723d165 2.10MB / 5.16MB 1.1s
#6 sha256:9daef329d35093868ef75ac8b7c6eb407fa53abbcb3a264c218c2ec7bca716e6 16.78MB / 54.58MB 4.4s
#6 sha256:2068746827ec1b043b571e4788693eab7e9b2a95301176512791f8c317a2816a 6.29MB / 10.88MB 1.5s
#6 sha256:2068746827ec1b043b571e4788693eab7e9b2a95301176512791f8c317a2816a 7.34MB / 10.88MB 1.7s
#6 sha256:d9d4b9b6e964657da49910b495173d6c4f0d9bc47b3b44273cf82fd32723d165 3.15MB / 5.16MB 1.5s
#6 sha256:9daef329d35093868ef75ac8b7c6eb407fa53abbcb3a264c218c2ec7bca716e6 19.92MB / 54.58MB 4.8s
#6 sha256:2068746827ec1b043b571e4788693eab7e9b2a95301176512791f8c317a2816a 8.39MB / 10.88MB 1.8s
#6 sha256:8754a66e005039a091c5ad0319f055be393c7123717b1f6fee8647c338ff3ceb 32.51MB / 105.92MB 5.0s
#6 sha256:2068746827ec1b043b571e4788693eab7e9b2a95301176512791f8c317a2816a 9.38MB / 10.88MB 2.0s
#6 sha256:d9d4b9b6e964657da49910b495173d6c4f0d9bc47b3b44273cf82fd32723d165 4.19MB / 5.16MB 1.8s
#6 sha256:d9d4b9b6e964657da49910b495173d6c4f0d9bc47b3b44273cf82fd32723d165 5.16MB / 5.16MB 2.2s done
#6 sha256:9daef329d35093868ef75ac8b7c6eb407fa53abbcb3a264c218c2ec7bca716e6 23.07MB / 54.58MB 5.4s
#6 sha256:2068746827ec1b043b571e4788693eab7e9b2a95301176512791f8c317a2816a 10.88MB / 10.88MB 2.3s done
#6 sha256:001c52e26ad57e3b25b439ee0052f6692e5c0f2d5d982a00a8819ace5e521452 0B / 55.00MB 0.2s
#6 sha256:8754a66e005039a091c5ad0319f055be393c7123717b1f6fee8647c338ff3ceb 39.85MB / 105.92MB 5.9s
#6 sha256:9daef329d35093868ef75ac8b7c6eb407fa53abbcb3a264c218c2ec7bca716e6 26.21MB / 54.58MB 5.9s
#6 sha256:001c52e26ad57e3b25b439ee0052f6692e5c0f2d5d982a00a8819ace5e521452 3.15MB / 55.00MB 0.9s
#6 sha256:8754a66e005039a091c5ad0319f055be393c7123717b1f6fee8647c338ff3ceb 46.14MB / 105.92MB 6.6s
#6 sha256:9daef329d35093868ef75ac8b7c6eb407fa53abbcb3a264c218c2ec7bca716e6 30.41MB / 54.58MB 6.5s
#6 sha256:001c52e26ad57e3b25b439ee0052f6692e5c0f2d5d982a00a8819ace5e521452 6.29MB / 55.00MB 1.4s
#6 sha256:9daef329d35093868ef75ac8b7c6eb407fa53abbcb3a264c218c2ec7bca716e6 33.55MB / 54.58MB 6.9s
#6 sha256:8754a66e005039a091c5ad0319f055be393c7123717b1f6fee8647c338ff3ceb 53.48MB / 105.92MB 7.5s
#6 sha256:001c52e26ad57e3b25b439ee0052f6692e5c0f2d5d982a00a8819ace5e521452 9.44MB / 55.00MB 2.1s
#6 sha256:9daef329d35093868ef75ac8b7c6eb407fa53abbcb3a264c218c2ec7bca716e6 37.75MB / 54.58MB 7.5s
#6 sha256:9daef329d35093868ef75ac8b7c6eb407fa53abbcb3a264c218c2ec7bca716e6 40.89MB / 54.58MB 8.0s
#6 sha256:001c52e26ad57e3b25b439ee0052f6692e5c0f2d5d982a00a8819ace5e521452 12.58MB / 55.00MB 2.7s
#6 sha256:8754a66e005039a091c5ad0319f055be393c7123717b1f6fee8647c338ff3ceb 60.50MB / 105.92MB 8.4s
#6 sha256:9daef329d35093868ef75ac8b7c6eb407fa53abbcb3a264c218c2ec7bca716e6 45.09MB / 54.58MB 8.6s
#6 sha256:001c52e26ad57e3b25b439ee0052f6692e5c0f2d5d982a00a8819ace5e521452 15.73MB / 55.00MB 3.5s
#6 sha256:8754a66e005039a091c5ad0319f055be393c7123717b1f6fee8647c338ff3ceb 66.06MB / 105.92MB 9.0s
#6 sha256:9daef329d35093868ef75ac8b7c6eb407fa53abbcb3a264c218c2ec7bca716e6 48.23MB / 54.58MB 9.0s
#6 sha256:9daef329d35093868ef75ac8b7c6eb407fa53abbcb3a264c218c2ec7bca716e6 52.43MB / 54.58MB 9.6s
#6 sha256:001c52e26ad57e3b25b439ee0052f6692e5c0f2d5d982a00a8819ace5e521452 18.87MB / 55.00MB 4.4s
#6 sha256:8754a66e005039a091c5ad0319f055be393c7123717b1f6fee8647c338ff3ceb 72.35MB / 105.92MB 9.9s
#6 sha256:9daef329d35093868ef75ac8b7c6eb407fa53abbcb3a264c218c2ec7bca716e6 54.58MB / 54.58MB 9.8s done
#6 sha256:001c52e26ad57e3b25b439ee0052f6692e5c0f2d5d982a00a8819ace5e521452 22.85MB / 55.00MB 4.8s
#6 sha256:8754a66e005039a091c5ad0319f055be393c7123717b1f6fee8647c338ff3ceb 78.64MB / 105.92MB 10.5s
#6 sha256:001c52e26ad57e3b25b439ee0052f6692e5c0f2d5d982a00a8819ace5e521452 27.26MB / 55.00MB 5.4s
#6 sha256:8754a66e005039a091c5ad0319f055be393c7123717b1f6fee8647c338ff3ceb 84.93MB / 105.92MB 11.0s
#6 sha256:001c52e26ad57e3b25b439ee0052f6692e5c0f2d5d982a00a8819ace5e521452 30.41MB / 55.00MB 5.9s
#6 sha256:8754a66e005039a091c5ad0319f055be393c7123717b1f6fee8647c338ff3ceb 91.23MB / 105.92MB 11.6s
#6 sha256:8754a66e005039a091c5ad0319f055be393c7123717b1f6fee8647c338ff3ceb 97.52MB / 105.92MB 12.0s
#6 sha256:001c52e26ad57e3b25b439ee0052f6692e5c0f2d5d982a00a8819ace5e521452 33.55MB / 55.00MB 6.8s
#6 sha256:8754a66e005039a091c5ad0319f055be393c7123717b1f6fee8647c338ff3ceb 103.81MB / 105.92MB 12.3s
#6 sha256:001c52e26ad57e3b25b439ee0052f6692e5c0f2d5d982a00a8819ace5e521452 39.85MB / 55.00MB 7.8s
#6 sha256:8754a66e005039a091c5ad0319f055be393c7123717b1f6fee8647c338ff3ceb 105.92MB / 105.92MB 13.2s done
#6 ...

#12 [build 5/5] RUN mvn -q -B -DskipTests package
#12 ...

#6 [stage-1 1/4] FROM docker.io/library/openjdk:8u342-jdk@sha256:86e863cc57215cfb181bd319736d0baf625fe8f150577f9eb58bd937f5452cb8
#6 sha256:001c52e26ad57e3b25b439ee0052f6692e5c0f2d5d982a00a8819ace5e521452 44.04MB / 55.00MB 8.9s
#6 sha256:001c52e26ad57e3b25b439ee0052f6692e5c0f2d5d982a00a8819ace5e521452 51.38MB / 55.00MB 9.1s
#6 sha256:001c52e26ad57e3b25b439ee0052f6692e5c0f2d5d982a00a8819ace5e521452 55.00MB / 55.00MB 9.4s
#6 sha256:001c52e26ad57e3b25b439ee0052f6692e5c0f2d5d982a00a8819ace5e521452 55.00MB / 55.00MB 9.5s done
#6 extracting sha256:001c52e26ad57e3b25b439ee0052f6692e5c0f2d5d982a00a8819ace5e521452
#6 extracting sha256:001c52e26ad57e3b25b439ee0052f6692e5c0f2d5d982a00a8819ace5e521452 7.1s done
#6 DONE 22.3s

#12 [build 5/5] RUN mvn -q -B -DskipTests package
#12 ...

#6 [stage-1 1/4] FROM docker.io/library/openjdk:8u342-jdk@sha256:86e863cc57215cfb181bd319736d0baf625fe8f150577f9eb58bd937f5452cb8
#6 extracting sha256:d9d4b9b6e964657da49910b495173d6c4f0d9bc47b3b44273cf82fd32723d165
#6 extracting sha256:d9d4b9b6e964657da49910b495173d6c4f0d9bc47b3b44273cf82fd32723d165 0.5s done
#6 extracting sha256:2068746827ec1b043b571e4788693eab7e9b2a95301176512791f8c317a2816a
#6 extracting sha256:2068746827ec1b043b571e4788693eab7e9b2a95301176512791f8c317a2816a 0.6s done
#6 extracting sha256:9daef329d35093868ef75ac8b7c6eb407fa53abbcb3a264c218c2ec7bca716e6
#6 extracting sha256:9daef329d35093868ef75ac8b7c6eb407fa53abbcb3a264c218c2ec7bca716e6 5.4s done
#6 DONE 28.9s

#12 [build 5/5] RUN mvn -q -B -DskipTests package
#12 ...

#6 [stage-1 1/4] FROM docker.io/library/openjdk:8u342-jdk@sha256:86e863cc57215cfb181bd319736d0baf625fe8f150577f9eb58bd937f5452cb8
#6 extracting sha256:d85151f15b6683b98f21c3827ac545188b1849efb14a1049710ebc4692de3dd5
#6 extracting sha256:d85151f15b6683b98f21c3827ac545188b1849efb14a1049710ebc4692de3dd5 0.4s done
#6 DONE 29.3s

#12 [build 5/5] RUN mvn -q -B -DskipTests package
#12 ...

#6 [stage-1 1/4] FROM docker.io/library/openjdk:8u342-jdk@sha256:86e863cc57215cfb181bd319736d0baf625fe8f150577f9eb58bd937f5452cb8
#6 extracting sha256:52a8c426d30b691c4f7e8c4b438901ddeb82ff80d4540d5bbd49986376d85cc9 0.0s done
#6 extracting sha256:8754a66e005039a091c5ad0319f055be393c7123717b1f6fee8647c338ff3ceb
#6 extracting sha256:8754a66e005039a091c5ad0319f055be393c7123717b1f6fee8647c338ff3ceb 4.8s done
#6 DONE 34.1s

#12 [build 5/5] RUN mvn -q -B -DskipTests package
#12 DONE 73.0s

#13 [stage-1 2/4] COPY --from=build /src/target/clklog-api-*.jar /app.jar
#13 DONE 0.4s

#14 [stage-1 3/4] COPY docker-entrypoint.sh /usr/local/bin/entrypoint.sh
#14 DONE 0.1s

#15 [stage-1 4/4] COPY ./sql/* /sql/
#15 DONE 0.0s

#16 exporting to image
#16 exporting layers
#16 exporting layers 3.7s done
#16 exporting manifest sha256:089973bde0f8a15661a1e4ef150d27023320607234b2563db749c4b607480c26 0.0s done
#16 exporting config sha256:d27abcf52921923e260683482dad7532a8fff93374781e3ec9f52ca12e8a3d4e 0.0s done
#16 exporting attestation manifest sha256:a169666b57f605bef727f82faf617f65b961b52c99f5e448c546aa530776cd44 0.0s done
#16 exporting manifest list sha256:6f0e4b8592ec84aa9a0675dec306a609a7389f75293eae47c37e52dcc7da22c2 done
#16 naming to docker.io/library/clklog-app:latest done
#16 unpacking to docker.io/library/clklog-app:latest
#16 unpacking to docker.io/library/clklog-app:latest 0.7s done
#16 DONE 4.6s

#17 resolving provenance for metadata file
#17 DONE 0.0s
 Image clklog-app Built 
 Network clklog_clklog-net Creating 
 Network clklog_clklog-net Created 
 Container clklog-clickhouse Creating 
 Container clklog-redis Creating 
 Container clklog-clickhouse Created 
 Container clklog-redis Created 
 Container clklog-app Creating 
 Container clklog-app Created 
 Container clklog-clickhouse Starting 
 Container clklog-redis Starting 
 Container clklog-redis Started 
 Container clklog-clickhouse Started 
 Container clklog-clickhouse Waiting 
 Container clklog-redis Waiting 
 Container clklog-redis Healthy 
 Container clklog-clickhouse Healthy 
 Container clklog-app Starting 
 Container clklog-app Started 
 Container clklog-clickhouse Waiting 
 Container clklog-app Waiting 
 Container clklog-redis Waiting 
 Container clklog-clickhouse Healthy 
 Container clklog-redis Healthy 
 Container clklog-app Healthy 

[0;34m== Infra sanity ==[0m
[0;32mPASS[0m GET  /actuator/health                                        [2m[200, body ✓][0m
[0;32mPASS[0m GET  /actuator (HAL links)                                   [2m[200, body ✓][0m

[0;34m== API surface (contract) ==[0m
[0;32mPASS[0m GET  /v3/api-docs (springdoc)                                [2m[200, body ✓][0m
[0;32mPASS[0m GET  /swagger-ui.html → redirect                           [2m[302][0m
[0;32mPASS[0m GET  /doc.html (knife4j)                                     [2m[200, body ✓][0m

[0;34m== Public: GET /profile (only anonymous-friendly endpoint) ==[0m
[0;32mPASS[0m GET  /profile                                                [2m[200, body ✓][0m

[0;34m== Protected business endpoints (one per controller, deny path) ==[0m
[0;32mPASS[0m POST /flow/getFlow (deny path)                               [2m[200, body ✓][0m
[0;32mPASS[0m POST /device/getDeviceDetail (deny path)                     [2m[200, body ✓][0m
[0;32mPASS[0m POST /os/getOsDetail (deny path)                             [2m[200, body ✓][0m
[0;32mPASS[0m POST /area/getArea (deny path)                               [2m[200, body ✓][0m
[0;32mPASS[0m POST /channel/getChannel (deny path)                         [2m[200, body ✓][0m
[0;32mPASS[0m POST /searchword/getSearchWordTop10 (deny path)              [2m[200, body ✓][0m
[0;32mPASS[0m POST /sourcewebsite/getSourceWebsite (deny path)             [2m[200, body ✓][0m
[0;32mPASS[0m POST /visitor/getTopUserByRegion (deny path)                 [2m[200, body ✓][0m
[0;32mPASS[0m POST /visitUri/getVisitUri (deny path)                       [2m[200, body ✓][0m
[0;32mPASS[0m POST /userVisit/getUserVisit (deny path)                     [2m[200, body ✓][0m
[0;32mPASS[0m POST /appCrashed/totalSummary (deny path)                    [2m[200, body ✓][0m
[0;32mPASS[0m POST /download/exportFlowTrendDetail (deny path)             [2m[200, body ✓][0m
[0;32mPASS[0m POST /profile/subscribe (deny path)                          [2m[200, body ✓][0m

[0;34m== Auth-injection: Redis-staged LoginUser + manual JWT (jjwt 0.9.1 secret) ==[0m
[2mStaged Redis key login_tokens:d891ab64-fee7-4390-ab4a-bf6b9799d43f[0m
[2mForged token: eyJhbGciOiJIUzI1NiIsInR5cCI6IkpXVCJ9.eyJ...[0m
[0;32mPASS[0m POST /profile/subscribe (real success after inject)          [2m[200, body ✓][0m
[2mSeeded flow_trend_bydate (3 rows) + flow_trend_byhour (2 rows)[0m
[0;32mPASS[0m POST /flow/getFlow (REAL 200 after CH seed) — pv summed=220 [2m[200, body ✓][0m
[0;32mPASS[0m POST /searchword/getSearchWordTop10 (auth bypassed; CH missing → 500) [2m[500, body ✓][0m
[0;32mPASS[0m POST /flow/getFlow (forged token, no Redis entry → deny)   [2m[200, body ✓][0m

[0;34m== Summary ==[0m
[0;32mAll 23/23 checks passed.[0m
