Downloading metadata...
Downloading metadata...
Package                                               Repository            Size
Installing:                                                                     
 emacs-filesystem-1:27.2-18.el9.noarch                ol9_appstream       8.3 kB
 git-2.47.3-1.el9_6.x86_64                            ol9_appstream      66.9 kB
 git-core-2.47.3-1.el9_6.x86_64                       ol9_appstream       5.0 MB
 git-core-doc-2.47.3-1.el9_6.noarch                   ol9_appstream       4.3 MB
 groff-base-1.22.4-10.el9.x86_64                      ol9_baseos_latest   1.3 MB
 libcbor-0.7.0-5.el9.x86_64                           ol9_baseos_latest  58.2 kB
 libedit-3.1-38.20210216cvs.el9.x86_64                ol9_baseos_latest 111.2 kB
 libfido2-1.13.0-2.el9.x86_64                         ol9_baseos_latest 104.0 kB
 ncurses-6.2-8.20210508.el9.x86_64                    ol9_baseos_latest 437.7 kB
 openssh-8.7p1-49.0.1.el9_7.x86_64                    ol9_baseos_latest 492.0 kB
 openssh-clients-8.7p1-49.0.1.el9_7.x86_64            ol9_baseos_latest 748.0 kB
 openssl-fips-provider-3.0.7-8.0.1.el9.x86_64         ol9_baseos_latest   8.5 kB
 openssl-fips-provider-so-3.0.7-8.0.1.el9.x86_64      ol9_baseos_latest 588.9 kB
 perl-AutoLoader-5.74-481.1.el9_6.noarch              ol9_appstream      20.2 kB
 perl-B-1.80-481.1.el9_6.x86_64                       ol9_appstream     199.9 kB
 perl-Carp-1.50-460.el9.noarch                        ol9_appstream      35.1 kB
 perl-Class-Struct-0.66-481.1.el9_6.noarch            ol9_appstream      21.0 kB
 perl-Data-Dumper-2.174-462.el9.x86_64                ol9_appstream      61.8 kB
 perl-Digest-1.19-4.el9.noarch                        ol9_appstream      35.7 kB
 perl-Digest-MD5-2.58-4.el9.x86_64                    ol9_appstream      42.2 kB
 perl-DynaLoader-1.47-481.1.el9_6.x86_64              ol9_appstream      24.7 kB
 perl-Encode-4:3.08-462.el9.x86_64                    ol9_appstream       1.8 MB
 perl-Errno-1.30-481.1.el9_6.x86_64                   ol9_appstream      13.6 kB
 perl-Error-1:0.17029-7.el9.noarch                    ol9_appstream      58.1 kB
 perl-Exporter-5.74-461.el9.noarch                    ol9_appstream      38.4 kB
 perl-Fcntl-1.13-481.1.el9_6.x86_64                   ol9_appstream      19.2 kB
 perl-File-Basename-2.85-481.1.el9_6.noarch           ol9_appstream      16.0 kB
 perl-File-Find-1.37-481.1.el9_6.noarch               ol9_appstream      24.4 kB
 perl-File-Path-2.18-4.el9.noarch                     ol9_appstream      37.0 kB
 perl-File-Temp-1:0.231.100-4.el9.noarch              ol9_appstream      68.4 kB
 perl-File-stat-1.09-481.1.el9_6.noarch               ol9_appstream      15.9 kB
 perl-FileHandle-2.03-481.1.el9_6.noarch              ol9_appstream      14.3 kB
 perl-Getopt-Long-1:2.52-4.el9.noarch                 ol9_appstream      72.9 kB
 perl-Getopt-Std-1.12-481.1.el9_6.noarch              ol9_appstream      14.4 kB
 perl-Git-2.47.3-1.el9_6.noarch                       ol9_appstream      43.3 kB
 perl-HTTP-Tiny-0.076-462.el9.noarch                  ol9_appstream      64.6 kB
 perl-IO-1.43-481.1.el9_6.x86_64                      ol9_appstream     111.4 kB
 perl-IO-Socket-IP-0.41-5.el9.noarch                  ol9_appstream      50.4 kB
 perl-IO-Socket-SSL-2.073-2.el9.noarch                ol9_appstream     239.6 kB
 perl-IPC-Open3-1.21-481.1.el9_6.noarch               ol9_appstream      26.6 kB
 perl-MIME-Base64-3.16-4.el9.x86_64                   ol9_appstream      38.6 kB
 perl-Mozilla-CA-20200520-6.el9.noarch                ol9_appstream      13.3 kB
 perl-NDBM_File-1.15-481.1.el9_6.x86_64               ol9_appstream      20.9 kB
 perl-Net-SSLeay-1.94-3.el9.x86_64                    ol9_appstream     516.4 kB
 perl-POSIX-1.94-481.1.el9_6.x86_64                   ol9_appstream     101.6 kB
 perl-PathTools-3.78-461.el9.x86_64                   ol9_appstream     110.4 kB
 perl-Pod-Escapes-1:1.07-460.el9.noarch               ol9_appstream      21.1 kB
 perl-Pod-Perldoc-3.28.01-461.el9.noarch              ol9_appstream     118.6 kB
 perl-Pod-Simple-1:3.42-4.el9.noarch                  ol9_appstream     278.8 kB
 perl-Pod-Usage-4:2.01-4.el9.noarch                   ol9_appstream      48.9 kB
 perl-Scalar-List-Utils-4:1.56-462.el9.x86_64         ol9_appstream      83.3 kB
 perl-SelectSaver-1.02-481.1.el9_6.noarch             ol9_appstream      10.4 kB
 perl-Socket-4:2.031-4.el9.x86_64                     ol9_appstream      63.5 kB
 perl-Storable-1:3.21-460.el9.x86_64                  ol9_appstream     102.6 kB
 perl-Symbol-1.08-481.1.el9_6.noarch                  ol9_appstream      12.9 kB
 perl-Term-ANSIColor-5.01-461.el9.noarch              ol9_appstream      55.6 kB
 perl-Term-Cap-1.17-460.el9.noarch                    ol9_appstream      27.8 kB
 perl-TermReadKey-2.38-11.el9.x86_64                  ol9_appstream      43.3 kB
 perl-Text-ParseWords-3.30-460.el9.noarch             ol9_appstream      17.2 kB
 perl-Text-Tabs+Wrap-2013.0523-460.el9.noarch         ol9_appstream      29.8 kB
 perl-Time-Local-2:1.300-7.el9.noarch                 ol9_appstream      41.9 kB
 perl-URI-5.09-3.el9.noarch                           ol9_appstream     183.8 kB
 perl-base-2.27-481.1.el9_6.noarch                    ol9_appstream      15.0 kB
 perl-constant-1.33-461.el9.noarch                    ol9_appstream      28.9 kB
 perl-if-0.60.800-481.1.el9_6.noarch                  ol9_appstream      12.7 kB
 perl-interpreter-4:5.32.1-481.1.el9_6.x86_64         ol9_appstream      77.8 kB
 perl-lib-0.65-481.1.el9_6.x86_64                     ol9_appstream      13.6 kB
 perl-libnet-3.13-4.el9.noarch                        ol9_appstream     161.1 kB
 perl-libs-4:5.32.1-481.1.el9_6.x86_64                ol9_appstream       2.8 MB
 perl-mro-1.23-481.1.el9_6.x86_64                     ol9_appstream      27.2 kB
 perl-overload-1.31-481.1.el9_6.noarch                ol9_appstream      45.0 kB
 perl-overloading-0.02-481.1.el9_6.noarch             ol9_appstream      11.6 kB
 perl-parent-1:0.238-460.el9.noarch                   ol9_appstream      15.3 kB
 perl-podlators-1:4.14-460.el9.noarch                 ol9_appstream     138.6 kB
 perl-subs-1.03-481.1.el9_6.noarch                    ol9_appstream      10.3 kB
 perl-vars-1.05-481.1.el9_6.noarch                    ol9_appstream      11.7 kB
Upgrading:                                                                      
 curl-7.76.1-35.el9_7.3.x86_64                        ol9_baseos_latest 310.0 kB
  replacing curl-7.76.1-23.el9_2.4.x86_64                                       
 libcurl-7.76.1-35.el9_7.3.x86_64                     ol9_baseos_latest 289.2 kB
  replacing libcurl-7.76.1-23.el9_2.4.x86_64                                    
 libcurl-devel-7.76.1-35.el9_7.3.x86_64               ol9_appstream       1.5 MB
  replacing libcurl-devel-7.76.1-23.el9_2.4.x86_64                              
 openssl-1:3.5.1-7.0.1.el9_7.x86_64                   ol9_baseos_latest   1.7 MB
  replacing openssl-1:3.0.7-17.0.1.el9_2.x86_64                                 
 openssl-devel-1:3.5.1-7.0.1.el9_7.x86_64             ol9_appstream       4.4 MB
  replacing openssl-devel-1:3.0.7-17.0.1.el9_2.x86_64                           
 openssl-libs-1:3.5.1-7.0.1.el9_7.x86_64              ol9_baseos_latest   2.4 MB
  replacing openssl-libs-1:3.0.7-17.0.1.el9_2.x86_64                            
 tar-2:1.34-9.el9_7.x86_64                            ol9_baseos_latest 949.0 kB
   replacing tar-2:1.34-6.el9_1.x86_64                                          
Transaction Summary:
 Installing:       76 packages
 Reinstalling:      0 packages
 Upgrading:         7 packages
 Obsoleting:        0 packages
 Removing:          0 packages
 Downgrading:       0 packages
Downloading packages...
Running transaction test...
Installing: emacs-filesystem;1:27.2-18.el9;noarch;ol9_appstream
Installing: openssl-fips-provider-so;3.0.7-8.0.1.el9;x86_64;ol9_baseos_latest
Installing: openssl-fips-provider;3.0.7-8.0.1.el9;x86_64;ol9_baseos_latest
Updating: openssl-libs;1:3.5.1-7.0.1.el9_7;x86_64;ol9_baseos_latest
Updating: libcurl;7.76.1-35.el9_7.3;x86_64;ol9_baseos_latest
Installing: openssh;8.7p1-49.0.1.el9_7;x86_64;ol9_baseos_latest
Installing: ncurses;6.2-8.20210508.el9;x86_64;ol9_baseos_latest
Installing: libedit;3.1-38.20210216cvs.el9;x86_64;ol9_baseos_latest
Installing: libcbor;0.7.0-5.el9;x86_64;ol9_baseos_latest
Installing: libfido2;1.13.0-2.el9;x86_64;ol9_baseos_latest
Installing: openssh-clients;8.7p1-49.0.1.el9_7;x86_64;ol9_baseos_latest
Installing: git-core;2.47.3-1.el9_6;x86_64;ol9_appstream
Installing: git-core-doc;2.47.3-1.el9_6;noarch;ol9_appstream
Installing: groff-base;1.22.4-10.el9;x86_64;ol9_baseos_latest
Installing: perl-Digest;1.19-4.el9;noarch;ol9_appstream
Installing: perl-Digest-MD5;2.58-4.el9;x86_64;ol9_appstream
Installing: perl-B;1.80-481.1.el9_6;x86_64;ol9_appstream
Installing: perl-FileHandle;2.03-481.1.el9_6;noarch;ol9_appstream
Installing: perl-Data-Dumper;2.174-462.el9;x86_64;ol9_appstream
Installing: perl-libnet;3.13-4.el9;noarch;ol9_appstream
Installing: perl-AutoLoader;5.74-481.1.el9_6;noarch;ol9_appstream
Installing: perl-base;2.27-481.1.el9_6;noarch;ol9_appstream
Installing: perl-URI;5.09-3.el9;noarch;ol9_appstream
Installing: perl-Mozilla-CA;20200520-6.el9;noarch;ol9_appstream
Installing: perl-if;0.60.800-481.1.el9_6;noarch;ol9_appstream
Installing: perl-IO-Socket-IP;0.41-5.el9;noarch;ol9_appstream
Installing: perl-Time-Local;2:1.300-7.el9;noarch;ol9_appstream
Installing: perl-File-Path;2.18-4.el9;noarch;ol9_appstream
Installing: perl-IO-Socket-SSL;2.073-2.el9;noarch;ol9_appstream
Installing: perl-Net-SSLeay;1.94-3.el9;x86_64;ol9_appstream
Installing: perl-Pod-Escapes;1:1.07-460.el9;noarch;ol9_appstream
Installing: perl-Text-Tabs+Wrap;2013.0523-460.el9;noarch;ol9_appstream
Installing: perl-Class-Struct;0.66-481.1.el9_6;noarch;ol9_appstream
Installing: perl-POSIX;1.94-481.1.el9_6;x86_64;ol9_appstream
Installing: perl-Term-ANSIColor;5.01-461.el9;noarch;ol9_appstream
Installing: perl-IPC-Open3;1.21-481.1.el9_6;noarch;ol9_appstream
Installing: perl-subs;1.03-481.1.el9_6;noarch;ol9_appstream
Installing: perl-File-Temp;1:0.231.100-4.el9;noarch;ol9_appstream
Installing: perl-HTTP-Tiny;0.076-462.el9;noarch;ol9_appstream
Installing: perl-Term-Cap;1.17-460.el9;noarch;ol9_appstream
Installing: perl-Pod-Simple;1:3.42-4.el9;noarch;ol9_appstream
Installing: perl-Socket;4:2.031-4.el9;x86_64;ol9_appstream
Installing: perl-SelectSaver;1.02-481.1.el9_6;noarch;ol9_appstream
Installing: perl-Symbol;1.08-481.1.el9_6;noarch;ol9_appstream
Installing: perl-File-stat;1.09-481.1.el9_6;noarch;ol9_appstream
Installing: perl-podlators;1:4.14-460.el9;noarch;ol9_appstream
Installing: perl-Pod-Perldoc;3.28.01-461.el9;noarch;ol9_appstream
Installing: perl-Fcntl;1.13-481.1.el9_6;x86_64;ol9_appstream
Installing: perl-Text-ParseWords;3.30-460.el9;noarch;ol9_appstream
Installing: perl-mro;1.23-481.1.el9_6;x86_64;ol9_appstream
Installing: perl-IO;1.43-481.1.el9_6;x86_64;ol9_appstream
Installing: perl-overloading;0.02-481.1.el9_6;noarch;ol9_appstream
Installing: perl-Pod-Usage;4:2.01-4.el9;noarch;ol9_appstream
Installing: perl-Errno;1.30-481.1.el9_6;x86_64;ol9_appstream
Installing: perl-File-Basename;2.85-481.1.el9_6;noarch;ol9_appstream
Installing: perl-Getopt-Std;1.12-481.1.el9_6;noarch;ol9_appstream
Installing: perl-MIME-Base64;3.16-4.el9;x86_64;ol9_appstream
Installing: perl-Scalar-List-Utils;4:1.56-462.el9;x86_64;ol9_appstream
Installing: perl-constant;1.33-461.el9;noarch;ol9_appstream
Installing: perl-Storable;1:3.21-460.el9;x86_64;ol9_appstream
Installing: perl-overload;1.31-481.1.el9_6;noarch;ol9_appstream
Installing: perl-parent;1:0.238-460.el9;noarch;ol9_appstream
Installing: perl-vars;1.05-481.1.el9_6;noarch;ol9_appstream
Installing: perl-Getopt-Long;1:2.52-4.el9;noarch;ol9_appstream
Installing: perl-Carp;1.50-460.el9;noarch;ol9_appstream
Installing: perl-Exporter;5.74-461.el9;noarch;ol9_appstream
Installing: perl-NDBM_File;1.15-481.1.el9_6;x86_64;ol9_appstream
Installing: perl-PathTools;3.78-461.el9;x86_64;ol9_appstream
Installing: perl-Encode;4:3.08-462.el9;x86_64;ol9_appstream
Installing: perl-libs;4:5.32.1-481.1.el9_6;x86_64;ol9_appstream
Installing: perl-interpreter;4:5.32.1-481.1.el9_6;x86_64;ol9_appstream
Installing: perl-DynaLoader;1.47-481.1.el9_6;x86_64;ol9_appstream
Installing: perl-TermReadKey;2.38-11.el9;x86_64;ol9_appstream
Installing: perl-Error;1:0.17029-7.el9;noarch;ol9_appstream
Installing: perl-File-Find;1.37-481.1.el9_6;noarch;ol9_appstream
Installing: perl-lib;0.65-481.1.el9_6;x86_64;ol9_appstream
Installing: perl-Git;2.47.3-1.el9_6;noarch;ol9_appstream
Installing: git;2.47.3-1.el9_6;x86_64;ol9_appstream
Updating: curl;7.76.1-35.el9_7.3;x86_64;ol9_baseos_latest
Updating: libcurl-devel;7.76.1-35.el9_7.3;x86_64;ol9_appstream
Updating: openssl;1:3.5.1-7.0.1.el9_7;x86_64;ol9_baseos_latest
Updating: openssl-devel;1:3.5.1-7.0.1.el9_7;x86_64;ol9_appstream
Updating: tar;2:1.34-9.el9_7;x86_64;ol9_baseos_latest
Cleanup: openssl;1:3.0.7-17.0.1.el9_2;x86_64;installed
Cleanup: openssl-devel;1:3.0.7-17.0.1.el9_2;x86_64;installed
Cleanup: libcurl-devel;7.76.1-23.el9_2.4;x86_64;installed
Cleanup: curl;7.76.1-23.el9_2.4;x86_64;installed
Cleanup: libcurl;7.76.1-23.el9_2.4;x86_64;installed
Cleanup: openssl-libs;1:3.0.7-17.0.1.el9_2;x86_64;installed
Cleanup: tar;2:1.34-6.el9_1;x86_64;installed
Complete.
[INFO] Tests are skipped.
[INFO] 
[INFO] --- install:3.1.2:install (default-install) @ shiro.jwt.jaxrs.integration-test ---
[INFO] Installing /project/integration-test/pom.xml to /root/.m2/repository/io/github/bmarwell/shiro/shiro.jwt.jaxrs.integration-test/1.0.0-SNAPSHOT/shiro.jwt.jaxrs.integration-test-1.0.0-SNAPSHOT.pom
[INFO] Installing /project/integration-test/target/shiro.jwt.jaxrs.integration-test-1.0.0-SNAPSHOT.jar to /root/.m2/repository/io/github/bmarwell/shiro/shiro.jwt.jaxrs.integration-test/1.0.0-SNAPSHOT/shiro.jwt.jaxrs.integration-test-1.0.0-SNAPSHOT.jar
[INFO] ------------------------------------------------------------------------
[INFO] Reactor Summary for Apache Shiro + mpJWT 1.0.0-SNAPSHOT:
[INFO] 
[INFO] Apache Shiro + mpJWT ............................... SUCCESS [  9.725 s]
[INFO] Apache Shiro + mpJWT :: keystore ................... SUCCESS [ 10.827 s]
[INFO] Apache Shiro + mpJWT :: issuer server .............. SUCCESS [  5.939 s]
[INFO] Apache Shiro + mpJWT :: start server ............... SUCCESS [  3.130 s]
[INFO] Apache Shiro + mpJWT :: finish server .............. SUCCESS [01:33 min]
[INFO] Apache Shiro + mpJWT :: integration test ........... SUCCESS [ 55.959 s]
[INFO] ------------------------------------------------------------------------
[INFO] BUILD SUCCESS
[INFO] ------------------------------------------------------------------------
[INFO] Total time:  02:59 min
[INFO] Finished at: 2026-05-24T19:53:46Z
[INFO] ------------------------------------------------------------------------
[INFO] Scanning for projects...
[INFO] ------------------------------------------------------------------------
[INFO] Reactor Build Order:
[INFO] 
[INFO] Apache Shiro + mpJWT                                               [pom]
[INFO] Apache Shiro + mpJWT :: keystore                                   [jar]
[INFO] Apache Shiro + mpJWT :: issuer server                              [war]
[INFO] Apache Shiro + mpJWT :: start server                               [war]
[INFO] Apache Shiro + mpJWT :: finish server                              [war]
[INFO] Apache Shiro + mpJWT :: integration test                           [jar]
[INFO] 
[INFO] -----------< io.github.bmarwell.shiro:shiro.jwt.jaxrs.root >------------
[INFO] Building Apache Shiro + mpJWT 1.0.0-SNAPSHOT                       [1/6]
[INFO]   from pom.xml
[INFO] --------------------------------[ pom ]---------------------------------
[INFO] 
[INFO] --- spotless:2.46.1:apply (default) @ shiro.jwt.jaxrs.root ---
[INFO] Spotless apply skipped
[INFO] 
[INFO] ---------< io.github.bmarwell.shiro:shiro.jwt.jaxrs.keystore >----------
[INFO] Building Apache Shiro + mpJWT :: keystore 1.0.0-SNAPSHOT           [2/6]
[INFO]   from keystore/pom.xml
[INFO] --------------------------------[ jar ]---------------------------------
[INFO] 
[INFO] --- spotless:2.46.1:apply (default) @ shiro.jwt.jaxrs.keystore ---
[INFO] Spotless apply skipped
[INFO] 
[INFO] --- keytool:1.7:generateKeyPair (generate-keypair) @ shiro.jwt.jaxrs.keystore ---
[INFO] Skip execution, keystore already exists at /project/keystore/src/main/resources/io/github/bmarwell/shiro/keystore/keystore.p12
[INFO] Disabled
[INFO] 
[INFO] --- keytool:1.7:exportCertificate (export-public-certificate) @ shiro.jwt.jaxrs.keystore ---
[WARNING] Certificate stored in file </tmp/issuer.crt>
[INFO] 
[INFO] --- keytool:1.7:importCertificate (import-public-certificate) @ shiro.jwt.jaxrs.keystore ---
[INFO] Skip execution, keystore already exists at /project/keystore/src/main/resources/io/github/bmarwell/shiro/keystore/truststore.p12
[INFO] Disabled
[INFO] 
[INFO] --- resources:3.3.1:resources (default-resources) @ shiro.jwt.jaxrs.keystore ---
[INFO] Copying 3 resources from src/main/resources to target/classes
[INFO] 
[INFO] --- compiler:3.14.0:compile (default-compile) @ shiro.jwt.jaxrs.keystore ---
[INFO] Nothing to compile - all classes are up to date.
[INFO] 
[INFO] --- resources:3.3.1:testResources (default-testResources) @ shiro.jwt.jaxrs.keystore ---
[INFO] skip non existing resourceDirectory /project/keystore/src/test/resources
[INFO] 
[INFO] --- compiler:3.14.0:testCompile (default-testCompile) @ shiro.jwt.jaxrs.keystore ---
[INFO] No sources to compile
[INFO] 
[INFO] --- surefire:3.5.3:test (default-test) @ shiro.jwt.jaxrs.keystore ---
[INFO] No tests to run.
[INFO] 
[INFO] ----------< io.github.bmarwell.shiro:shiro.jwt.jaxrs.issuer >-----------
[INFO] Building Apache Shiro + mpJWT :: issuer server 1.0.0-SNAPSHOT      [3/6]
[INFO]   from issuer/pom.xml
[INFO] --------------------------------[ war ]---------------------------------
[INFO] 
[INFO] --- spotless:2.46.1:apply (default) @ shiro.jwt.jaxrs.issuer ---
[INFO] Spotless apply skipped
[INFO] 
[INFO] --- resources:3.3.1:resources (default-resources) @ shiro.jwt.jaxrs.issuer ---
[INFO] Copying 1 resource from src/main/resources to target/classes
[INFO] 
[INFO] --- compiler:3.14.0:compile (default-compile) @ shiro.jwt.jaxrs.issuer ---
[INFO] Nothing to compile - all classes are up to date.
[INFO] 
[INFO] --- resources:3.3.1:testResources (default-testResources) @ shiro.jwt.jaxrs.issuer ---
[INFO] skip non existing resourceDirectory /project/issuer/src/test/resources
[INFO] 
[INFO] --- compiler:3.14.0:testCompile (default-testCompile) @ shiro.jwt.jaxrs.issuer ---
[INFO] No sources to compile
[INFO] 
[INFO] --- surefire:3.5.3:test (default-test) @ shiro.jwt.jaxrs.issuer ---
[INFO] No tests to run.
[INFO] 
[INFO] -----------< io.github.bmarwell.shiro:shiro.jwt.jaxrs.start >-----------
[INFO] Building Apache Shiro + mpJWT :: start server 1.0.0-SNAPSHOT       [4/6]
[INFO]   from start/pom.xml
[INFO] --------------------------------[ war ]---------------------------------
[INFO] 
[INFO] --- spotless:2.46.1:apply (default) @ shiro.jwt.jaxrs.start ---
[INFO] Spotless apply skipped
[INFO] 
[INFO] --- resources:3.3.1:resources (default-resources) @ shiro.jwt.jaxrs.start ---
[INFO] skip non existing resourceDirectory /project/start/src/main/resources
[INFO] 
[INFO] --- compiler:3.14.0:compile (default-compile) @ shiro.jwt.jaxrs.start ---
[INFO] Nothing to compile - all classes are up to date.
[INFO] 
[INFO] --- resources:3.3.1:testResources (default-testResources) @ shiro.jwt.jaxrs.start ---
[INFO] skip non existing resourceDirectory /project/start/src/test/resources
[INFO] 
[INFO] --- compiler:3.14.0:testCompile (default-testCompile) @ shiro.jwt.jaxrs.start ---
[INFO] No sources to compile
[INFO] 
[INFO] --- surefire:3.5.3:test (default-test) @ shiro.jwt.jaxrs.start ---
[INFO] No tests to run.
[INFO] 
[INFO] ----------< io.github.bmarwell.shiro:shiro.jwt.jaxrs.finish >-----------
[INFO] Building Apache Shiro + mpJWT :: finish server 1.0.0-SNAPSHOT      [5/6]
[INFO]   from finish/pom.xml
[INFO] --------------------------------[ war ]---------------------------------
[INFO] 
[INFO] --- spotless:2.46.1:apply (default) @ shiro.jwt.jaxrs.finish ---
[INFO] Spotless apply skipped
[INFO] 
[INFO] --- resources:3.3.1:resources (default-resources) @ shiro.jwt.jaxrs.finish ---
[INFO] skip non existing resourceDirectory /project/finish/src/main/resources
[INFO] 
[INFO] --- compiler:3.14.0:compile (default-compile) @ shiro.jwt.jaxrs.finish ---
[INFO] Nothing to compile - all classes are up to date.
[INFO] 
[INFO] --- resources:3.3.1:testResources (default-testResources) @ shiro.jwt.jaxrs.finish ---
[INFO] skip non existing resourceDirectory /project/finish/src/test/resources
[INFO] 
[INFO] --- compiler:3.14.0:testCompile (default-testCompile) @ shiro.jwt.jaxrs.finish ---
[INFO] Nothing to compile - all classes are up to date.
[INFO] 
[INFO] --- surefire:3.5.3:test (default-test) @ shiro.jwt.jaxrs.finish ---
[INFO] Using auto detected provider org.apache.maven.surefire.junitplatform.JUnitPlatformProvider
[INFO] Downloading from central: https://repo.maven.apache.org/maven2/org/apache/maven/surefire/surefire-junit-platform/3.5.3/surefire-junit-platform-3.5.3.pom
[INFO] Downloaded from central: https://repo.maven.apache.org/maven2/org/apache/maven/surefire/surefire-junit-platform/3.5.3/surefire-junit-platform-3.5.3.pom (5.2 kB at 10.0 kB/s)
[INFO] Downloading from central: https://repo.maven.apache.org/maven2/org/apache/maven/surefire/surefire-providers/3.5.3/surefire-providers-3.5.3.pom
[INFO] Downloaded from central: https://repo.maven.apache.org/maven2/org/apache/maven/surefire/surefire-providers/3.5.3/surefire-providers-3.5.3.pom (2.5 kB at 77 kB/s)
[INFO] Downloading from central: https://repo.maven.apache.org/maven2/org/apache/maven/surefire/common-java5/3.5.3/common-java5-3.5.3.pom
[INFO] Downloaded from central: https://repo.maven.apache.org/maven2/org/apache/maven/surefire/common-java5/3.5.3/common-java5-3.5.3.pom (3.1 kB at 28 kB/s)
[INFO] Downloading from central: https://repo.maven.apache.org/maven2/org/junit/platform/junit-platform-engine/1.12.1/junit-platform-engine-1.12.1.pom
[INFO] Downloaded from central: https://repo.maven.apache.org/maven2/org/junit/platform/junit-platform-engine/1.12.1/junit-platform-engine-1.12.1.pom (3.2 kB at 89 kB/s)
[INFO] Downloading from central: https://repo.maven.apache.org/maven2/org/junit/platform/junit-platform-commons/1.12.1/junit-platform-commons-1.12.1.pom
[INFO] Downloaded from central: https://repo.maven.apache.org/maven2/org/junit/platform/junit-platform-commons/1.12.1/junit-platform-commons-1.12.1.pom (2.8 kB at 77 kB/s)
[INFO] Downloading from central: https://repo.maven.apache.org/maven2/org/junit/platform/junit-platform-launcher/1.12.1/junit-platform-launcher-1.12.1.pom
[INFO] Downloaded from central: https://repo.maven.apache.org/maven2/org/junit/platform/junit-platform-launcher/1.12.1/junit-platform-launcher-1.12.1.pom (3.0 kB at 92 kB/s)
[INFO] Downloading from central: https://repo.maven.apache.org/maven2/org/apache/maven/surefire/surefire-junit-platform/3.5.3/surefire-junit-platform-3.5.3.jar
[INFO] Downloaded from central: https://repo.maven.apache.org/maven2/org/apache/maven/surefire/surefire-junit-platform/3.5.3/surefire-junit-platform-3.5.3.jar (27 kB at 606 kB/s)
[INFO] Downloading from central: https://repo.maven.apache.org/maven2/org/apache/maven/surefire/common-java5/3.5.3/common-java5-3.5.3.jar
[INFO] Downloading from central: https://repo.maven.apache.org/maven2/org/junit/platform/junit-platform-engine/1.12.1/junit-platform-engine-1.12.1.jar
[INFO] Downloading from central: https://repo.maven.apache.org/maven2/org/junit/platform/junit-platform-commons/1.12.1/junit-platform-commons-1.12.1.jar
[INFO] Downloading from central: https://repo.maven.apache.org/maven2/org/junit/platform/junit-platform-launcher/1.12.1/junit-platform-launcher-1.12.1.jar
[INFO] Downloaded from central: https://repo.maven.apache.org/maven2/org/apache/maven/surefire/common-java5/3.5.3/common-java5-3.5.3.jar (18 kB at 367 kB/s)
[INFO] Downloaded from central: https://repo.maven.apache.org/maven2/org/junit/platform/junit-platform-engine/1.12.1/junit-platform-engine-1.12.1.jar (256 kB at 1.6 MB/s)
[INFO] Downloaded from central: https://repo.maven.apache.org/maven2/org/junit/platform/junit-platform-commons/1.12.1/junit-platform-commons-1.12.1.jar (152 kB at 678 kB/s)
[INFO] Downloaded from central: https://repo.maven.apache.org/maven2/org/junit/platform/junit-platform-launcher/1.12.1/junit-platform-launcher-1.12.1.jar (208 kB at 907 kB/s)
[INFO] Downloading from central: https://repo.maven.apache.org/maven2/org/junit/platform/junit-platform-launcher/1.13.4/junit-platform-launcher-1.13.4.pom
[INFO] Downloaded from central: https://repo.maven.apache.org/maven2/org/junit/platform/junit-platform-launcher/1.13.4/junit-platform-launcher-1.13.4.pom (3.0 kB at 27 kB/s)
[INFO] Downloading from central: https://repo.maven.apache.org/maven2/org/junit/platform/junit-platform-launcher/1.13.4/junit-platform-launcher-1.13.4.jar
[INFO] Downloaded from central: https://repo.maven.apache.org/maven2/org/junit/platform/junit-platform-launcher/1.13.4/junit-platform-launcher-1.13.4.jar (223 kB at 4.6 MB/s)
[INFO] 
[INFO] -------------------------------------------------------
[INFO]  T E S T S
[INFO] -------------------------------------------------------
[WARNING] Cannot use process checker with configuration NATIVE. Platform not supported.
[INFO] Running io.github.bmarwell.shiro.jwt.StormtrooperJsonTest
[INFO] Tests run: 1, Failures: 0, Errors: 0, Skipped: 0, Time elapsed: 1.073 s -- in io.github.bmarwell.shiro.jwt.StormtrooperJsonTest
[INFO] 
[INFO] Results:
[INFO] 
[INFO] Tests run: 1, Failures: 0, Errors: 0, Skipped: 0
[INFO] 
[INFO] 
[INFO] -----< io.github.bmarwell.shiro:shiro.jwt.jaxrs.integration-test >------
[INFO] Building Apache Shiro + mpJWT :: integration test 1.0.0-SNAPSHOT   [6/6]
[INFO]   from integration-test/pom.xml
[INFO] --------------------------------[ jar ]---------------------------------
[INFO] 
[INFO] --- spotless:2.46.1:apply (default) @ shiro.jwt.jaxrs.integration-test ---
[INFO] Spotless apply skipped
[INFO] 
[INFO] --- resources:3.3.1:resources (default-resources) @ shiro.jwt.jaxrs.integration-test ---
[INFO] skip non existing resourceDirectory /project/integration-test/src/main/resources
[INFO] 
[INFO] --- compiler:3.14.0:compile (default-compile) @ shiro.jwt.jaxrs.integration-test ---
[INFO] No sources to compile
[INFO] 
[INFO] --- resources:3.3.1:testResources (default-testResources) @ shiro.jwt.jaxrs.integration-test ---
[INFO] skip non existing resourceDirectory /project/integration-test/src/test/resources
[INFO] 
[INFO] --- compiler:3.14.0:testCompile (default-testCompile) @ shiro.jwt.jaxrs.integration-test ---
[INFO] Nothing to compile - all classes are up to date.
[INFO] 
[INFO] --- surefire:3.5.3:test (default-test) @ shiro.jwt.jaxrs.integration-test ---
[INFO] ------------------------------------------------------------------------
[INFO] Reactor Summary for Apache Shiro + mpJWT 1.0.0-SNAPSHOT:
[INFO] 
[INFO] Apache Shiro + mpJWT ............................... SUCCESS [  0.655 s]
[INFO] Apache Shiro + mpJWT :: keystore ................... SUCCESS [  1.654 s]
[INFO] Apache Shiro + mpJWT :: issuer server .............. SUCCESS [  0.123 s]
[INFO] Apache Shiro + mpJWT :: start server ............... SUCCESS [  0.199 s]
[INFO] Apache Shiro + mpJWT :: finish server .............. SUCCESS [  6.092 s]
[INFO] Apache Shiro + mpJWT :: integration test ........... SUCCESS [  0.120 s]
[INFO] ------------------------------------------------------------------------
[INFO] BUILD SUCCESS
[INFO] ------------------------------------------------------------------------
[INFO] Total time:  9.185 s
[INFO] Finished at: 2026-05-24T19:53:58Z
[INFO] ------------------------------------------------------------------------
