 Network gitlab-panorama_default Creating 
 Network gitlab-panorama_default Created 
 Container gitlab-panorama Creating 
 Container gitlab-panorama Created 
 Container gitlab-panorama Starting 
 Container gitlab-panorama Started 
 Container gitlab-panorama Waiting 
 Container gitlab-panorama Healthy 

[0;34m== Root + actuator ==[0m
[0;32mPASS[0m GET  /                              (text default)         [2m[200, all fields ✓][0m
[0;32mPASS[0m GET  /                              (Accept text/html)     [2m[200, all fields ✓][0m
[0;32mPASS[0m GET  /actuator/health                                      [2m[200, all fields ✓][0m

[0;34m== Adapter endpoints — empty in-memory state in 5 formats ==[0m
[0;32mPASS[0m GET  /api/adapter/ccmenu (XML)                             [2m[200, all fields ✓][0m
[0;32mPASS[0m GET  /api/adapter/json (JSON empty array)                  [2m[200, all fields ✓][0m
[0;32mPASS[0m GET  /api/adapter/html (SPA template)                      [2m[200, all fields ✓][0m
[0;32mPASS[0m GET  /api/adapter/shell (text/plain blank for empty state) [2m[200][0m
[0;32mPASS[0m GET  /api/adapter/prometheus (text/plain blank for empty state) [2m[200][0m

[0;34m== Mutating endpoints — refresh + webhook ==[0m
[0;32mPASS[0m GET  /api/state/refresh                                    [2m[200, all fields ✓][0m
[0;32mPASS[0m POST /webhook/test (headers + body → 'accepted')         [2m[200, all fields ✓][0m
[0;32mPASS[0m POST /webhook (push event → 201)                         [2m[201][0m
[0;32mPASS[0m POST /webhook (pipeline event → 201)                     [2m[201][0m

[0;34m== Summary ==[0m
[0;32mAll 12/12 checks passed.[0m
