[INFO] Scanning for projects...
[INFO] 
[INFO] ---------------------< com.madadipouya.eris:eris >----------------------
[INFO] Building Eris 0.2.84-SNAPSHOT
[INFO]   from pom.xml
[INFO] --------------------------------[ jar ]---------------------------------
[INFO] Downloading from spring-releases: https://repo.spring.io/libs-release/org/apache/maven/resolver/maven-resolver-api/1.9.22/maven-resolver-api-1.9.22.pom
[INFO] Downloading from central: https://repo.maven.apache.org/maven2/org/apache/maven/resolver/maven-resolver-api/1.9.22/maven-resolver-api-1.9.22.pom
[INFO] Downloaded from central: https://repo.maven.apache.org/maven2/org/apache/maven/resolver/maven-resolver-api/1.9.22/maven-resolver-api-1.9.22.pom (2.2 kB at 4.7 kB/s)
[INFO] Downloading from spring-releases: https://repo.spring.io/libs-release/org/springframework/cloud/spring-cloud-contract-verifier/4.3.0/spring-cloud-contract-verifier-4.3.0.pom
[INFO] Downloading from central: https://repo.maven.apache.org/maven2/org/springframework/cloud/spring-cloud-contract-verifier/4.3.0/spring-cloud-contract-verifier-4.3.0.pom
[INFO] Downloaded from central: https://repo.maven.apache.org/maven2/org/springframework/cloud/spring-cloud-contract-verifier/4.3.0/spring-cloud-contract-verifier-4.3.0.pom (9.7 kB at 227 kB/s)
[INFO] Downloading from spring-releases: https://repo.spring.io/libs-release/org/springframework/cloud/spring-cloud-contract-spec/4.3.0/spring-cloud-contract-spec-4.3.0.pom
[INFO] Downloading from central: https://repo.maven.apache.org/maven2/org/springframework/cloud/spring-cloud-contract-spec/4.3.0/spring-cloud-contract-spec-4.3.0.pom
[INFO] Downloaded from central: https://repo.maven.apache.org/maven2/org/springframework/cloud/spring-cloud-contract-spec/4.3.0/spring-cloud-contract-spec-4.3.0.pom (1.9 kB at 60 kB/s)
[INFO] Downloading from spring-releases: https://repo.spring.io/libs-release/org/springframework/cloud/spring-cloud-contract-spec-java/4.3.0/spring-cloud-contract-spec-java-4.3.0.pom
[INFO] Downloading from central: https://repo.maven.apache.org/maven2/org/springframework/cloud/spring-cloud-contract-spec-java/4.3.0/spring-cloud-contract-spec-java-4.3.0.pom
[INFO] Downloaded from central: https://repo.maven.apache.org/maven2/org/springframework/cloud/spring-cloud-contract-spec-java/4.3.0/spring-cloud-contract-spec-java-4.3.0.pom (2.8 kB at 65 kB/s)
[INFO] Downloading from spring-releases: https://repo.spring.io/libs-release/org/springframework/cloud/spring-cloud-contract-spec-groovy/4.3.0/spring-cloud-contract-spec-groovy-4.3.0.pom
[INFO] Downloading from central: https://repo.maven.apache.org/maven2/org/springframework/cloud/spring-cloud-contract-spec-groovy/4.3.0/spring-cloud-contract-spec-groovy-4.3.0.pom
[INFO] Downloaded from central: https://repo.maven.apache.org/maven2/org/springframework/cloud/spring-cloud-contract-spec-groovy/4.3.0/spring-cloud-contract-spec-groovy-4.3.0.pom (2.5 kB at 75 kB/s)
[INFO] Downloading from spring-releases: https://repo.spring.io/libs-release/org/springframework/cloud/spring-cloud-contract-shade/4.3.0/spring-cloud-contract-shade-4.3.0.pom
[INFO] Downloading from central: https://repo.maven.apache.org/maven2/org/springframework/cloud/spring-cloud-contract-shade/4.3.0/spring-cloud-contract-shade-4.3.0.pom
[INFO] Downloaded from central: https://repo.maven.apache.org/maven2/org/springframework/cloud/spring-cloud-contract-shade/4.3.0/spring-cloud-contract-shade-4.3.0.pom (7.8 kB at 224 kB/s)
[INFO] Downloading from spring-releases: https://repo.spring.io/libs-release/org/eclipse/jgit/org.eclipse.jgit/6.7.0.202309050840-r/org.eclipse.jgit-6.7.0.202309050840-r.pom
[INFO] Downloading from central: https://repo.maven.apache.org/maven2/org/eclipse/jgit/org.eclipse.jgit/6.7.0.202309050840-r/org.eclipse.jgit-6.7.0.202309050840-r.pom
[INFO] Downloaded from central: https://repo.maven.apache.org/maven2/org/eclipse/jgit/org.eclipse.jgit/6.7.0.202309050840-r/org.eclipse.jgit-6.7.0.202309050840-r.pom (7.7 kB at 188 kB/s)
[INFO] Downloading from spring-releases: https://repo.spring.io/libs-release/org/apache/maven/maven-model/3.9.9/maven-model-3.9.9.jar
[INFO] Downloading from spring-releases: https://repo.spring.io/libs-release/org/apache/maven/maven-model-builder/3.9.9/maven-model-builder-3.9.9.jar
[INFO] Downloading from spring-releases: https://repo.spring.io/libs-release/org/apache/maven/maven-builder-support/3.9.9/maven-builder-support-3.9.9.jar
[INFO] Downloading from spring-releases: https://repo.spring.io/libs-release/org/apache/maven/maven-repository-metadata/3.9.9/maven-repository-metadata-3.9.9.jar
[INFO] Downloading from spring-releases: https://repo.spring.io/libs-release/org/springframework/cloud/spring-cloud-contract-verifier/4.3.0/spring-cloud-contract-verifier-4.3.0.jar
[INFO] Downloading from spring-releases: https://repo.spring.io/libs-release/org/springframework/cloud/spring-cloud-contract-shade/4.3.0/spring-cloud-contract-shade-4.3.0.jar
[INFO] Downloading from spring-releases: https://repo.spring.io/libs-release/org/springframework/cloud/spring-cloud-contract-spec/4.3.0/spring-cloud-contract-spec-4.3.0.jar
[INFO] Downloading from spring-releases: https://repo.spring.io/libs-release/org/springframework/cloud/spring-cloud-contract-spec-java/4.3.0/spring-cloud-contract-spec-java-4.3.0.jar
[INFO] Downloading from spring-releases: https://repo.spring.io/libs-release/org/springframework/cloud/spring-cloud-contract-spec-groovy/4.3.0/spring-cloud-contract-spec-groovy-4.3.0.jar
[INFO] Downloading from spring-releases: https://repo.spring.io/libs-release/org/eclipse/jgit/org.eclipse.jgit/6.7.0.202309050840-r/org.eclipse.jgit-6.7.0.202309050840-r.jar
[INFO] Downloading from central: https://repo.maven.apache.org/maven2/org/apache/maven/maven-model/3.9.9/maven-model-3.9.9.jar
[INFO] Downloaded from central: https://repo.maven.apache.org/maven2/org/apache/maven/maven-model/3.9.9/maven-model-3.9.9.jar (218 kB at 1.5 MB/s)
[INFO] Downloading from central: https://repo.maven.apache.org/maven2/org/apache/maven/maven-model-builder/3.9.9/maven-model-builder-3.9.9.jar
[INFO] Downloading from central: https://repo.maven.apache.org/maven2/org/apache/maven/maven-builder-support/3.9.9/maven-builder-support-3.9.9.jar
[INFO] Downloading from central: https://repo.maven.apache.org/maven2/org/apache/maven/maven-repository-metadata/3.9.9/maven-repository-metadata-3.9.9.jar
[INFO] Downloading from central: https://repo.maven.apache.org/maven2/org/springframework/cloud/spring-cloud-contract-verifier/4.3.0/spring-cloud-contract-verifier-4.3.0.jar
[INFO] Downloading from central: https://repo.maven.apache.org/maven2/org/springframework/cloud/spring-cloud-contract-shade/4.3.0/spring-cloud-contract-shade-4.3.0.jar
[INFO] Downloaded from central: https://repo.maven.apache.org/maven2/org/apache/maven/maven-model-builder/3.9.9/maven-model-builder-3.9.9.jar (208 kB at 3.4 MB/s)
[INFO] Downloading from central: https://repo.maven.apache.org/maven2/org/springframework/cloud/spring-cloud-contract-spec/4.3.0/spring-cloud-contract-spec-4.3.0.jar
[INFO] Downloaded from central: https://repo.maven.apache.org/maven2/org/springframework/cloud/spring-cloud-contract-spec/4.3.0/spring-cloud-contract-spec-4.3.0.jar (2.0 kB at 15 kB/s)
[INFO] Downloading from central: https://repo.maven.apache.org/maven2/org/springframework/cloud/spring-cloud-contract-spec-java/4.3.0/spring-cloud-contract-spec-java-4.3.0.jar
[INFO] Downloaded from central: https://repo.maven.apache.org/maven2/org/apache/maven/maven-builder-support/3.9.9/maven-builder-support-3.9.9.jar (14 kB at 78 kB/s)
[INFO] Downloading from central: https://repo.maven.apache.org/maven2/org/springframework/cloud/spring-cloud-contract-spec-groovy/4.3.0/spring-cloud-contract-spec-groovy-4.3.0.jar
[INFO] Downloaded from central: https://repo.maven.apache.org/maven2/org/apache/maven/maven-repository-metadata/3.9.9/maven-repository-metadata-3.9.9.jar (29 kB at 155 kB/s)
[INFO] Downloading from central: https://repo.maven.apache.org/maven2/org/eclipse/jgit/org.eclipse.jgit/6.7.0.202309050840-r/org.eclipse.jgit-6.7.0.202309050840-r.jar
[INFO] Downloaded from central: https://repo.maven.apache.org/maven2/org/springframework/cloud/spring-cloud-contract-spec-java/4.3.0/spring-cloud-contract-spec-java-4.3.0.jar (122 kB at 680 kB/s)
[INFO] Downloaded from central: https://repo.maven.apache.org/maven2/org/springframework/cloud/spring-cloud-contract-spec-groovy/4.3.0/spring-cloud-contract-spec-groovy-4.3.0.jar (4.6 kB at 23 kB/s)
[INFO] Downloaded from central: https://repo.maven.apache.org/maven2/org/springframework/cloud/spring-cloud-contract-verifier/4.3.0/spring-cloud-contract-verifier-4.3.0.jar (735 kB at 2.7 MB/s)
[INFO] Downloaded from central: https://repo.maven.apache.org/maven2/org/eclipse/jgit/org.eclipse.jgit/6.7.0.202309050840-r/org.eclipse.jgit-6.7.0.202309050840-r.jar (3.1 MB at 6.9 MB/s)
[INFO] Downloaded from central: https://repo.maven.apache.org/maven2/org/springframework/cloud/spring-cloud-contract-shade/4.3.0/spring-cloud-contract-shade-4.3.0.jar (7.6 MB at 9.4 MB/s)
[INFO] 
[INFO] --- resources:3.3.1:resources (default-resources) @ eris ---
[INFO] Copying 1 resource from src/main/resources to target/classes
[INFO] Copying 4 resources from src/main/resources to target/classes
[INFO] 
[INFO] --- compiler:3.13.0:compile (default-compile) @ eris ---
[INFO] Recompiling the module because of changed source code.
[INFO] Compiling 41 source files with javac [debug parameters release 21] to target/classes
[INFO] Annotation processing is enabled because one or more processors were found
  on the class path. A future release of javac may disable annotation processing
  unless at least one processor is specified by name (-processor), or a search
  path is specified (--processor-path, --processor-module-path), or annotation
  processing is enabled explicitly (-proc:only, -proc:full).
  Use -Xlint:-options to suppress this message.
  Use -proc:none to disable annotation processing.
[INFO] -------------------------------------------------------------
[ERROR] COMPILATION ERROR : 
[INFO] -------------------------------------------------------------
[ERROR] /project/src/main/java/com/madadipouya/eris/service/ipgeolocation/impl/DefaultIpGeoLocation.java:[15,56] package io.github.resilience4j.circuitbreaker.annotation does not exist
[ERROR] /project/src/main/java/com/madadipouya/eris/service/ipgeolocation/impl/DefaultIpGeoLocation.java:[16,53] package io.github.resilience4j.timelimiter.annotation does not exist
[ERROR] /project/src/main/java/com/madadipouya/eris/service/ipgeolocation/impl/DefaultIpGeoLocation.java:[53,6] cannot find symbol
  symbol:   class CircuitBreaker
  location: class com.madadipouya.eris.service.ipgeolocation.impl.DefaultIpGeoLocation
[ERROR] /project/src/main/java/com/madadipouya/eris/service/ipgeolocation/impl/DefaultIpGeoLocation.java:[54,6] cannot find symbol
  symbol:   class TimeLimiter
  location: class com.madadipouya.eris.service.ipgeolocation.impl.DefaultIpGeoLocation
[INFO] 4 errors 
[INFO] -------------------------------------------------------------
[INFO] ------------------------------------------------------------------------
[INFO] BUILD FAILURE
[INFO] ------------------------------------------------------------------------
[INFO] Total time:  17.853 s
[INFO] Finished at: 2026-09-21T20:42:42Z
[INFO] ------------------------------------------------------------------------
[ERROR] Failed to execute goal org.apache.maven.plugins:maven-compiler-plugin:3.13.0:compile (default-compile) on project eris: Compilation failure: Compilation failure: 
[ERROR] /project/src/main/java/com/madadipouya/eris/service/ipgeolocation/impl/DefaultIpGeoLocation.java:[15,56] package io.github.resilience4j.circuitbreaker.annotation does not exist
[ERROR] /project/src/main/java/com/madadipouya/eris/service/ipgeolocation/impl/DefaultIpGeoLocation.java:[16,53] package io.github.resilience4j.timelimiter.annotation does not exist
[ERROR] /project/src/main/java/com/madadipouya/eris/service/ipgeolocation/impl/DefaultIpGeoLocation.java:[53,6] cannot find symbol
[ERROR]   symbol:   class CircuitBreaker
[ERROR]   location: class com.madadipouya.eris.service.ipgeolocation.impl.DefaultIpGeoLocation
[ERROR] /project/src/main/java/com/madadipouya/eris/service/ipgeolocation/impl/DefaultIpGeoLocation.java:[54,6] cannot find symbol
[ERROR]   symbol:   class TimeLimiter
[ERROR]   location: class com.madadipouya.eris.service.ipgeolocation.impl.DefaultIpGeoLocation
[ERROR] -> [Help 1]
[ERROR] 
[ERROR] To see the full stack trace of the errors, re-run Maven with the -e switch.
[ERROR] Re-run Maven using the -X switch to enable full debug logging.
[ERROR] 
[ERROR] For more information about the errors and possible solutions, please read the following articles:
[ERROR] [Help 1] http://cwiki.apache.org/confluence/display/MAVEN/MojoFailureException
