[INFO] Scanning for projects...
[INFO] 
[INFO] ---------------< com.sebastian-daschner:favorite-coffee >---------------
[INFO] Building favorite-coffee 1.0
[INFO]   from pom.xml
[INFO] --------------------------------[ jar ]---------------------------------
[INFO] Downloading from central: https://repo.maven.apache.org/maven2/io/smallrye/common/smallrye-common-constraint/1.13.0/smallrye-common-constraint-1.13.0.pom
[INFO] Downloaded from central: https://repo.maven.apache.org/maven2/io/smallrye/common/smallrye-common-constraint/1.13.0/smallrye-common-constraint-1.13.0.pom (2.1 kB at 2.4 kB/s)
[INFO] Downloading from central: https://repo.maven.apache.org/maven2/io/netty/netty-handler/4.1.86.Final/netty-handler-4.1.86.Final.pom
[INFO] Downloaded from central: https://repo.maven.apache.org/maven2/io/netty/netty-handler/4.1.86.Final/netty-handler-4.1.86.Final.pom (4.5 kB at 37 kB/s)
[INFO] Downloading from central: https://repo.maven.apache.org/maven2/io/netty/netty-parent/4.1.86.Final/netty-parent-4.1.86.Final.pom
[INFO] Downloaded from central: https://repo.maven.apache.org/maven2/io/netty/netty-parent/4.1.86.Final/netty-parent-4.1.86.Final.pom (80 kB at 1.4 MB/s)
[INFO] Downloading from central: https://repo.maven.apache.org/maven2/io/netty/netty-common/4.1.86.Final/netty-common-4.1.86.Final.pom
[INFO] Downloaded from central: https://repo.maven.apache.org/maven2/io/netty/netty-common/4.1.86.Final/netty-common-4.1.86.Final.pom (12 kB at 320 kB/s)
[INFO] Downloading from central: https://repo.maven.apache.org/maven2/io/netty/netty-resolver/4.1.86.Final/netty-resolver-4.1.86.Final.pom
[INFO] Downloaded from central: https://repo.maven.apache.org/maven2/io/netty/netty-resolver/4.1.86.Final/netty-resolver-4.1.86.Final.pom (1.6 kB at 47 kB/s)
[INFO] Downloading from central: https://repo.maven.apache.org/maven2/io/netty/netty-buffer/4.1.86.Final/netty-buffer-4.1.86.Final.pom
[INFO] Downloaded from central: https://repo.maven.apache.org/maven2/io/netty/netty-buffer/4.1.86.Final/netty-buffer-4.1.86.Final.pom (1.6 kB at 41 kB/s)
[INFO] Downloading from central: https://repo.maven.apache.org/maven2/io/netty/netty-transport/4.1.86.Final/netty-transport-4.1.86.Final.pom
[INFO] Downloaded from central: https://repo.maven.apache.org/maven2/io/netty/netty-transport/4.1.86.Final/netty-transport-4.1.86.Final.pom (2.2 kB at 42 kB/s)
[INFO] Downloading from central: https://repo.maven.apache.org/maven2/io/netty/netty-transport-native-unix-common/4.1.86.Final/netty-transport-native-unix-common-4.1.86.Final.pom
[INFO] Downloaded from central: https://repo.maven.apache.org/maven2/io/netty/netty-transport-native-unix-common/4.1.86.Final/netty-transport-native-unix-common-4.1.86.Final.pom (29 kB at 754 kB/s)
[INFO] Downloading from central: https://repo.maven.apache.org/maven2/io/netty/netty-codec/4.1.86.Final/netty-codec-4.1.86.Final.pom
[INFO] Downloaded from central: https://repo.maven.apache.org/maven2/io/netty/netty-codec/4.1.86.Final/netty-codec-4.1.86.Final.pom (5.0 kB at 101 kB/s)
[INFO] Downloading from central: https://repo.maven.apache.org/maven2/com/fasterxml/jackson/core/jackson-databind/2.14.1/jackson-databind-2.14.1.pom
[INFO] Downloaded from central: https://repo.maven.apache.org/maven2/com/fasterxml/jackson/core/jackson-databind/2.14.1/jackson-databind-2.14.1.pom (19 kB at 223 kB/s)
[INFO] Downloading from central: https://repo.maven.apache.org/maven2/com/fasterxml/jackson/jackson-base/2.14.1/jackson-base-2.14.1.pom
[INFO] Downloaded from central: https://repo.maven.apache.org/maven2/com/fasterxml/jackson/jackson-base/2.14.1/jackson-base-2.14.1.pom (10 kB at 232 kB/s)
[INFO] Downloading from central: https://repo.maven.apache.org/maven2/com/fasterxml/jackson/core/jackson-annotations/2.14.1/jackson-annotations-2.14.1.pom
[INFO] Downloaded from central: https://repo.maven.apache.org/maven2/com/fasterxml/jackson/core/jackson-annotations/2.14.1/jackson-annotations-2.14.1.pom (6.2 kB at 138 kB/s)
[INFO] Downloading from central: https://repo.maven.apache.org/maven2/com/fasterxml/jackson/core/jackson-core/2.14.1/jackson-core-2.14.1.pom
[INFO] Downloaded from central: https://repo.maven.apache.org/maven2/com/fasterxml/jackson/core/jackson-core/2.14.1/jackson-core-2.14.1.pom (7.0 kB at 200 kB/s)
[INFO] Downloading from central: https://repo.maven.apache.org/maven2/com/fasterxml/jackson/datatype/jackson-datatype-jdk8/2.14.1/jackson-datatype-jdk8-2.14.1.pom
[INFO] Downloaded from central: https://repo.maven.apache.org/maven2/com/fasterxml/jackson/datatype/jackson-datatype-jdk8/2.14.1/jackson-datatype-jdk8-2.14.1.pom (2.6 kB at 68 kB/s)
[INFO] Downloading from central: https://repo.maven.apache.org/maven2/com/fasterxml/jackson/module/jackson-modules-java8/2.14.1/jackson-modules-java8-2.14.1.pom
[INFO] Downloaded from central: https://repo.maven.apache.org/maven2/com/fasterxml/jackson/module/jackson-modules-java8/2.14.1/jackson-modules-java8-2.14.1.pom (3.1 kB at 79 kB/s)
[INFO] Downloading from central: https://repo.maven.apache.org/maven2/com/fasterxml/jackson/datatype/jackson-datatype-jsr310/2.14.1/jackson-datatype-jsr310-2.14.1.pom
[INFO] Downloaded from central: https://repo.maven.apache.org/maven2/com/fasterxml/jackson/datatype/jackson-datatype-jsr310/2.14.1/jackson-datatype-jsr310-2.14.1.pom (4.9 kB at 46 kB/s)
[INFO] Downloading from central: https://repo.maven.apache.org/maven2/org/slf4j/slf4j-api/2.0.5/slf4j-api-2.0.5.pom
[INFO] Downloaded from central: https://repo.maven.apache.org/maven2/org/slf4j/slf4j-api/2.0.5/slf4j-api-2.0.5.pom (1.6 kB at 12 kB/s)
[INFO] Downloading from central: https://repo.maven.apache.org/maven2/org/slf4j/slf4j-parent/2.0.5/slf4j-parent-2.0.5.pom
[INFO] Downloaded from central: https://repo.maven.apache.org/maven2/org/slf4j/slf4j-parent/2.0.5/slf4j-parent-2.0.5.pom (16 kB at 577 kB/s)
[INFO] Downloading from central: https://repo.maven.apache.org/maven2/io/smallrye/reactive/mutiny/1.6.0/mutiny-1.6.0.jar
[INFO] Downloaded from central: https://repo.maven.apache.org/maven2/io/smallrye/reactive/mutiny/1.6.0/mutiny-1.6.0.jar (853 kB at 5.2 MB/s)
[INFO] Downloading from central: https://repo.maven.apache.org/maven2/io/netty/netty-handler/4.1.86.Final/netty-handler-4.1.86.Final.jar
[INFO] Downloading from central: https://repo.maven.apache.org/maven2/io/netty/netty-transport-native-unix-common/4.1.86.Final/netty-transport-native-unix-common-4.1.86.Final.jar
[INFO] Downloading from central: https://repo.maven.apache.org/maven2/com/fasterxml/jackson/core/jackson-databind/2.14.1/jackson-databind-2.14.1.jar
[INFO] Downloading from central: https://repo.maven.apache.org/maven2/com/fasterxml/jackson/core/jackson-annotations/2.14.1/jackson-annotations-2.14.1.jar
[INFO] Downloading from central: https://repo.maven.apache.org/maven2/com/fasterxml/jackson/datatype/jackson-datatype-jdk8/2.14.1/jackson-datatype-jdk8-2.14.1.jar
[INFO] Downloaded from central: https://repo.maven.apache.org/maven2/io/netty/netty-handler/4.1.86.Final/netty-handler-4.1.86.Final.jar (541 kB at 2.9 MB/s)
[INFO] Downloading from central: https://repo.maven.apache.org/maven2/com/fasterxml/jackson/datatype/jackson-datatype-jsr310/2.14.1/jackson-datatype-jsr310-2.14.1.jar
[INFO] Downloaded from central: https://repo.maven.apache.org/maven2/com/fasterxml/jackson/datatype/jackson-datatype-jdk8/2.14.1/jackson-datatype-jdk8-2.14.1.jar (35 kB at 167 kB/s)
[INFO] Downloaded from central: https://repo.maven.apache.org/maven2/io/netty/netty-transport-native-unix-common/4.1.86.Final/netty-transport-native-unix-common-4.1.86.Final.jar (44 kB at 193 kB/s)
[INFO] Downloaded from central: https://repo.maven.apache.org/maven2/com/fasterxml/jackson/core/jackson-annotations/2.14.1/jackson-annotations-2.14.1.jar (76 kB at 337 kB/s)
[INFO] Downloaded from central: https://repo.maven.apache.org/maven2/com/fasterxml/jackson/datatype/jackson-datatype-jsr310/2.14.1/jackson-datatype-jsr310-2.14.1.jar (122 kB at 492 kB/s)
[INFO] Downloaded from central: https://repo.maven.apache.org/maven2/com/fasterxml/jackson/core/jackson-databind/2.14.1/jackson-databind-2.14.1.jar (1.6 MB at 4.2 MB/s)
[INFO] 
[INFO] --- resources:3.4.0:resources (default-resources) @ favorite-coffee ---
[INFO] Copying 5 resources from src/main/resources to target/classes
[INFO] 
[INFO] --- compiler:3.15.0:compile (default-compile) @ favorite-coffee ---
[INFO] Recompiling the module because of changed source code.
[INFO] Compiling 18 source files with javac [debug target 17] to target/classes
[INFO] /project/src/main/java/com/sebastian_daschner/coffee/CustomParamConverterProvider.java: /project/src/main/java/com/sebastian_daschner/coffee/CustomParamConverterProvider.java uses unchecked or unsafe operations.
[INFO] /project/src/main/java/com/sebastian_daschner/coffee/CustomParamConverterProvider.java: Recompile with -Xlint:unchecked for details.
[INFO] 
[INFO] --- resources:3.4.0:testResources (default-testResources) @ favorite-coffee ---
[INFO] Not copying test resources
[INFO] 
[INFO] --- compiler:3.15.0:testCompile (default-testCompile) @ favorite-coffee ---
[INFO] Not compiling test sources
[INFO] 
[INFO] --- surefire:3.0.0-M5:test (default-test) @ favorite-coffee ---
[INFO] Tests are skipped.
[INFO] 
[INFO] --- jar:3.5.0:jar (default-jar) @ favorite-coffee ---
[INFO] Building jar: /project/target/favorite-coffee.jar
[INFO] 
[INFO] --- quarkus:2.13.3.Final:build (default) @ favorite-coffee ---
[INFO] Downloading from central: https://repo.maven.apache.org/maven2/io/quarkus/gizmo/gizmo/1.4.0.Final/gizmo-1.4.0.Final.pom
[INFO] Downloaded from central: https://repo.maven.apache.org/maven2/io/quarkus/gizmo/gizmo/1.4.0.Final/gizmo-1.4.0.Final.pom (10 kB at 262 kB/s)
[INFO] Downloading from central: https://repo.maven.apache.org/maven2/org/ow2/asm/asm-util/9.4/asm-util-9.4.pom
[INFO] Downloaded from central: https://repo.maven.apache.org/maven2/org/ow2/asm/asm-util/9.4/asm-util-9.4.pom (2.9 kB at 109 kB/s)
[INFO] Downloading from central: https://repo.maven.apache.org/maven2/org/ow2/asm/asm-tree/9.4/asm-tree-9.4.pom
[INFO] Downloaded from central: https://repo.maven.apache.org/maven2/org/ow2/asm/asm-tree/9.4/asm-tree-9.4.pom (2.6 kB at 89 kB/s)
[INFO] Downloading from central: https://repo.maven.apache.org/maven2/org/ow2/asm/asm-analysis/9.4/asm-analysis-9.4.pom
[INFO] Downloaded from central: https://repo.maven.apache.org/maven2/org/ow2/asm/asm-analysis/9.4/asm-analysis-9.4.pom (2.6 kB at 64 kB/s)
[INFO] Downloading from central: https://repo.maven.apache.org/maven2/io/smallrye/jandex/3.0.5/jandex-3.0.5.pom
[INFO] Downloaded from central: https://repo.maven.apache.org/maven2/io/smallrye/jandex/3.0.5/jandex-3.0.5.pom (6.9 kB at 66 kB/s)
[INFO] Downloading from central: https://repo.maven.apache.org/maven2/io/smallrye/jandex-parent/3.0.5/jandex-parent-3.0.5.pom
[INFO] Downloaded from central: https://repo.maven.apache.org/maven2/io/smallrye/jandex-parent/3.0.5/jandex-parent-3.0.5.pom (5.9 kB at 186 kB/s)
[INFO] Downloading from central: https://repo.maven.apache.org/maven2/io/smallrye/smallrye-build-parent/31/smallrye-build-parent-31.pom
[INFO] Downloaded from central: https://repo.maven.apache.org/maven2/io/smallrye/smallrye-build-parent/31/smallrye-build-parent-31.pom (52 kB at 1.4 MB/s)
[INFO] Downloading from central: https://repo.maven.apache.org/maven2/org/jboss/jandex/3.0.5/jandex-3.0.5.pom
[INFO] Downloaded from central: https://repo.maven.apache.org/maven2/org/jboss/jandex/3.0.5/jandex-3.0.5.pom (777 B at 22 kB/s)
[INFO] Downloading from central: https://repo.maven.apache.org/maven2/org/ow2/asm/asm-commons/9.4/asm-commons-9.4.pom
[INFO] Downloaded from central: https://repo.maven.apache.org/maven2/org/ow2/asm/asm-commons/9.4/asm-commons-9.4.pom (2.8 kB at 100 kB/s)
[INFO] Downloading from central: https://repo.maven.apache.org/maven2/io/quarkus/quarkus-class-change-agent/2.15.2.Final/quarkus-class-change-agent-2.15.2.Final.pom
[INFO] Downloaded from central: https://repo.maven.apache.org/maven2/io/quarkus/quarkus-class-change-agent/2.15.2.Final/quarkus-class-change-agent-2.15.2.Final.pom (1.6 kB at 38 kB/s)
[INFO] Downloading from central: https://repo.maven.apache.org/maven2/io/quarkus/quarkus-bootstrap-core/2.15.2.Final/quarkus-bootstrap-core-2.15.2.Final.pom
[INFO] Downloaded from central: https://repo.maven.apache.org/maven2/io/quarkus/quarkus-bootstrap-core/2.15.2.Final/quarkus-bootstrap-core-2.15.2.Final.pom (4.0 kB at 107 kB/s)
[INFO] Downloading from central: https://repo.maven.apache.org/maven2/io/quarkus/quarkus-bootstrap-app-model/2.15.2.Final/quarkus-bootstrap-app-model-2.15.2.Final.pom
[INFO] Downloaded from central: https://repo.maven.apache.org/maven2/io/quarkus/quarkus-bootstrap-app-model/2.15.2.Final/quarkus-bootstrap-app-model-2.15.2.Final.pom (3.6 kB at 34 kB/s)
[INFO] Downloading from central: https://repo.maven.apache.org/maven2/io/quarkus/quarkus-devtools-utilities/2.15.2.Final/quarkus-devtools-utilities-2.15.2.Final.pom
[INFO] Downloaded from central: https://repo.maven.apache.org/maven2/io/quarkus/quarkus-devtools-utilities/2.15.2.Final/quarkus-devtools-utilities-2.15.2.Final.pom (584 B at 4.6 kB/s)
[INFO] Downloading from central: https://repo.maven.apache.org/maven2/io/quarkus/quarkus-tools-parent/2.15.2.Final/quarkus-tools-parent-2.15.2.Final.pom
[INFO] Downloaded from central: https://repo.maven.apache.org/maven2/io/quarkus/quarkus-tools-parent/2.15.2.Final/quarkus-tools-parent-2.15.2.Final.pom (24 kB at 759 kB/s)
[INFO] Downloading from central: https://repo.maven.apache.org/maven2/org/mockito/mockito-bom/4.9.0/mockito-bom-4.9.0.pom
[INFO] Downloaded from central: https://repo.maven.apache.org/maven2/org/mockito/mockito-bom/4.9.0/mockito-bom-4.9.0.pom (3.0 kB at 65 kB/s)
[INFO] Downloading from central: https://repo.maven.apache.org/maven2/io/quarkus/quarkus-builder/2.15.2.Final/quarkus-builder-2.15.2.Final.pom
[INFO] Downloaded from central: https://repo.maven.apache.org/maven2/io/quarkus/quarkus-builder/2.15.2.Final/quarkus-builder-2.15.2.Final.pom (2.4 kB at 49 kB/s)
[INFO] Downloading from central: https://repo.maven.apache.org/maven2/io/quarkus/quarkus-smallrye-context-propagation-spi/2.15.2.Final/quarkus-smallrye-context-propagation-spi-2.15.2.Final.pom
[INFO] Downloaded from central: https://repo.maven.apache.org/maven2/io/quarkus/quarkus-smallrye-context-propagation-spi/2.15.2.Final/quarkus-smallrye-context-propagation-spi-2.15.2.Final.pom (1.1 kB at 5.6 kB/s)
[INFO] Downloading from central: https://repo.maven.apache.org/maven2/io/quarkus/quarkus-smallrye-context-propagation-parent/2.15.2.Final/quarkus-smallrye-context-propagation-parent-2.15.2.Final.pom
[INFO] Downloaded from central: https://repo.maven.apache.org/maven2/io/quarkus/quarkus-smallrye-context-propagation-parent/2.15.2.Final/quarkus-smallrye-context-propagation-parent-2.15.2.Final.pom (814 B at 27 kB/s)
[INFO] Downloading from central: https://repo.maven.apache.org/maven2/io/quarkus/quarkus-vertx-http-dev-console-spi/2.15.2.Final/quarkus-vertx-http-dev-console-spi-2.15.2.Final.pom
[INFO] Downloaded from central: https://repo.maven.apache.org/maven2/io/quarkus/quarkus-vertx-http-dev-console-spi/2.15.2.Final/quarkus-vertx-http-dev-console-spi-2.15.2.Final.pom (1.3 kB at 4.5 kB/s)
[INFO] Downloading from central: https://repo.maven.apache.org/maven2/io/quarkus/quarkus-vertx-http-parent/2.15.2.Final/quarkus-vertx-http-parent-2.15.2.Final.pom
[INFO] Downloaded from central: https://repo.maven.apache.org/maven2/io/quarkus/quarkus-vertx-http-parent/2.15.2.Final/quarkus-vertx-http-parent-2.15.2.Final.pom (881 B at 20 kB/s)
[INFO] Downloading from central: https://repo.maven.apache.org/maven2/io/quarkus/quarkus-vertx-http-dev-console-runtime-spi/2.15.2.Final/quarkus-vertx-http-dev-console-runtime-spi-2.15.2.Final.pom
[INFO] Downloaded from central: https://repo.maven.apache.org/maven2/io/quarkus/quarkus-vertx-http-dev-console-runtime-spi/2.15.2.Final/quarkus-vertx-http-dev-console-runtime-spi-2.15.2.Final.pom (1.1 kB at 25 kB/s)
[INFO] Downloading from central: https://repo.maven.apache.org/maven2/io/vertx/vertx-web/4.3.6/vertx-web-4.3.6.pom
[INFO] Downloaded from central: https://repo.maven.apache.org/maven2/io/vertx/vertx-web/4.3.6/vertx-web-4.3.6.pom (5.1 kB at 47 kB/s)
[INFO] Downloading from central: https://repo.maven.apache.org/maven2/io/vertx/vertx-web-parent/4.3.6/vertx-web-parent-4.3.6.pom
[INFO] Downloaded from central: https://repo.maven.apache.org/maven2/io/vertx/vertx-web-parent/4.3.6/vertx-web-parent-4.3.6.pom (2.8 kB at 27 kB/s)
[INFO] Downloading from central: https://repo.maven.apache.org/maven2/io/vertx/vertx-dependencies/4.3.6/vertx-dependencies-4.3.6.pom
[INFO] Downloaded from central: https://repo.maven.apache.org/maven2/io/vertx/vertx-dependencies/4.3.6/vertx-dependencies-4.3.6.pom (32 kB at 780 kB/s)
[INFO] Downloading from central: https://repo.maven.apache.org/maven2/io/netty/netty-bom/4.1.85.Final/netty-bom-4.1.85.Final.pom
[INFO] Downloaded from central: https://repo.maven.apache.org/maven2/io/netty/netty-bom/4.1.85.Final/netty-bom-4.1.85.Final.pom (13 kB at 468 kB/s)
[INFO] Downloading from central: https://repo.maven.apache.org/maven2/com/fasterxml/jackson/jackson-bom/2.14.0/jackson-bom-2.14.0.pom
[INFO] Downloaded from central: https://repo.maven.apache.org/maven2/com/fasterxml/jackson/jackson-bom/2.14.0/jackson-bom-2.14.0.pom (17 kB at 583 kB/s)
[INFO] Downloading from central: https://repo.maven.apache.org/maven2/io/vertx/vertx-web-common/4.3.6/vertx-web-common-4.3.6.pom
[INFO] Downloaded from central: https://repo.maven.apache.org/maven2/io/vertx/vertx-web-common/4.3.6/vertx-web-common-4.3.6.pom (488 B at 10.0 kB/s)
[INFO] Downloading from central: https://repo.maven.apache.org/maven2/io/vertx/vertx-core/4.3.6/vertx-core-4.3.6.pom
[INFO] Downloaded from central: https://repo.maven.apache.org/maven2/io/vertx/vertx-core/4.3.6/vertx-core-4.3.6.pom (32 kB at 571 kB/s)
[INFO] Downloading from central: https://repo.maven.apache.org/maven2/io/netty/netty-handler-proxy/4.1.86.Final/netty-handler-proxy-4.1.86.Final.pom
[INFO] Downloaded from central: https://repo.maven.apache.org/maven2/io/netty/netty-handler-proxy/4.1.86.Final/netty-handler-proxy-4.1.86.Final.pom (3.3 kB at 84 kB/s)
[INFO] Downloading from central: https://repo.maven.apache.org/maven2/io/netty/netty-codec-socks/4.1.86.Final/netty-codec-socks-4.1.86.Final.pom
[INFO] Downloaded from central: https://repo.maven.apache.org/maven2/io/netty/netty-codec-socks/4.1.86.Final/netty-codec-socks-4.1.86.Final.pom (2.5 kB at 54 kB/s)
[INFO] Downloading from central: https://repo.maven.apache.org/maven2/io/netty/netty-codec-http/4.1.86.Final/netty-codec-http-4.1.86.Final.pom
[INFO] Downloaded from central: https://repo.maven.apache.org/maven2/io/netty/netty-codec-http/4.1.86.Final/netty-codec-http-4.1.86.Final.pom (3.9 kB at 143 kB/s)
[INFO] Downloading from central: https://repo.maven.apache.org/maven2/io/netty/netty-codec-http2/4.1.86.Final/netty-codec-http2-4.1.86.Final.pom
[INFO] Downloaded from central: https://repo.maven.apache.org/maven2/io/netty/netty-codec-http2/4.1.86.Final/netty-codec-http2-4.1.86.Final.pom (4.1 kB at 37 kB/s)
[INFO] Downloading from central: https://repo.maven.apache.org/maven2/io/netty/netty-resolver-dns/4.1.86.Final/netty-resolver-dns-4.1.86.Final.pom
[INFO] Downloaded from central: https://repo.maven.apache.org/maven2/io/netty/netty-resolver-dns/4.1.86.Final/netty-resolver-dns-4.1.86.Final.pom (3.7 kB at 98 kB/s)
[INFO] Downloading from central: https://repo.maven.apache.org/maven2/io/netty/netty-codec-dns/4.1.86.Final/netty-codec-dns-4.1.86.Final.pom
[INFO] Downloaded from central: https://repo.maven.apache.org/maven2/io/netty/netty-codec-dns/4.1.86.Final/netty-codec-dns-4.1.86.Final.pom (2.7 kB at 87 kB/s)
[INFO] Downloading from central: https://repo.maven.apache.org/maven2/io/vertx/vertx-auth-common/4.3.6/vertx-auth-common-4.3.6.pom
[INFO] Downloaded from central: https://repo.maven.apache.org/maven2/io/vertx/vertx-auth-common/4.3.6/vertx-auth-common-4.3.6.pom (1.9 kB at 43 kB/s)
[INFO] Downloading from central: https://repo.maven.apache.org/maven2/io/vertx/vertx-auth/4.3.6/vertx-auth-4.3.6.pom
[INFO] Downloaded from central: https://repo.maven.apache.org/maven2/io/vertx/vertx-auth/4.3.6/vertx-auth-4.3.6.pom (2.8 kB at 70 kB/s)
[INFO] Downloading from central: https://repo.maven.apache.org/maven2/io/vertx/vertx-bridge-common/4.3.6/vertx-bridge-common-4.3.6.pom
[INFO] Downloaded from central: https://repo.maven.apache.org/maven2/io/vertx/vertx-bridge-common/4.3.6/vertx-bridge-common-4.3.6.pom (3.6 kB at 86 kB/s)
[INFO] Downloading from central: https://repo.maven.apache.org/maven2/io/quarkus/arc/arc-processor/2.15.2.Final/arc-processor-2.15.2.Final.pom
[INFO] Downloaded from central: https://repo.maven.apache.org/maven2/io/quarkus/arc/arc-processor/2.15.2.Final/arc-processor-2.15.2.Final.pom (1.9 kB at 7.9 kB/s)
[INFO] Downloading from central: https://repo.maven.apache.org/maven2/io/quarkus/quarkus-smallrye-health-spi/2.15.2.Final/quarkus-smallrye-health-spi-2.15.2.Final.pom
[INFO] Downloaded from central: https://repo.maven.apache.org/maven2/io/quarkus/quarkus-smallrye-health-spi/2.15.2.Final/quarkus-smallrye-health-spi-2.15.2.Final.pom (776 B at 3.8 kB/s)
[INFO] Downloading from central: https://repo.maven.apache.org/maven2/io/quarkus/quarkus-smallrye-health-parent/2.15.2.Final/quarkus-smallrye-health-parent-2.15.2.Final.pom
[INFO] Downloaded from central: https://repo.maven.apache.org/maven2/io/quarkus/quarkus-smallrye-health-parent/2.15.2.Final/quarkus-smallrye-health-parent-2.15.2.Final.pom (788 B at 26 kB/s)
[INFO] Downloading from central: https://repo.maven.apache.org/maven2/org/testcontainers/neo4j/1.17.6/neo4j-1.17.6.pom
[INFO] Downloaded from central: https://repo.maven.apache.org/maven2/org/testcontainers/neo4j/1.17.6/neo4j-1.17.6.pom (1.5 kB at 46 kB/s)
[INFO] Downloading from central: https://repo.maven.apache.org/maven2/org/testcontainers/testcontainers/1.17.6/testcontainers-1.17.6.pom
[INFO] Downloaded from central: https://repo.maven.apache.org/maven2/org/testcontainers/testcontainers/1.17.6/testcontainers-1.17.6.pom (2.4 kB at 76 kB/s)
[INFO] Downloading from central: https://repo.maven.apache.org/maven2/org/apache/commons/commons-compress/1.22/commons-compress-1.22.pom
[INFO] Downloaded from central: https://repo.maven.apache.org/maven2/org/apache/commons/commons-compress/1.22/commons-compress-1.22.pom (22 kB at 659 kB/s)
[INFO] Downloading from central: https://repo.maven.apache.org/maven2/org/apache/commons/commons-parent/54/commons-parent-54.pom
[INFO] Downloaded from central: https://repo.maven.apache.org/maven2/org/apache/commons/commons-parent/54/commons-parent-54.pom (82 kB at 2.3 MB/s)
[INFO] Downloading from central: https://repo.maven.apache.org/maven2/io/quarkus/quarkus-devservices-common/2.15.2.Final/quarkus-devservices-common-2.15.2.Final.pom
[INFO] Downloaded from central: https://repo.maven.apache.org/maven2/io/quarkus/quarkus-devservices-common/2.15.2.Final/quarkus-devservices-common-2.15.2.Final.pom (1.5 kB at 6.6 kB/s)
[INFO] Downloading from central: https://repo.maven.apache.org/maven2/io/quarkus/quarkus-devservices-parent/2.15.2.Final/quarkus-devservices-parent-2.15.2.Final.pom
[INFO] Downloaded from central: https://repo.maven.apache.org/maven2/io/quarkus/quarkus-devservices-parent/2.15.2.Final/quarkus-devservices-parent-2.15.2.Final.pom (1.2 kB at 5.6 kB/s)
[INFO] Downloading from central: https://repo.maven.apache.org/maven2/io/quarkus/quarkus-junit4-mock/2.15.2.Final/quarkus-junit4-mock-2.15.2.Final.pom
[INFO] Downloaded from central: https://repo.maven.apache.org/maven2/io/quarkus/quarkus-junit4-mock/2.15.2.Final/quarkus-junit4-mock-2.15.2.Final.pom (720 B at 4.0 kB/s)
[INFO] Downloading from central: https://repo.maven.apache.org/maven2/org/apache/commons/commons-compress/1.22/commons-compress-1.22.jar
[INFO] Downloaded from central: https://repo.maven.apache.org/maven2/org/apache/commons/commons-compress/1.22/commons-compress-1.22.jar (1.0 MB at 8.6 MB/s)
[INFO] Downloading from central: https://repo.maven.apache.org/maven2/org/testcontainers/testcontainers/1.17.6/testcontainers-1.17.6.jar
[INFO] Downloaded from central: https://repo.maven.apache.org/maven2/org/testcontainers/testcontainers/1.17.6/testcontainers-1.17.6.jar (12 MB at 11 MB/s)
[INFO] Downloading from central: https://repo.maven.apache.org/maven2/org/testcontainers/neo4j/1.17.6/neo4j-1.17.6.jar
[INFO] Downloaded from central: https://repo.maven.apache.org/maven2/org/testcontainers/neo4j/1.17.6/neo4j-1.17.6.jar (6.5 kB at 248 kB/s)
[INFO] Downloading from central: https://repo.maven.apache.org/maven2/io/quarkus/quarkus-junit4-mock/2.15.2.Final/quarkus-junit4-mock-2.15.2.Final.jar
[INFO] Downloaded from central: https://repo.maven.apache.org/maven2/io/quarkus/quarkus-junit4-mock/2.15.2.Final/quarkus-junit4-mock-2.15.2.Final.jar (4.1 kB at 19 kB/s)
[INFO] Downloading from central: https://repo.maven.apache.org/maven2/io/quarkus/quarkus-devservices-common/2.15.2.Final/quarkus-devservices-common-2.15.2.Final.jar
[INFO] Downloaded from central: https://repo.maven.apache.org/maven2/io/quarkus/quarkus-devservices-common/2.15.2.Final/quarkus-devservices-common-2.15.2.Final.jar (11 kB at 59 kB/s)
[INFO] ------------------------------------------------------------------------
[INFO] BUILD FAILURE
[INFO] ------------------------------------------------------------------------
[INFO] Total time:  24.666 s
[INFO] Finished at: 2026-09-21T20:44:26Z
[INFO] ------------------------------------------------------------------------
[ERROR] Failed to execute goal io.quarkus:quarkus-maven-plugin:2.13.3.Final:build (default) on project favorite-coffee: Failed to build quarkus application: SRCFG00011: Could not expand value platform.quarkus.native.builder-image in property quarkus.native.builder-image -> [Help 1]
[ERROR] 
[ERROR] To see the full stack trace of the errors, re-run Maven with the -e switch.
[ERROR] Re-run Maven using the -X switch to enable full debug logging.
[ERROR] 
[ERROR] For more information about the errors and possible solutions, please read the following articles:
[ERROR] [Help 1] http://cwiki.apache.org/confluence/display/MAVEN/MojoExecutionException
