[INFO] Scanning for projects...
[INFO] 
[INFO] ----------------< com.codefork.conciliator:conciliator >----------------
[INFO] Building conciliator 3.1.2
[INFO]   from pom.xml
[INFO] --------------------------------[ jar ]---------------------------------
[INFO] 
[INFO] --- buildnumber:1.4:create (default) @ conciliator ---
[INFO] Executing: /bin/sh -c cd '/project' && 'git' 'rev-parse' '--verify' 'HEAD'
[INFO] Working directory: /project
[INFO] Storing buildNumber: 8f95521b53f695f81d82a864571213e3d488b28b at timestamp: 1790021395437
[WARNING] Cannot get the branch information from the git repository: 
Detecting the current branch failed: fatal: ref HEAD is not a symbolic ref

[INFO] Executing: /bin/sh -c cd '/project' && 'git' 'rev-parse' '--verify' 'HEAD'
[INFO] Working directory: /project
[INFO] Storing buildScmBranch: UNKNOWN
[INFO] 
[INFO] --- jacoco:0.8.8:prepare-agent (default-prepare-agent) @ conciliator ---
[INFO] Skipping JaCoCo execution because property jacoco.skip is set.
[INFO] argLine set to empty
[INFO] 
[INFO] --- resources:3.2.0:resources (default-resources) @ conciliator ---
[INFO] Using 'UTF-8' encoding to copy filtered resources.
[INFO] Using 'UTF-8' encoding to copy filtered properties files.
[INFO] Copying 1 resource
[INFO] Copying 0 resource
[INFO] 
[INFO] --- compiler:3.10.1:compile (default-compile) @ conciliator ---
[INFO] Changes detected - recompiling the module!
[INFO] Compiling 91 source files to /project/target/classes
[INFO] /project/src/main/java/com/codefork/refine/datasource/WebServiceDataSource.java: /project/src/main/java/com/codefork/refine/datasource/WebServiceDataSource.java uses unchecked or unsafe operations.
[INFO] /project/src/main/java/com/codefork/refine/datasource/WebServiceDataSource.java: Recompile with -Xlint:unchecked for details.
[INFO] 
[INFO] --- resources:3.2.0:testResources (default-testResources) @ conciliator ---
[INFO] Not copying test resources
[INFO] 
[INFO] --- compiler:3.10.1:testCompile (default-testCompile) @ conciliator ---
[INFO] Not compiling test sources
[INFO] 
[INFO] --- surefire:2.22.2:test (default-test) @ conciliator ---
[INFO] Tests are skipped.
[INFO] 
[INFO] --- jacoco:0.8.8:report (default-report) @ conciliator ---
[INFO] Skipping JaCoCo execution because property jacoco.skip is set.
[INFO] 
[INFO] --- jar:3.2.2:jar (default-jar) @ conciliator ---
[INFO] Building jar: /project/target/conciliator-3.1.2.jar
[INFO] 
[INFO] --- spring-boot:2.7.3:repackage (repackage) @ conciliator ---
[INFO] Replacing main artifact with repackaged archive
[INFO] 
[INFO] --- install:2.5.2:install (default-install) @ conciliator ---
[INFO] Installing /project/target/conciliator-3.1.2.jar to /root/.m2/repository/com/codefork/conciliator/conciliator/3.1.2/conciliator-3.1.2.jar
[INFO] Installing /project/pom.xml to /root/.m2/repository/com/codefork/conciliator/conciliator/3.1.2/conciliator-3.1.2.pom
[INFO] ------------------------------------------------------------------------
[INFO] BUILD SUCCESS
[INFO] ------------------------------------------------------------------------
[INFO] Total time:  12.809 s
[INFO] Finished at: 2026-09-21T20:10:05Z
[INFO] ------------------------------------------------------------------------
