Downloading metadata...
Downloading metadata...
Package                                               Repository            Size
Installing:                                                                     
 emacs-filesystem-1:27.2-18.el9.noarch                ol9_appstream       8.3 kB
 git-2.47.3-1.el9_6.x86_64                            ol9_appstream      66.9 kB
 git-core-2.47.3-1.el9_6.x86_64                       ol9_appstream       5.0 MB
 git-core-doc-2.47.3-1.el9_6.noarch                   ol9_appstream       4.3 MB
 groff-base-1.22.4-10.el9.x86_64                      ol9_baseos_latest   1.3 MB
 libcbor-0.7.0-5.el9.x86_64                           ol9_baseos_latest  58.2 kB
 libedit-3.1-38.20210216cvs.el9.x86_64                ol9_baseos_latest 111.2 kB
 libfido2-1.13.0-2.el9.x86_64                         ol9_baseos_latest 104.0 kB
 ncurses-6.2-8.20210508.el9.x86_64                    ol9_baseos_latest 437.7 kB
 openssh-8.7p1-49.0.1.el9_7.x86_64                    ol9_baseos_latest 492.0 kB
 openssh-clients-8.7p1-49.0.1.el9_7.x86_64            ol9_baseos_latest 748.0 kB
 openssl-fips-provider-3.0.7-8.0.1.el9.x86_64         ol9_baseos_latest   8.5 kB
 openssl-fips-provider-so-3.0.7-8.0.1.el9.x86_64      ol9_baseos_latest 588.9 kB
 perl-AutoLoader-5.74-481.1.el9_6.noarch              ol9_appstream      20.2 kB
 perl-B-1.80-481.1.el9_6.x86_64                       ol9_appstream     199.9 kB
 perl-Carp-1.50-460.el9.noarch                        ol9_appstream      35.1 kB
 perl-Class-Struct-0.66-481.1.el9_6.noarch            ol9_appstream      21.0 kB
 perl-Data-Dumper-2.174-462.el9.x86_64                ol9_appstream      61.8 kB
 perl-Digest-1.19-4.el9.noarch                        ol9_appstream      35.7 kB
 perl-Digest-MD5-2.58-4.el9.x86_64                    ol9_appstream      42.2 kB
 perl-DynaLoader-1.47-481.1.el9_6.x86_64              ol9_appstream      24.7 kB
 perl-Encode-4:3.08-462.el9.x86_64                    ol9_appstream       1.8 MB
 perl-Errno-1.30-481.1.el9_6.x86_64                   ol9_appstream      13.6 kB
 perl-Error-1:0.17029-7.el9.noarch                    ol9_appstream      58.1 kB
 perl-Exporter-5.74-461.el9.noarch                    ol9_appstream      38.4 kB
 perl-Fcntl-1.13-481.1.el9_6.x86_64                   ol9_appstream      19.2 kB
 perl-File-Basename-2.85-481.1.el9_6.noarch           ol9_appstream      16.0 kB
 perl-File-Find-1.37-481.1.el9_6.noarch               ol9_appstream      24.4 kB
 perl-File-Path-2.18-4.el9.noarch                     ol9_appstream      37.0 kB
 perl-File-Temp-1:0.231.100-4.el9.noarch              ol9_appstream      68.4 kB
 perl-File-stat-1.09-481.1.el9_6.noarch               ol9_appstream      15.9 kB
 perl-FileHandle-2.03-481.1.el9_6.noarch              ol9_appstream      14.3 kB
 perl-Getopt-Long-1:2.52-4.el9.noarch                 ol9_appstream      72.9 kB
 perl-Getopt-Std-1.12-481.1.el9_6.noarch              ol9_appstream      14.4 kB
 perl-Git-2.47.3-1.el9_6.noarch                       ol9_appstream      43.3 kB
 perl-HTTP-Tiny-0.076-462.el9.noarch                  ol9_appstream      64.6 kB
 perl-IO-1.43-481.1.el9_6.x86_64                      ol9_appstream     111.4 kB
 perl-IO-Socket-IP-0.41-5.el9.noarch                  ol9_appstream      50.4 kB
 perl-IO-Socket-SSL-2.073-2.el9.noarch                ol9_appstream     239.6 kB
 perl-IPC-Open3-1.21-481.1.el9_6.noarch               ol9_appstream      26.6 kB
 perl-MIME-Base64-3.16-4.el9.x86_64                   ol9_appstream      38.6 kB
 perl-Mozilla-CA-20200520-6.el9.noarch                ol9_appstream      13.3 kB
 perl-NDBM_File-1.15-481.1.el9_6.x86_64               ol9_appstream      20.9 kB
 perl-Net-SSLeay-1.94-3.el9.x86_64                    ol9_appstream     516.4 kB
 perl-POSIX-1.94-481.1.el9_6.x86_64                   ol9_appstream     101.6 kB
 perl-PathTools-3.78-461.el9.x86_64                   ol9_appstream     110.4 kB
 perl-Pod-Escapes-1:1.07-460.el9.noarch               ol9_appstream      21.1 kB
 perl-Pod-Perldoc-3.28.01-461.el9.noarch              ol9_appstream     118.6 kB
 perl-Pod-Simple-1:3.42-4.el9.noarch                  ol9_appstream     278.8 kB
 perl-Pod-Usage-4:2.01-4.el9.noarch                   ol9_appstream      48.9 kB
 perl-Scalar-List-Utils-4:1.56-462.el9.x86_64         ol9_appstream      83.3 kB
 perl-SelectSaver-1.02-481.1.el9_6.noarch             ol9_appstream      10.4 kB
 perl-Socket-4:2.031-4.el9.x86_64                     ol9_appstream      63.5 kB
 perl-Storable-1:3.21-460.el9.x86_64                  ol9_appstream     102.6 kB
 perl-Symbol-1.08-481.1.el9_6.noarch                  ol9_appstream      12.9 kB
 perl-Term-ANSIColor-5.01-461.el9.noarch              ol9_appstream      55.6 kB
 perl-Term-Cap-1.17-460.el9.noarch                    ol9_appstream      27.8 kB
 perl-TermReadKey-2.38-11.el9.x86_64                  ol9_appstream      43.3 kB
 perl-Text-ParseWords-3.30-460.el9.noarch             ol9_appstream      17.2 kB
 perl-Text-Tabs+Wrap-2013.0523-460.el9.noarch         ol9_appstream      29.8 kB
 perl-Time-Local-2:1.300-7.el9.noarch                 ol9_appstream      41.9 kB
 perl-URI-5.09-3.el9.noarch                           ol9_appstream     183.8 kB
 perl-base-2.27-481.1.el9_6.noarch                    ol9_appstream      15.0 kB
 perl-constant-1.33-461.el9.noarch                    ol9_appstream      28.9 kB
 perl-if-0.60.800-481.1.el9_6.noarch                  ol9_appstream      12.7 kB
 perl-interpreter-4:5.32.1-481.1.el9_6.x86_64         ol9_appstream      77.8 kB
 perl-lib-0.65-481.1.el9_6.x86_64                     ol9_appstream      13.6 kB
 perl-libnet-3.13-4.el9.noarch                        ol9_appstream     161.1 kB
 perl-libs-4:5.32.1-481.1.el9_6.x86_64                ol9_appstream       2.8 MB
 perl-mro-1.23-481.1.el9_6.x86_64                     ol9_appstream      27.2 kB
 perl-overload-1.31-481.1.el9_6.noarch                ol9_appstream      45.0 kB
 perl-overloading-0.02-481.1.el9_6.noarch             ol9_appstream      11.6 kB
 perl-parent-1:0.238-460.el9.noarch                   ol9_appstream      15.3 kB
 perl-podlators-1:4.14-460.el9.noarch                 ol9_appstream     138.6 kB
 perl-subs-1.03-481.1.el9_6.noarch                    ol9_appstream      10.3 kB
 perl-vars-1.05-481.1.el9_6.noarch                    ol9_appstream      11.7 kB
Upgrading:                                                                      
 curl-7.76.1-35.el9_7.3.x86_64                        ol9_baseos_latest 310.0 kB
  replacing curl-7.76.1-23.el9_2.4.x86_64                                       
 libcurl-7.76.1-35.el9_7.3.x86_64                     ol9_baseos_latest 289.2 kB
  replacing libcurl-7.76.1-23.el9_2.4.x86_64                                    
 libcurl-devel-7.76.1-35.el9_7.3.x86_64               ol9_appstream       1.5 MB
  replacing libcurl-devel-7.76.1-23.el9_2.4.x86_64                              
 openssl-1:3.5.1-7.0.1.el9_7.x86_64                   ol9_baseos_latest   1.7 MB
  replacing openssl-1:3.0.7-17.0.1.el9_2.x86_64                                 
 openssl-devel-1:3.5.1-7.0.1.el9_7.x86_64             ol9_appstream       4.4 MB
  replacing openssl-devel-1:3.0.7-17.0.1.el9_2.x86_64                           
 openssl-libs-1:3.5.1-7.0.1.el9_7.x86_64              ol9_baseos_latest   2.4 MB
  replacing openssl-libs-1:3.0.7-17.0.1.el9_2.x86_64                            
 tar-2:1.34-9.el9_7.x86_64                            ol9_baseos_latest 949.0 kB
   replacing tar-2:1.34-6.el9_1.x86_64                                          
Transaction Summary:
 Installing:       76 packages
 Reinstalling:      0 packages
 Upgrading:         7 packages
 Obsoleting:        0 packages
 Removing:          0 packages
 Downgrading:       0 packages
Downloading packages...
Running transaction test...
Installing: emacs-filesystem;1:27.2-18.el9;noarch;ol9_appstream
Installing: openssl-fips-provider-so;3.0.7-8.0.1.el9;x86_64;ol9_baseos_latest
Installing: openssl-fips-provider;3.0.7-8.0.1.el9;x86_64;ol9_baseos_latest
Updating: openssl-libs;1:3.5.1-7.0.1.el9_7;x86_64;ol9_baseos_latest
Updating: libcurl;7.76.1-35.el9_7.3;x86_64;ol9_baseos_latest
Installing: openssh;8.7p1-49.0.1.el9_7;x86_64;ol9_baseos_latest
Installing: ncurses;6.2-8.20210508.el9;x86_64;ol9_baseos_latest
Installing: libedit;3.1-38.20210216cvs.el9;x86_64;ol9_baseos_latest
Installing: libcbor;0.7.0-5.el9;x86_64;ol9_baseos_latest
Installing: libfido2;1.13.0-2.el9;x86_64;ol9_baseos_latest
Installing: openssh-clients;8.7p1-49.0.1.el9_7;x86_64;ol9_baseos_latest
Installing: git-core;2.47.3-1.el9_6;x86_64;ol9_appstream
Installing: git-core-doc;2.47.3-1.el9_6;noarch;ol9_appstream
Installing: groff-base;1.22.4-10.el9;x86_64;ol9_baseos_latest
Installing: perl-Digest;1.19-4.el9;noarch;ol9_appstream
Installing: perl-Digest-MD5;2.58-4.el9;x86_64;ol9_appstream
Installing: perl-B;1.80-481.1.el9_6;x86_64;ol9_appstream
Installing: perl-FileHandle;2.03-481.1.el9_6;noarch;ol9_appstream
Installing: perl-Data-Dumper;2.174-462.el9;x86_64;ol9_appstream
Installing: perl-libnet;3.13-4.el9;noarch;ol9_appstream
Installing: perl-AutoLoader;5.74-481.1.el9_6;noarch;ol9_appstream
Installing: perl-base;2.27-481.1.el9_6;noarch;ol9_appstream
Installing: perl-URI;5.09-3.el9;noarch;ol9_appstream
Installing: perl-Mozilla-CA;20200520-6.el9;noarch;ol9_appstream
Installing: perl-if;0.60.800-481.1.el9_6;noarch;ol9_appstream
Installing: perl-IO-Socket-IP;0.41-5.el9;noarch;ol9_appstream
Installing: perl-Time-Local;2:1.300-7.el9;noarch;ol9_appstream
Installing: perl-File-Path;2.18-4.el9;noarch;ol9_appstream
Installing: perl-IO-Socket-SSL;2.073-2.el9;noarch;ol9_appstream
Installing: perl-Net-SSLeay;1.94-3.el9;x86_64;ol9_appstream
Installing: perl-Pod-Escapes;1:1.07-460.el9;noarch;ol9_appstream
Installing: perl-Text-Tabs+Wrap;2013.0523-460.el9;noarch;ol9_appstream
Installing: perl-Class-Struct;0.66-481.1.el9_6;noarch;ol9_appstream
Installing: perl-POSIX;1.94-481.1.el9_6;x86_64;ol9_appstream
Installing: perl-Term-ANSIColor;5.01-461.el9;noarch;ol9_appstream
Installing: perl-IPC-Open3;1.21-481.1.el9_6;noarch;ol9_appstream
Installing: perl-subs;1.03-481.1.el9_6;noarch;ol9_appstream
Installing: perl-File-Temp;1:0.231.100-4.el9;noarch;ol9_appstream
Installing: perl-HTTP-Tiny;0.076-462.el9;noarch;ol9_appstream
Installing: perl-Term-Cap;1.17-460.el9;noarch;ol9_appstream
Installing: perl-Pod-Simple;1:3.42-4.el9;noarch;ol9_appstream
Installing: perl-Socket;4:2.031-4.el9;x86_64;ol9_appstream
Installing: perl-SelectSaver;1.02-481.1.el9_6;noarch;ol9_appstream
Installing: perl-Symbol;1.08-481.1.el9_6;noarch;ol9_appstream
Installing: perl-File-stat;1.09-481.1.el9_6;noarch;ol9_appstream
Installing: perl-podlators;1:4.14-460.el9;noarch;ol9_appstream
Installing: perl-Pod-Perldoc;3.28.01-461.el9;noarch;ol9_appstream
Installing: perl-Fcntl;1.13-481.1.el9_6;x86_64;ol9_appstream
Installing: perl-Text-ParseWords;3.30-460.el9;noarch;ol9_appstream
Installing: perl-mro;1.23-481.1.el9_6;x86_64;ol9_appstream
Installing: perl-IO;1.43-481.1.el9_6;x86_64;ol9_appstream
Installing: perl-overloading;0.02-481.1.el9_6;noarch;ol9_appstream
Installing: perl-Pod-Usage;4:2.01-4.el9;noarch;ol9_appstream
Installing: perl-Errno;1.30-481.1.el9_6;x86_64;ol9_appstream
Installing: perl-File-Basename;2.85-481.1.el9_6;noarch;ol9_appstream
Installing: perl-Getopt-Std;1.12-481.1.el9_6;noarch;ol9_appstream
Installing: perl-MIME-Base64;3.16-4.el9;x86_64;ol9_appstream
Installing: perl-Scalar-List-Utils;4:1.56-462.el9;x86_64;ol9_appstream
Installing: perl-constant;1.33-461.el9;noarch;ol9_appstream
Installing: perl-Storable;1:3.21-460.el9;x86_64;ol9_appstream
Installing: perl-overload;1.31-481.1.el9_6;noarch;ol9_appstream
Installing: perl-parent;1:0.238-460.el9;noarch;ol9_appstream
Installing: perl-vars;1.05-481.1.el9_6;noarch;ol9_appstream
Installing: perl-Getopt-Long;1:2.52-4.el9;noarch;ol9_appstream
Installing: perl-Carp;1.50-460.el9;noarch;ol9_appstream
Installing: perl-Exporter;5.74-461.el9;noarch;ol9_appstream
Installing: perl-NDBM_File;1.15-481.1.el9_6;x86_64;ol9_appstream
Installing: perl-PathTools;3.78-461.el9;x86_64;ol9_appstream
Installing: perl-Encode;4:3.08-462.el9;x86_64;ol9_appstream
Installing: perl-libs;4:5.32.1-481.1.el9_6;x86_64;ol9_appstream
Installing: perl-interpreter;4:5.32.1-481.1.el9_6;x86_64;ol9_appstream
Installing: perl-DynaLoader;1.47-481.1.el9_6;x86_64;ol9_appstream
Installing: perl-TermReadKey;2.38-11.el9;x86_64;ol9_appstream
Installing: perl-Error;1:0.17029-7.el9;noarch;ol9_appstream
Installing: perl-File-Find;1.37-481.1.el9_6;noarch;ol9_appstream
Installing: perl-lib;0.65-481.1.el9_6;x86_64;ol9_appstream
Installing: perl-Git;2.47.3-1.el9_6;noarch;ol9_appstream
Installing: git;2.47.3-1.el9_6;x86_64;ol9_appstream
Updating: curl;7.76.1-35.el9_7.3;x86_64;ol9_baseos_latest
Updating: libcurl-devel;7.76.1-35.el9_7.3;x86_64;ol9_appstream
Updating: openssl;1:3.5.1-7.0.1.el9_7;x86_64;ol9_baseos_latest
Updating: openssl-devel;1:3.5.1-7.0.1.el9_7;x86_64;ol9_appstream
Updating: tar;2:1.34-9.el9_7;x86_64;ol9_baseos_latest
Cleanup: openssl;1:3.0.7-17.0.1.el9_2;x86_64;installed
Cleanup: openssl-devel;1:3.0.7-17.0.1.el9_2;x86_64;installed
Cleanup: libcurl-devel;7.76.1-23.el9_2.4;x86_64;installed
Cleanup: curl;7.76.1-23.el9_2.4;x86_64;installed
Cleanup: libcurl;7.76.1-23.el9_2.4;x86_64;installed
Cleanup: openssl-libs;1:3.0.7-17.0.1.el9_2;x86_64;installed
Cleanup: tar;2:1.34-6.el9_1;x86_64;installed
Complete.
[INFO] Downloaded from central: https://repo.maven.apache.org/maven2/org/codehaus/plexus/plexus/13/plexus-13.pom (27 kB at 1.1 MB/s)
[INFO] Downloading from central: https://repo.maven.apache.org/maven2/org/junit/junit-bom/5.9.3/junit-bom-5.9.3.pom
[INFO] Downloaded from central: https://repo.maven.apache.org/maven2/org/junit/junit-bom/5.9.3/junit-bom-5.9.3.pom (5.6 kB at 141 kB/s)
[INFO] Downloading from central: https://repo.maven.apache.org/maven2/org/apache/maven/resolver/maven-resolver-util/1.9.18/maven-resolver-util-1.9.18.jar
[INFO] Downloaded from central: https://repo.maven.apache.org/maven2/org/apache/maven/resolver/maven-resolver-util/1.9.18/maven-resolver-util-1.9.18.jar (196 kB at 6.8 MB/s)
[INFO] Downloading from central: https://repo.maven.apache.org/maven2/org/codehaus/plexus/plexus-utils/4.0.1/plexus-utils-4.0.1.jar
[INFO] Downloading from central: https://repo.maven.apache.org/maven2/org/codehaus/plexus/plexus-xml/3.0.0/plexus-xml-3.0.0.jar
[INFO] Downloading from central: https://repo.maven.apache.org/maven2/org/apache/maven/resolver/maven-resolver-api/1.9.18/maven-resolver-api-1.9.18.jar
[INFO] Downloaded from central: https://repo.maven.apache.org/maven2/org/codehaus/plexus/plexus-utils/4.0.1/plexus-utils-4.0.1.jar (193 kB at 4.7 MB/s)
[INFO] Downloaded from central: https://repo.maven.apache.org/maven2/org/codehaus/plexus/plexus-xml/3.0.0/plexus-xml-3.0.0.jar (93 kB at 2.2 MB/s)
[INFO] Downloaded from central: https://repo.maven.apache.org/maven2/org/apache/maven/resolver/maven-resolver-api/1.9.18/maven-resolver-api-1.9.18.jar (157 kB at 1.1 MB/s)
[INFO] Installing /project/pom.xml to /root/.m2/repository/com/clickhouse/clickhouse-jdbc-bridge/2.1.0-SNAPSHOT/clickhouse-jdbc-bridge-2.1.0-SNAPSHOT.pom
[INFO] Installing /project/target/clickhouse-jdbc-bridge-2.1.0-SNAPSHOT.jar to /root/.m2/repository/com/clickhouse/clickhouse-jdbc-bridge/2.1.0-SNAPSHOT/clickhouse-jdbc-bridge-2.1.0-SNAPSHOT.jar
[INFO] Installing /project/target/clickhouse-jdbc-bridge-2.1.0-SNAPSHOT-shaded.jar to /root/.m2/repository/com/clickhouse/clickhouse-jdbc-bridge/2.1.0-SNAPSHOT/clickhouse-jdbc-bridge-2.1.0-SNAPSHOT-shaded.jar
[INFO] ------------------------------------------------------------------------
[INFO] BUILD SUCCESS
[INFO] ------------------------------------------------------------------------
[INFO] Total time:  46.900 s
[INFO] Finished at: 2026-05-24T18:22:22Z
[INFO] ------------------------------------------------------------------------
[INFO] Scanning for projects...
[INFO] 
[INFO] ---------------< com.clickhouse:clickhouse-jdbc-bridge >----------------
[INFO] Building ClickHouse JDBC Bridge 2.1.0-SNAPSHOT
[INFO]   from pom.xml
[INFO] --------------------------------[ jar ]---------------------------------
[INFO] 
[INFO] --- notice:1.1.0:check (check-license) @ clickhouse-jdbc-bridge ---
[INFO] Loading license lookup mappings from 'file:/project/misc/license-mappings.xml'
[INFO] Parsing Dependencies for: ClickHouse JDBC Bridge
[INFO] NOTICE file is up to date
[INFO] 
[INFO] --- license:2.11:check (check-license) @ clickhouse-jdbc-bridge ---
[INFO] Checking licenses...
[INFO] 
[INFO] --- resources:3.3.1:resources (default-resources) @ clickhouse-jdbc-bridge ---
[INFO] Copying 3 resources from src/main/resources to target/classes
[INFO] The encoding used to copy filtered properties files have not been set. This means that the same encoding will be used to copy filtered properties files as when copying other filtered resources. This might not be what you want! Run your build with --debug to see which files might be affected. Read more at https://maven.apache.org/plugins/maven-resources-plugin/examples/filtering-properties-files.html
[INFO] 
[INFO] --- compiler:3.8.1:compile (default-compile) @ clickhouse-jdbc-bridge ---
[INFO] Nothing to compile - all classes are up to date
[INFO] 
[INFO] --- resources:3.3.1:testResources (default-testResources) @ clickhouse-jdbc-bridge ---
[INFO] Copying 10 resources from src/test/resources to target/test-classes
[INFO] 
[INFO] --- compiler:3.8.1:testCompile (default-testCompile) @ clickhouse-jdbc-bridge ---
[INFO] Nothing to compile - all classes are up to date
[INFO] 
[INFO] --- surefire:3.0.0-M5:test (default-test) @ clickhouse-jdbc-bridge ---
[INFO] Downloading from central: https://repo.maven.apache.org/maven2/org/apache/maven/surefire/surefire-testng/3.0.0-M5/surefire-testng-3.0.0-M5.jar
[INFO] Downloaded from central: https://repo.maven.apache.org/maven2/org/apache/maven/surefire/surefire-testng/3.0.0-M5/surefire-testng-3.0.0-M5.jar (44 kB at 67 kB/s)
[INFO] Downloading from central: https://repo.maven.apache.org/maven2/org/apache/maven/surefire/surefire-testng/3.0.0-M5/surefire-testng-3.0.0-M5.pom
[INFO] Downloaded from central: https://repo.maven.apache.org/maven2/org/apache/maven/surefire/surefire-testng/3.0.0-M5/surefire-testng-3.0.0-M5.pom (4.1 kB at 111 kB/s)
[INFO] Downloading from central: https://repo.maven.apache.org/maven2/org/apache/maven/surefire/surefire-providers/3.0.0-M5/surefire-providers-3.0.0-M5.pom
[INFO] Downloaded from central: https://repo.maven.apache.org/maven2/org/apache/maven/surefire/surefire-providers/3.0.0-M5/surefire-providers-3.0.0-M5.pom (2.5 kB at 82 kB/s)
[INFO] Downloading from central: https://repo.maven.apache.org/maven2/junit/junit/3.8.2/junit-3.8.2.pom
[INFO] Downloaded from central: https://repo.maven.apache.org/maven2/junit/junit/3.8.2/junit-3.8.2.pom (747 B at 21 kB/s)
[INFO] Downloading from central: https://repo.maven.apache.org/maven2/org/apache/maven/surefire/common-java5/3.0.0-M5/common-java5-3.0.0-M5.pom
[INFO] Downloaded from central: https://repo.maven.apache.org/maven2/org/apache/maven/surefire/common-java5/3.0.0-M5/common-java5-3.0.0-M5.pom (2.6 kB at 14 kB/s)
[INFO] Downloading from central: https://repo.maven.apache.org/maven2/org/apache/maven/surefire/surefire-testng-utils/3.0.0-M5/surefire-testng-utils-3.0.0-M5.pom
[INFO] Downloaded from central: https://repo.maven.apache.org/maven2/org/apache/maven/surefire/surefire-testng-utils/3.0.0-M5/surefire-testng-utils-3.0.0-M5.pom (3.0 kB at 81 kB/s)
[INFO] Downloading from central: https://repo.maven.apache.org/maven2/org/apache/maven/surefire/surefire-grouper/3.0.0-M5/surefire-grouper-3.0.0-M5.pom
[INFO] Downloaded from central: https://repo.maven.apache.org/maven2/org/apache/maven/surefire/surefire-grouper/3.0.0-M5/surefire-grouper-3.0.0-M5.pom (3.1 kB at 69 kB/s)
[INFO] Downloading from central: https://repo.maven.apache.org/maven2/org/testng/testng/5.10/testng-5.10.pom
[INFO] Downloaded from central: https://repo.maven.apache.org/maven2/org/testng/testng/5.10/testng-5.10.pom (2.1 kB at 50 kB/s)
[INFO] Downloading from central: https://repo.maven.apache.org/maven2/junit/junit/4.13/junit-4.13.pom
[INFO] Downloaded from central: https://repo.maven.apache.org/maven2/junit/junit/4.13/junit-4.13.pom (25 kB at 224 kB/s)
[INFO] Downloading from central: https://repo.maven.apache.org/maven2/org/mockito/mockito-core/2.28.2/mockito-core-2.28.2.pom
[INFO] Downloaded from central: https://repo.maven.apache.org/maven2/org/mockito/mockito-core/2.28.2/mockito-core-2.28.2.pom (20 kB at 165 kB/s)
[INFO] Downloading from central: https://repo.maven.apache.org/maven2/net/bytebuddy/byte-buddy/1.9.10/byte-buddy-1.9.10.pom
[INFO] Downloaded from central: https://repo.maven.apache.org/maven2/net/bytebuddy/byte-buddy/1.9.10/byte-buddy-1.9.10.pom (10 kB at 252 kB/s)
[INFO] Downloading from central: https://repo.maven.apache.org/maven2/net/bytebuddy/byte-buddy-parent/1.9.10/byte-buddy-parent-1.9.10.pom
[INFO] Downloaded from central: https://repo.maven.apache.org/maven2/net/bytebuddy/byte-buddy-parent/1.9.10/byte-buddy-parent-1.9.10.pom (36 kB at 918 kB/s)
[INFO] Downloading from central: https://repo.maven.apache.org/maven2/net/bytebuddy/byte-buddy-agent/1.9.10/byte-buddy-agent-1.9.10.pom
[INFO] Downloaded from central: https://repo.maven.apache.org/maven2/net/bytebuddy/byte-buddy-agent/1.9.10/byte-buddy-agent-1.9.10.pom (6.0 kB at 147 kB/s)
[INFO] Downloading from central: https://repo.maven.apache.org/maven2/org/objenesis/objenesis/2.6/objenesis-2.6.pom
[INFO] Downloaded from central: https://repo.maven.apache.org/maven2/org/objenesis/objenesis/2.6/objenesis-2.6.pom (2.8 kB at 60 kB/s)
[INFO] Downloading from central: https://repo.maven.apache.org/maven2/org/objenesis/objenesis-parent/2.6/objenesis-parent-2.6.pom
[INFO] Downloaded from central: https://repo.maven.apache.org/maven2/org/objenesis/objenesis-parent/2.6/objenesis-parent-2.6.pom (17 kB at 472 kB/s)
[INFO] Downloading from central: https://repo.maven.apache.org/maven2/org/powermock/powermock-reflect/2.0.5/powermock-reflect-2.0.5.pom
[INFO] Downloaded from central: https://repo.maven.apache.org/maven2/org/powermock/powermock-reflect/2.0.5/powermock-reflect-2.0.5.pom (7.2 kB at 231 kB/s)
[INFO] Downloading from central: https://repo.maven.apache.org/maven2/org/assertj/assertj-core/3.9.1/assertj-core-3.9.1.pom
[INFO] Downloaded from central: https://repo.maven.apache.org/maven2/org/assertj/assertj-core/3.9.1/assertj-core-3.9.1.pom (10 kB at 320 kB/s)
[INFO] Downloading from central: https://repo.maven.apache.org/maven2/org/assertj/assertj-parent-pom/2.1.9/assertj-parent-pom-2.1.9.pom
[INFO] Downloaded from central: https://repo.maven.apache.org/maven2/org/assertj/assertj-parent-pom/2.1.9/assertj-parent-pom-2.1.9.pom (15 kB at 408 kB/s)
[INFO] Downloading from central: https://repo.maven.apache.org/maven2/org/hamcrest/hamcrest-library/1.3/hamcrest-library-1.3.pom
[INFO] Downloaded from central: https://repo.maven.apache.org/maven2/org/hamcrest/hamcrest-library/1.3/hamcrest-library-1.3.pom (820 B at 8.4 kB/s)
[INFO] Downloading from central: https://repo.maven.apache.org/maven2/org/easytesting/fest-assert/1.4/fest-assert-1.4.pom
[INFO] Downloaded from central: https://repo.maven.apache.org/maven2/org/easytesting/fest-assert/1.4/fest-assert-1.4.pom (2.4 kB at 46 kB/s)
[INFO] Downloading from central: https://repo.maven.apache.org/maven2/org/easytesting/fest/1.0.8/fest-1.0.8.pom
[INFO] Downloaded from central: https://repo.maven.apache.org/maven2/org/easytesting/fest/1.0.8/fest-1.0.8.pom (12 kB at 367 kB/s)
[INFO] Downloading from central: https://repo.maven.apache.org/maven2/org/easytesting/fest-util/1.1.6/fest-util-1.1.6.pom
[INFO] Downloaded from central: https://repo.maven.apache.org/maven2/org/easytesting/fest-util/1.1.6/fest-util-1.1.6.pom (1.6 kB at 43 kB/s)
[INFO] Downloading from central: https://repo.maven.apache.org/maven2/org/apache/maven/surefire/surefire-testng-utils/3.0.0-M5/surefire-testng-utils-3.0.0-M5.jar
[INFO] Downloading from central: https://repo.maven.apache.org/maven2/org/apache/maven/surefire/surefire-grouper/3.0.0-M5/surefire-grouper-3.0.0-M5.jar
[INFO] Downloading from central: https://repo.maven.apache.org/maven2/org/apache/maven/surefire/common-java5/3.0.0-M5/common-java5-3.0.0-M5.jar
[INFO] Downloaded from central: https://repo.maven.apache.org/maven2/org/apache/maven/surefire/surefire-testng-utils/3.0.0-M5/surefire-testng-utils-3.0.0-M5.jar (14 kB at 387 kB/s)
[INFO] Downloaded from central: https://repo.maven.apache.org/maven2/org/apache/maven/surefire/surefire-grouper/3.0.0-M5/surefire-grouper-3.0.0-M5.jar (40 kB at 445 kB/s)
[INFO] Downloaded from central: https://repo.maven.apache.org/maven2/org/apache/maven/surefire/common-java5/3.0.0-M5/common-java5-3.0.0-M5.jar (16 kB at 173 kB/s)
[INFO] 
[INFO] -------------------------------------------------------
[INFO]  T E S T S
[INFO] -------------------------------------------------------
[INFO] Running TestSuite
May 24, 2026 6:22:36 PM com.clickhouse.jdbcbridge.core.BaseRepository registerType
INFO: Registering new type of NamedDataSource: [jdbc] -> [com.clickhouse.jdbcbridge.core.NamedDataSource]
May 24, 2026 6:22:36 PM com.clickhouse.jdbcbridge.core.BaseRepository registerType
INFO: Default type of NamedDataSource is set to [jdbc]
May 24, 2026 6:22:36 PM com.clickhouse.jdbcbridge.core.Utils loadJsonFromFile
INFO: Loading JSON from file [src/test/resources/datasources/test-nds.json]...
May 24, 2026 6:22:37 PM com.clickhouse.jdbcbridge.core.BaseRepository remove
INFO: Removing alias [nds01] of NamedDataSource(id=nds1)...
May 24, 2026 6:22:37 PM com.clickhouse.jdbcbridge.core.NamedDataSource close
INFO: Closing datasource[id=nds1, instance=com.clickhouse.jdbcbridge.core.NamedDataSource@19976a65]
May 24, 2026 6:22:37 PM com.clickhouse.jdbcbridge.core.BaseRepository remove
INFO: Removing alias [nds001] of NamedDataSource(id=nds1)...
May 24, 2026 6:22:37 PM com.clickhouse.jdbcbridge.core.NamedDataSource close
INFO: Closing datasource[id=nds1, instance=com.clickhouse.jdbcbridge.core.NamedDataSource@19976a65]
May 24, 2026 6:22:37 PM com.clickhouse.jdbcbridge.core.BaseRepository remove
INFO: Removing alias [nds] of NamedDataSource(id=nds1)...
May 24, 2026 6:22:37 PM com.clickhouse.jdbcbridge.core.BaseRepository remove
INFO: Removing alias [nds01] of NamedDataSource(id=nds02)...
May 24, 2026 6:22:37 PM com.clickhouse.jdbcbridge.core.NamedDataSource close
INFO: Closing datasource[id=nds02, instance=com.clickhouse.jdbcbridge.core.NamedDataSource@a1f72f5]
May 24, 2026 6:22:37 PM com.clickhouse.jdbcbridge.core.BaseRepository remove
INFO: Removing alias [nds001] of NamedDataSource(id=nds02)...
May 24, 2026 6:22:37 PM com.clickhouse.jdbcbridge.core.NamedDataSource close
INFO: Closing datasource[id=nds02, instance=com.clickhouse.jdbcbridge.core.NamedDataSource@a1f72f5]
May 24, 2026 6:22:37 PM com.clickhouse.jdbcbridge.core.Utils loadJsonFromFile
INFO: Loading JSON from file [src/test/resources/datasources/test-datasource.json]...
May 24, 2026 6:22:37 PM com.clickhouse.jdbcbridge.core.BaseRepository remove
INFO: Removing alias [nds01] of NamedDataSource(id=nds)...
May 24, 2026 6:22:37 PM com.clickhouse.jdbcbridge.core.NamedDataSource close
INFO: Closing datasource[id=nds, instance=com.clickhouse.jdbcbridge.core.NamedDataSource@379614be]
May 24, 2026 6:22:37 PM com.clickhouse.jdbcbridge.core.BaseRepository remove
INFO: Removing NamedDataSource(id=nds) and all its aliases...
May 24, 2026 6:22:37 PM com.clickhouse.jdbcbridge.core.BaseRepository remove
INFO: Removing alias [nds01] of NamedDataSource(id=nds04)...
May 24, 2026 6:22:37 PM com.clickhouse.jdbcbridge.core.BaseRepository remove
INFO: Removing alias [nds001] of NamedDataSource(id=nds)...
May 24, 2026 6:22:37 PM com.clickhouse.jdbcbridge.core.NamedDataSource close
INFO: Closing datasource[id=nds, instance=com.clickhouse.jdbcbridge.core.NamedDataSource@379614be]
May 24, 2026 6:22:37 PM com.clickhouse.jdbcbridge.core.BaseRepository remove
INFO: Removing NamedDataSource(id=nds) and all its aliases...
May 24, 2026 6:22:37 PM com.clickhouse.jdbcbridge.core.BaseRepository remove
INFO: Removing alias [nds01] of NamedDataSource(id=nds)...
May 24, 2026 6:22:37 PM com.clickhouse.jdbcbridge.core.BaseRepository remove
INFO: Removing alias [nds001] of NamedDataSource(id=nds)...
May 24, 2026 6:22:37 PM com.clickhouse.jdbcbridge.core.NamedDataSource close
INFO: Closing datasource[id=nds, instance=com.clickhouse.jdbcbridge.core.NamedDataSource@404bbcbd]
May 24, 2026 6:22:40 PM com.clickhouse.jdbcbridge.core.Utils loadJsonFromFile
INFO: Loading JSON from file [src/test/resources/test.json]...
May 24, 2026 6:22:40 PM com.clickhouse.jdbcbridge.core.Utils loadJsonFromFile
INFO: Loading JSON from file [src/test/resources/file_does_not_exist.json]...
May 24, 2026 6:22:40 PM com.clickhouse.jdbcbridge.core.Utils loadJsonFromFile
WARNING: Failed to load JSON from file src/test/resources/file_does_not_exist.json
May 24, 2026 6:22:41 PM com.clickhouse.jdbcbridge.core.Utils loadJsonFromFile
INFO: Loading JSON from file [src/test/resources/datasources/test-datasource.json]...
May 24, 2026 6:22:41 PM com.clickhouse.jdbcbridge.core.Utils loadJsonFromFile
INFO: Loading JSON from file [src/test/resources/datasources/test-datasource.json]...
May 24, 2026 6:22:41 PM com.clickhouse.jdbcbridge.core.Utils loadTextFromFile
INFO: Loading text from file [src/test/resources/simple.query]...
May 24, 2026 6:22:41 PM com.clickhouse.jdbcbridge.core.Utils loadJsonFromFile
INFO: Loading JSON from file [src/test/resources/server.json]...
[ERROR] Tests run: 48, Failures: 1, Errors: 0, Skipped: 0, Time elapsed: 7.51 s <<< FAILURE! - in TestSuite
[ERROR] com.clickhouse.jdbcbridge.impl.ScriptDataSourceTest.testScriptEval  Time elapsed: 3.038 s  <<< FAILURE!
java.lang.AssertionError: expected object to not be null
	at com.clickhouse.jdbcbridge.impl.ScriptDataSourceTest.testScriptEval(ScriptDataSourceTest.java:37)

[INFO] 
[INFO] Results:
[INFO] 
[ERROR] Failures: 
[ERROR]   ScriptDataSourceTest.testScriptEval:37 expected object to not be null
[INFO] 
[ERROR] Tests run: 48, Failures: 1, Errors: 0, Skipped: 0
[INFO] 
[ERROR] There are test failures.

Please refer to /project/target/surefire-reports for the individual test results.
Please refer to dump files (if any exist) [date].dump, [date]-jvmRun[N].dump and [date].dumpstream.
[INFO] ------------------------------------------------------------------------
[INFO] BUILD SUCCESS
[INFO] ------------------------------------------------------------------------
[INFO] Total time:  16.520 s
[INFO] Finished at: 2026-05-24T18:22:42Z
[INFO] ------------------------------------------------------------------------
