[INFO] Scanning for projects...
[INFO] 
[INFO] -------------------< org.swisspush:cluster-watchdog >-------------------
[INFO] Building cluster-watchdog 3.1.7-SNAPSHOT
[INFO]   from pom.xml
[INFO] --------------------------------[ jar ]---------------------------------
[INFO] 
[INFO] --- enforcer:3.0.0-M1:enforce (enforce-maven) @ cluster-watchdog ---
[INFO] Skipping Rule Enforcement.
[INFO] 
[INFO] --- jacoco:0.8.9:prepare-agent (pre-unit-test) @ cluster-watchdog ---
[INFO] Skipping JaCoCo execution because property jacoco.skip is set.
[INFO] surefireArgLine set to empty
[INFO] 
[INFO] --- resources:3.4.0:resources (default-resources) @ cluster-watchdog ---
[INFO] Copying 1 resource from src/main/resources to target/classes
[INFO] 
[INFO] --- compiler:3.7.0:compile (default-compile) @ cluster-watchdog ---
[INFO] Changes detected - recompiling the module!
[INFO] Compiling 7 source files to /project/target/classes
[INFO] /project/src/main/java/org/swisspush/vertx/cluster/ClusterWatchdogRunner.java: /project/src/main/java/org/swisspush/vertx/cluster/ClusterWatchdogRunner.java uses or overrides a deprecated API.
[INFO] /project/src/main/java/org/swisspush/vertx/cluster/ClusterWatchdogRunner.java: Recompile with -Xlint:deprecation for details.
[INFO] /project/src/main/java/org/swisspush/vertx/cluster/WatchdogResult.java: /project/src/main/java/org/swisspush/vertx/cluster/WatchdogResult.java uses unchecked or unsafe operations.
[INFO] /project/src/main/java/org/swisspush/vertx/cluster/WatchdogResult.java: Recompile with -Xlint:unchecked for details.
[INFO] 
[INFO] --- resources:3.4.0:testResources (default-testResources) @ cluster-watchdog ---
[INFO] Not copying test resources
[INFO] 
[INFO] --- compiler:3.7.0:testCompile (default-testCompile) @ cluster-watchdog ---
[INFO] Not compiling test sources
[INFO] 
[INFO] --- surefire:3.0.0:test (default-test) @ cluster-watchdog ---
[INFO] Tests are skipped.
[INFO] 
[INFO] --- jacoco:0.8.9:report (post-unit-test) @ cluster-watchdog ---
[INFO] Skipping JaCoCo execution because property jacoco.skip is set.
[INFO] 
[INFO] --- jar:3.5.0:jar (default-jar) @ cluster-watchdog ---
[INFO] Building jar: /project/target/cluster-watchdog-3.1.7-SNAPSHOT.jar
[INFO] 
[INFO] --- javadoc:3.11.2:jar (attach-javadocs) @ cluster-watchdog ---
[INFO] Skipping javadoc generation
[INFO] 
[INFO] --- install:3.1.4:install (default-install) @ cluster-watchdog ---
[INFO] Installing /project/pom.xml to /root/.m2/repository/org/swisspush/cluster-watchdog/3.1.7-SNAPSHOT/cluster-watchdog-3.1.7-SNAPSHOT.pom
[INFO] Installing /project/target/cluster-watchdog-3.1.7-SNAPSHOT.jar to /root/.m2/repository/org/swisspush/cluster-watchdog/3.1.7-SNAPSHOT/cluster-watchdog-3.1.7-SNAPSHOT.jar
[INFO] ------------------------------------------------------------------------
[INFO] BUILD SUCCESS
[INFO] ------------------------------------------------------------------------
[INFO] Total time:  8.615 s
[INFO] Finished at: 2026-09-11T20:12:14Z
[INFO] ------------------------------------------------------------------------
