[INFO] Scanning for projects...
[INFO] 
[INFO] ------------< com.programmingskillz:family-tree-xml-parser >------------
[INFO] Building family-tree-xml-parser 1.0.0-SNAPSHOT
[INFO]   from pom.xml
[INFO] --------------------------------[ jar ]---------------------------------
[WARNING] 1 problem was encountered while building the effective model for org.javassist:javassist:jar:3.21.0-GA during dependency collection step for project (use -X to see details)
[INFO] 
[INFO] --- slimming:1.0:singleModuleCheck (default-cli) @ family-tree-xml-parser ---
[INFO] mvn test successfully
[INFO] The project has no target/test-classes folder
[Fatal Error] sql-error-codes.xml:2:10: DOCTYPE is disallowed when the feature "http://apache.org/xml/features/disallow-doctype-decl" set to true.
[Fatal Error] RmiInvocationWrapperRTD.xml:2:10: DOCTYPE is disallowed when the feature "http://apache.org/xml/features/disallow-doctype-decl" set to true.
[INFO] ------------------------------------------------------------------------
[INFO] ---------------------------< START ANALYSE >----------------------------
[INFO] ------------------------------------------------------------------------
[INFO] *************************** S L I M M I N G ****************************
[INFO] ------------------------------------------------------------------------
[INFO] Successfully collect licenses Successfully!
[INFO] ALL DEPENDENCY[69]:
[INFO]  USED DEPENDENCY[69]:
[INFO]   USED DIRECT DEPENDENCY[11]:
[INFO] 		org.powermock:powermock-api-mockito:1.7.1:test [83 KB]
[INFO] 		org.springframework.boot:spring-boot-starter-web:1.5.9.RELEASE:compile [2 KB]
[INFO] 		org.flywaydb:flyway-core:4.2.0:compile [387 KB]
[INFO] 		jakarta.activation:jakarta.activation-api:1.2.2:compile [45 KB]
[INFO] 		javax.xml.bind:jaxb-api:2.3.1:compile [125 KB]
[INFO] 		org.springframework.boot:spring-boot-starter-test:1.5.9.RELEASE:test [2 KB]
[INFO] 		org.springframework.boot:spring-boot-starter-jdbc:1.5.9.RELEASE:compile [2 KB]
[INFO] 		com.h2database:h2:2.2.220:compile [2 MB]
[INFO] 		com.zaxxer:HikariCP:2.7.2:compile [137 KB]
[INFO] 		org.powermock:powermock-module-junit4:1.7.1:test [46 KB]
[INFO] 		org.glassfish.jaxb:jaxb-runtime:2.3.6:compile [995 KB]
[INFO]   USED TRANSITIVE DEPENDENCY[58]:
[INFO] 		javax.activation:javax.activation-api:1.2.0:compile [55 KB]
[INFO] 		org.springframework.boot:spring-boot-test-autoconfigure:1.5.9.RELEASE:test [119 KB]
[INFO] 		org.hamcrest:hamcrest-core:1.3:test [43 KB]
[INFO] 		com.fasterxml:classmate:1.3.4:compile [63 KB]
[INFO] 		org.springframework:spring-tx:4.3.13.RELEASE:compile [261 KB]
[INFO] 		org.powermock:powermock-module-junit4-common:1.7.1:test [17 KB]
[INFO] 		javax.validation:validation-api:1.1.0.Final:compile [62 KB]
[INFO] 		com.jayway.jsonpath:json-path:2.2.0:test [202 KB]
[INFO] 		ch.qos.logback:logback-classic:1.1.11:compile [301 KB]
[INFO] 		org.hibernate:hibernate-validator:5.3.6.Final:compile [709 KB]
[INFO] 		org.springframework:spring-test:4.3.13.RELEASE:test [587 KB]
[INFO] 		org.springframework:spring-core:4.3.13.RELEASE:compile [1 MB]
[INFO] 		org.glassfish.jaxb:txw2:2.3.6:compile [70 KB]
[INFO] 		org.springframework.boot:spring-boot:1.5.9.RELEASE:compile [658 KB]
[INFO] 		ch.qos.logback:logback-core:1.1.11:compile [464 KB]
[INFO] 		net.minidev:json-smart:2.2.1:test [117 KB]
[INFO] 		org.yaml:snakeyaml:1.17:runtime [267 KB]
[INFO] 		org.springframework:spring-context:4.3.13.RELEASE:compile [1 MB]
[INFO] 		net.minidev:accessors-smart:1.1:test [78 KB]
[INFO] 		org.javassist:javassist:3.21.0-GA:test [717 KB]
[INFO] 		org.apache.tomcat.embed:tomcat-embed-websocket:8.5.23:compile [243 KB]
[INFO] 		org.slf4j:slf4j-api:1.7.25:compile [40 KB]
[INFO] 		com.vaadin.external.google:android-json:0.0.20131108.vaadin1:test [17 KB]
[INFO] 		org.springframework:spring-web:4.3.13.RELEASE:compile [806 KB]
[INFO] 		org.springframework.boot:spring-boot-starter:1.5.9.RELEASE:compile [2 KB]
[INFO] 		org.apache.tomcat.embed:tomcat-embed-core:8.5.23:compile [2 MB]
[INFO] 		org.springframework:spring-beans:4.3.13.RELEASE:compile [745 KB]
[INFO] 		org.springframework:spring-expression:4.3.13.RELEASE:compile [257 KB]
[INFO] 		com.fasterxml.jackson.core:jackson-core:2.8.10:compile [276 KB]
[INFO] 		org.slf4j:log4j-over-slf4j:1.7.25:compile [23 KB]
[INFO] 		org.mockito:mockito-core:1.10.19:test [1 MB]
[INFO] 		org.slf4j:jul-to-slf4j:1.7.25:compile [4 KB]
[INFO] 		org.jboss.logging:jboss-logging:3.3.1.Final:compile [64 KB]
[INFO] 		org.hamcrest:hamcrest-library:1.3:test [51 KB]
[INFO] 		jakarta.xml.bind:jakarta.xml.bind-api:2.3.3:compile [112 KB]
[INFO] 		junit:junit:4.12:test [307 KB]
[INFO] 		org.springframework:spring-aop:4.3.13.RELEASE:compile [371 KB]
[INFO] 		com.fasterxml.jackson.core:jackson-databind:2.8.10:compile [1 MB]
[INFO] 		org.apache.tomcat:tomcat-annotations-api:8.5.23:compile [17 KB]
[INFO] 		org.assertj:assertj-core:2.6.0:test [956 KB]
[INFO] 		org.springframework:spring-jdbc:4.3.13.RELEASE:compile [417 KB]
[INFO] 		org.springframework.boot:spring-boot-starter-tomcat:1.5.9.RELEASE:compile [2 KB]
[INFO] 		org.powermock:powermock-api-support:1.7.1:test [22 KB]
[INFO] 		org.ow2.asm:asm:5.0.3:test [51 KB]
[INFO] 		org.powermock:powermock-api-mockito-common:1.7.1:test [34 KB]
[INFO] 		org.skyscreamer:jsonassert:1.4.0:test [28 KB]
[INFO] 		org.springframework.boot:spring-boot-starter-logging:1.5.9.RELEASE:compile [2 KB]
[INFO] 		org.springframework.boot:spring-boot-autoconfigure:1.5.9.RELEASE:compile [1 MB]
[INFO] 		org.objenesis:objenesis:2.1:test [40 KB]
[INFO] 		com.fasterxml.jackson.core:jackson-annotations:2.8.0:compile [54 KB]
[INFO] 		org.springframework.boot:spring-boot-test:1.5.9.RELEASE:test [142 KB]
[INFO] 		com.sun.activation:jakarta.activation:1.2.2:runtime [66 KB]
[INFO] 		org.apache.tomcat.embed:tomcat-embed-el:8.5.23:compile [234 KB]
[INFO] 		com.sun.istack:istack-commons-runtime:3.0.12:compile [29 KB]
[INFO] 		org.powermock:powermock-reflect:1.7.1:test [63 KB]
[INFO] 		org.powermock:powermock-core:1.7.1:test [142 KB]
[INFO] 		org.springframework:spring-webmvc:4.3.13.RELEASE:compile [896 KB]
[INFO] 		org.slf4j:jcl-over-slf4j:1.7.25:compile [16 KB]
[INFO]   USED INHERIT DIRECT DEPENDENCY[0]:
[INFO]   USED INHERIT TRANSITIVE DEPENDENCY[0]:
[INFO]  UNUSED DEPENDENCY[0]:
[INFO]   UNUSED DIRECT DEPENDENCY[0]:
[INFO]   UNUSED TRANSITIVE DEPENDENCY[0]:
[INFO]   UNUSED INHERIT DIRECT DEPENDENCY[0]:
[INFO]   UNUSED INHERIT TRANSITIVE DEPENDENCY[0]:
[INFO] No Bloated
[INFO] MeasureText: org.graphper.layout.AWTMeasureText was loaded as the primary measurement method.
[INFO] Print TreeCallGraph.svg, red is bloated, gray is unload
[INFO] ------------------------------------------------------------------------
[INFO] BUILD SUCCESS
[INFO] ------------------------------------------------------------------------
[INFO] Total time:  01:35 min
[INFO] Finished at: 2026-04-29T15:08:22+02:00
[INFO] ------------------------------------------------------------------------
