[INFO] Scanning for projects...
[INFO] 
[INFO] ---------------< com.clickhouse:clickhouse-jdbc-bridge >----------------
[INFO] Building ClickHouse JDBC Bridge 2.1.0-SNAPSHOT
[INFO]   from pom.xml
[INFO] --------------------------------[ jar ]---------------------------------
[INFO] 
[INFO] --- slimming:1.0:singleModuleCheck (default-cli) @ clickhouse-jdbc-bridge ---
May 25, 2026 9:00:28 AM com.clickhouse.jdbcbridge.core.BaseRepository registerType
INFO: Registering new type of NamedDataSource: [jdbc] -> [com.clickhouse.jdbcbridge.core.NamedDataSource]
May 25, 2026 9:00:28 AM com.clickhouse.jdbcbridge.core.BaseRepository registerType
INFO: Default type of NamedDataSource is set to [jdbc]
May 25, 2026 9:00:28 AM com.clickhouse.jdbcbridge.core.Utils loadJsonFromFile
INFO: Loading JSON from file [src/test/resources/datasources/test-nds.json]...
May 25, 2026 9:00:28 AM com.clickhouse.jdbcbridge.core.BaseRepository remove
INFO: Removing alias [nds01] of NamedDataSource(id=nds1)...
May 25, 2026 9:00:28 AM com.clickhouse.jdbcbridge.core.NamedDataSource close
INFO: Closing datasource[id=nds1, instance=com.clickhouse.jdbcbridge.core.NamedDataSource@1f760b47]
May 25, 2026 9:00:29 AM com.clickhouse.jdbcbridge.core.BaseRepository remove
INFO: Removing alias [nds001] of NamedDataSource(id=nds1)...
May 25, 2026 9:00:29 AM com.clickhouse.jdbcbridge.core.NamedDataSource close
INFO: Closing datasource[id=nds1, instance=com.clickhouse.jdbcbridge.core.NamedDataSource@1f760b47]
May 25, 2026 9:00:29 AM com.clickhouse.jdbcbridge.core.BaseRepository remove
INFO: Removing alias [nds] of NamedDataSource(id=nds1)...
May 25, 2026 9:00:29 AM com.clickhouse.jdbcbridge.core.BaseRepository remove
INFO: Removing alias [nds01] of NamedDataSource(id=nds02)...
May 25, 2026 9:00:29 AM com.clickhouse.jdbcbridge.core.NamedDataSource close
INFO: Closing datasource[id=nds02, instance=com.clickhouse.jdbcbridge.core.NamedDataSource@18ece7f4]
May 25, 2026 9:00:29 AM com.clickhouse.jdbcbridge.core.BaseRepository remove
INFO: Removing alias [nds001] of NamedDataSource(id=nds02)...
May 25, 2026 9:00:29 AM com.clickhouse.jdbcbridge.core.NamedDataSource close
INFO: Closing datasource[id=nds02, instance=com.clickhouse.jdbcbridge.core.NamedDataSource@18ece7f4]
May 25, 2026 9:00:29 AM com.clickhouse.jdbcbridge.core.Utils loadJsonFromFile
INFO: Loading JSON from file [src/test/resources/datasources/test-datasource.json]...
May 25, 2026 9:00:29 AM com.clickhouse.jdbcbridge.core.BaseRepository remove
INFO: Removing alias [nds01] of NamedDataSource(id=nds)...
May 25, 2026 9:00:29 AM com.clickhouse.jdbcbridge.core.NamedDataSource close
INFO: Closing datasource[id=nds, instance=com.clickhouse.jdbcbridge.core.NamedDataSource@2b72cb8a]
May 25, 2026 9:00:29 AM com.clickhouse.jdbcbridge.core.BaseRepository remove
INFO: Removing NamedDataSource(id=nds) and all its aliases...
May 25, 2026 9:00:29 AM com.clickhouse.jdbcbridge.core.BaseRepository remove
INFO: Removing alias [nds01] of NamedDataSource(id=nds04)...
May 25, 2026 9:00:29 AM com.clickhouse.jdbcbridge.core.BaseRepository remove
INFO: Removing alias [nds001] of NamedDataSource(id=nds)...
May 25, 2026 9:00:29 AM com.clickhouse.jdbcbridge.core.NamedDataSource close
INFO: Closing datasource[id=nds, instance=com.clickhouse.jdbcbridge.core.NamedDataSource@2b72cb8a]
May 25, 2026 9:00:29 AM com.clickhouse.jdbcbridge.core.BaseRepository remove
INFO: Removing NamedDataSource(id=nds) and all its aliases...
May 25, 2026 9:00:29 AM com.clickhouse.jdbcbridge.core.BaseRepository remove
INFO: Removing alias [nds01] of NamedDataSource(id=nds)...
May 25, 2026 9:00:29 AM com.clickhouse.jdbcbridge.core.BaseRepository remove
INFO: Removing alias [nds001] of NamedDataSource(id=nds)...
May 25, 2026 9:00:29 AM com.clickhouse.jdbcbridge.core.NamedDataSource close
INFO: Closing datasource[id=nds, instance=com.clickhouse.jdbcbridge.core.NamedDataSource@7f8a9499]
May 25, 2026 9:00:29 AM com.clickhouse.jdbcbridge.core.Utils loadJsonFromFile
INFO: Loading JSON from file [src/test/resources/test.json]...
May 25, 2026 9:00:29 AM com.clickhouse.jdbcbridge.core.Utils loadJsonFromFile
INFO: Loading JSON from file [src/test/resources/file_does_not_exist.json]...
May 25, 2026 9:00:29 AM com.clickhouse.jdbcbridge.core.Utils loadJsonFromFile
WARNING: Failed to load JSON from file src/test/resources/file_does_not_exist.json
May 25, 2026 9:00:29 AM com.clickhouse.jdbcbridge.core.Utils loadJsonFromFile
INFO: Loading JSON from file [src/test/resources/datasources/test-datasource.json]...
May 25, 2026 9:00:29 AM com.clickhouse.jdbcbridge.core.Utils loadJsonFromFile
INFO: Loading JSON from file [src/test/resources/datasources/test-datasource.json]...
May 25, 2026 9:00:29 AM com.clickhouse.jdbcbridge.core.Utils loadTextFromFile
INFO: Loading text from file [src/test/resources/simple.query]...
May 25, 2026 9:00:29 AM com.clickhouse.jdbcbridge.core.Utils loadJsonFromFile
INFO: Loading JSON from file [src/test/resources/server.json]...
[INFO] mvn test successfully
[INFO] The project has no target/test-classes folder
[INFO] ------------------------------------------------------------------------
[INFO] ---------------------------< START ANALYSE >----------------------------
[INFO] ------------------------------------------------------------------------
[INFO] *************************** S L I M M I N G ****************************
[INFO] ------------------------------------------------------------------------
[ERROR] collect licenses failed!
[WARNING] Redundant dependency org.checkerframework:checker-qual:3.19.0 release time Optional[2021-11-01] has not been maintained for 1665 days
[WARNING] Redundant dependency com.google.errorprone:error_prone_annotations:2.10.0 release time Optional[2021-11-04] has not been maintained for 1662 days
[INFO] ALL DEPENDENCY[49]:
[INFO]  USED DEPENDENCY[47]:
[INFO]   USED DIRECT DEPENDENCY[13]:
[INFO] 		org.slf4j:slf4j-api:1.7.36:compile [40 KB]
[INFO] 		com.zaxxer:HikariCP:3.4.5:compile [152 KB]
[INFO] 		dnsjava:dnsjava:3.5.0:compile [520 KB]
[INFO] 		org.slf4j:slf4j-jdk14:1.7.36:compile [8 KB]
[INFO] 		io.micrometer:micrometer-registry-prometheus:1.1.19:compile [30 KB]
[INFO] 		io.vertx:vertx-micrometer-metrics:3.9.13:compile [82 KB]
[INFO] 		io.vertx:vertx-core:3.9.13:compile [1 MB]
[INFO] 		io.vertx:vertx-web-client:3.9.13:compile [62 KB]
[INFO] 		com.github.ben-manes.caffeine:caffeine:2.9.3:compile [890 KB]
[INFO] 		org.testcontainers:testcontainers:1.16.3:test [11 MB]
[INFO] 		io.vertx:vertx-config:3.9.13:compile [55 KB]
[INFO] 		org.testng:testng:6.14.3:test [820 KB]
[INFO] 		io.vertx:vertx-web:3.9.13:compile [283 KB]
[INFO]   USED TRANSITIVE DEPENDENCY[34]:
[INFO] 		junit:junit:4.13.2:test [375 KB]
[INFO] 		org.hamcrest:hamcrest-core:1.3:test [43 KB]
[INFO] 		com.github.docker-java:docker-java-api:3.2.12:test [455 KB]
[INFO] 		io.netty:netty-resolver-dns:4.1.74.Final:compile [152 KB]
[INFO] 		io.netty:netty-codec-http:4.1.74.Final:compile [620 KB]
[INFO] 		io.netty:netty-codec-dns:4.1.74.Final:compile [63 KB]
[INFO] 		io.netty:netty-codec:4.1.74.Final:compile [329 KB]
[INFO] 		io.vertx:vertx-web-common:3.9.13:compile [23 KB]
[INFO] 		io.prometheus:simpleclient_common:0.5.0:compile [5 KB]
[INFO] 		io.vertx:vertx-auth-common:3.9.13:compile [36 KB]
[INFO] 		org.apache.commons:commons-compress:1.21:test [994 KB]
[INFO] 		io.netty:netty-resolver:4.1.74.Final:compile [36 KB]
[INFO] 		io.netty:netty-tcnative-classes:2.0.48.Final:compile [34 KB]
[INFO] 		io.netty:netty-transport:4.1.74.Final:compile [467 KB]
[INFO] 		io.netty:netty-codec-socks:4.1.74.Final:compile [116 KB]
[INFO] 		io.micrometer:micrometer-core:1.1.0:compile [411 KB]
[INFO] 		io.vertx:vertx-bridge-common:3.9.13:compile [11 KB]
[INFO] 		com.beust:jcommander:1.72:test [67 KB]
[INFO] 		io.netty:netty-handler:4.1.74.Final:compile [516 KB]
[INFO] 		io.netty:netty-common:4.1.74.Final:compile [634 KB]
[INFO] 		io.netty:netty-handler-proxy:4.1.74.Final:compile [23 KB]
[INFO] 		com.github.docker-java:docker-java-transport-zerodep:3.2.12:test [1 MB]
[INFO] 		io.netty:netty-codec-http2:4.1.74.Final:compile [461 KB]
[INFO] 		org.jetbrains:annotations:17.0.0:test [18 KB]
[INFO] 		com.github.docker-java:docker-java-transport:3.2.12:test [35 KB]
[INFO] 		io.prometheus:simpleclient:0.5.0:compile [57 KB]
[INFO] 		net.java.dev.jna:jna:5.8.0:test [1 MB]
[INFO] 		io.netty:netty-buffer:4.1.74.Final:compile [296 KB]
[INFO] 		com.fasterxml.jackson.core:jackson-annotations:2.11.4:compile [70 KB]
[INFO] 		com.fasterxml.jackson.core:jackson-core:2.11.4:compile [343 KB]
[INFO] 		com.fasterxml.jackson.core:jackson-databind:2.11.4:compile [1 MB]
[INFO] 		org.hdrhistogram:HdrHistogram:2.1.10:compile [115 KB]
[INFO] 		org.rnorth.duct-tape:duct-tape:1.0.8:test [24 KB]
[INFO] 		org.latencyutils:LatencyUtils:2.0.3:compile [29 KB]
[INFO]   USED INHERIT DIRECT DEPENDENCY[0]:
[INFO]   USED INHERIT TRANSITIVE DEPENDENCY[0]:
[INFO]  UNUSED DEPENDENCY[2]:
[INFO]   UNUSED DIRECT DEPENDENCY[0]:
[INFO]   UNUSED TRANSITIVE DEPENDENCY[2]:
[INFO] 		org.checkerframework:checker-qual:3.19.0:compile [216 KB]
[INFO] 		com.google.errorprone:error_prone_annotations:2.10.0:compile [15 KB]
[INFO]   UNUSED INHERIT DIRECT DEPENDENCY[0]:
[INFO]   UNUSED INHERIT TRANSITIVE DEPENDENCY[0]:
[ERROR] mvn test unsuccessfully
[ERROR] Failed to repair
[INFO] MeasureText: org.graphper.layout.AWTMeasureText was loaded as the primary measurement method.
[INFO] Print TreeCallGraph.svg, red is bloated, gray is unload
[INFO] ------------------------------------------------------------------------
[INFO] BUILD SUCCESS
[INFO] ------------------------------------------------------------------------
[INFO] Total time:  01:31 min
[INFO] Finished at: 2026-05-25T09:01:42+02:00
[INFO] ------------------------------------------------------------------------
