Downloading metadata...
Downloading metadata...
Package                                               Repository            Size
Installing:                                                                     
 emacs-filesystem-1:27.2-18.el9.noarch                ol9_appstream       8.3 kB
 git-2.47.3-1.el9_6.x86_64                            ol9_appstream      66.9 kB
 git-core-2.47.3-1.el9_6.x86_64                       ol9_appstream       5.0 MB
 git-core-doc-2.47.3-1.el9_6.noarch                   ol9_appstream       4.3 MB
 groff-base-1.22.4-10.el9.x86_64                      ol9_baseos_latest   1.3 MB
 libcbor-0.7.0-5.el9.x86_64                           ol9_baseos_latest  58.2 kB
 libedit-3.1-38.20210216cvs.el9.x86_64                ol9_baseos_latest 111.2 kB
 libfido2-1.13.0-2.el9.x86_64                         ol9_baseos_latest 104.0 kB
 ncurses-6.2-8.20210508.el9.x86_64                    ol9_baseos_latest 437.7 kB
 openssh-8.7p1-49.0.1.el9_7.x86_64                    ol9_baseos_latest 492.0 kB
 openssh-clients-8.7p1-49.0.1.el9_7.x86_64            ol9_baseos_latest 748.0 kB
 openssl-fips-provider-3.0.7-8.0.1.el9.x86_64         ol9_baseos_latest   8.5 kB
 openssl-fips-provider-so-3.0.7-8.0.1.el9.x86_64      ol9_baseos_latest 588.9 kB
 perl-AutoLoader-5.74-481.1.el9_6.noarch              ol9_appstream      20.2 kB
 perl-B-1.80-481.1.el9_6.x86_64                       ol9_appstream     199.9 kB
 perl-Carp-1.50-460.el9.noarch                        ol9_appstream      35.1 kB
 perl-Class-Struct-0.66-481.1.el9_6.noarch            ol9_appstream      21.0 kB
 perl-Data-Dumper-2.174-462.el9.x86_64                ol9_appstream      61.8 kB
 perl-Digest-1.19-4.el9.noarch                        ol9_appstream      35.7 kB
 perl-Digest-MD5-2.58-4.el9.x86_64                    ol9_appstream      42.2 kB
 perl-DynaLoader-1.47-481.1.el9_6.x86_64              ol9_appstream      24.7 kB
 perl-Encode-4:3.08-462.el9.x86_64                    ol9_appstream       1.8 MB
 perl-Errno-1.30-481.1.el9_6.x86_64                   ol9_appstream      13.6 kB
 perl-Error-1:0.17029-7.el9.noarch                    ol9_appstream      58.1 kB
 perl-Exporter-5.74-461.el9.noarch                    ol9_appstream      38.4 kB
 perl-Fcntl-1.13-481.1.el9_6.x86_64                   ol9_appstream      19.2 kB
 perl-File-Basename-2.85-481.1.el9_6.noarch           ol9_appstream      16.0 kB
 perl-File-Find-1.37-481.1.el9_6.noarch               ol9_appstream      24.4 kB
 perl-File-Path-2.18-4.el9.noarch                     ol9_appstream      37.0 kB
 perl-File-Temp-1:0.231.100-4.el9.noarch              ol9_appstream      68.4 kB
 perl-File-stat-1.09-481.1.el9_6.noarch               ol9_appstream      15.9 kB
 perl-FileHandle-2.03-481.1.el9_6.noarch              ol9_appstream      14.3 kB
 perl-Getopt-Long-1:2.52-4.el9.noarch                 ol9_appstream      72.9 kB
 perl-Getopt-Std-1.12-481.1.el9_6.noarch              ol9_appstream      14.4 kB
 perl-Git-2.47.3-1.el9_6.noarch                       ol9_appstream      43.3 kB
 perl-HTTP-Tiny-0.076-462.el9.noarch                  ol9_appstream      64.6 kB
 perl-IO-1.43-481.1.el9_6.x86_64                      ol9_appstream     111.4 kB
 perl-IO-Socket-IP-0.41-5.el9.noarch                  ol9_appstream      50.4 kB
 perl-IO-Socket-SSL-2.073-2.el9.noarch                ol9_appstream     239.6 kB
 perl-IPC-Open3-1.21-481.1.el9_6.noarch               ol9_appstream      26.6 kB
 perl-MIME-Base64-3.16-4.el9.x86_64                   ol9_appstream      38.6 kB
 perl-Mozilla-CA-20200520-6.el9.noarch                ol9_appstream      13.3 kB
 perl-NDBM_File-1.15-481.1.el9_6.x86_64               ol9_appstream      20.9 kB
 perl-Net-SSLeay-1.94-3.el9.x86_64                    ol9_appstream     516.4 kB
 perl-POSIX-1.94-481.1.el9_6.x86_64                   ol9_appstream     101.6 kB
 perl-PathTools-3.78-461.el9.x86_64                   ol9_appstream     110.4 kB
 perl-Pod-Escapes-1:1.07-460.el9.noarch               ol9_appstream      21.1 kB
 perl-Pod-Perldoc-3.28.01-461.el9.noarch              ol9_appstream     118.6 kB
 perl-Pod-Simple-1:3.42-4.el9.noarch                  ol9_appstream     278.8 kB
 perl-Pod-Usage-4:2.01-4.el9.noarch                   ol9_appstream      48.9 kB
 perl-Scalar-List-Utils-4:1.56-462.el9.x86_64         ol9_appstream      83.3 kB
 perl-SelectSaver-1.02-481.1.el9_6.noarch             ol9_appstream      10.4 kB
 perl-Socket-4:2.031-4.el9.x86_64                     ol9_appstream      63.5 kB
 perl-Storable-1:3.21-460.el9.x86_64                  ol9_appstream     102.6 kB
 perl-Symbol-1.08-481.1.el9_6.noarch                  ol9_appstream      12.9 kB
 perl-Term-ANSIColor-5.01-461.el9.noarch              ol9_appstream      55.6 kB
 perl-Term-Cap-1.17-460.el9.noarch                    ol9_appstream      27.8 kB
 perl-TermReadKey-2.38-11.el9.x86_64                  ol9_appstream      43.3 kB
 perl-Text-ParseWords-3.30-460.el9.noarch             ol9_appstream      17.2 kB
 perl-Text-Tabs+Wrap-2013.0523-460.el9.noarch         ol9_appstream      29.8 kB
 perl-Time-Local-2:1.300-7.el9.noarch                 ol9_appstream      41.9 kB
 perl-URI-5.09-3.el9.noarch                           ol9_appstream     183.8 kB
 perl-base-2.27-481.1.el9_6.noarch                    ol9_appstream      15.0 kB
 perl-constant-1.33-461.el9.noarch                    ol9_appstream      28.9 kB
 perl-if-0.60.800-481.1.el9_6.noarch                  ol9_appstream      12.7 kB
 perl-interpreter-4:5.32.1-481.1.el9_6.x86_64         ol9_appstream      77.8 kB
 perl-lib-0.65-481.1.el9_6.x86_64                     ol9_appstream      13.6 kB
 perl-libnet-3.13-4.el9.noarch                        ol9_appstream     161.1 kB
 perl-libs-4:5.32.1-481.1.el9_6.x86_64                ol9_appstream       2.8 MB
 perl-mro-1.23-481.1.el9_6.x86_64                     ol9_appstream      27.2 kB
 perl-overload-1.31-481.1.el9_6.noarch                ol9_appstream      45.0 kB
 perl-overloading-0.02-481.1.el9_6.noarch             ol9_appstream      11.6 kB
 perl-parent-1:0.238-460.el9.noarch                   ol9_appstream      15.3 kB
 perl-podlators-1:4.14-460.el9.noarch                 ol9_appstream     138.6 kB
 perl-subs-1.03-481.1.el9_6.noarch                    ol9_appstream      10.3 kB
 perl-vars-1.05-481.1.el9_6.noarch                    ol9_appstream      11.7 kB
Upgrading:                                                                      
 curl-7.76.1-35.el9_7.3.x86_64                        ol9_baseos_latest 310.0 kB
  replacing curl-7.76.1-23.el9_2.4.x86_64                                       
 libcurl-7.76.1-35.el9_7.3.x86_64                     ol9_baseos_latest 289.2 kB
  replacing libcurl-7.76.1-23.el9_2.4.x86_64                                    
 libcurl-devel-7.76.1-35.el9_7.3.x86_64               ol9_appstream       1.5 MB
  replacing libcurl-devel-7.76.1-23.el9_2.4.x86_64                              
 openssl-1:3.5.1-7.0.1.el9_7.x86_64                   ol9_baseos_latest   1.7 MB
  replacing openssl-1:3.0.7-17.0.1.el9_2.x86_64                                 
 openssl-devel-1:3.5.1-7.0.1.el9_7.x86_64             ol9_appstream       4.4 MB
  replacing openssl-devel-1:3.0.7-17.0.1.el9_2.x86_64                           
 openssl-libs-1:3.5.1-7.0.1.el9_7.x86_64              ol9_baseos_latest   2.4 MB
  replacing openssl-libs-1:3.0.7-17.0.1.el9_2.x86_64                            
 tar-2:1.34-9.el9_7.x86_64                            ol9_baseos_latest 949.0 kB
   replacing tar-2:1.34-6.el9_1.x86_64                                          
Transaction Summary:
 Installing:       76 packages
 Reinstalling:      0 packages
 Upgrading:         7 packages
 Obsoleting:        0 packages
 Removing:          0 packages
 Downgrading:       0 packages
Downloading packages...
Running transaction test...
Installing: emacs-filesystem;1:27.2-18.el9;noarch;ol9_appstream
Installing: openssl-fips-provider-so;3.0.7-8.0.1.el9;x86_64;ol9_baseos_latest
Installing: openssl-fips-provider;3.0.7-8.0.1.el9;x86_64;ol9_baseos_latest
Updating: openssl-libs;1:3.5.1-7.0.1.el9_7;x86_64;ol9_baseos_latest
Updating: libcurl;7.76.1-35.el9_7.3;x86_64;ol9_baseos_latest
Installing: openssh;8.7p1-49.0.1.el9_7;x86_64;ol9_baseos_latest
Installing: ncurses;6.2-8.20210508.el9;x86_64;ol9_baseos_latest
Installing: libedit;3.1-38.20210216cvs.el9;x86_64;ol9_baseos_latest
Installing: libcbor;0.7.0-5.el9;x86_64;ol9_baseos_latest
Installing: libfido2;1.13.0-2.el9;x86_64;ol9_baseos_latest
Installing: openssh-clients;8.7p1-49.0.1.el9_7;x86_64;ol9_baseos_latest
Installing: git-core;2.47.3-1.el9_6;x86_64;ol9_appstream
Installing: git-core-doc;2.47.3-1.el9_6;noarch;ol9_appstream
Installing: groff-base;1.22.4-10.el9;x86_64;ol9_baseos_latest
Installing: perl-Digest;1.19-4.el9;noarch;ol9_appstream
Installing: perl-Digest-MD5;2.58-4.el9;x86_64;ol9_appstream
Installing: perl-B;1.80-481.1.el9_6;x86_64;ol9_appstream
Installing: perl-FileHandle;2.03-481.1.el9_6;noarch;ol9_appstream
Installing: perl-Data-Dumper;2.174-462.el9;x86_64;ol9_appstream
Installing: perl-libnet;3.13-4.el9;noarch;ol9_appstream
Installing: perl-AutoLoader;5.74-481.1.el9_6;noarch;ol9_appstream
Installing: perl-base;2.27-481.1.el9_6;noarch;ol9_appstream
Installing: perl-URI;5.09-3.el9;noarch;ol9_appstream
Installing: perl-Mozilla-CA;20200520-6.el9;noarch;ol9_appstream
Installing: perl-if;0.60.800-481.1.el9_6;noarch;ol9_appstream
Installing: perl-IO-Socket-IP;0.41-5.el9;noarch;ol9_appstream
Installing: perl-Time-Local;2:1.300-7.el9;noarch;ol9_appstream
Installing: perl-File-Path;2.18-4.el9;noarch;ol9_appstream
Installing: perl-IO-Socket-SSL;2.073-2.el9;noarch;ol9_appstream
Installing: perl-Net-SSLeay;1.94-3.el9;x86_64;ol9_appstream
Installing: perl-Pod-Escapes;1:1.07-460.el9;noarch;ol9_appstream
Installing: perl-Text-Tabs+Wrap;2013.0523-460.el9;noarch;ol9_appstream
Installing: perl-Class-Struct;0.66-481.1.el9_6;noarch;ol9_appstream
Installing: perl-POSIX;1.94-481.1.el9_6;x86_64;ol9_appstream
Installing: perl-Term-ANSIColor;5.01-461.el9;noarch;ol9_appstream
Installing: perl-IPC-Open3;1.21-481.1.el9_6;noarch;ol9_appstream
Installing: perl-subs;1.03-481.1.el9_6;noarch;ol9_appstream
Installing: perl-File-Temp;1:0.231.100-4.el9;noarch;ol9_appstream
Installing: perl-HTTP-Tiny;0.076-462.el9;noarch;ol9_appstream
Installing: perl-Term-Cap;1.17-460.el9;noarch;ol9_appstream
Installing: perl-Pod-Simple;1:3.42-4.el9;noarch;ol9_appstream
Installing: perl-Socket;4:2.031-4.el9;x86_64;ol9_appstream
Installing: perl-SelectSaver;1.02-481.1.el9_6;noarch;ol9_appstream
Installing: perl-Symbol;1.08-481.1.el9_6;noarch;ol9_appstream
Installing: perl-File-stat;1.09-481.1.el9_6;noarch;ol9_appstream
Installing: perl-podlators;1:4.14-460.el9;noarch;ol9_appstream
Installing: perl-Pod-Perldoc;3.28.01-461.el9;noarch;ol9_appstream
Installing: perl-Fcntl;1.13-481.1.el9_6;x86_64;ol9_appstream
Installing: perl-Text-ParseWords;3.30-460.el9;noarch;ol9_appstream
Installing: perl-mro;1.23-481.1.el9_6;x86_64;ol9_appstream
Installing: perl-IO;1.43-481.1.el9_6;x86_64;ol9_appstream
Installing: perl-overloading;0.02-481.1.el9_6;noarch;ol9_appstream
Installing: perl-Pod-Usage;4:2.01-4.el9;noarch;ol9_appstream
Installing: perl-Errno;1.30-481.1.el9_6;x86_64;ol9_appstream
Installing: perl-File-Basename;2.85-481.1.el9_6;noarch;ol9_appstream
Installing: perl-Getopt-Std;1.12-481.1.el9_6;noarch;ol9_appstream
Installing: perl-MIME-Base64;3.16-4.el9;x86_64;ol9_appstream
Installing: perl-Scalar-List-Utils;4:1.56-462.el9;x86_64;ol9_appstream
Installing: perl-constant;1.33-461.el9;noarch;ol9_appstream
Installing: perl-Storable;1:3.21-460.el9;x86_64;ol9_appstream
Installing: perl-overload;1.31-481.1.el9_6;noarch;ol9_appstream
Installing: perl-parent;1:0.238-460.el9;noarch;ol9_appstream
Installing: perl-vars;1.05-481.1.el9_6;noarch;ol9_appstream
Installing: perl-Getopt-Long;1:2.52-4.el9;noarch;ol9_appstream
Installing: perl-Carp;1.50-460.el9;noarch;ol9_appstream
Installing: perl-Exporter;5.74-461.el9;noarch;ol9_appstream
Installing: perl-NDBM_File;1.15-481.1.el9_6;x86_64;ol9_appstream
Installing: perl-PathTools;3.78-461.el9;x86_64;ol9_appstream
Installing: perl-Encode;4:3.08-462.el9;x86_64;ol9_appstream
Installing: perl-libs;4:5.32.1-481.1.el9_6;x86_64;ol9_appstream
Installing: perl-interpreter;4:5.32.1-481.1.el9_6;x86_64;ol9_appstream
Installing: perl-DynaLoader;1.47-481.1.el9_6;x86_64;ol9_appstream
Installing: perl-TermReadKey;2.38-11.el9;x86_64;ol9_appstream
Installing: perl-Error;1:0.17029-7.el9;noarch;ol9_appstream
Installing: perl-File-Find;1.37-481.1.el9_6;noarch;ol9_appstream
Installing: perl-lib;0.65-481.1.el9_6;x86_64;ol9_appstream
Installing: perl-Git;2.47.3-1.el9_6;noarch;ol9_appstream
Installing: git;2.47.3-1.el9_6;x86_64;ol9_appstream
Updating: curl;7.76.1-35.el9_7.3;x86_64;ol9_baseos_latest
Updating: libcurl-devel;7.76.1-35.el9_7.3;x86_64;ol9_appstream
Updating: openssl;1:3.5.1-7.0.1.el9_7;x86_64;ol9_baseos_latest
Updating: openssl-devel;1:3.5.1-7.0.1.el9_7;x86_64;ol9_appstream
Updating: tar;2:1.34-9.el9_7;x86_64;ol9_baseos_latest
Cleanup: openssl;1:3.0.7-17.0.1.el9_2;x86_64;installed
Cleanup: openssl-devel;1:3.0.7-17.0.1.el9_2;x86_64;installed
Cleanup: libcurl-devel;7.76.1-23.el9_2.4;x86_64;installed
Cleanup: curl;7.76.1-23.el9_2.4;x86_64;installed
Cleanup: libcurl;7.76.1-23.el9_2.4;x86_64;installed
Cleanup: openssl-libs;1:3.0.7-17.0.1.el9_2;x86_64;installed
Cleanup: tar;2:1.34-6.el9_1;x86_64;installed
Complete.
[ERROR] Resolving expression: '${argLine}': Detected the following recursive expression cycle in 'argLine': [argLine] @ 
 @ 
[INFO] 0 goals, 0 executed
[WARNING] Adding build scan buildFinished actions is not allowed once their invocation has started. Newly added action will be ignored.
[WARNING] Unexpected error while contacting Gradle Enterprise server at https://ge.apache.org/
[WARNING] No build scan will be published: Gradle Enterprise features were not enabled due to an unexpected error while contacting Gradle Enterprise.
[ERROR] The build could not read 1 project -> [Help 1]
[ERROR]   
[ERROR]   The project org.apache.iotdb:iotdb-extras-parent:2.0.4-SNAPSHOT (/project/pom.xml) has 4 errors
[ERROR]     Resolving expression: '${argLine}': Detected the following recursive expression cycle in 'argLine': [argLine] -> [Help 2]
[ERROR]     Resolving expression: '${argLine}': Detected the following recursive expression cycle in 'argLine': [argLine] -> [Help 2]
[ERROR]     Resolving expression: '${argLine}': Detected the following recursive expression cycle in 'argLine': [argLine] -> [Help 2]
[ERROR]     Resolving expression: '${argLine}': Detected the following recursive expression cycle in 'argLine': [argLine] -> [Help 2]
[ERROR] 
[ERROR] To see the full stack trace of the errors, re-run Maven with the -e switch.
[ERROR] Re-run Maven using the -X switch to enable full debug logging.
[ERROR] 
[ERROR] For more information about the errors and possible solutions, please read the following articles:
[ERROR] [Help 1] http://cwiki.apache.org/confluence/display/MAVEN/ProjectBuildingException
[ERROR] [Help 2] http://cwiki.apache.org/confluence/display/MAVEN/InterpolationCycleException
[INFO] Downloading from central: https://repo.maven.apache.org/maven2/org/apache/httpcomponents/httpclient/4.5.14/httpclient-4.5.14.jar
[INFO] Downloading from central: https://repo.maven.apache.org/maven2/org/apache/httpcomponents/httpcore/4.4.12/httpcore-4.4.12.jar
[INFO] Downloaded from central: https://repo.maven.apache.org/maven2/org/apache/httpcomponents/httpcore/4.4.12/httpcore-4.4.12.jar (328 kB at 600 kB/s)
[INFO] Downloading from central: https://repo.maven.apache.org/maven2/org/apache/tsfile/common/2.1.1/common-2.1.1.jar
[INFO] Downloaded from central: https://repo.maven.apache.org/maven2/org/apache/iotdb/iotdb-thrift-commons/2.0.5/iotdb-thrift-commons-2.0.5.jar (466 kB at 807 kB/s)
[INFO] Downloading from central: https://repo.maven.apache.org/maven2/ch/qos/logback/logback-classic/1.3.15/logback-classic-1.3.15.jar
[INFO] Downloaded from central: https://repo.maven.apache.org/maven2/org/apache/iotdb/iotdb-session/2.0.5/iotdb-session-2.0.5.jar (253 kB at 434 kB/s)
[INFO] Downloading from central: https://repo.maven.apache.org/maven2/ch/qos/logback/logback-core/1.3.15/logback-core-1.3.15.jar
[INFO] Downloaded from central: https://repo.maven.apache.org/maven2/ch/qos/logback/logback-core/1.3.15/logback-core-1.3.15.jar (572 kB at 892 kB/s)
[INFO] Downloading from central: https://repo.maven.apache.org/maven2/org/xerial/sqlite-jdbc/3.49.1.0/sqlite-jdbc-3.49.1.0.jar
[INFO] Downloaded from central: https://repo.maven.apache.org/maven2/ch/qos/logback/logback-classic/1.3.15/logback-classic-1.3.15.jar (274 kB at 427 kB/s)
[INFO] Downloading from central: https://repo.maven.apache.org/maven2/commons-io/commons-io/2.14.0/commons-io-2.14.0.jar
[INFO] Downloaded from central: https://repo.maven.apache.org/maven2/commons-io/commons-io/2.14.0/commons-io-2.14.0.jar (494 kB at 701 kB/s)
[INFO] Downloading from central: https://repo.maven.apache.org/maven2/com/github/luben/zstd-jni/1.5.5-5/zstd-jni-1.5.5-5.jar
[INFO] Downloaded from central: https://repo.maven.apache.org/maven2/org/apache/tsfile/common/2.1.1/common-2.1.1.jar (50 kB at 66 kB/s)
[INFO] Downloading from central: https://repo.maven.apache.org/maven2/org/apache/kafka/kafka-clients/2.8.2/kafka-clients-2.8.2.jar
[INFO] Downloaded from central: https://repo.maven.apache.org/maven2/org/apache/httpcomponents/httpclient/4.5.14/httpclient-4.5.14.jar (786 kB at 502 kB/s)
[INFO] Downloaded from central: https://repo.maven.apache.org/maven2/com/github/luben/zstd-jni/1.5.5-5/zstd-jni-1.5.5-5.jar (5.9 MB at 3.6 MB/s)
[INFO] Downloaded from central: https://repo.maven.apache.org/maven2/org/apache/iotdb/iotdb-thrift/2.0.5/iotdb-thrift-2.0.5.jar (7.2 MB at 3.4 MB/s)
[INFO] Downloaded from central: https://repo.maven.apache.org/maven2/org/apache/kafka/kafka-clients/2.8.2/kafka-clients-2.8.2.jar (4.6 MB at 2.1 MB/s)
[INFO] Downloaded from central: https://repo.maven.apache.org/maven2/org/xerial/sqlite-jdbc/3.49.1.0/sqlite-jdbc-3.49.1.0.jar (14 MB at 6.1 MB/s)
[INFO] 
[INFO] --- checkstyle:3.3.0:check (validate) @ collector-core ---
[INFO] You have 0 Checkstyle violations.
[INFO] 
[INFO] --- spotless:2.43.0:check (spotless-check) @ collector-core ---
[INFO] Spotless check skipped
[INFO] 
[INFO] --- enforcer:3.4.1:enforce (enforce-maven-version) @ collector-core ---
[INFO] Skipping Rule Enforcement.
[INFO] 
[INFO] --- enforcer:3.4.1:enforce (enforce-java-version) @ collector-core ---
[INFO] Skipping Rule Enforcement.
[INFO] 
[INFO] --- enforcer:3.4.1:enforce (enforce-version-convergence) @ collector-core ---
[INFO] Skipping Rule Enforcement.
[INFO] 
[INFO] --- enforcer:3.4.1:enforce (enforce-ban-duplicate-classes) @ collector-core ---
[INFO] Skipping Rule Enforcement.
[INFO] 
[INFO] --- enforcer:3.4.1:enforce (vulnerability-checks) @ collector-core ---
[INFO] Skipping Rule Enforcement.
[INFO] 
[INFO] --- remote-resources:3.1.0:process (process-resource-bundles) @ collector-core ---
[INFO] Preparing remote bundle org.apache:apache-jar-resource-bundle:1.4
[INFO] Copying 3 resources from 1 bundle.
[INFO] 
[INFO] --- resources:3.3.1:resources (default-resources) @ collector-core ---
[INFO] Copying 2 resources from src/assembly/resources/conf to target/classes
[INFO] Copying 3 resources from target/maven-shared-archive-resources to target/classes
[INFO] 
[INFO] --- compiler:3.11.0:compile (default-compile) @ collector-core ---
[INFO] Changes detected - recompiling the module! :dependency
[INFO] Compiling 157 source files with javac [debug release 8] to target/classes
[INFO] /project/iotdb-collector/collector-core/src/main/java/org/apache/iotdb/collector/utils/builder/PipeTreeModelTsFileBuilder.java: Some input files use or override a deprecated API.
[INFO] /project/iotdb-collector/collector-core/src/main/java/org/apache/iotdb/collector/utils/builder/PipeTreeModelTsFileBuilder.java: Recompile with -Xlint:deprecation for details.
[INFO] /project/iotdb-collector/collector-core/src/main/java/org/apache/iotdb/collector/utils/builder/PipeTableModeTsFileBuilder.java: /project/iotdb-collector/collector-core/src/main/java/org/apache/iotdb/collector/utils/builder/PipeTableModeTsFileBuilder.java uses unchecked or unsafe operations.
[INFO] /project/iotdb-collector/collector-core/src/main/java/org/apache/iotdb/collector/utils/builder/PipeTableModeTsFileBuilder.java: Recompile with -Xlint:unchecked for details.
[INFO] 
[INFO] --- xml-format:3.2.2:xml-format (xml-format) @ collector-core ---
[INFO] 
[INFO] --- resources:3.3.1:testResources (default-testResources) @ collector-core ---
[INFO] skip non existing resourceDirectory /project/iotdb-collector/collector-core/src/test/resources
[INFO] Copying 3 resources from target/maven-shared-archive-resources to target/test-classes
[INFO] 
[INFO] --- compiler:3.11.0:testCompile (default-testCompile) @ collector-core ---
[INFO] No sources to compile
[INFO] 
[INFO] --- surefire:3.1.2:test (default-test) @ collector-core ---
[INFO] 
[INFO] --- surefire:3.1.2:test (unit-tests) @ collector-core ---
[INFO] 
[INFO] --------------< org.apache.iotdb:collector-distribution >---------------
[INFO] Building IoTDB: Collector: Distribution 2.0.4-SNAPSHOT             [7/8]
[INFO]   from iotdb-collector/collector-distribution/pom.xml
[INFO] --------------------------------[ pom ]---------------------------------
[INFO] Downloading from central: https://repo.maven.apache.org/maven2/org/apache/maven/plugins/maven-assembly-plugin/3.6.0/maven-assembly-plugin-3.6.0.pom
[INFO] Downloading from apache.snapshots: https://repository.apache.org/snapshots/org/apache/iotdb/collector-core/2.0.4-SNAPSHOT/maven-metadata.xml
[INFO] Downloaded from central: https://repo.maven.apache.org/maven2/org/apache/maven/plugins/maven-assembly-plugin/3.6.0/maven-assembly-plugin-3.6.0.pom (15 kB at 119 kB/s)
[INFO] Downloading from central: https://repo.maven.apache.org/maven2/org/apache/maven/plugins/maven-assembly-plugin/3.6.0/maven-assembly-plugin-3.6.0.jar
[INFO] Downloaded from central: https://repo.maven.apache.org/maven2/org/apache/maven/plugins/maven-assembly-plugin/3.6.0/maven-assembly-plugin-3.6.0.jar (236 kB at 2.3 MB/s)
[INFO] Downloaded from apache.snapshots: https://repository.apache.org/snapshots/org/apache/iotdb/collector-core/2.0.4-SNAPSHOT/maven-metadata.xml (1.2 kB at 3.2 kB/s)
[INFO] Downloading from apache.snapshots: https://repository.apache.org/snapshots/org/apache/iotdb/collector-core/2.0.4-SNAPSHOT/collector-core-2.0.4-20250925.055331-1.zip
[INFO] Downloaded from apache.snapshots: https://repository.apache.org/snapshots/org/apache/iotdb/collector-core/2.0.4-SNAPSHOT/collector-core-2.0.4-20250925.055331-1.zip (53 MB at 13 MB/s)
[INFO] 
[INFO] --- checkstyle:3.3.0:check (validate) @ collector-distribution ---
[INFO] You have 0 Checkstyle violations.
[INFO] 
[INFO] --- spotless:2.43.0:check (spotless-check) @ collector-distribution ---
[INFO] Spotless check skipped
[INFO] 
[INFO] --- enforcer:3.4.1:enforce (enforce-maven-version) @ collector-distribution ---
[INFO] Skipping Rule Enforcement.
[INFO] 
[INFO] --- enforcer:3.4.1:enforce (enforce-java-version) @ collector-distribution ---
[INFO] Skipping Rule Enforcement.
[INFO] 
[INFO] --- enforcer:3.4.1:enforce (enforce-version-convergence) @ collector-distribution ---
[INFO] Skipping Rule Enforcement.
[INFO] 
[INFO] --- enforcer:3.4.1:enforce (enforce-ban-duplicate-classes) @ collector-distribution ---
[INFO] Skipping Rule Enforcement.
[INFO] 
[INFO] --- enforcer:3.4.1:enforce (vulnerability-checks) @ collector-distribution ---
[INFO] Skipping Rule Enforcement.
[INFO] 
[INFO] --- remote-resources:3.1.0:process (process-resource-bundles) @ collector-distribution ---
[INFO] Preparing remote bundle org.apache:apache-jar-resource-bundle:1.4
[INFO] Copying 3 resources from 1 bundle.
[INFO] 
[INFO] --- xml-format:3.2.2:xml-format (xml-format) @ collector-distribution ---
[INFO] 
[INFO] --- surefire:3.1.2:test (unit-tests) @ collector-distribution ---
[INFO] No tests to run.
[INFO] No tests to run.
[INFO] 
[INFO] -------------< org.apache.iotdb:mybatis-generator-plugin >--------------
[INFO] Building IoTDB Extras: Mybatis Generator Plugin 2.0.4-SNAPSHOT     [8/8]
[INFO]   from mybatis-generator/pom.xml
[INFO] --------------------------------[ jar ]---------------------------------
[INFO] Downloading from central: https://repo.maven.apache.org/maven2/net/nicoulaj/maven/plugins/checksum-maven-plugin/1.11/checksum-maven-plugin-1.11.pom
[INFO] Downloading from central: https://repo.maven.apache.org/maven2/org/mybatis/generator/mybatis-generator-core/1.4.2/mybatis-generator-core-1.4.2.pom
[INFO] Downloaded from central: https://repo.maven.apache.org/maven2/net/nicoulaj/maven/plugins/checksum-maven-plugin/1.11/checksum-maven-plugin-1.11.pom (14 kB at 340 kB/s)
[INFO] Downloading from central: https://repo.maven.apache.org/maven2/net/nicoulaj/parent/61/parent-61.pom
[INFO] Downloaded from central: https://repo.maven.apache.org/maven2/net/nicoulaj/parent/61/parent-61.pom (29 kB at 1.0 MB/s)
[INFO] Downloading from central: https://repo.maven.apache.org/maven2/net/nicoulaj/maven/plugins/checksum-maven-plugin/1.11/checksum-maven-plugin-1.11.jar
[INFO] Downloaded from central: https://repo.maven.apache.org/maven2/net/nicoulaj/maven/plugins/checksum-maven-plugin/1.11/checksum-maven-plugin-1.11.jar (70 kB at 2.2 MB/s)
[INFO] Downloaded from central: https://repo.maven.apache.org/maven2/org/mybatis/generator/mybatis-generator-core/1.4.2/mybatis-generator-core-1.4.2.pom (7.8 kB at 43 kB/s)
[INFO] Downloading from central: https://repo.maven.apache.org/maven2/org/mybatis/generator/mybatis-generator/1.4.2/mybatis-generator-1.4.2.pom
[INFO] Downloaded from central: https://repo.maven.apache.org/maven2/org/mybatis/generator/mybatis-generator/1.4.2/mybatis-generator-1.4.2.pom (13 kB at 368 kB/s)
[INFO] Downloading from central: https://repo.maven.apache.org/maven2/org/mybatis/mybatis-parent/37/mybatis-parent-37.pom
[INFO] Downloaded from central: https://repo.maven.apache.org/maven2/org/mybatis/mybatis-parent/37/mybatis-parent-37.pom (50 kB at 1.7 MB/s)
[INFO] Downloading from central: https://repo.maven.apache.org/maven2/org/mybatis/generator/mybatis-generator-core/1.4.2/mybatis-generator-core-1.4.2.jar
[INFO] Downloaded from central: https://repo.maven.apache.org/maven2/org/mybatis/generator/mybatis-generator-core/1.4.2/mybatis-generator-core-1.4.2.jar (727 kB at 2.7 MB/s)
[INFO] 
[INFO] --- checkstyle:3.3.0:check (validate) @ mybatis-generator-plugin ---
[INFO] You have 0 Checkstyle violations.
[INFO] 
[INFO] --- spotless:2.43.0:check (spotless-check) @ mybatis-generator-plugin ---
[INFO] Spotless check skipped
[INFO] 
[INFO] --- enforcer:3.4.1:enforce (enforce-maven-version) @ mybatis-generator-plugin ---
[INFO] Skipping Rule Enforcement.
[INFO] 
[INFO] --- enforcer:3.4.1:enforce (enforce-java-version) @ mybatis-generator-plugin ---
[INFO] Skipping Rule Enforcement.
[INFO] 
[INFO] --- enforcer:3.4.1:enforce (enforce-version-convergence) @ mybatis-generator-plugin ---
[INFO] Skipping Rule Enforcement.
[INFO] 
[INFO] --- enforcer:3.4.1:enforce (enforce-ban-duplicate-classes) @ mybatis-generator-plugin ---
[INFO] Skipping Rule Enforcement.
[INFO] 
[INFO] --- enforcer:3.4.1:enforce (vulnerability-checks) @ mybatis-generator-plugin ---
[INFO] Skipping Rule Enforcement.
[INFO] 
[INFO] --- remote-resources:3.1.0:process (process-resource-bundles) @ mybatis-generator-plugin ---
[INFO] Preparing remote bundle org.apache:apache-jar-resource-bundle:1.4
[INFO] Copying 3 resources from 1 bundle.
[INFO] 
[INFO] --- resources:3.3.1:resources (default-resources) @ mybatis-generator-plugin ---
[INFO] Copying 1 resource from src/main/resources to target/classes
[INFO] Copying 3 resources from target/maven-shared-archive-resources to target/classes
[INFO] 
[INFO] --- compiler:3.11.0:compile (default-compile) @ mybatis-generator-plugin ---
[INFO] Changes detected - recompiling the module! :source
[INFO] Compiling 8 source files with javac [debug release 8] to target/classes
[INFO] 
[INFO] --- xml-format:3.2.2:xml-format (xml-format) @ mybatis-generator-plugin ---
[INFO] 
[INFO] --- resources:3.3.1:testResources (default-testResources) @ mybatis-generator-plugin ---
[INFO] skip non existing resourceDirectory /project/mybatis-generator/src/test/resources
[INFO] Copying 3 resources from target/maven-shared-archive-resources to target/test-classes
[INFO] 
[INFO] --- compiler:3.11.0:testCompile (default-testCompile) @ mybatis-generator-plugin ---
[INFO] No sources to compile
[INFO] 
[INFO] --- surefire:3.1.2:test (default-test) @ mybatis-generator-plugin ---
[INFO] 
[INFO] --- surefire:3.1.2:test (unit-tests) @ mybatis-generator-plugin ---
[INFO] ------------------------------------------------------------------------
[INFO] Reactor Summary for Apache IoTDB Project Extras Parent POM 2.0.4-SNAPSHOT:
[INFO] 
[INFO] Apache IoTDB Project Extras Parent POM ............. SUCCESS [ 32.124 s]
[INFO] IoTDB Extras: Connectors ........................... SUCCESS [  0.642 s]
[INFO] IoTDB Extras: Distributions ........................ SUCCESS [  0.341 s]
[INFO] IoTDB: Collector ................................... SUCCESS [  0.468 s]
[INFO] IoTDB: Collector: OpenAPI .......................... SUCCESS [ 24.053 s]
[INFO] IoTDB: Collector: Core ............................. SUCCESS [ 33.424 s]
[INFO] IoTDB: Collector: Distribution ..................... SUCCESS [  6.562 s]
[INFO] IoTDB Extras: Mybatis Generator Plugin ............. SUCCESS [  1.757 s]
[INFO] ------------------------------------------------------------------------
[INFO] BUILD SUCCESS
[INFO] ------------------------------------------------------------------------
[INFO] Total time:  01:40 min
[INFO] Finished at: 2026-05-24T20:13:53Z
[INFO] ------------------------------------------------------------------------
[INFO] 99 goals, 99 executed
[WARNING] Unexpected error while contacting Gradle Enterprise server at https://ge.apache.org/
[WARNING] No build scan will be published: Gradle Enterprise features were not enabled due to an unexpected error while contacting Gradle Enterprise.
