[INFO] Scanning for projects...
[INFO] Inspecting build with total of 1 modules...
[INFO] Installing Nexus Staging features:
[INFO]   ... total of 1 executions of maven-deploy-plugin replaced with nexus-staging-maven-plugin
[INFO] 
[INFO] -------------------< io.github.colinzhu:web-console >-------------------
[INFO] Building Web Console 0.1.2
[INFO]   from pom.xml
[INFO] --------------------------------[ jar ]---------------------------------
[INFO] 
[INFO] --- resources:3.4.0:resources (default-resources) @ web-console ---
[INFO] Copying 1 resource from src/main/resources to target/classes
[INFO] 
[INFO] --- compiler:3.14.0:compile (default-compile) @ web-console ---
[INFO] Recompiling the module because of changed source code.
[INFO] Compiling 3 source files with javac [debug release 17] to target/classes
[INFO] 
[INFO] --- resources:3.4.0:testResources (default-testResources) @ web-console ---
[INFO] Not copying test resources
[INFO] 
[INFO] --- compiler:3.14.0:testCompile (default-testCompile) @ web-console ---
[INFO] Not compiling test sources
[INFO] 
[INFO] --- surefire:3.5.4:test (default-test) @ web-console ---
[INFO] Tests are skipped.
[INFO] 
[INFO] --- jar:3.5.0:jar (default-jar) @ web-console ---
[INFO] Building jar: /project/target/web-console-0.1.2.jar
[INFO] 
[INFO] --- source:3.3.0:jar-no-fork (attach-sources) @ web-console ---
[INFO] Building jar: /project/target/web-console-0.1.2-sources.jar
[INFO] 
[INFO] --- javadoc:3.5.0:jar (attach-javadocs) @ web-console ---
[INFO] Skipping javadoc generation
[INFO] 
[INFO] --- gpg:3.1.0:sign (sign-artifacts) @ web-console ---
[INFO] 
[INFO] --- install:3.1.4:install (default-install) @ web-console ---
[INFO] Installing /project/pom.xml to /root/.m2/repository/io/github/colinzhu/web-console/0.1.2/web-console-0.1.2.pom
[INFO] Installing /project/target/web-console-0.1.2.jar to /root/.m2/repository/io/github/colinzhu/web-console/0.1.2/web-console-0.1.2.jar
[INFO] Installing /project/target/web-console-0.1.2-sources.jar to /root/.m2/repository/io/github/colinzhu/web-console/0.1.2/web-console-0.1.2-sources.jar
[INFO] ------------------------------------------------------------------------
[INFO] BUILD SUCCESS
[INFO] ------------------------------------------------------------------------
[INFO] Total time:  12.103 s
[INFO] Finished at: 2026-09-21T20:13:03Z
[INFO] ------------------------------------------------------------------------
