Downloading metadata...
Downloading metadata...
Package                                               Repository            Size
Installing:                                                                     
 emacs-filesystem-1:27.2-18.el9.noarch                ol9_appstream       8.3 kB
 git-2.47.3-1.el9_6.x86_64                            ol9_appstream      66.9 kB
 git-core-2.47.3-1.el9_6.x86_64                       ol9_appstream       5.0 MB
 git-core-doc-2.47.3-1.el9_6.noarch                   ol9_appstream       4.3 MB
 groff-base-1.22.4-10.el9.x86_64                      ol9_baseos_latest   1.3 MB
 libcbor-0.7.0-5.el9.x86_64                           ol9_baseos_latest  58.2 kB
 libedit-3.1-38.20210216cvs.el9.x86_64                ol9_baseos_latest 111.2 kB
 libfido2-1.13.0-2.el9.x86_64                         ol9_baseos_latest 104.0 kB
 ncurses-6.2-8.20210508.el9.x86_64                    ol9_baseos_latest 437.7 kB
 openssh-8.7p1-49.0.1.el9_7.x86_64                    ol9_baseos_latest 492.0 kB
 openssh-clients-8.7p1-49.0.1.el9_7.x86_64            ol9_baseos_latest 748.0 kB
 openssl-fips-provider-3.0.7-8.0.1.el9.x86_64         ol9_baseos_latest   8.5 kB
 openssl-fips-provider-so-3.0.7-8.0.1.el9.x86_64      ol9_baseos_latest 588.9 kB
 perl-AutoLoader-5.74-481.1.el9_6.noarch              ol9_appstream      20.2 kB
 perl-B-1.80-481.1.el9_6.x86_64                       ol9_appstream     199.9 kB
 perl-Carp-1.50-460.el9.noarch                        ol9_appstream      35.1 kB
 perl-Class-Struct-0.66-481.1.el9_6.noarch            ol9_appstream      21.0 kB
 perl-Data-Dumper-2.174-462.el9.x86_64                ol9_appstream      61.8 kB
 perl-Digest-1.19-4.el9.noarch                        ol9_appstream      35.7 kB
 perl-Digest-MD5-2.58-4.el9.x86_64                    ol9_appstream      42.2 kB
 perl-DynaLoader-1.47-481.1.el9_6.x86_64              ol9_appstream      24.7 kB
 perl-Encode-4:3.08-462.el9.x86_64                    ol9_appstream       1.8 MB
 perl-Errno-1.30-481.1.el9_6.x86_64                   ol9_appstream      13.6 kB
 perl-Error-1:0.17029-7.el9.noarch                    ol9_appstream      58.1 kB
 perl-Exporter-5.74-461.el9.noarch                    ol9_appstream      38.4 kB
 perl-Fcntl-1.13-481.1.el9_6.x86_64                   ol9_appstream      19.2 kB
 perl-File-Basename-2.85-481.1.el9_6.noarch           ol9_appstream      16.0 kB
 perl-File-Find-1.37-481.1.el9_6.noarch               ol9_appstream      24.4 kB
 perl-File-Path-2.18-4.el9.noarch                     ol9_appstream      37.0 kB
 perl-File-Temp-1:0.231.100-4.el9.noarch              ol9_appstream      68.4 kB
 perl-File-stat-1.09-481.1.el9_6.noarch               ol9_appstream      15.9 kB
 perl-FileHandle-2.03-481.1.el9_6.noarch              ol9_appstream      14.3 kB
 perl-Getopt-Long-1:2.52-4.el9.noarch                 ol9_appstream      72.9 kB
 perl-Getopt-Std-1.12-481.1.el9_6.noarch              ol9_appstream      14.4 kB
 perl-Git-2.47.3-1.el9_6.noarch                       ol9_appstream      43.3 kB
 perl-HTTP-Tiny-0.076-462.el9.noarch                  ol9_appstream      64.6 kB
 perl-IO-1.43-481.1.el9_6.x86_64                      ol9_appstream     111.4 kB
 perl-IO-Socket-IP-0.41-5.el9.noarch                  ol9_appstream      50.4 kB
 perl-IO-Socket-SSL-2.073-2.el9.noarch                ol9_appstream     239.6 kB
 perl-IPC-Open3-1.21-481.1.el9_6.noarch               ol9_appstream      26.6 kB
 perl-MIME-Base64-3.16-4.el9.x86_64                   ol9_appstream      38.6 kB
 perl-Mozilla-CA-20200520-6.el9.noarch                ol9_appstream      13.3 kB
 perl-NDBM_File-1.15-481.1.el9_6.x86_64               ol9_appstream      20.9 kB
 perl-Net-SSLeay-1.94-3.el9.x86_64                    ol9_appstream     516.4 kB
 perl-POSIX-1.94-481.1.el9_6.x86_64                   ol9_appstream     101.6 kB
 perl-PathTools-3.78-461.el9.x86_64                   ol9_appstream     110.4 kB
 perl-Pod-Escapes-1:1.07-460.el9.noarch               ol9_appstream      21.1 kB
 perl-Pod-Perldoc-3.28.01-461.el9.noarch              ol9_appstream     118.6 kB
 perl-Pod-Simple-1:3.42-4.el9.noarch                  ol9_appstream     278.8 kB
 perl-Pod-Usage-4:2.01-4.el9.noarch                   ol9_appstream      48.9 kB
 perl-Scalar-List-Utils-4:1.56-462.el9.x86_64         ol9_appstream      83.3 kB
 perl-SelectSaver-1.02-481.1.el9_6.noarch             ol9_appstream      10.4 kB
 perl-Socket-4:2.031-4.el9.x86_64                     ol9_appstream      63.5 kB
 perl-Storable-1:3.21-460.el9.x86_64                  ol9_appstream     102.6 kB
 perl-Symbol-1.08-481.1.el9_6.noarch                  ol9_appstream      12.9 kB
 perl-Term-ANSIColor-5.01-461.el9.noarch              ol9_appstream      55.6 kB
 perl-Term-Cap-1.17-460.el9.noarch                    ol9_appstream      27.8 kB
 perl-TermReadKey-2.38-11.el9.x86_64                  ol9_appstream      43.3 kB
 perl-Text-ParseWords-3.30-460.el9.noarch             ol9_appstream      17.2 kB
 perl-Text-Tabs+Wrap-2013.0523-460.el9.noarch         ol9_appstream      29.8 kB
 perl-Time-Local-2:1.300-7.el9.noarch                 ol9_appstream      41.9 kB
 perl-URI-5.09-3.el9.noarch                           ol9_appstream     183.8 kB
 perl-base-2.27-481.1.el9_6.noarch                    ol9_appstream      15.0 kB
 perl-constant-1.33-461.el9.noarch                    ol9_appstream      28.9 kB
 perl-if-0.60.800-481.1.el9_6.noarch                  ol9_appstream      12.7 kB
 perl-interpreter-4:5.32.1-481.1.el9_6.x86_64         ol9_appstream      77.8 kB
 perl-lib-0.65-481.1.el9_6.x86_64                     ol9_appstream      13.6 kB
 perl-libnet-3.13-4.el9.noarch                        ol9_appstream     161.1 kB
 perl-libs-4:5.32.1-481.1.el9_6.x86_64                ol9_appstream       2.8 MB
 perl-mro-1.23-481.1.el9_6.x86_64                     ol9_appstream      27.2 kB
 perl-overload-1.31-481.1.el9_6.noarch                ol9_appstream      45.0 kB
 perl-overloading-0.02-481.1.el9_6.noarch             ol9_appstream      11.6 kB
 perl-parent-1:0.238-460.el9.noarch                   ol9_appstream      15.3 kB
 perl-podlators-1:4.14-460.el9.noarch                 ol9_appstream     138.6 kB
 perl-subs-1.03-481.1.el9_6.noarch                    ol9_appstream      10.3 kB
 perl-vars-1.05-481.1.el9_6.noarch                    ol9_appstream      11.7 kB
Upgrading:                                                                      
 curl-7.76.1-35.el9_7.3.x86_64                        ol9_baseos_latest 310.0 kB
  replacing curl-7.76.1-23.el9_2.4.x86_64                                       
 libcurl-7.76.1-35.el9_7.3.x86_64                     ol9_baseos_latest 289.2 kB
  replacing libcurl-7.76.1-23.el9_2.4.x86_64                                    
 libcurl-devel-7.76.1-35.el9_7.3.x86_64               ol9_appstream       1.5 MB
  replacing libcurl-devel-7.76.1-23.el9_2.4.x86_64                              
 openssl-1:3.5.1-7.0.1.el9_7.x86_64                   ol9_baseos_latest   1.7 MB
  replacing openssl-1:3.0.7-17.0.1.el9_2.x86_64                                 
 openssl-devel-1:3.5.1-7.0.1.el9_7.x86_64             ol9_appstream       4.4 MB
  replacing openssl-devel-1:3.0.7-17.0.1.el9_2.x86_64                           
 openssl-libs-1:3.5.1-7.0.1.el9_7.x86_64              ol9_baseos_latest   2.4 MB
  replacing openssl-libs-1:3.0.7-17.0.1.el9_2.x86_64                            
 tar-2:1.34-9.el9_7.x86_64                            ol9_baseos_latest 949.0 kB
   replacing tar-2:1.34-6.el9_1.x86_64                                          
Transaction Summary:
 Installing:       76 packages
 Reinstalling:      0 packages
 Upgrading:         7 packages
 Obsoleting:        0 packages
 Removing:          0 packages
 Downgrading:       0 packages
Downloading packages...
Running transaction test...
Installing: emacs-filesystem;1:27.2-18.el9;noarch;ol9_appstream
Installing: openssl-fips-provider-so;3.0.7-8.0.1.el9;x86_64;ol9_baseos_latest
Installing: openssl-fips-provider;3.0.7-8.0.1.el9;x86_64;ol9_baseos_latest
Updating: openssl-libs;1:3.5.1-7.0.1.el9_7;x86_64;ol9_baseos_latest
Updating: libcurl;7.76.1-35.el9_7.3;x86_64;ol9_baseos_latest
Installing: openssh;8.7p1-49.0.1.el9_7;x86_64;ol9_baseos_latest
Installing: ncurses;6.2-8.20210508.el9;x86_64;ol9_baseos_latest
Installing: libedit;3.1-38.20210216cvs.el9;x86_64;ol9_baseos_latest
Installing: libcbor;0.7.0-5.el9;x86_64;ol9_baseos_latest
Installing: libfido2;1.13.0-2.el9;x86_64;ol9_baseos_latest
Installing: openssh-clients;8.7p1-49.0.1.el9_7;x86_64;ol9_baseos_latest
Installing: git-core;2.47.3-1.el9_6;x86_64;ol9_appstream
Installing: git-core-doc;2.47.3-1.el9_6;noarch;ol9_appstream
Installing: groff-base;1.22.4-10.el9;x86_64;ol9_baseos_latest
Installing: perl-Digest;1.19-4.el9;noarch;ol9_appstream
Installing: perl-Digest-MD5;2.58-4.el9;x86_64;ol9_appstream
Installing: perl-B;1.80-481.1.el9_6;x86_64;ol9_appstream
Installing: perl-FileHandle;2.03-481.1.el9_6;noarch;ol9_appstream
Installing: perl-Data-Dumper;2.174-462.el9;x86_64;ol9_appstream
Installing: perl-libnet;3.13-4.el9;noarch;ol9_appstream
Installing: perl-AutoLoader;5.74-481.1.el9_6;noarch;ol9_appstream
Installing: perl-base;2.27-481.1.el9_6;noarch;ol9_appstream
Installing: perl-URI;5.09-3.el9;noarch;ol9_appstream
Installing: perl-Mozilla-CA;20200520-6.el9;noarch;ol9_appstream
Installing: perl-if;0.60.800-481.1.el9_6;noarch;ol9_appstream
Installing: perl-IO-Socket-IP;0.41-5.el9;noarch;ol9_appstream
Installing: perl-Time-Local;2:1.300-7.el9;noarch;ol9_appstream
Installing: perl-File-Path;2.18-4.el9;noarch;ol9_appstream
Installing: perl-IO-Socket-SSL;2.073-2.el9;noarch;ol9_appstream
Installing: perl-Net-SSLeay;1.94-3.el9;x86_64;ol9_appstream
Installing: perl-Pod-Escapes;1:1.07-460.el9;noarch;ol9_appstream
Installing: perl-Text-Tabs+Wrap;2013.0523-460.el9;noarch;ol9_appstream
Installing: perl-Class-Struct;0.66-481.1.el9_6;noarch;ol9_appstream
Installing: perl-POSIX;1.94-481.1.el9_6;x86_64;ol9_appstream
Installing: perl-Term-ANSIColor;5.01-461.el9;noarch;ol9_appstream
Installing: perl-IPC-Open3;1.21-481.1.el9_6;noarch;ol9_appstream
Installing: perl-subs;1.03-481.1.el9_6;noarch;ol9_appstream
Installing: perl-File-Temp;1:0.231.100-4.el9;noarch;ol9_appstream
Installing: perl-HTTP-Tiny;0.076-462.el9;noarch;ol9_appstream
Installing: perl-Term-Cap;1.17-460.el9;noarch;ol9_appstream
Installing: perl-Pod-Simple;1:3.42-4.el9;noarch;ol9_appstream
Installing: perl-Socket;4:2.031-4.el9;x86_64;ol9_appstream
Installing: perl-SelectSaver;1.02-481.1.el9_6;noarch;ol9_appstream
Installing: perl-Symbol;1.08-481.1.el9_6;noarch;ol9_appstream
Installing: perl-File-stat;1.09-481.1.el9_6;noarch;ol9_appstream
Installing: perl-podlators;1:4.14-460.el9;noarch;ol9_appstream
Installing: perl-Pod-Perldoc;3.28.01-461.el9;noarch;ol9_appstream
Installing: perl-Fcntl;1.13-481.1.el9_6;x86_64;ol9_appstream
Installing: perl-Text-ParseWords;3.30-460.el9;noarch;ol9_appstream
Installing: perl-mro;1.23-481.1.el9_6;x86_64;ol9_appstream
Installing: perl-IO;1.43-481.1.el9_6;x86_64;ol9_appstream
Installing: perl-overloading;0.02-481.1.el9_6;noarch;ol9_appstream
Installing: perl-Pod-Usage;4:2.01-4.el9;noarch;ol9_appstream
Installing: perl-Errno;1.30-481.1.el9_6;x86_64;ol9_appstream
Installing: perl-File-Basename;2.85-481.1.el9_6;noarch;ol9_appstream
Installing: perl-Getopt-Std;1.12-481.1.el9_6;noarch;ol9_appstream
Installing: perl-MIME-Base64;3.16-4.el9;x86_64;ol9_appstream
Installing: perl-Scalar-List-Utils;4:1.56-462.el9;x86_64;ol9_appstream
Installing: perl-constant;1.33-461.el9;noarch;ol9_appstream
Installing: perl-Storable;1:3.21-460.el9;x86_64;ol9_appstream
Installing: perl-overload;1.31-481.1.el9_6;noarch;ol9_appstream
Installing: perl-parent;1:0.238-460.el9;noarch;ol9_appstream
Installing: perl-vars;1.05-481.1.el9_6;noarch;ol9_appstream
Installing: perl-Getopt-Long;1:2.52-4.el9;noarch;ol9_appstream
Installing: perl-Carp;1.50-460.el9;noarch;ol9_appstream
Installing: perl-Exporter;5.74-461.el9;noarch;ol9_appstream
Installing: perl-NDBM_File;1.15-481.1.el9_6;x86_64;ol9_appstream
Installing: perl-PathTools;3.78-461.el9;x86_64;ol9_appstream
Installing: perl-Encode;4:3.08-462.el9;x86_64;ol9_appstream
Installing: perl-libs;4:5.32.1-481.1.el9_6;x86_64;ol9_appstream
Installing: perl-interpreter;4:5.32.1-481.1.el9_6;x86_64;ol9_appstream
Installing: perl-DynaLoader;1.47-481.1.el9_6;x86_64;ol9_appstream
Installing: perl-TermReadKey;2.38-11.el9;x86_64;ol9_appstream
Installing: perl-Error;1:0.17029-7.el9;noarch;ol9_appstream
Installing: perl-File-Find;1.37-481.1.el9_6;noarch;ol9_appstream
Installing: perl-lib;0.65-481.1.el9_6;x86_64;ol9_appstream
Installing: perl-Git;2.47.3-1.el9_6;noarch;ol9_appstream
Installing: git;2.47.3-1.el9_6;x86_64;ol9_appstream
Updating: curl;7.76.1-35.el9_7.3;x86_64;ol9_baseos_latest
Updating: libcurl-devel;7.76.1-35.el9_7.3;x86_64;ol9_appstream
Updating: openssl;1:3.5.1-7.0.1.el9_7;x86_64;ol9_baseos_latest
Updating: openssl-devel;1:3.5.1-7.0.1.el9_7;x86_64;ol9_appstream
Updating: tar;2:1.34-9.el9_7;x86_64;ol9_baseos_latest
Cleanup: openssl;1:3.0.7-17.0.1.el9_2;x86_64;installed
Cleanup: openssl-devel;1:3.0.7-17.0.1.el9_2;x86_64;installed
Cleanup: libcurl-devel;7.76.1-23.el9_2.4;x86_64;installed
Cleanup: curl;7.76.1-23.el9_2.4;x86_64;installed
Cleanup: libcurl;7.76.1-23.el9_2.4;x86_64;installed
Cleanup: openssl-libs;1:3.0.7-17.0.1.el9_2;x86_64;installed
Cleanup: tar;2:1.34-6.el9_1;x86_64;installed
Complete.
[INFO] Downloading from central: https://repo.maven.apache.org/maven2/org/apache/maven/shared/maven-shared-utils/0.4/maven-shared-utils-0.4.pom
[INFO] Downloaded from central: https://repo.maven.apache.org/maven2/org/apache/maven/shared/maven-shared-utils/0.4/maven-shared-utils-0.4.pom (4.0 kB at 225 kB/s)
[INFO] Downloading from central: https://repo.maven.apache.org/maven2/junit/junit/3.8.1/junit-3.8.1.jar
[INFO] Downloaded from central: https://repo.maven.apache.org/maven2/junit/junit/3.8.1/junit-3.8.1.jar (121 kB at 4.8 MB/s)
[INFO] Downloading from central: https://repo.maven.apache.org/maven2/commons-codec/commons-codec/1.6/commons-codec-1.6.jar
[INFO] Downloading from central: https://repo.maven.apache.org/maven2/org/apache/maven/shared/maven-shared-utils/0.4/maven-shared-utils-0.4.jar
[INFO] Downloading from central: https://repo.maven.apache.org/maven2/com/google/code/findbugs/jsr305/2.0.1/jsr305-2.0.1.jar
[INFO] Downloading from central: https://repo.maven.apache.org/maven2/org/codehaus/plexus/plexus-utils/3.0.15/plexus-utils-3.0.15.jar
[INFO] Downloaded from central: https://repo.maven.apache.org/maven2/com/google/code/findbugs/jsr305/2.0.1/jsr305-2.0.1.jar (32 kB at 777 kB/s)
[INFO] Downloaded from central: https://repo.maven.apache.org/maven2/commons-codec/commons-codec/1.6/commons-codec-1.6.jar (233 kB at 5.4 MB/s)
[INFO] Downloaded from central: https://repo.maven.apache.org/maven2/org/apache/maven/shared/maven-shared-utils/0.4/maven-shared-utils-0.4.jar (155 kB at 3.0 MB/s)
[INFO] Downloaded from central: https://repo.maven.apache.org/maven2/org/codehaus/plexus/plexus-utils/3.0.15/plexus-utils-3.0.15.jar (239 kB at 4.3 MB/s)
[INFO] Installing /project/target/conciliator-3.1.2.jar to /root/.m2/repository/com/codefork/conciliator/conciliator/3.1.2/conciliator-3.1.2.jar
[INFO] Installing /project/pom.xml to /root/.m2/repository/com/codefork/conciliator/conciliator/3.1.2/conciliator-3.1.2.pom
[INFO] ------------------------------------------------------------------------
[INFO] BUILD SUCCESS
[INFO] ------------------------------------------------------------------------
[INFO] Total time:  45.171 s
[INFO] Finished at: 2026-05-22T02:31:33Z
[INFO] ------------------------------------------------------------------------
 \\/  ___)| |_)| | | | | || (_| |  ) ) ) )
  '  |____| .__|_| |_|_| |_\__, | / / / /
 =========|_|==============|___/=/_/_/_/
 :: Spring Boot ::                (v2.7.3)

2026-05-22 02:34:00.942  INFO 305 --- [           main] c.c.r.c.VIAFTooManyRequestsTest          : Starting VIAFTooManyRequestsTest using Java 17.0.9 on c1d8d8514252 with PID 305 (started by root in /project)
2026-05-22 02:34:00.943  INFO 305 --- [           main] c.c.r.c.VIAFTooManyRequestsTest          : No active profile set, falling back to 1 default profile: "default"
2026-05-22 02:34:06.024  INFO 305 --- [           main] com.codefork.refine.Config               : Loading configuration from conciliator.properties
2026-05-22 02:34:06.081  INFO 305 --- [           main] ication$$EnhancerBySpringCGLIB$$d9d7e90c : Initializing cache TTL=3600 secs, size=64 MB
2026-05-22 02:34:06.082  INFO 305 --- [           main] org.ehcache.core.EhcacheManager          : Cache 'default' removed from EhcacheManager.
2026-05-22 02:34:06.324  INFO 305 --- [           main] org.ehcache.core.EhcacheManager          : Cache 'default' created in EhcacheManager.
2026-05-22 02:34:06.358  INFO 305 --- [           main] org.ehcache.jsr107.Eh107CacheManager     : Registering Ehcache MBean javax.cache:type=CacheStatistics,CacheManager=urn.X-ehcache.jsr107-default-config,Cache=default
2026-05-22 02:34:06.390  INFO 305 --- [           main] org.ehcache.jsr107.Eh107CacheManager     : Registering Ehcache MBean javax.cache:type=CacheStatistics,CacheManager=urn.X-ehcache.jsr107-default-config,Cache=default
2026-05-22 02:34:06.487  INFO 305 --- [           main] com.codefork.refine.ThreadPool           : Starting thread pool, size = 4
2026-05-22 02:34:06.579  INFO 305 --- [           main] com.codefork.refine.ThreadPool           : Starting thread pool, size = 4
2026-05-22 02:34:06.582  INFO 305 --- [           main] com.codefork.refine.ThreadPool           : Starting thread pool, size = 4
2026-05-22 02:34:06.943  INFO 305 --- [           main] com.codefork.refine.ThreadPool           : Starting thread pool, size = 4
2026-05-22 02:34:07.099  INFO 305 --- [           main] com.codefork.refine.ThreadPool           : Starting thread pool, size = 4
2026-05-22 02:34:07.202  INFO 305 --- [           main] com.codefork.refine.ThreadPool           : Starting thread pool, size = 4
2026-05-22 02:34:08.632  WARN 305 --- [           main] .s.s.UserDetailsServiceAutoConfiguration : 

Using generated security password: 21264d19-b3bd-41c8-9901-a6ff61ededdb

This generated password is for development use only. Your security configuration must be updated before running your application in production.

2026-05-22 02:34:09.710  INFO 305 --- [           main] o.s.s.web.DefaultSecurityFilterChain     : Will secure any request with [org.springframework.security.web.session.DisableEncodeUrlFilter@3a359f7c, org.springframework.security.web.context.request.async.WebAsyncManagerIntegrationFilter@138b9abe, org.springframework.security.web.context.SecurityContextPersistenceFilter@7f31937b, org.springframework.security.web.header.HeaderWriterFilter@3d99d327, org.springframework.security.web.authentication.logout.LogoutFilter@1d38cdde, org.springframework.security.web.savedrequest.RequestCacheAwareFilter@2f4fc18, org.springframework.security.web.servletapi.SecurityContextHolderAwareRequestFilter@7187078a, org.springframework.security.web.authentication.AnonymousAuthenticationFilter@279e8bc0, org.springframework.security.web.session.SessionManagementFilter@233789d9, org.springframework.security.web.access.ExceptionTranslationFilter@8beb0dd, org.springframework.security.web.access.intercept.FilterSecurityInterceptor@4d793390]
2026-05-22 02:34:20.969  INFO 305 --- [           main] o.s.b.t.m.w.SpringBootMockServletContext : Initializing Spring TestDispatcherServlet ''
2026-05-22 02:34:20.969  INFO 305 --- [           main] o.s.t.web.servlet.TestDispatcherServlet  : Initializing Servlet ''
2026-05-22 02:34:20.970  INFO 305 --- [           main] o.s.t.web.servlet.TestDispatcherServlet  : Completed initialization in 0 ms
2026-05-22 02:34:21.499  INFO 305 --- [           main] c.c.r.c.VIAFTooManyRequestsTest          : Started VIAFTooManyRequestsTest in 20.928 seconds (JVM running for 161.784)
2026-05-22 02:34:21.627 ERROR 305 --- [ool-37-thread-1] com.codefork.refine.viaf.VIAF            : error for query=whatever

java.io.IOException: Server returned HTTP response code: 429 for URL:https://www.viaf.org/viaf/search?query=local.mainHeadingEl%20all%20%22whatever%22&sortKeys=holdingscount&maximumRecords=3
	at com.codefork.refine.viaf.VIAF.search(VIAF.java:140) ~[classes/:na]
	at com.codefork.refine.datasource.WebServiceDataSource.searchCheckCache(WebServiceDataSource.java:274) ~[classes/:na]
	at com.codefork.refine.datasource.WebServiceSearchTask.call(WebServiceSearchTask.java:45) ~[classes/:na]
	at com.codefork.refine.datasource.WebServiceSearchTask.call(WebServiceSearchTask.java:15) ~[classes/:na]
	at java.base/java.util.concurrent.FutureTask.run(FutureTask.java:264) ~[na:na]
	at java.base/java.util.concurrent.Executors$RunnableAdapter.call(Executors.java:539) ~[na:na]
	at java.base/java.util.concurrent.FutureTask.run(FutureTask.java:264) ~[na:na]
	at java.base/java.util.concurrent.ThreadPoolExecutor.runWorker(ThreadPoolExecutor.java:1136) ~[na:na]
	at java.base/java.util.concurrent.ThreadPoolExecutor$Worker.run(ThreadPoolExecutor.java:635) ~[na:na]
	at java.base/java.lang.Thread.run(Thread.java:840) ~[na:na]

2026-05-22 02:34:21.629  INFO 305 --- [           main] com.codefork.refine.ThreadPool           : Shrinking pool, new size = 3
2026-05-22 02:34:21.649  INFO 305 --- [           main] com.codefork.refine.ThreadPool           : Shutting down thread pool
2026-05-22 02:34:21.650  INFO 305 --- [           main] com.codefork.refine.ThreadPool           : Shutting down thread pool
2026-05-22 02:34:21.651  INFO 305 --- [           main] com.codefork.refine.ThreadPool           : Shutting down thread pool
2026-05-22 02:34:21.652  INFO 305 --- [           main] com.codefork.refine.ThreadPool           : Shutting down thread pool
[INFO] Tests run: 1, Failures: 0, Errors: 0, Skipped: 0, Time elapsed: 21.262 s - in com.codefork.refine.controllers.VIAFTooManyRequestsTest
[INFO] Running com.codefork.refine.controllers.VIAFProxyControllerTest
2026-05-22 02:34:21.693  INFO 305 --- [           main] .b.t.c.SpringBootTestContextBootstrapper : Neither @ContextConfiguration nor @ContextHierarchy found for test class [com.codefork.refine.controllers.VIAFProxyControllerTest], using SpringBootContextLoader
2026-05-22 02:34:21.742  INFO 305 --- [           main] o.s.t.c.support.AbstractContextLoader    : Could not detect default resource locations for test class [com.codefork.refine.controllers.VIAFProxyControllerTest]: no resource found for suffixes {-context.xml, Context.groovy}.
2026-05-22 02:34:21.744  INFO 305 --- [           main] t.c.s.AnnotationConfigContextLoaderUtils : Could not detect default configuration classes for test class [com.codefork.refine.controllers.VIAFProxyControllerTest]: VIAFProxyControllerTest does not declare any static, non-private, non-final, nested classes annotated with @Configuration.
2026-05-22 02:34:21.823  INFO 305 --- [           main] .b.t.c.SpringBootTestContextBootstrapper : Found @SpringBootConfiguration com.codefork.refine.Application for test class com.codefork.refine.controllers.VIAFProxyControllerTest
2026-05-22 02:34:21.843  INFO 305 --- [           main] .b.t.c.SpringBootTestContextBootstrapper : Loaded default TestExecutionListener class names from location [META-INF/spring.factories]: [org.springframework.boot.test.mock.mockito.MockitoTestExecutionListener, org.springframework.boot.test.mock.mockito.ResetMocksTestExecutionListener, org.springframework.boot.test.autoconfigure.restdocs.RestDocsTestExecutionListener, org.springframework.boot.test.autoconfigure.web.client.MockRestServiceServerResetTestExecutionListener, org.springframework.boot.test.autoconfigure.web.servlet.MockMvcPrintOnlyOnFailureTestExecutionListener, org.springframework.boot.test.autoconfigure.web.servlet.WebDriverTestExecutionListener, org.springframework.boot.test.autoconfigure.webservices.client.MockWebServiceServerTestExecutionListener, org.springframework.test.context.web.ServletTestExecutionListener, org.springframework.test.context.support.DirtiesContextBeforeModesTestExecutionListener, org.springframework.test.context.event.ApplicationEventsTestExecutionListener, org.springframework.test.context.support.DependencyInjectionTestExecutionListener, org.springframework.test.context.support.DirtiesContextTestExecutionListener, org.springframework.test.context.transaction.TransactionalTestExecutionListener, org.springframework.test.context.jdbc.SqlScriptsTestExecutionListener, org.springframework.test.context.event.EventPublishingTestExecutionListener]
2026-05-22 02:34:21.865  INFO 305 --- [           main] .b.t.c.SpringBootTestContextBootstrapper : Using TestExecutionListeners: [org.springframework.test.context.web.ServletTestExecutionListener@c8531b9, org.springframework.test.context.support.DirtiesContextBeforeModesTestExecutionListener@3adbd038, org.springframework.test.context.event.ApplicationEventsTestExecutionListener@5e976553, org.springframework.boot.test.mock.mockito.MockitoTestExecutionListener@3c108c05, org.springframework.boot.test.autoconfigure.SpringBootDependencyInjectionTestExecutionListener@193d7ac7, org.springframework.test.context.support.DirtiesContextTestExecutionListener@7d0333c8, org.springframework.test.context.event.EventPublishingTestExecutionListener@185b7cc6, org.springframework.boot.test.mock.mockito.ResetMocksTestExecutionListener@2093bb6c, org.springframework.boot.test.autoconfigure.restdocs.RestDocsTestExecutionListener@528a16fb, org.springframework.boot.test.autoconfigure.web.client.MockRestServiceServerResetTestExecutionListener@3673e211, org.springframework.boot.test.autoconfigure.web.servlet.MockMvcPrintOnlyOnFailureTestExecutionListener@758d0555, org.springframework.boot.test.autoconfigure.web.servlet.WebDriverTestExecutionListener@48788853, org.springframework.boot.test.autoconfigure.webservices.client.MockWebServiceServerTestExecutionListener@4ac77269]

  .   ____          _            __ _ _
 /\\ / ___'_ __ _ _(_)_ __  __ _ \ \ \ \
( ( )\___ | '_ | '_| | '_ \/ _` | \ \ \ \
 \\/  ___)| |_)| | | | | || (_| |  ) ) ) )
  '  |____| .__|_| |_|_| |_\__, | / / / /
 =========|_|==============|___/=/_/_/_/
 :: Spring Boot ::                (v2.7.3)

2026-05-22 02:34:22.661  INFO 305 --- [           main] c.c.r.c.VIAFProxyControllerTest          : Starting VIAFProxyControllerTest using Java 17.0.9 on c1d8d8514252 with PID 305 (started by root in /project)
2026-05-22 02:34:22.662  INFO 305 --- [           main] c.c.r.c.VIAFProxyControllerTest          : No active profile set, falling back to 1 default profile: "default"
2026-05-22 02:34:27.889  INFO 305 --- [           main] com.codefork.refine.Config               : Loading configuration from conciliator.properties
2026-05-22 02:34:27.964  INFO 305 --- [           main] ication$$EnhancerBySpringCGLIB$$d9d7e90c : Initializing cache TTL=3600 secs, size=64 MB
2026-05-22 02:34:27.966  INFO 305 --- [           main] org.ehcache.core.EhcacheManager          : Cache 'default' removed from EhcacheManager.
2026-05-22 02:34:28.580  INFO 305 --- [           main] org.ehcache.core.EhcacheManager          : Cache 'default' created in EhcacheManager.
2026-05-22 02:34:28.661  INFO 305 --- [           main] org.ehcache.jsr107.Eh107CacheManager     : Registering Ehcache MBean javax.cache:type=CacheStatistics,CacheManager=urn.X-ehcache.jsr107-default-config,Cache=default
2026-05-22 02:34:28.753  INFO 305 --- [           main] org.ehcache.jsr107.Eh107CacheManager     : Registering Ehcache MBean javax.cache:type=CacheStatistics,CacheManager=urn.X-ehcache.jsr107-default-config,Cache=default
2026-05-22 02:34:29.057  INFO 305 --- [           main] com.codefork.refine.ThreadPool           : Starting thread pool, size = 4
2026-05-22 02:34:29.198  INFO 305 --- [           main] com.codefork.refine.ThreadPool           : Starting thread pool, size = 4
2026-05-22 02:34:29.202  INFO 305 --- [           main] com.codefork.refine.ThreadPool           : Starting thread pool, size = 4
2026-05-22 02:34:29.619  INFO 305 --- [           main] com.codefork.refine.ThreadPool           : Starting thread pool, size = 4
2026-05-22 02:34:29.819  INFO 305 --- [           main] com.codefork.refine.ThreadPool           : Starting thread pool, size = 4
2026-05-22 02:34:29.950  INFO 305 --- [           main] com.codefork.refine.ThreadPool           : Starting thread pool, size = 4
2026-05-22 02:34:32.234  WARN 305 --- [           main] .s.s.UserDetailsServiceAutoConfiguration : 

Using generated security password: 187a1243-dc6f-4818-b453-4b5c5cb5c474

This generated password is for development use only. Your security configuration must be updated before running your application in production.

2026-05-22 02:34:33.685  INFO 305 --- [           main] o.s.s.web.DefaultSecurityFilterChain     : Will secure any request with [org.springframework.security.web.session.DisableEncodeUrlFilter@43120a77, org.springframework.security.web.context.request.async.WebAsyncManagerIntegrationFilter@430db481, org.springframework.security.web.context.SecurityContextPersistenceFilter@ad585fb, org.springframework.security.web.header.HeaderWriterFilter@71817f66, org.springframework.security.web.authentication.logout.LogoutFilter@4d4bac56, org.springframework.security.web.savedrequest.RequestCacheAwareFilter@fa689db, org.springframework.security.web.servletapi.SecurityContextHolderAwareRequestFilter@75a6bd06, org.springframework.security.web.authentication.AnonymousAuthenticationFilter@15aaf7b1, org.springframework.security.web.session.SessionManagementFilter@68feca3a, org.springframework.security.web.access.ExceptionTranslationFilter@76ee7301, org.springframework.security.web.access.intercept.FilterSecurityInterceptor@75df4b1d]
2026-05-22 02:34:43.023  INFO 305 --- [           main] o.s.b.t.m.w.SpringBootMockServletContext : Initializing Spring TestDispatcherServlet ''
2026-05-22 02:34:43.024  INFO 305 --- [           main] o.s.t.web.servlet.TestDispatcherServlet  : Initializing Servlet ''
2026-05-22 02:34:43.025  INFO 305 --- [           main] o.s.t.web.servlet.TestDispatcherServlet  : Completed initialization in 1 ms
2026-05-22 02:34:43.511  INFO 305 --- [           main] c.c.r.c.VIAFProxyControllerTest          : Started VIAFProxyControllerTest in 21.589 seconds (JVM running for 183.796)
2026-05-22 02:34:44.149  INFO 305 --- [           main] com.codefork.refine.ThreadPool           : Shutting down thread pool
2026-05-22 02:34:44.152  INFO 305 --- [           main] com.codefork.refine.ThreadPool           : Shutting down thread pool
2026-05-22 02:34:44.153  INFO 305 --- [           main] com.codefork.refine.ThreadPool           : Shutting down thread pool
2026-05-22 02:34:44.161  INFO 305 --- [           main] com.codefork.refine.ThreadPool           : Shutting down thread pool
[INFO] Tests run: 6, Failures: 0, Errors: 0, Skipped: 0, Time elapsed: 22.423 s - in com.codefork.refine.controllers.VIAFProxyControllerTest
[INFO] Running com.codefork.refine.controllers.VIAFSourceSpecificControllerTest
2026-05-22 02:34:44.203  INFO 305 --- [           main] .b.t.c.SpringBootTestContextBootstrapper : Neither @ContextConfiguration nor @ContextHierarchy found for test class [com.codefork.refine.controllers.VIAFSourceSpecificControllerTest], using SpringBootContextLoader
2026-05-22 02:34:44.217  INFO 305 --- [           main] o.s.t.c.support.AbstractContextLoader    : Could not detect default resource locations for test class [com.codefork.refine.controllers.VIAFSourceSpecificControllerTest]: no resource found for suffixes {-context.xml, Context.groovy}.
2026-05-22 02:34:44.218  INFO 305 --- [           main] t.c.s.AnnotationConfigContextLoaderUtils : Could not detect default configuration classes for test class [com.codefork.refine.controllers.VIAFSourceSpecificControllerTest]: VIAFSourceSpecificControllerTest does not declare any static, non-private, non-final, nested classes annotated with @Configuration.
2026-05-22 02:34:44.282  INFO 305 --- [           main] .b.t.c.SpringBootTestContextBootstrapper : Found @SpringBootConfiguration com.codefork.refine.Application for test class com.codefork.refine.controllers.VIAFSourceSpecificControllerTest
2026-05-22 02:34:44.309  INFO 305 --- [           main] .b.t.c.SpringBootTestContextBootstrapper : Loaded default TestExecutionListener class names from location [META-INF/spring.factories]: [org.springframework.boot.test.mock.mockito.MockitoTestExecutionListener, org.springframework.boot.test.mock.mockito.ResetMocksTestExecutionListener, org.springframework.boot.test.autoconfigure.restdocs.RestDocsTestExecutionListener, org.springframework.boot.test.autoconfigure.web.client.MockRestServiceServerResetTestExecutionListener, org.springframework.boot.test.autoconfigure.web.servlet.MockMvcPrintOnlyOnFailureTestExecutionListener, org.springframework.boot.test.autoconfigure.web.servlet.WebDriverTestExecutionListener, org.springframework.boot.test.autoconfigure.webservices.client.MockWebServiceServerTestExecutionListener, org.springframework.test.context.web.ServletTestExecutionListener, org.springframework.test.context.support.DirtiesContextBeforeModesTestExecutionListener, org.springframework.test.context.event.ApplicationEventsTestExecutionListener, org.springframework.test.context.support.DependencyInjectionTestExecutionListener, org.springframework.test.context.support.DirtiesContextTestExecutionListener, org.springframework.test.context.transaction.TransactionalTestExecutionListener, org.springframework.test.context.jdbc.SqlScriptsTestExecutionListener, org.springframework.test.context.event.EventPublishingTestExecutionListener]
2026-05-22 02:34:44.334  INFO 305 --- [           main] .b.t.c.SpringBootTestContextBootstrapper : Using TestExecutionListeners: [org.springframework.test.context.web.ServletTestExecutionListener@5c194652, org.springframework.test.context.support.DirtiesContextBeforeModesTestExecutionListener@1f02b6d1, org.springframework.test.context.event.ApplicationEventsTestExecutionListener@66a50c93, org.springframework.boot.test.mock.mockito.MockitoTestExecutionListener@5bddd141, org.springframework.boot.test.autoconfigure.SpringBootDependencyInjectionTestExecutionListener@4d6027be, org.springframework.test.context.support.DirtiesContextTestExecutionListener@475eb4fd, org.springframework.test.context.event.EventPublishingTestExecutionListener@951e911, org.springframework.boot.test.mock.mockito.ResetMocksTestExecutionListener@3cb376a3, org.springframework.boot.test.autoconfigure.restdocs.RestDocsTestExecutionListener@7022fb5c, org.springframework.boot.test.autoconfigure.web.client.MockRestServiceServerResetTestExecutionListener@426940f9, org.springframework.boot.test.autoconfigure.web.servlet.MockMvcPrintOnlyOnFailureTestExecutionListener@447630c4, org.springframework.boot.test.autoconfigure.web.servlet.WebDriverTestExecutionListener@63d75087, org.springframework.boot.test.autoconfigure.webservices.client.MockWebServiceServerTestExecutionListener@4c8afba]

  .   ____          _            __ _ _
 /\\ / ___'_ __ _ _(_)_ __  __ _ \ \ \ \
( ( )\___ | '_ | '_| | '_ \/ _` | \ \ \ \
 \\/  ___)| |_)| | | | | || (_| |  ) ) ) )
  '  |____| .__|_| |_|_| |_\__, | / / / /
 =========|_|==============|___/=/_/_/_/
 :: Spring Boot ::                (v2.7.3)

2026-05-22 02:34:44.610  INFO 305 --- [           main] c.c.r.c.VIAFSourceSpecificControllerTest : Starting VIAFSourceSpecificControllerTest using Java 17.0.9 on c1d8d8514252 with PID 305 (started by root in /project)
2026-05-22 02:34:44.611  INFO 305 --- [           main] c.c.r.c.VIAFSourceSpecificControllerTest : No active profile set, falling back to 1 default profile: "default"
2026-05-22 02:34:48.297  INFO 305 --- [           main] com.codefork.refine.Config               : Loading configuration from conciliator.properties
2026-05-22 02:34:48.441  INFO 305 --- [           main] ication$$EnhancerBySpringCGLIB$$d9d7e90c : Initializing cache TTL=3600 secs, size=64 MB
2026-05-22 02:34:48.444  INFO 305 --- [           main] org.ehcache.core.EhcacheManager          : Cache 'default' removed from EhcacheManager.
2026-05-22 02:34:48.846  INFO 305 --- [           main] org.ehcache.core.EhcacheManager          : Cache 'default' created in EhcacheManager.
2026-05-22 02:34:48.884  INFO 305 --- [           main] org.ehcache.jsr107.Eh107CacheManager     : Registering Ehcache MBean javax.cache:type=CacheStatistics,CacheManager=urn.X-ehcache.jsr107-default-config,Cache=default
2026-05-22 02:34:48.923  INFO 305 --- [           main] org.ehcache.jsr107.Eh107CacheManager     : Registering Ehcache MBean javax.cache:type=CacheStatistics,CacheManager=urn.X-ehcache.jsr107-default-config,Cache=default
2026-05-22 02:34:48.998  INFO 305 --- [           main] com.codefork.refine.ThreadPool           : Starting thread pool, size = 4
2026-05-22 02:34:49.393  INFO 305 --- [           main] com.codefork.refine.ThreadPool           : Starting thread pool, size = 4
2026-05-22 02:34:49.417  INFO 305 --- [           main] com.codefork.refine.ThreadPool           : Starting thread pool, size = 4
2026-05-22 02:34:49.897  INFO 305 --- [           main] com.codefork.refine.ThreadPool           : Starting thread pool, size = 4
2026-05-22 02:34:49.991  INFO 305 --- [           main] com.codefork.refine.ThreadPool           : Starting thread pool, size = 4
2026-05-22 02:34:50.069  INFO 305 --- [           main] com.codefork.refine.ThreadPool           : Starting thread pool, size = 4
2026-05-22 02:34:51.206  WARN 305 --- [           main] .s.s.UserDetailsServiceAutoConfiguration : 

Using generated security password: 530795af-295d-450e-8d7c-63ff05f5e715

This generated password is for development use only. Your security configuration must be updated before running your application in production.

2026-05-22 02:34:52.087  INFO 305 --- [           main] o.s.s.web.DefaultSecurityFilterChain     : Will secure any request with [org.springframework.security.web.session.DisableEncodeUrlFilter@3da55998, org.springframework.security.web.context.request.async.WebAsyncManagerIntegrationFilter@40ebb56, org.springframework.security.web.context.SecurityContextPersistenceFilter@6fd37997, org.springframework.security.web.header.HeaderWriterFilter@682d8dad, org.springframework.security.web.authentication.logout.LogoutFilter@68fc1e7f, org.springframework.security.web.savedrequest.RequestCacheAwareFilter@5dc7881d, org.springframework.security.web.servletapi.SecurityContextHolderAwareRequestFilter@590336ed, org.springframework.security.web.authentication.AnonymousAuthenticationFilter@5b2fc2c0, org.springframework.security.web.session.SessionManagementFilter@1aebe759, org.springframework.security.web.access.ExceptionTranslationFilter@2af31aba, org.springframework.security.web.access.intercept.FilterSecurityInterceptor@63c163e1]
2026-05-22 02:34:59.530  INFO 305 --- [           main] o.s.b.t.m.w.SpringBootMockServletContext : Initializing Spring TestDispatcherServlet ''
2026-05-22 02:34:59.531  INFO 305 --- [           main] o.s.t.web.servlet.TestDispatcherServlet  : Initializing Servlet ''
2026-05-22 02:34:59.531  INFO 305 --- [           main] o.s.t.web.servlet.TestDispatcherServlet  : Completed initialization in 0 ms
2026-05-22 02:35:00.098  INFO 305 --- [           main] c.c.r.c.VIAFSourceSpecificControllerTest : Started VIAFSourceSpecificControllerTest in 15.723 seconds (JVM running for 200.383)
2026-05-22 02:35:00.397  INFO 305 --- [           main] com.codefork.refine.ThreadPool           : Shutting down thread pool
2026-05-22 02:35:00.398  INFO 305 --- [           main] com.codefork.refine.ThreadPool           : Shutting down thread pool
2026-05-22 02:35:00.399  INFO 305 --- [           main] com.codefork.refine.ThreadPool           : Shutting down thread pool
2026-05-22 02:35:00.401  INFO 305 --- [           main] com.codefork.refine.ThreadPool           : Shutting down thread pool
[INFO] Tests run: 2, Failures: 0, Errors: 0, Skipped: 0, Time elapsed: 16.23 s - in com.codefork.refine.controllers.VIAFSourceSpecificControllerTest
[INFO] Running com.codefork.refine.controllers.VIAFControllerTest
2026-05-22 02:35:00.454  INFO 305 --- [           main] .b.t.c.SpringBootTestContextBootstrapper : Neither @ContextConfiguration nor @ContextHierarchy found for test class [com.codefork.refine.controllers.VIAFControllerTest], using SpringBootContextLoader
2026-05-22 02:35:00.468  INFO 305 --- [           main] o.s.t.c.support.AbstractContextLoader    : Could not detect default resource locations for test class [com.codefork.refine.controllers.VIAFControllerTest]: no resource found for suffixes {-context.xml, Context.groovy}.
2026-05-22 02:35:00.557  INFO 305 --- [           main] .b.t.c.SpringBootTestContextBootstrapper : Found @SpringBootConfiguration com.codefork.refine.Application for test class com.codefork.refine.controllers.VIAFControllerTest
2026-05-22 02:35:00.583  INFO 305 --- [           main] .b.t.c.SpringBootTestContextBootstrapper : Loaded default TestExecutionListener class names from location [META-INF/spring.factories]: [org.springframework.boot.test.mock.mockito.MockitoTestExecutionListener, org.springframework.boot.test.mock.mockito.ResetMocksTestExecutionListener, org.springframework.boot.test.autoconfigure.restdocs.RestDocsTestExecutionListener, org.springframework.boot.test.autoconfigure.web.client.MockRestServiceServerResetTestExecutionListener, org.springframework.boot.test.autoconfigure.web.servlet.MockMvcPrintOnlyOnFailureTestExecutionListener, org.springframework.boot.test.autoconfigure.web.servlet.WebDriverTestExecutionListener, org.springframework.boot.test.autoconfigure.webservices.client.MockWebServiceServerTestExecutionListener, org.springframework.test.context.web.ServletTestExecutionListener, org.springframework.test.context.support.DirtiesContextBeforeModesTestExecutionListener, org.springframework.test.context.event.ApplicationEventsTestExecutionListener, org.springframework.test.context.support.DependencyInjectionTestExecutionListener, org.springframework.test.context.support.DirtiesContextTestExecutionListener, org.springframework.test.context.transaction.TransactionalTestExecutionListener, org.springframework.test.context.jdbc.SqlScriptsTestExecutionListener, org.springframework.test.context.event.EventPublishingTestExecutionListener]
2026-05-22 02:35:00.604  INFO 305 --- [           main] .b.t.c.SpringBootTestContextBootstrapper : Using TestExecutionListeners: [org.springframework.test.context.web.ServletTestExecutionListener@2b5a04b0, org.springframework.test.context.support.DirtiesContextBeforeModesTestExecutionListener@41a3c6f5, org.springframework.test.context.event.ApplicationEventsTestExecutionListener@5b78a946, org.springframework.boot.test.mock.mockito.MockitoTestExecutionListener@37c762aa, org.springframework.boot.test.autoconfigure.SpringBootDependencyInjectionTestExecutionListener@4c438f66, org.springframework.test.context.support.DirtiesContextTestExecutionListener@13087c75, org.springframework.test.context.event.EventPublishingTestExecutionListener@da4c5cb, org.springframework.boot.test.mock.mockito.ResetMocksTestExecutionListener@1fa24e7, org.springframework.boot.test.autoconfigure.restdocs.RestDocsTestExecutionListener@5192b301, org.springframework.boot.test.autoconfigure.web.client.MockRestServiceServerResetTestExecutionListener@1a99692, org.springframework.boot.test.autoconfigure.web.servlet.MockMvcPrintOnlyOnFailureTestExecutionListener@2a0881f1, org.springframework.boot.test.autoconfigure.web.servlet.WebDriverTestExecutionListener@7a85454b, org.springframework.boot.test.autoconfigure.webservices.client.MockWebServiceServerTestExecutionListener@3ecbfba1]

  .   ____          _            __ _ _
 /\\ / ___'_ __ _ _(_)_ __  __ _ \ \ \ \
( ( )\___ | '_ | '_| | '_ \/ _` | \ \ \ \
 \\/  ___)| |_)| | | | | || (_| |  ) ) ) )
  '  |____| .__|_| |_|_| |_\__, | / / / /
 =========|_|==============|___/=/_/_/_/
 :: Spring Boot ::                (v2.7.3)

2026-05-22 02:35:00.861  INFO 305 --- [           main] c.c.r.controllers.VIAFControllerTest     : Starting VIAFControllerTest using Java 17.0.9 on c1d8d8514252 with PID 305 (started by root in /project)
2026-05-22 02:35:00.862  INFO 305 --- [           main] c.c.r.controllers.VIAFControllerTest     : No active profile set, falling back to 1 default profile: "default"
2026-05-22 02:35:04.425  INFO 305 --- [           main] com.codefork.refine.Config               : Loading configuration from conciliator.properties
2026-05-22 02:35:04.485  INFO 305 --- [           main] com.codefork.refine.Config               : Loading configuration from conciliator.properties
2026-05-22 02:35:04.521  INFO 305 --- [           main] ication$$EnhancerBySpringCGLIB$$d9d7e90c : Initializing cache TTL=1 secs, size=64 MB
2026-05-22 02:35:04.522  INFO 305 --- [           main] org.ehcache.core.EhcacheManager          : Cache 'default' removed from EhcacheManager.
2026-05-22 02:35:04.682  INFO 305 --- [           main] org.ehcache.core.EhcacheManager          : Cache 'default' created in EhcacheManager.
2026-05-22 02:35:04.728  INFO 305 --- [           main] org.ehcache.jsr107.Eh107CacheManager     : Registering Ehcache MBean javax.cache:type=CacheStatistics,CacheManager=urn.X-ehcache.jsr107-default-config,Cache=default
2026-05-22 02:35:04.772  INFO 305 --- [           main] org.ehcache.jsr107.Eh107CacheManager     : Registering Ehcache MBean javax.cache:type=CacheStatistics,CacheManager=urn.X-ehcache.jsr107-default-config,Cache=default
2026-05-22 02:35:04.805  INFO 305 --- [           main] com.codefork.refine.ThreadPool           : Starting thread pool, size = 4
2026-05-22 02:35:04.888  INFO 305 --- [           main] com.codefork.refine.ThreadPool           : Starting thread pool, size = 4
2026-05-22 02:35:04.890  INFO 305 --- [           main] com.codefork.refine.ThreadPool           : Starting thread pool, size = 4
2026-05-22 02:35:05.088  INFO 305 --- [           main] com.codefork.refine.ThreadPool           : Starting thread pool, size = 4
2026-05-22 02:35:05.201  INFO 305 --- [           main] com.codefork.refine.ThreadPool           : Starting thread pool, size = 4
2026-05-22 02:35:05.336  INFO 305 --- [           main] com.codefork.refine.ThreadPool           : Starting thread pool, size = 4
2026-05-22 02:35:06.551  WARN 305 --- [           main] .s.s.UserDetailsServiceAutoConfiguration : 

Using generated security password: 74eb4cf1-fc54-4d29-ab46-c23c94bec48d

This generated password is for development use only. Your security configuration must be updated before running your application in production.

2026-05-22 02:35:07.793  INFO 305 --- [           main] o.s.s.web.DefaultSecurityFilterChain     : Will secure any request with [org.springframework.security.web.session.DisableEncodeUrlFilter@62ba3045, org.springframework.security.web.context.request.async.WebAsyncManagerIntegrationFilter@397bd46b, org.springframework.security.web.context.SecurityContextPersistenceFilter@3006aef5, org.springframework.security.web.header.HeaderWriterFilter@a7fd77f, org.springframework.security.web.authentication.logout.LogoutFilter@7945986a, org.springframework.security.web.savedrequest.RequestCacheAwareFilter@16257f8c, org.springframework.security.web.servletapi.SecurityContextHolderAwareRequestFilter@62158618, org.springframework.security.web.authentication.AnonymousAuthenticationFilter@d863bb, org.springframework.security.web.session.SessionManagementFilter@49faf815, org.springframework.security.web.access.ExceptionTranslationFilter@6d40a2b, org.springframework.security.web.access.intercept.FilterSecurityInterceptor@2cdb53d6]
2026-05-22 02:35:17.237  INFO 305 --- [           main] o.s.b.t.m.w.SpringBootMockServletContext : Initializing Spring TestDispatcherServlet ''
2026-05-22 02:35:17.238  INFO 305 --- [           main] o.s.t.web.servlet.TestDispatcherServlet  : Initializing Servlet ''
2026-05-22 02:35:17.238  INFO 305 --- [           main] o.s.t.web.servlet.TestDispatcherServlet  : Completed initialization in 0 ms
2026-05-22 02:35:17.628  INFO 305 --- [           main] c.c.r.controllers.VIAFControllerTest     : Started VIAFControllerTest in 16.995 seconds (JVM running for 217.913)
2026-05-22 02:35:18.061  INFO 305 --- [ool-55-thread-4] com.codefork.refine.viaf.VIAF            : Cache hit for: VIAF|Shakespeare, William, 1564-1616.|3|/people/person|should||false|false
2026-05-22 02:35:21.024  INFO 305 --- [           main] com.codefork.refine.ThreadPool           : Shutting down thread pool
2026-05-22 02:35:21.026  INFO 305 --- [           main] com.codefork.refine.ThreadPool           : Shutting down thread pool
2026-05-22 02:35:21.027  INFO 305 --- [           main] com.codefork.refine.ThreadPool           : Shutting down thread pool
2026-05-22 02:35:21.028  INFO 305 --- [           main] com.codefork.refine.ThreadPool           : Shutting down thread pool
[INFO] Tests run: 12, Failures: 0, Errors: 0, Skipped: 0, Time elapsed: 20.612 s - in com.codefork.refine.controllers.VIAFControllerTest
[INFO] 
[INFO] Results:
[INFO] 
[INFO] Tests run: 41, Failures: 0, Errors: 0, Skipped: 0
[INFO] 
[INFO] ------------------------------------------------------------------------
[INFO] BUILD SUCCESS
[INFO] ------------------------------------------------------------------------
[INFO] Total time:  03:45 min
[INFO] Finished at: 2026-05-22T02:35:21Z
[INFO] ------------------------------------------------------------------------
