[INFO] Scanning for projects...
[INFO] 
[INFO] ------------------< org.geo-atlas.component:metadata >------------------
[INFO] Building metadata 1.0.0-SNAPSHOT
[INFO]   from pom.xml
[INFO] --------------------------------[ jar ]---------------------------------
[INFO] 
[INFO] --- slimming:1.0:singleModuleCheck (default-cli) @ metadata ---
[INFO] mvn test successfully
[INFO] artifact org.eclipse.emf:org.eclipse.emf.common: checking for updates from ECC
[INFO] artifact org.eclipse.emf:org.eclipse.emf.common: checking for updates from osgeo
[INFO] artifact org.eclipse.emf:org.eclipse.emf.common: checking for updates from central
[INFO] artifact org.eclipse.emf:org.eclipse.emf.ecore: checking for updates from ECC
[INFO] artifact org.eclipse.emf:org.eclipse.emf.ecore: checking for updates from osgeo
[INFO] artifact org.eclipse.emf:org.eclipse.emf.ecore: checking for updates from central
[INFO] The project has no target/test-classes folder
[Fatal Error] mbeans-descriptors.xml:18:10: DOCTYPE is disallowed when the feature "http://apache.org/xml/features/disallow-doctype-decl" set to true.
[INFO] ------------------------------------------------------------------------
[INFO] ---------------------------< START ANALYSE >----------------------------
[INFO] ------------------------------------------------------------------------
[INFO] *************************** S L I M M I N G ****************************
[INFO] ------------------------------------------------------------------------
[INFO] Successfully collect licenses Successfully!
[WARNING] The update time of the current org.geotools:gt-http:28.5 was not queried
[WARNING] Redundant dependency com.github.ulisesbocchio:jasypt-spring-boot-starter:3.0.5 release time Optional[2022-12-15] has not been maintained for 1233 days
[WARNING] The current redundancy itself directly depends on org.geo-atlas.library:base:1.0.0-SNAPSHOT, not security vulnerabilities, open source licenses or outdated dependencies, and there are indirect dependencies. Indirect dependencies are not all redundant dependencies, so there is no redundant dependency resolution
[INFO] ALL DEPENDENCY[83]:
[INFO]  USED DEPENDENCY[81]:
[INFO]   USED DIRECT DEPENDENCY[7]:
[INFO] 		org.geo-atlas.library:base:1.0.0-SNAPSHOT:compile [3 KB]
[INFO] 		org.springframework.boot:spring-boot-starter-data-jdbc:3.5.0:compile [4 KB]
[INFO] 		jakarta.validation:jakarta.validation-api:3.0.2:compile [91 KB]
[INFO] 		org.modelmapper:modelmapper:3.2.1:compile [4 MB]
[INFO] 		org.springframework.boot:spring-boot-starter-web:3.5.0:compile [4 KB]
[INFO] 		org.springframework.boot:spring-boot-starter-validation:3.5.0:compile [4 KB]
[INFO] 		org.geotools:gt-jdbc:28.5:compile [242 KB]
[INFO]   USED TRANSITIVE DEPENDENCY[74]:
[INFO] 		com.fasterxml.jackson.core:jackson-databind:2.19.0:compile [1 MB]
[INFO] 		com.fasterxml.jackson.core:jackson-core:2.19.0:compile [574 KB]
[INFO] 		com.fasterxml:classmate:1.7.0:compile [67 KB]
[INFO] 		commons-pool:commons-pool:1.6:compile [108 KB]
[INFO] 		org.eclipse.emf:org.eclipse.emf.ecore.xmi:2.15.0:compile [229 KB]
[INFO] 		net.sf.geographiclib:GeographicLib-Java:1.49:compile [36 KB]
[INFO] 		commons-dbcp:commons-dbcp:1.4:compile [156 KB]
[INFO] 		org.springframework:spring-core:6.2.7:compile [1 MB]
[INFO] 		si.uom:si-quantity:2.0.1:compile [9 KB]
[INFO] 		si.uom:si-units:2.0.1:compile [17 KB]
[INFO] 		org.springframework.boot:spring-boot-autoconfigure:3.5.0:compile [1 MB]
[INFO] 		systems.uom:systems-common:2.0.2:compile [24 KB]
[INFO] 		org.hibernate.validator:hibernate-validator:8.0.2.Final:compile [1 MB]
[INFO] 		org.springframework:spring-tx:6.2.7:compile [278 KB]
[INFO] 		io.micrometer:micrometer-observation:1.15.0:compile [73 KB]
[INFO] 		org.yaml:snakeyaml:2.4:compile [331 KB]
[INFO] 		org.springframework.data:spring-data-commons:3.5.0:compile [1 MB]
[INFO] 		org.springframework.boot:spring-boot-starter:3.5.0:compile [4 KB]
[INFO] 		javax.media:jai_core:1.1.3:compile [1 MB]
[INFO] 		org.apache.logging.log4j:log4j-api:2.24.3:compile [340 KB]
[INFO] 		org.apache.tomcat.embed:tomcat-embed-core:10.1.41:compile [3 MB]
[INFO] 		org.apache.tomcat.embed:tomcat-embed-el:10.1.41:compile [259 KB]
[INFO] 		com.fasterxml.jackson.core:jackson-annotations:2.19.0:compile [76 KB]
[INFO] 		org.hsqldb:hsqldb:jdk8:2.7.2:compile [1 MB]
[INFO] 		javax.inject:javax.inject:1:compile [2 KB]
[INFO] 		org.springframework:spring-webmvc:6.2.7:compile [1 MB]
[INFO] 		org.slf4j:slf4j-api:2.0.16:compile [67 KB]
[INFO] 		org.springframework:spring-aop:6.2.7:compile [409 KB]
[INFO] 		org.apache.commons:commons-text:1.10.0:compile [232 KB]
[INFO] 		org.springframework.boot:spring-boot-starter-json:3.5.0:compile [4 KB]
[INFO] 		org.geotools:gt-opengis:28.5:compile [347 KB]
[INFO] 		org.springframework.boot:spring-boot-starter-logging:3.5.0:compile [4 KB]
[INFO] 		org.ejml:ejml-core:0.41:compile [252 KB]
[INFO] 		org.geotools:gt-referencing:28.5:compile [1 MB]
[INFO] 		org.apache.commons:commons-lang3:3.17.0:compile [657 KB]
[INFO] 		org.apache.logging.log4j:log4j-to-slf4j:2.24.3:compile [23 KB]
[INFO] 		org.springframework.data:spring-data-jdbc:3.5.0:compile [399 KB]
[INFO] 		tech.units:indriya:2.0.2:compile [255 KB]
[INFO] 		com.fasterxml.jackson.datatype:jackson-datatype-jsr310:2.19.0:compile [133 KB]
[INFO] 		com.google.re2j:re2j:1.6:compile [110 KB]
[INFO] 		org.eclipse.emf:org.eclipse.emf.ecore:2.15.0:compile [1 MB]
[INFO] 		org.springframework:spring-jcl:6.2.7:compile [23 KB]
[INFO] 		org.springframework:spring-web:6.2.7:compile [1 MB]
[INFO] 		org.geotools:gt-main:28.5:compile [1 MB]
[INFO] 		org.jboss.logging:jboss-logging:3.6.1.Final:compile [60 KB]
[INFO] 		com.zaxxer:HikariCP:6.3.0:compile [166 KB]
[INFO] 		org.geotools:gt-epsg-hsql:28.5:compile [2 MB]
[INFO] 		jakarta.annotation:jakarta.annotation-api:2.1.1:compile [25 KB]
[INFO] 		ch.qos.logback:logback-classic:1.5.18:compile [299 KB]
[INFO] 		org.springframework:spring-beans:6.2.7:compile [865 KB]
[INFO] 		org.springframework.boot:spring-boot-starter-jdbc:3.5.0:compile [4 KB]
[INFO] 		org.springframework.boot:spring-boot-starter-tomcat:3.5.0:compile [4 KB]
[INFO] 		org.geotools.ogc:org.w3.xlink:28.5:compile [51 KB]
[INFO] 		org.springframework.boot:spring-boot:3.5.0:compile [1 MB]
[INFO] 		org.springframework.data:spring-data-relational:3.5.0:compile [506 KB]
[INFO] 		org.eclipse.emf:org.eclipse.emf.common:2.15.0:compile [367 KB]
[INFO] 		org.ejml:ejml-ddense:0.41:compile [398 KB]
[INFO] 		com.fasterxml.jackson.datatype:jackson-datatype-jdk8:2.19.0:compile [35 KB]
[INFO] 		org.locationtech.jts:jts-core:1.19.0:compile [1 MB]
[INFO] 		tech.uom.lib:uom-lib-common:2.0:compile [21 KB]
[INFO] 		org.geotools:gt-metadata:28.5:compile [606 KB]
[INFO] 		org.apache.tomcat.embed:tomcat-embed-websocket:10.1.41:compile [275 KB]
[INFO] 		org.jasypt:jasypt:1.9.3:compile [138 KB]
[INFO] 		org.geotools.ogc:net.opengis.ows:28.5:compile [573 KB]
[INFO] 		org.springframework:spring-jdbc:6.2.7:compile [461 KB]
[INFO] 		org.slf4j:jul-to-slf4j:2.0.17:compile [6 KB]
[INFO] 		io.micrometer:micrometer-commons:1.15.0:compile [48 KB]
[INFO] 		org.springframework:spring-expression:6.2.7:compile [310 KB]
[INFO] 		com.github.ulisesbocchio:jasypt-spring-boot:3.0.5:compile [121 KB]
[INFO] 		ch.qos.logback:logback-core:1.5.18:compile [612 KB]
[INFO] 		com.fasterxml.jackson.module:jackson-module-parameter-names:2.19.0:compile [10 KB]
[INFO] 		javax.measure:unit-api:2.0:compile [36 KB]
[INFO] 		org.springframework:spring-context:6.2.7:compile [1 MB]
[INFO] 		it.geosolutions.jgridshift:jgridshift-core:1.3:compile [12 KB]
[INFO]   USED INHERIT DIRECT DEPENDENCY[0]:
[INFO]   USED INHERIT TRANSITIVE DEPENDENCY[0]:
[INFO]  UNUSED DEPENDENCY[2]:
[INFO]   UNUSED DIRECT DEPENDENCY[1]:
[INFO] 		com.github.ulisesbocchio:jasypt-spring-boot-starter:3.0.5:compile [4 KB]
[INFO]   UNUSED TRANSITIVE DEPENDENCY[1]:
[INFO] 		org.geotools:gt-http:28.5:compile [23 KB]
[INFO]   UNUSED INHERIT DIRECT DEPENDENCY[0]:
[INFO]   UNUSED INHERIT TRANSITIVE DEPENDENCY[0]:
[INFO] mvn test successfully
[INFO] Repair Successfully
[INFO] After Repair Pom Path:/private/tmp/analysis-runs/geoatlas-cloud-geo-atlas/component/metadata/bloatedOutput/orggeoatlascomponentmetadata100SNAPSHOT/orggeoatlascomponentmetadata100SNAPSHOT/pom-result.xml
[INFO] MeasureText: org.graphper.layout.AWTMeasureText was loaded as the primary measurement method.
[INFO] Print TreeCallGraph.svg, red is bloated, gray is unload
[INFO] ------------------------------------------------------------------------
[INFO] BUILD SUCCESS
[INFO] ------------------------------------------------------------------------
[INFO] Total time:  36:33 min
[INFO] Finished at: 2026-05-02T14:26:29+02:00
[INFO] ------------------------------------------------------------------------
