[INFO] Scanning for projects...
[INFO] 
[INFO] ---------------------< org.geo-atlas.library:base >---------------------
[INFO] Building base 1.0.0-SNAPSHOT
[INFO]   from pom.xml
[INFO] --------------------------------[ jar ]---------------------------------
[INFO] 
[INFO] --- slimming:1.0:singleModuleCheck (default-cli) @ base ---
[INFO] mvn test successfully
[INFO] The project has no target/test-classes folder
[INFO] ------------------------------------------------------------------------
[INFO] ---------------------------< START ANALYSE >----------------------------
[INFO] ------------------------------------------------------------------------
[INFO] *************************** S L I M M I N G ****************************
[INFO] ------------------------------------------------------------------------
[INFO] Successfully collect licenses Successfully!
[WARNING] conflictLicense: EPL 2.0	dependency: jakarta.annotation:jakarta.annotation-api:2.1.1
[WARNING] The update time of the current org.geotools:gt-http:28.5 was not queried
[WARNING] Redundant dependency jakarta.annotation:jakarta.annotation-api:2.1.1 release time Optional[2022-06-14] has not been maintained for 1418 days
[INFO] ALL DEPENDENCY[31]:
[INFO]  USED DEPENDENCY[29]:
[INFO]   USED DIRECT DEPENDENCY[3]:
[INFO] 		org.geotools:gt-main:28.5:compile [1 MB]
[INFO] 		org.geotools:gt-referencing:28.5:compile [1 MB]
[INFO] 		org.geotools:gt-epsg-hsql:28.5:compile [2 MB]
[INFO]   USED TRANSITIVE DEPENDENCY[26]:
[INFO] 		org.apache.commons:commons-lang3:3.17.0:compile [657 KB]
[INFO] 		com.fasterxml.jackson.core:jackson-core:2.19.0:compile [574 KB]
[INFO] 		tech.units:indriya:2.0.2:compile [255 KB]
[INFO] 		com.google.re2j:re2j:1.6:compile [110 KB]
[INFO] 		org.eclipse.emf:org.eclipse.emf.ecore:2.15.0:compile [1 MB]
[INFO] 		commons-pool:commons-pool:1.6:compile [108 KB]
[INFO] 		org.eclipse.emf:org.eclipse.emf.ecore.xmi:2.15.0:compile [229 KB]
[INFO] 		net.sf.geographiclib:GeographicLib-Java:1.49:compile [36 KB]
[INFO] 		si.uom:si-quantity:2.0.1:compile [9 KB]
[INFO] 		si.uom:si-units:2.0.1:compile [17 KB]
[INFO] 		systems.uom:systems-common:2.0.2:compile [24 KB]
[INFO] 		org.geotools.ogc:org.w3.xlink:28.5:compile [51 KB]
[INFO] 		javax.media:jai_core:1.1.3:compile [1 MB]
[INFO] 		org.eclipse.emf:org.eclipse.emf.common:2.15.0:compile [367 KB]
[INFO] 		org.ejml:ejml-ddense:0.41:compile [398 KB]
[INFO] 		org.locationtech.jts:jts-core:1.19.0:compile [1 MB]
[INFO] 		javax.inject:javax.inject:1:compile [2 KB]
[INFO] 		org.hsqldb:hsqldb:jdk8:2.7.2:compile [1 MB]
[INFO] 		tech.uom.lib:uom-lib-common:2.0:compile [21 KB]
[INFO] 		org.geotools:gt-metadata:28.5:compile [606 KB]
[INFO] 		org.apache.commons:commons-text:1.10.0:compile [232 KB]
[INFO] 		org.geotools.ogc:net.opengis.ows:28.5:compile [573 KB]
[INFO] 		org.geotools:gt-opengis:28.5:compile [347 KB]
[INFO] 		org.ejml:ejml-core:0.41:compile [252 KB]
[INFO] 		javax.measure:unit-api:2.0:compile [36 KB]
[INFO] 		it.geosolutions.jgridshift:jgridshift-core:1.3:compile [12 KB]
[INFO]   USED INHERIT DIRECT DEPENDENCY[0]:
[INFO]   USED INHERIT TRANSITIVE DEPENDENCY[0]:
[INFO]  UNUSED DEPENDENCY[2]:
[INFO]   UNUSED DIRECT DEPENDENCY[0]:
[INFO]   UNUSED TRANSITIVE DEPENDENCY[2]:
[INFO] 		jakarta.annotation:jakarta.annotation-api:2.1.1:compile [25 KB]
[INFO] 		org.geotools:gt-http:28.5:compile [23 KB]
[INFO]   UNUSED INHERIT DIRECT DEPENDENCY[0]:
[INFO]   UNUSED INHERIT TRANSITIVE DEPENDENCY[0]:
[INFO] mvn test successfully
[INFO] Repair Successfully
[INFO] After Repair Pom Path:/private/tmp/analysis-runs/geoatlas-cloud-geo-atlas/library/base/bloatedOutput/orggeoatlaslibrarybase100SNAPSHOT/orggeoatlaslibrarybase100SNAPSHOT/pom-result.xml
[INFO] MeasureText: org.graphper.layout.AWTMeasureText was loaded as the primary measurement method.
[INFO] Print TreeCallGraph.svg, red is bloated, gray is unload
[INFO] ------------------------------------------------------------------------
[INFO] BUILD SUCCESS
[INFO] ------------------------------------------------------------------------
[INFO] Total time:  51.392 s
[INFO] Finished at: 2026-05-02T15:43:17+02:00
[INFO] ------------------------------------------------------------------------
