[INFO] Scanning for projects...
[INFO] 
[INFO] -------------------< org.geo-atlas.library:pyramid >--------------------
[INFO] Building pyramid 1.0.0-SNAPSHOT
[INFO]   from pom.xml
[INFO] --------------------------------[ jar ]---------------------------------
[INFO] 
[INFO] --- slimming:1.0:singleModuleCheck (default-cli) @ pyramid ---
SLF4J(W): No SLF4J providers were found.
SLF4J(W): Defaulting to no-operation (NOP) logger implementation
SLF4J(W): See https://www.slf4j.org/codes.html#noProviders for further details.
[INFO] mvn test successfully
[INFO] The project has no target/test-classes folder
[INFO] ------------------------------------------------------------------------
[INFO] ---------------------------< START ANALYSE >----------------------------
[INFO] ------------------------------------------------------------------------
[INFO] *************************** S L I M M I N G ****************************
[INFO] ------------------------------------------------------------------------
[INFO] Successfully collect licenses Successfully!
[WARNING] The update time of the current org.geotools:gt-http:28.5 was not queried
[WARNING] Redundant dependency javax.activation:javax.activation-api:1.2.0 release time Optional[2017-09-07] has not been maintained for 3159 days
[WARNING] Redundant dependency com.google.code.findbugs:jsr305:3.0.2 release time Optional[2017-03-31] has not been maintained for 3319 days
[WARNING] Redundant dependency javax.xml.bind:jaxb-api:2.4.0-b180830.0359 release time Optional[2018-08-30] has not been maintained for 2802 days
[INFO] ALL DEPENDENCY[103]:
[INFO]  USED DEPENDENCY[96]:
[INFO]   USED DIRECT DEPENDENCY[9]:
[INFO] 		org.geo-atlas.library:base:1.0.0-SNAPSHOT:compile [3 KB]
[INFO] 		junit:junit:4.13.2:test [375 KB]
[INFO] 		org.locationtech.jts:jts-core:1.19.0:compile [1 MB]
[INFO] 		org.geotools:gt-main:28.5:compile [1 MB]
[INFO] 		org.geotools:gt-referencing:28.5:compile [1 MB]
[INFO] 		org.geo-atlas.library:tile:1.0.0-SNAPSHOT:compile [12 KB]
[INFO] 		org.geotools:gt-render:28.5:compile [588 KB]
[INFO] 		org.slf4j:slf4j-api:2.0.16:compile [67 KB]
[INFO] 		org.geotools:gt-epsg-hsql:28.5:compile [2 MB]
[INFO]   USED TRANSITIVE DEPENDENCY[87]:
[INFO] 		com.fasterxml.jackson.core:jackson-core:2.19.0:compile [574 KB]
[INFO] 		org.geo-atlas.library:io:1.0.0-SNAPSHOT:compile [8 KB]
[INFO] 		org.geotools:gt-cql:28.5:compile [195 KB]
[INFO] 		commons-pool:commons-pool:1.6:compile [108 KB]
[INFO] 		org.eclipse.emf:org.eclipse.emf.ecore.xmi:2.15.0:compile [229 KB]
[INFO] 		net.sf.geographiclib:GeographicLib-Java:1.49:compile [36 KB]
[INFO] 		com.google.guava:failureaccess:1.0.2:compile [4 KB]
[INFO] 		it.geosolutions.jaiext.orderdither:jt-orderdither:1.1.24:compile [26 KB]
[INFO] 		si.uom:si-quantity:2.0.1:compile [9 KB]
[INFO] 		si.uom:si-units:2.0.1:compile [17 KB]
[INFO] 		it.geosolutions.jaiext.scale2:jt-scale2:1.1.24:compile [94 KB]
[INFO] 		it.geosolutions.jaiext.nullop:jt-nullop:1.1.24:compile [6 KB]
[INFO] 		it.geosolutions.imageio-ext:imageio-ext-tiff:1.4.7:compile [362 KB]
[INFO] 		it.geosolutions.jaiext.warp:jt-warp:1.1.24:compile [68 KB]
[INFO] 		it.geosolutions.jaiext.classifier:jt-classifier:1.1.24:compile [19 KB]
[INFO] 		systems.uom:systems-common:2.0.2:compile [24 KB]
[INFO] 		it.geosolutions.jaiext.binarize:jt-binarize:1.1.24:compile [14 KB]
[INFO] 		it.geosolutions.jaiext.affine:jt-affine:1.1.24:compile [121 KB]
[INFO] 		org.glassfish.jaxb:txw2:4.0.5:runtime [71 KB]
[INFO] 		commons-io:commons-io:2.16.1:compile [496 KB]
[INFO] 		it.geosolutions.jaiext.vectorbin:jt-vectorbin:1.1.24:compile [18 KB]
[INFO] 		javax.media:jai_core:1.1.3:compile [1 MB]
[INFO] 		com.conversantmedia:disruptor:1.2.15:compile [131 KB]
[INFO] 		it.geosolutions.jaiext.mosaic:jt-mosaic:1.1.24:compile [40 KB]
[INFO] 		io.airlift:aircompressor:0.20:compile [180 KB]
[INFO] 		it.geosolutions.jaiext.buffer:jt-buffer:1.1.24:compile [19 KB]
[INFO] 		it.geosolutions.imageio-ext:imageio-ext-utilities:1.4.7:compile [41 KB]
[INFO] 		it.geosolutions.jaiext.colorconvert:jt-colorconvert:1.1.24:compile [69 KB]
[INFO] 		org.eclipse.angus:angus-activation:2.0.2:runtime [26 KB]
[INFO] 		javax.inject:javax.inject:1:compile [2 KB]
[INFO] 		org.hsqldb:hsqldb:jdk8:2.7.2:compile [1 MB]
[INFO] 		no.ecc.vectortile:java-vector-tile:1.3.23:compile [86 KB]
[INFO] 		it.geosolutions.jaiext.errordiffusion:jt-errordiffusion:1.1.24:compile [18 KB]
[INFO] 		it.geosolutions.jaiext.colorindexer:jt-colorindexer:1.1.25:compile [40 KB]
[INFO] 		it.geosolutions.jaiext.format:jt-format:1.1.24:compile [7 KB]
[INFO] 		it.geosolutions.jaiext.utilities:jt-utilities:1.1.25:compile [182 KB]
[INFO] 		it.geosolutions.jaiext.bandmerge:jt-bandmerge:1.1.24:compile [33 KB]
[INFO] 		org.apache.commons:commons-text:1.10.0:compile [232 KB]
[INFO] 		it.geosolutions.jaiext.zonal:jt-zonal:1.1.24:compile [33 KB]
[INFO] 		org.huldra.math:bigint:0.7.1:compile [21 KB]
[INFO] 		it.geosolutions.jaiext.translate:jt-translate:1.1.24:compile [10 KB]
[INFO] 		it.geosolutions.jaiext.bandcombine:jt-bandcombine:1.1.24:compile [16 KB]
[INFO] 		org.geotools:gt-opengis:28.5:compile [347 KB]
[INFO] 		org.glassfish.jaxb:jaxb-core:4.0.5:runtime [135 KB]
[INFO] 		javax.media:jai_codec:1.1.3:compile [252 KB]
[INFO] 		org.jaitools:jt-zonalstats:1.6.0:compile [20 KB]
[INFO] 		org.ejml:ejml-core:0.41:compile [252 KB]
[INFO] 		it.geosolutions.jaiext.bandselect:jt-bandselect:1.1.24:compile [9 KB]
[INFO] 		org.hamcrest:hamcrest:3.0:test [123 KB]
[INFO] 		org.apache.commons:commons-lang3:3.17.0:compile [657 KB]
[INFO] 		it.geosolutions.jaiext.piecewise:jt-piecewise:1.1.24:compile [37 KB]
[INFO] 		tech.units:indriya:2.0.2:compile [255 KB]
[INFO] 		com.google.re2j:re2j:1.6:compile [110 KB]
[INFO] 		it.geosolutions.jaiext.stats:jt-stats:1.1.24:compile [35 KB]
[INFO] 		org.eclipse.emf:org.eclipse.emf.ecore:2.15.0:compile [1 MB]
[INFO] 		org.jaitools:jt-utils:1.6.0:compile [204 KB]
[INFO] 		it.geosolutions.jaiext.scale:jt-scale:1.1.24:compile [91 KB]
[INFO] 		jakarta.xml.bind:jakarta.xml.bind-api:4.0.2:runtime [127 KB]
[INFO] 		it.geosolutions.jaiext.algebra:jt-algebra:1.1.24:compile [53 KB]
[INFO] 		com.sun.istack:istack-commons-runtime:4.1.2:runtime [25 KB]
[INFO] 		it.geosolutions.imageio-ext:imageio-ext-geocore:1.4.7:compile [49 KB]
[INFO] 		org.hamcrest:hamcrest-core:3.0:test [2 KB]
[INFO] 		com.google.protobuf:protobuf-java:3.16.3:compile [1 MB]
[INFO] 		jakarta.annotation:jakarta.annotation-api:2.1.1:compile [25 KB]
[INFO] 		it.geosolutions.imageio-ext:imageio-ext-streams:1.4.7:compile [52 KB]
[INFO] 		com.google.guava:listenablefuture:9999.0-empty-to-avoid-conflict-with-guava:compile [2 KB]
[INFO] 		org.geotools.ogc:org.w3.xlink:28.5:compile [51 KB]
[INFO] 		org.glassfish.jaxb:jaxb-runtime:4.0.5:runtime [898 KB]
[INFO] 		jakarta.activation:jakarta.activation-api:2.1.3:runtime [64 KB]
[INFO] 		it.geosolutions.jaiext.rescale:jt-rescale:1.1.24:compile [19 KB]
[INFO] 		it.geosolutions.jaiext.imagefunction:jt-imagefunction:1.1.24:compile [12 KB]
[INFO] 		javax.media:jai_imageio:1.1:compile [1 MB]
[INFO] 		org.eclipse.emf:org.eclipse.emf.common:2.15.0:compile [367 KB]
[INFO] 		com.google.guava:guava:33.2.0-jre:compile [2 MB]
[INFO] 		org.ejml:ejml-ddense:0.41:compile [398 KB]
[INFO] 		tech.uom.lib:uom-lib-common:2.0:compile [21 KB]
[INFO] 		it.geosolutions.jaiext.iterators:jt-iterators:1.1.24:compile [32 KB]
[INFO] 		org.geotools:gt-metadata:28.5:compile [606 KB]
[INFO] 		it.geosolutions.jaiext.lookup:jt-lookup:1.1.24:compile [41 KB]
[INFO] 		it.geosolutions.jaiext.rlookup:jt-rlookup:1.1.24:compile [18 KB]
[INFO] 		org.geotools.ogc:net.opengis.ows:28.5:compile [573 KB]
[INFO] 		org.geotools:gt-coverage:28.5:compile [604 KB]
[INFO] 		it.geosolutions.jaiext.shadedrelief:jt-shadedrelief:1.1.24:compile [38 KB]
[INFO] 		javax.measure:unit-api:2.0:compile [36 KB]
[INFO] 		it.geosolutions.jaiext.border:jt-border:1.1.24:compile [14 KB]
[INFO] 		it.geosolutions.jaiext.crop:jt-crop:1.1.24:compile [9 KB]
[INFO] 		it.geosolutions.jgridshift:jgridshift-core:1.3:compile [12 KB]
[INFO]   USED INHERIT DIRECT DEPENDENCY[0]:
[INFO]   USED INHERIT TRANSITIVE DEPENDENCY[0]:
[INFO]  UNUSED DEPENDENCY[7]:
[INFO]   UNUSED DIRECT DEPENDENCY[0]:
[INFO]   UNUSED TRANSITIVE DEPENDENCY[7]:
[INFO] 		com.google.j2objc:j2objc-annotations:3.0.0:compile [12 KB]
[INFO] 		javax.activation:javax.activation-api:1.2.0:compile [55 KB]
[INFO] 		org.geotools:gt-http:28.5:compile [23 KB]
[INFO] 		com.google.errorprone:error_prone_annotations:2.26.1:compile [18 KB]
[INFO] 		javax.xml.bind:jaxb-api:2.4.0-b180830.0359:compile [125 KB]
[INFO] 		com.google.code.findbugs:jsr305:3.0.2:compile [19 KB]
[INFO] 		org.checkerframework:checker-qual:3.42.0:compile [225 KB]
[INFO]   UNUSED INHERIT DIRECT DEPENDENCY[0]:
[INFO]   UNUSED INHERIT TRANSITIVE DEPENDENCY[0]:
SLF4J(W): No SLF4J providers were found.
SLF4J(W): Defaulting to no-operation (NOP) logger implementation
SLF4J(W): See https://www.slf4j.org/codes.html#noProviders for further details.
[INFO] mvn test successfully
[INFO] Repair Successfully
[INFO] After Repair Pom Path:/private/tmp/analysis-runs/geoatlas-cloud-geo-atlas/library/mse/pyramid/bloatedOutput/orggeoatlaslibrarypyramid100SNAPSHOT/orggeoatlaslibrarypyramid100SNAPSHOT/pom-result.xml
[INFO] MeasureText: org.graphper.layout.AWTMeasureText was loaded as the primary measurement method.
[INFO] Print TreeCallGraph.svg, red is bloated, gray is unload
[INFO] ------------------------------------------------------------------------
[INFO] BUILD SUCCESS
[INFO] ------------------------------------------------------------------------
[INFO] Total time:  01:32 min
[INFO] Finished at: 2026-05-02T15:45:29+02:00
[INFO] ------------------------------------------------------------------------
