[INFO] Scanning for projects...
[INFO] 
[INFO] ---------< org.cardanofoundation.tools:cf-adahandle-resolver >----------
[INFO] Building ADA Handle Resolver 0.1.4
[INFO]   from pom.xml
[INFO] --------------------------------[ jar ]---------------------------------
[INFO] 
[INFO] --- jacoco:0.8.10:prepare-agent (default) @ cf-adahandle-resolver ---
[INFO] Skipping JaCoCo execution because property jacoco.skip is set.
[INFO] argLine set to empty
[INFO] 
[INFO] --- resources:3.3.1:resources (default-resources) @ cf-adahandle-resolver ---
[INFO] Copying 1 resource from src/main/resources to target/classes
[INFO] Copying 2 resources from src/main/resources to target/classes
[INFO] 
[INFO] --- compiler:3.13.0:compile (default-compile) @ cf-adahandle-resolver ---
[INFO] Recompiling the module because of changed source code.
[INFO] Compiling 16 source files with javac [debug parameters release 21] to target/classes
[INFO] Annotation processing is enabled because one or more processors were found
  on the class path. A future release of javac may disable annotation processing
  unless at least one processor is specified by name (-processor), or a search
  path is specified (--processor-path, --processor-module-path), or annotation
  processing is enabled explicitly (-proc:only, -proc:full).
  Use -Xlint:-options to suppress this message.
  Use -proc:none to disable annotation processing.
[INFO] -------------------------------------------------------------
[ERROR] COMPILATION ERROR : 
[INFO] -------------------------------------------------------------
[ERROR] /project/src/main/java/org/cardanofoundation/tools/adahandle/resolver/AdaHandleResolverApplication.java:[3,32] package org.springframework.boot does not exist
[ERROR] /project/src/main/java/org/cardanofoundation/tools/adahandle/resolver/AdaHandleResolverApplication.java:[4,46] package org.springframework.boot.autoconfigure does not exist
[ERROR] /project/src/main/java/org/cardanofoundation/tools/adahandle/resolver/AdaHandleResolverApplication.java:[5,53] package org.springframework.boot.autoconfigure.domain does not exist
[ERROR] /project/src/main/java/org/cardanofoundation/tools/adahandle/resolver/AdaHandleResolverApplication.java:[6,54] package org.springframework.data.jpa.repository.config does not exist
[ERROR] /project/src/main/java/org/cardanofoundation/tools/adahandle/resolver/AdaHandleResolverApplication.java:[8,2] cannot find symbol
  symbol: class SpringBootApplication
[ERROR] /project/src/main/java/org/cardanofoundation/tools/adahandle/resolver/AdaHandleResolverApplication.java:[9,2] cannot find symbol
  symbol: class EnableJpaRepositories
[ERROR] /project/src/main/java/org/cardanofoundation/tools/adahandle/resolver/AdaHandleResolverApplication.java:[10,2] cannot find symbol
  symbol: class EntityScan
[ERROR] /project/src/main/java/org/cardanofoundation/tools/adahandle/resolver/config/WebConfig.java:[3,46] package org.springframework.context.annotation does not exist
[ERROR] /project/src/main/java/org/cardanofoundation/tools/adahandle/resolver/config/WebConfig.java:[4,57] package org.springframework.web.servlet.config.annotation does not exist
[ERROR] /project/src/main/java/org/cardanofoundation/tools/adahandle/resolver/config/WebConfig.java:[5,57] package org.springframework.web.servlet.config.annotation does not exist
[ERROR] /project/src/main/java/org/cardanofoundation/tools/adahandle/resolver/config/WebConfig.java:[6,57] package org.springframework.web.servlet.config.annotation does not exist
[ERROR] /project/src/main/java/org/cardanofoundation/tools/adahandle/resolver/config/WebConfig.java:[10,35] cannot find symbol
  symbol: class WebMvcConfigurer
[ERROR] /project/src/main/java/org/cardanofoundation/tools/adahandle/resolver/config/WebConfig.java:[8,2] cannot find symbol
  symbol: class Configuration
[ERROR] /project/src/main/java/org/cardanofoundation/tools/adahandle/resolver/config/WebConfig.java:[9,2] cannot find symbol
  symbol: class EnableWebMvc
[ERROR] /project/src/main/java/org/cardanofoundation/tools/adahandle/resolver/config/WebConfig.java:[13,33] cannot find symbol
  symbol:   class CorsRegistry
  location: class org.cardanofoundation.tools.adahandle.resolver.config.WebConfig
[ERROR] /project/src/main/java/org/cardanofoundation/tools/adahandle/resolver/controller/AdaHandleController.java:[5,52] package org.springframework.beans.factory.annotation does not exist
[ERROR] /project/src/main/java/org/cardanofoundation/tools/adahandle/resolver/controller/AdaHandleController.java:[6,32] package org.springframework.http does not exist
[ERROR] /project/src/main/java/org/cardanofoundation/tools/adahandle/resolver/controller/AdaHandleController.java:[7,47] package org.springframework.web.bind.annotation does not exist
[ERROR] /project/src/main/java/org/cardanofoundation/tools/adahandle/resolver/controller/AdaHandleController.java:[8,47] package org.springframework.web.bind.annotation does not exist
[ERROR] /project/src/main/java/org/cardanofoundation/tools/adahandle/resolver/controller/AdaHandleController.java:[9,47] package org.springframework.web.bind.annotation does not exist
[ERROR] /project/src/main/java/org/cardanofoundation/tools/adahandle/resolver/controller/AdaHandleController.java:[10,47] package org.springframework.web.bind.annotation does not exist
[ERROR] /project/src/main/java/org/cardanofoundation/tools/adahandle/resolver/controller/AdaHandleController.java:[14,2] cannot find symbol
  symbol: class RestController
[ERROR] /project/src/main/java/org/cardanofoundation/tools/adahandle/resolver/controller/AdaHandleController.java:[15,2] cannot find symbol
  symbol: class RequestMapping
[ERROR] /project/src/main/java/org/cardanofoundation/tools/adahandle/resolver/service/AdaHandleService.java:[2,53] package com.bloxbean.cardano.yaci.store.common.domain does not exist
[ERROR] /project/src/main/java/org/cardanofoundation/tools/adahandle/resolver/service/AdaHandleService.java:[9,52] package org.springframework.beans.factory.annotation does not exist
[ERROR] /project/src/main/java/org/cardanofoundation/tools/adahandle/resolver/service/AdaHandleService.java:[10,38] package org.springframework.stereotype does not exist
[ERROR] /project/src/main/java/org/cardanofoundation/tools/adahandle/resolver/service/AdaHandleService.java:[14,2] cannot find symbol
  symbol: class Service
[ERROR] /project/src/main/java/org/cardanofoundation/tools/adahandle/resolver/service/AdaHandleHistoryService.java:[3,53] package com.bloxbean.cardano.yaci.store.common.domain does not exist
[ERROR] /project/src/main/java/org/cardanofoundation/tools/adahandle/resolver/service/AdaHandleHistoryService.java:[7,52] package org.springframework.beans.factory.annotation does not exist
[ERROR] /project/src/main/java/org/cardanofoundation/tools/adahandle/resolver/service/AdaHandleHistoryService.java:[8,38] package org.springframework.stereotype does not exist
[ERROR] /project/src/main/java/org/cardanofoundation/tools/adahandle/resolver/service/AdaHandleHistoryService.java:[12,2] cannot find symbol
  symbol: class Service
[ERROR] /project/src/main/java/org/cardanofoundation/tools/adahandle/resolver/controller/AdaHandleController.java:[24,12] cannot find symbol
  symbol:   class ResponseEntity
  location: class org.cardanofoundation.tools.adahandle.resolver.controller.AdaHandleController
[ERROR] /project/src/main/java/org/cardanofoundation/tools/adahandle/resolver/controller/AdaHandleController.java:[30,12] cannot find symbol
  symbol:   class ResponseEntity
  location: class org.cardanofoundation.tools.adahandle.resolver.controller.AdaHandleController
[ERROR] /project/src/main/java/org/cardanofoundation/tools/adahandle/resolver/repository/AdaHandleHistoryRepository.java:[4,47] package org.springframework.data.jpa.repository does not exist
[ERROR] /project/src/main/java/org/cardanofoundation/tools/adahandle/resolver/repository/AdaHandleHistoryRepository.java:[5,47] package org.springframework.data.jpa.repository does not exist
[ERROR] /project/src/main/java/org/cardanofoundation/tools/adahandle/resolver/repository/AdaHandleHistoryRepository.java:[6,47] package org.springframework.data.jpa.repository does not exist
[ERROR] /project/src/main/java/org/cardanofoundation/tools/adahandle/resolver/repository/AdaHandleHistoryRepository.java:[7,49] package org.springframework.data.repository.query does not exist
[ERROR] /project/src/main/java/org/cardanofoundation/tools/adahandle/resolver/repository/AdaHandleHistoryRepository.java:[8,38] package org.springframework.stereotype does not exist
[ERROR] /project/src/main/java/org/cardanofoundation/tools/adahandle/resolver/repository/AdaHandleHistoryRepository.java:[13,53] cannot find symbol
  symbol: class JpaRepository
[ERROR] /project/src/main/java/org/cardanofoundation/tools/adahandle/resolver/repository/AdaHandleHistoryRepository.java:[12,2] cannot find symbol
  symbol: class Repository
[ERROR] /project/src/main/java/org/cardanofoundation/tools/adahandle/resolver/entity/AdaHandleHistoryItem.java:[9,2] cannot find symbol
  symbol: class Entity
[ERROR] /project/src/main/java/org/cardanofoundation/tools/adahandle/resolver/entity/AdaHandleHistoryItem.java:[14,2] cannot find symbol
  symbol: class Table
[ERROR] /project/src/main/java/org/cardanofoundation/tools/adahandle/resolver/entity/AdaHandleHistoryItem.java:[15,2] cannot find symbol
  symbol: class IdClass
[ERROR] /project/src/main/java/org/cardanofoundation/tools/adahandle/resolver/service/AdaHandleHistoryService.java:[31,48] cannot find symbol
  symbol:   class AddressUtxo
  location: class org.cardanofoundation.tools.adahandle.resolver.service.AdaHandleHistoryService
[ERROR] /project/src/main/java/org/cardanofoundation/tools/adahandle/resolver/repository/AdaHandleRepository.java:[5,47] package org.springframework.data.jpa.repository does not exist
[ERROR] /project/src/main/java/org/cardanofoundation/tools/adahandle/resolver/repository/AdaHandleRepository.java:[6,47] package org.springframework.data.jpa.repository does not exist
[ERROR] /project/src/main/java/org/cardanofoundation/tools/adahandle/resolver/repository/AdaHandleRepository.java:[7,49] package org.springframework.data.repository.query does not exist
[ERROR] /project/src/main/java/org/cardanofoundation/tools/adahandle/resolver/repository/AdaHandleRepository.java:[8,38] package org.springframework.stereotype does not exist
[ERROR] /project/src/main/java/org/cardanofoundation/tools/adahandle/resolver/repository/AdaHandleRepository.java:[13,46] cannot find symbol
  symbol: class JpaRepository
[ERROR] /project/src/main/java/org/cardanofoundation/tools/adahandle/resolver/repository/AdaHandleRepository.java:[12,2] cannot find symbol
  symbol: class Repository
[ERROR] /project/src/main/java/org/cardanofoundation/tools/adahandle/resolver/entity/AdaHandle.java:[3,27] package jakarta.persistence does not exist
[ERROR] /project/src/main/java/org/cardanofoundation/tools/adahandle/resolver/entity/AdaHandle.java:[4,27] package jakarta.persistence does not exist
[ERROR] /project/src/main/java/org/cardanofoundation/tools/adahandle/resolver/entity/AdaHandle.java:[5,27] package jakarta.persistence does not exist
[ERROR] /project/src/main/java/org/cardanofoundation/tools/adahandle/resolver/entity/AdaHandle.java:[6,27] package jakarta.persistence does not exist
[ERROR] /project/src/main/java/org/cardanofoundation/tools/adahandle/resolver/entity/AdaHandle.java:[12,2] cannot find symbol
  symbol: class Entity
[ERROR] /project/src/main/java/org/cardanofoundation/tools/adahandle/resolver/entity/AdaHandle.java:[17,2] cannot find symbol
  symbol: class Table
[ERROR] /project/src/main/java/org/cardanofoundation/tools/adahandle/resolver/service/AdaHandleService.java:[19,40] cannot find symbol
  symbol:   class AddressUtxo
  location: class org.cardanofoundation.tools.adahandle.resolver.service.AdaHandleService
[ERROR] /project/src/main/java/org/cardanofoundation/tools/adahandle/resolver/entity/AdaHandleHistoryItem.java:[3,15] package jakarta.persistence does not exist
[ERROR] /project/src/main/java/org/cardanofoundation/tools/adahandle/resolver/controller/AddressesController.java:[5,52] package org.springframework.beans.factory.annotation does not exist
[ERROR] /project/src/main/java/org/cardanofoundation/tools/adahandle/resolver/controller/AddressesController.java:[6,32] package org.springframework.http does not exist
[ERROR] /project/src/main/java/org/cardanofoundation/tools/adahandle/resolver/controller/AddressesController.java:[7,47] package org.springframework.web.bind.annotation does not exist
[ERROR] /project/src/main/java/org/cardanofoundation/tools/adahandle/resolver/controller/AddressesController.java:[8,47] package org.springframework.web.bind.annotation does not exist
[ERROR] /project/src/main/java/org/cardanofoundation/tools/adahandle/resolver/controller/AddressesController.java:[9,47] package org.springframework.web.bind.annotation does not exist
[ERROR] /project/src/main/java/org/cardanofoundation/tools/adahandle/resolver/controller/AddressesController.java:[10,47] package org.springframework.web.bind.annotation does not exist
[ERROR] /project/src/main/java/org/cardanofoundation/tools/adahandle/resolver/controller/AddressesController.java:[12,2] cannot find symbol
  symbol: class RestController
[ERROR] /project/src/main/java/org/cardanofoundation/tools/adahandle/resolver/controller/AddressesController.java:[13,2] cannot find symbol
  symbol: class RequestMapping
[ERROR] /project/src/main/java/org/cardanofoundation/tools/adahandle/resolver/controller/AddressesController.java:[20,12] cannot find symbol
  symbol:   class ResponseEntity
  location: class org.cardanofoundation.tools.adahandle.resolver.controller.AddressesController
[ERROR] /project/src/main/java/org/cardanofoundation/tools/adahandle/resolver/mapper/AdaHandleHistoryMapper.java:[3,53] package com.bloxbean.cardano.yaci.store.common.domain does not exist
[ERROR] /project/src/main/java/org/cardanofoundation/tools/adahandle/resolver/mapper/AdaHandleHistoryMapper.java:[4,53] package com.bloxbean.cardano.yaci.store.common.domain does not exist
[ERROR] /project/src/main/java/org/cardanofoundation/tools/adahandle/resolver/mapper/AdaHandleHistoryMapper.java:[11,75] cannot find symbol
  symbol:   class AddressUtxo
  location: class org.cardanofoundation.tools.adahandle.resolver.mapper.AdaHandleHistoryMapper
[ERROR] /project/src/main/java/org/cardanofoundation/tools/adahandle/resolver/mapper/AdaHandleMapper.java:[2,53] package com.bloxbean.cardano.yaci.store.common.domain does not exist
[ERROR] /project/src/main/java/org/cardanofoundation/tools/adahandle/resolver/mapper/AdaHandleMapper.java:[3,53] package com.bloxbean.cardano.yaci.store.common.domain does not exist
[ERROR] /project/src/main/java/org/cardanofoundation/tools/adahandle/resolver/mapper/AdaHandleMapper.java:[5,39] package org.apache.commons.codec.binary does not exist
[ERROR] /project/src/main/java/org/cardanofoundation/tools/adahandle/resolver/mapper/AdaHandleMapper.java:[11,1] package org.slf4j does not exist
[ERROR] /project/src/main/java/org/cardanofoundation/tools/adahandle/resolver/mapper/AdaHandleMapper.java:[13,53] cannot find symbol
  symbol:   class AddressUtxo
  location: class org.cardanofoundation.tools.adahandle.resolver.mapper.AdaHandleMapper
[ERROR] /project/src/main/java/org/cardanofoundation/tools/adahandle/resolver/storage/AdaHandleProcessor.java:[3,53] package com.bloxbean.cardano.yaci.store.common.domain does not exist
[ERROR] /project/src/main/java/org/cardanofoundation/tools/adahandle/resolver/storage/AdaHandleProcessor.java:[4,53] package com.bloxbean.cardano.yaci.store.common.domain does not exist
[ERROR] /project/src/main/java/org/cardanofoundation/tools/adahandle/resolver/storage/AdaHandleProcessor.java:[5,46] package com.bloxbean.cardano.yaci.store.events does not exist
[ERROR] /project/src/main/java/org/cardanofoundation/tools/adahandle/resolver/storage/AdaHandleProcessor.java:[6,55] package com.bloxbean.cardano.yaci.store.events.internal does not exist
[ERROR] /project/src/main/java/org/cardanofoundation/tools/adahandle/resolver/storage/AdaHandleProcessor.java:[11,41] package org.springframework.context.event does not exist
[ERROR] /project/src/main/java/org/cardanofoundation/tools/adahandle/resolver/storage/AdaHandleProcessor.java:[12,38] package org.springframework.stereotype does not exist
[ERROR] /project/src/main/java/org/cardanofoundation/tools/adahandle/resolver/storage/AdaHandleProcessor.java:[13,50] package org.springframework.transaction.annotation does not exist
[ERROR] /project/src/main/java/org/cardanofoundation/tools/adahandle/resolver/storage/AdaHandleProcessor.java:[19,2] cannot find symbol
  symbol: class Component
[ERROR] /project/src/main/java/org/cardanofoundation/tools/adahandle/resolver/storage/AdaHandleProcessor.java:[94,40] cannot find symbol
  symbol:   class AddressUtxo
  location: class org.cardanofoundation.tools.adahandle.resolver.storage.SlotAddressUtxo
[ERROR] /project/src/main/java/org/cardanofoundation/tools/adahandle/resolver/storage/AdaHandleProcessor.java:[42,38] cannot find symbol
  symbol:   class AddressUtxo
  location: class org.cardanofoundation.tools.adahandle.resolver.storage.AdaHandleProcessor
[ERROR] /project/src/main/java/org/cardanofoundation/tools/adahandle/resolver/storage/AdaHandleProcessor.java:[64,35] cannot find symbol
  symbol:   class CommitEvent
  location: class org.cardanofoundation.tools.adahandle.resolver.storage.AdaHandleProcessor
[ERROR] /project/src/main/java/org/cardanofoundation/tools/adahandle/resolver/storage/AdaHandleProcessor.java:[88,32] cannot find symbol
  symbol:   class RollbackEvent
  location: class org.cardanofoundation.tools.adahandle.resolver.storage.AdaHandleProcessor
[ERROR] /project/src/main/java/org/cardanofoundation/tools/adahandle/resolver/storage/AdaHandleStorage.java:[3,53] package com.bloxbean.cardano.yaci.store.common.domain does not exist
[ERROR] /project/src/main/java/org/cardanofoundation/tools/adahandle/resolver/storage/AdaHandleStorage.java:[4,53] package com.bloxbean.cardano.yaci.store.common.domain does not exist
[ERROR] /project/src/main/java/org/cardanofoundation/tools/adahandle/resolver/storage/AdaHandleStorage.java:[9,16] package org.jooq does not exist
[ERROR] /project/src/main/java/org/cardanofoundation/tools/adahandle/resolver/storage/AdaHandleStorage.java:[10,46] package org.springframework.context.annotation does not exist
[ERROR] /project/src/main/java/org/cardanofoundation/tools/adahandle/resolver/storage/AdaHandleStorage.java:[11,38] package org.springframework.stereotype does not exist
[ERROR] /project/src/main/java/org/cardanofoundation/tools/adahandle/resolver/storage/AdaHandleStorage.java:[12,39] package org.springframework.transaction does not exist
[ERROR] /project/src/main/java/org/cardanofoundation/tools/adahandle/resolver/storage/AdaHandleStorage.java:[19,2] cannot find symbol
  symbol: class Component
[ERROR] /project/src/main/java/org/cardanofoundation/tools/adahandle/resolver/storage/AdaHandleStorage.java:[20,2] cannot find symbol
  symbol: class Profile
[ERROR] /project/src/main/java/org/cardanofoundation/tools/adahandle/resolver/storage/AdaHandleStorage.java:[23,101] cannot find symbol
  symbol:   class DSLContext
  location: class org.cardanofoundation.tools.adahandle.resolver.storage.AdaHandleStorage
[ERROR] /project/src/main/java/org/cardanofoundation/tools/adahandle/resolver/storage/AdaHandleStorage.java:[23,138] cannot find symbol
  symbol:   class PlatformTransactionManager
  location: class org.cardanofoundation.tools.adahandle.resolver.storage.AdaHandleStorage
[ERROR] /project/src/main/java/org/cardanofoundation/tools/adahandle/resolver/storage/AdaHandleStorage.java:[28,34] cannot find symbol
  symbol:   class AddressUtxo
  location: class org.cardanofoundation.tools.adahandle.resolver.storage.AdaHandleStorage
[ERROR] /project/src/main/java/org/cardanofoundation/tools/adahandle/resolver/storage/AdaHandleStorage.java:[34,32] cannot find symbol
  symbol:   class TxInput
  location: class org.cardanofoundation.tools.adahandle.resolver.storage.AdaHandleStorage
[ERROR] /project/src/main/java/org/cardanofoundation/tools/adahandle/resolver/controller/AdaHandleController.java:[18,6] cannot find symbol
  symbol:   class Autowired
  location: class org.cardanofoundation.tools.adahandle.resolver.controller.AdaHandleController
[INFO] 100 errors 
[INFO] -------------------------------------------------------------
[INFO] ------------------------------------------------------------------------
[INFO] BUILD FAILURE
[INFO] ------------------------------------------------------------------------
[INFO] Total time:  7.352 s
[INFO] Finished at: 2026-09-11T19:35:29Z
[INFO] ------------------------------------------------------------------------
[ERROR] Failed to execute goal org.apache.maven.plugins:maven-compiler-plugin:3.13.0:compile (default-compile) on project cf-adahandle-resolver: Compilation failure: Compilation failure: 
[ERROR] /project/src/main/java/org/cardanofoundation/tools/adahandle/resolver/AdaHandleResolverApplication.java:[3,32] package org.springframework.boot does not exist
[ERROR] /project/src/main/java/org/cardanofoundation/tools/adahandle/resolver/AdaHandleResolverApplication.java:[4,46] package org.springframework.boot.autoconfigure does not exist
[ERROR] /project/src/main/java/org/cardanofoundation/tools/adahandle/resolver/AdaHandleResolverApplication.java:[5,53] package org.springframework.boot.autoconfigure.domain does not exist
[ERROR] /project/src/main/java/org/cardanofoundation/tools/adahandle/resolver/AdaHandleResolverApplication.java:[6,54] package org.springframework.data.jpa.repository.config does not exist
[ERROR] /project/src/main/java/org/cardanofoundation/tools/adahandle/resolver/AdaHandleResolverApplication.java:[8,2] cannot find symbol
[ERROR]   symbol: class SpringBootApplication
[ERROR] /project/src/main/java/org/cardanofoundation/tools/adahandle/resolver/AdaHandleResolverApplication.java:[9,2] cannot find symbol
[ERROR]   symbol: class EnableJpaRepositories
[ERROR] /project/src/main/java/org/cardanofoundation/tools/adahandle/resolver/AdaHandleResolverApplication.java:[10,2] cannot find symbol
[ERROR]   symbol: class EntityScan
[ERROR] /project/src/main/java/org/cardanofoundation/tools/adahandle/resolver/config/WebConfig.java:[3,46] package org.springframework.context.annotation does not exist
[ERROR] /project/src/main/java/org/cardanofoundation/tools/adahandle/resolver/config/WebConfig.java:[4,57] package org.springframework.web.servlet.config.annotation does not exist
[ERROR] /project/src/main/java/org/cardanofoundation/tools/adahandle/resolver/config/WebConfig.java:[5,57] package org.springframework.web.servlet.config.annotation does not exist
[ERROR] /project/src/main/java/org/cardanofoundation/tools/adahandle/resolver/config/WebConfig.java:[6,57] package org.springframework.web.servlet.config.annotation does not exist
[ERROR] /project/src/main/java/org/cardanofoundation/tools/adahandle/resolver/config/WebConfig.java:[10,35] cannot find symbol
[ERROR]   symbol: class WebMvcConfigurer
[ERROR] /project/src/main/java/org/cardanofoundation/tools/adahandle/resolver/config/WebConfig.java:[8,2] cannot find symbol
[ERROR]   symbol: class Configuration
[ERROR] /project/src/main/java/org/cardanofoundation/tools/adahandle/resolver/config/WebConfig.java:[9,2] cannot find symbol
[ERROR]   symbol: class EnableWebMvc
[ERROR] /project/src/main/java/org/cardanofoundation/tools/adahandle/resolver/config/WebConfig.java:[13,33] cannot find symbol
[ERROR]   symbol:   class CorsRegistry
[ERROR]   location: class org.cardanofoundation.tools.adahandle.resolver.config.WebConfig
[ERROR] /project/src/main/java/org/cardanofoundation/tools/adahandle/resolver/controller/AdaHandleController.java:[5,52] package org.springframework.beans.factory.annotation does not exist
[ERROR] /project/src/main/java/org/cardanofoundation/tools/adahandle/resolver/controller/AdaHandleController.java:[6,32] package org.springframework.http does not exist
[ERROR] /project/src/main/java/org/cardanofoundation/tools/adahandle/resolver/controller/AdaHandleController.java:[7,47] package org.springframework.web.bind.annotation does not exist
[ERROR] /project/src/main/java/org/cardanofoundation/tools/adahandle/resolver/controller/AdaHandleController.java:[8,47] package org.springframework.web.bind.annotation does not exist
[ERROR] /project/src/main/java/org/cardanofoundation/tools/adahandle/resolver/controller/AdaHandleController.java:[9,47] package org.springframework.web.bind.annotation does not exist
[ERROR] /project/src/main/java/org/cardanofoundation/tools/adahandle/resolver/controller/AdaHandleController.java:[10,47] package org.springframework.web.bind.annotation does not exist
[ERROR] /project/src/main/java/org/cardanofoundation/tools/adahandle/resolver/controller/AdaHandleController.java:[14,2] cannot find symbol
[ERROR]   symbol: class RestController
[ERROR] /project/src/main/java/org/cardanofoundation/tools/adahandle/resolver/controller/AdaHandleController.java:[15,2] cannot find symbol
[ERROR]   symbol: class RequestMapping
[ERROR] /project/src/main/java/org/cardanofoundation/tools/adahandle/resolver/service/AdaHandleService.java:[2,53] package com.bloxbean.cardano.yaci.store.common.domain does not exist
[ERROR] /project/src/main/java/org/cardanofoundation/tools/adahandle/resolver/service/AdaHandleService.java:[9,52] package org.springframework.beans.factory.annotation does not exist
[ERROR] /project/src/main/java/org/cardanofoundation/tools/adahandle/resolver/service/AdaHandleService.java:[10,38] package org.springframework.stereotype does not exist
[ERROR] /project/src/main/java/org/cardanofoundation/tools/adahandle/resolver/service/AdaHandleService.java:[14,2] cannot find symbol
[ERROR]   symbol: class Service
[ERROR] /project/src/main/java/org/cardanofoundation/tools/adahandle/resolver/service/AdaHandleHistoryService.java:[3,53] package com.bloxbean.cardano.yaci.store.common.domain does not exist
[ERROR] /project/src/main/java/org/cardanofoundation/tools/adahandle/resolver/service/AdaHandleHistoryService.java:[7,52] package org.springframework.beans.factory.annotation does not exist
[ERROR] /project/src/main/java/org/cardanofoundation/tools/adahandle/resolver/service/AdaHandleHistoryService.java:[8,38] package org.springframework.stereotype does not exist
[ERROR] /project/src/main/java/org/cardanofoundation/tools/adahandle/resolver/service/AdaHandleHistoryService.java:[12,2] cannot find symbol
[ERROR]   symbol: class Service
[ERROR] /project/src/main/java/org/cardanofoundation/tools/adahandle/resolver/controller/AdaHandleController.java:[24,12] cannot find symbol
[ERROR]   symbol:   class ResponseEntity
[ERROR]   location: class org.cardanofoundation.tools.adahandle.resolver.controller.AdaHandleController
[ERROR] /project/src/main/java/org/cardanofoundation/tools/adahandle/resolver/controller/AdaHandleController.java:[30,12] cannot find symbol
[ERROR]   symbol:   class ResponseEntity
[ERROR]   location: class org.cardanofoundation.tools.adahandle.resolver.controller.AdaHandleController
[ERROR] /project/src/main/java/org/cardanofoundation/tools/adahandle/resolver/repository/AdaHandleHistoryRepository.java:[4,47] package org.springframework.data.jpa.repository does not exist
[ERROR] /project/src/main/java/org/cardanofoundation/tools/adahandle/resolver/repository/AdaHandleHistoryRepository.java:[5,47] package org.springframework.data.jpa.repository does not exist
[ERROR] /project/src/main/java/org/cardanofoundation/tools/adahandle/resolver/repository/AdaHandleHistoryRepository.java:[6,47] package org.springframework.data.jpa.repository does not exist
[ERROR] /project/src/main/java/org/cardanofoundation/tools/adahandle/resolver/repository/AdaHandleHistoryRepository.java:[7,49] package org.springframework.data.repository.query does not exist
[ERROR] /project/src/main/java/org/cardanofoundation/tools/adahandle/resolver/repository/AdaHandleHistoryRepository.java:[8,38] package org.springframework.stereotype does not exist
[ERROR] /project/src/main/java/org/cardanofoundation/tools/adahandle/resolver/repository/AdaHandleHistoryRepository.java:[13,53] cannot find symbol
[ERROR]   symbol: class JpaRepository
[ERROR] /project/src/main/java/org/cardanofoundation/tools/adahandle/resolver/repository/AdaHandleHistoryRepository.java:[12,2] cannot find symbol
[ERROR]   symbol: class Repository
[ERROR] /project/src/main/java/org/cardanofoundation/tools/adahandle/resolver/entity/AdaHandleHistoryItem.java:[9,2] cannot find symbol
[ERROR]   symbol: class Entity
[ERROR] /project/src/main/java/org/cardanofoundation/tools/adahandle/resolver/entity/AdaHandleHistoryItem.java:[14,2] cannot find symbol
[ERROR]   symbol: class Table
[ERROR] /project/src/main/java/org/cardanofoundation/tools/adahandle/resolver/entity/AdaHandleHistoryItem.java:[15,2] cannot find symbol
[ERROR]   symbol: class IdClass
[ERROR] /project/src/main/java/org/cardanofoundation/tools/adahandle/resolver/service/AdaHandleHistoryService.java:[31,48] cannot find symbol
[ERROR]   symbol:   class AddressUtxo
[ERROR]   location: class org.cardanofoundation.tools.adahandle.resolver.service.AdaHandleHistoryService
[ERROR] /project/src/main/java/org/cardanofoundation/tools/adahandle/resolver/repository/AdaHandleRepository.java:[5,47] package org.springframework.data.jpa.repository does not exist
[ERROR] /project/src/main/java/org/cardanofoundation/tools/adahandle/resolver/repository/AdaHandleRepository.java:[6,47] package org.springframework.data.jpa.repository does not exist
[ERROR] /project/src/main/java/org/cardanofoundation/tools/adahandle/resolver/repository/AdaHandleRepository.java:[7,49] package org.springframework.data.repository.query does not exist
[ERROR] /project/src/main/java/org/cardanofoundation/tools/adahandle/resolver/repository/AdaHandleRepository.java:[8,38] package org.springframework.stereotype does not exist
[ERROR] /project/src/main/java/org/cardanofoundation/tools/adahandle/resolver/repository/AdaHandleRepository.java:[13,46] cannot find symbol
[ERROR]   symbol: class JpaRepository
[ERROR] /project/src/main/java/org/cardanofoundation/tools/adahandle/resolver/repository/AdaHandleRepository.java:[12,2] cannot find symbol
[ERROR]   symbol: class Repository
[ERROR] /project/src/main/java/org/cardanofoundation/tools/adahandle/resolver/entity/AdaHandle.java:[3,27] package jakarta.persistence does not exist
[ERROR] /project/src/main/java/org/cardanofoundation/tools/adahandle/resolver/entity/AdaHandle.java:[4,27] package jakarta.persistence does not exist
[ERROR] /project/src/main/java/org/cardanofoundation/tools/adahandle/resolver/entity/AdaHandle.java:[5,27] package jakarta.persistence does not exist
[ERROR] /project/src/main/java/org/cardanofoundation/tools/adahandle/resolver/entity/AdaHandle.java:[6,27] package jakarta.persistence does not exist
[ERROR] /project/src/main/java/org/cardanofoundation/tools/adahandle/resolver/entity/AdaHandle.java:[12,2] cannot find symbol
[ERROR]   symbol: class Entity
[ERROR] /project/src/main/java/org/cardanofoundation/tools/adahandle/resolver/entity/AdaHandle.java:[17,2] cannot find symbol
[ERROR]   symbol: class Table
[ERROR] /project/src/main/java/org/cardanofoundation/tools/adahandle/resolver/service/AdaHandleService.java:[19,40] cannot find symbol
[ERROR]   symbol:   class AddressUtxo
[ERROR]   location: class org.cardanofoundation.tools.adahandle.resolver.service.AdaHandleService
[ERROR] /project/src/main/java/org/cardanofoundation/tools/adahandle/resolver/entity/AdaHandleHistoryItem.java:[3,15] package jakarta.persistence does not exist
[ERROR] /project/src/main/java/org/cardanofoundation/tools/adahandle/resolver/controller/AddressesController.java:[5,52] package org.springframework.beans.factory.annotation does not exist
[ERROR] /project/src/main/java/org/cardanofoundation/tools/adahandle/resolver/controller/AddressesController.java:[6,32] package org.springframework.http does not exist
[ERROR] /project/src/main/java/org/cardanofoundation/tools/adahandle/resolver/controller/AddressesController.java:[7,47] package org.springframework.web.bind.annotation does not exist
[ERROR] /project/src/main/java/org/cardanofoundation/tools/adahandle/resolver/controller/AddressesController.java:[8,47] package org.springframework.web.bind.annotation does not exist
[ERROR] /project/src/main/java/org/cardanofoundation/tools/adahandle/resolver/controller/AddressesController.java:[9,47] package org.springframework.web.bind.annotation does not exist
[ERROR] /project/src/main/java/org/cardanofoundation/tools/adahandle/resolver/controller/AddressesController.java:[10,47] package org.springframework.web.bind.annotation does not exist
[ERROR] /project/src/main/java/org/cardanofoundation/tools/adahandle/resolver/controller/AddressesController.java:[12,2] cannot find symbol
[ERROR]   symbol: class RestController
[ERROR] /project/src/main/java/org/cardanofoundation/tools/adahandle/resolver/controller/AddressesController.java:[13,2] cannot find symbol
[ERROR]   symbol: class RequestMapping
[ERROR] /project/src/main/java/org/cardanofoundation/tools/adahandle/resolver/controller/AddressesController.java:[20,12] cannot find symbol
[ERROR]   symbol:   class ResponseEntity
[ERROR]   location: class org.cardanofoundation.tools.adahandle.resolver.controller.AddressesController
[ERROR] /project/src/main/java/org/cardanofoundation/tools/adahandle/resolver/mapper/AdaHandleHistoryMapper.java:[3,53] package com.bloxbean.cardano.yaci.store.common.domain does not exist
[ERROR] /project/src/main/java/org/cardanofoundation/tools/adahandle/resolver/mapper/AdaHandleHistoryMapper.java:[4,53] package com.bloxbean.cardano.yaci.store.common.domain does not exist
[ERROR] /project/src/main/java/org/cardanofoundation/tools/adahandle/resolver/mapper/AdaHandleHistoryMapper.java:[11,75] cannot find symbol
[ERROR]   symbol:   class AddressUtxo
[ERROR]   location: class org.cardanofoundation.tools.adahandle.resolver.mapper.AdaHandleHistoryMapper
[ERROR] /project/src/main/java/org/cardanofoundation/tools/adahandle/resolver/mapper/AdaHandleMapper.java:[2,53] package com.bloxbean.cardano.yaci.store.common.domain does not exist
[ERROR] /project/src/main/java/org/cardanofoundation/tools/adahandle/resolver/mapper/AdaHandleMapper.java:[3,53] package com.bloxbean.cardano.yaci.store.common.domain does not exist
[ERROR] /project/src/main/java/org/cardanofoundation/tools/adahandle/resolver/mapper/AdaHandleMapper.java:[5,39] package org.apache.commons.codec.binary does not exist
[ERROR] /project/src/main/java/org/cardanofoundation/tools/adahandle/resolver/mapper/AdaHandleMapper.java:[11,1] package org.slf4j does not exist
[ERROR] /project/src/main/java/org/cardanofoundation/tools/adahandle/resolver/mapper/AdaHandleMapper.java:[13,53] cannot find symbol
[ERROR]   symbol:   class AddressUtxo
[ERROR]   location: class org.cardanofoundation.tools.adahandle.resolver.mapper.AdaHandleMapper
[ERROR] /project/src/main/java/org/cardanofoundation/tools/adahandle/resolver/storage/AdaHandleProcessor.java:[3,53] package com.bloxbean.cardano.yaci.store.common.domain does not exist
[ERROR] /project/src/main/java/org/cardanofoundation/tools/adahandle/resolver/storage/AdaHandleProcessor.java:[4,53] package com.bloxbean.cardano.yaci.store.common.domain does not exist
[ERROR] /project/src/main/java/org/cardanofoundation/tools/adahandle/resolver/storage/AdaHandleProcessor.java:[5,46] package com.bloxbean.cardano.yaci.store.events does not exist
[ERROR] /project/src/main/java/org/cardanofoundation/tools/adahandle/resolver/storage/AdaHandleProcessor.java:[6,55] package com.bloxbean.cardano.yaci.store.events.internal does not exist
[ERROR] /project/src/main/java/org/cardanofoundation/tools/adahandle/resolver/storage/AdaHandleProcessor.java:[11,41] package org.springframework.context.event does not exist
[ERROR] /project/src/main/java/org/cardanofoundation/tools/adahandle/resolver/storage/AdaHandleProcessor.java:[12,38] package org.springframework.stereotype does not exist
[ERROR] /project/src/main/java/org/cardanofoundation/tools/adahandle/resolver/storage/AdaHandleProcessor.java:[13,50] package org.springframework.transaction.annotation does not exist
[ERROR] /project/src/main/java/org/cardanofoundation/tools/adahandle/resolver/storage/AdaHandleProcessor.java:[19,2] cannot find symbol
[ERROR]   symbol: class Component
[ERROR] /project/src/main/java/org/cardanofoundation/tools/adahandle/resolver/storage/AdaHandleProcessor.java:[94,40] cannot find symbol
[ERROR]   symbol:   class AddressUtxo
[ERROR]   location: class org.cardanofoundation.tools.adahandle.resolver.storage.SlotAddressUtxo
[ERROR] /project/src/main/java/org/cardanofoundation/tools/adahandle/resolver/storage/AdaHandleProcessor.java:[42,38] cannot find symbol
[ERROR]   symbol:   class AddressUtxo
[ERROR]   location: class org.cardanofoundation.tools.adahandle.resolver.storage.AdaHandleProcessor
[ERROR] /project/src/main/java/org/cardanofoundation/tools/adahandle/resolver/storage/AdaHandleProcessor.java:[64,35] cannot find symbol
[ERROR]   symbol:   class CommitEvent
[ERROR]   location: class org.cardanofoundation.tools.adahandle.resolver.storage.AdaHandleProcessor
[ERROR] /project/src/main/java/org/cardanofoundation/tools/adahandle/resolver/storage/AdaHandleProcessor.java:[88,32] cannot find symbol
[ERROR]   symbol:   class RollbackEvent
[ERROR]   location: class org.cardanofoundation.tools.adahandle.resolver.storage.AdaHandleProcessor
[ERROR] /project/src/main/java/org/cardanofoundation/tools/adahandle/resolver/storage/AdaHandleStorage.java:[3,53] package com.bloxbean.cardano.yaci.store.common.domain does not exist
[ERROR] /project/src/main/java/org/cardanofoundation/tools/adahandle/resolver/storage/AdaHandleStorage.java:[4,53] package com.bloxbean.cardano.yaci.store.common.domain does not exist
[ERROR] /project/src/main/java/org/cardanofoundation/tools/adahandle/resolver/storage/AdaHandleStorage.java:[9,16] package org.jooq does not exist
[ERROR] /project/src/main/java/org/cardanofoundation/tools/adahandle/resolver/storage/AdaHandleStorage.java:[10,46] package org.springframework.context.annotation does not exist
[ERROR] /project/src/main/java/org/cardanofoundation/tools/adahandle/resolver/storage/AdaHandleStorage.java:[11,38] package org.springframework.stereotype does not exist
[ERROR] /project/src/main/java/org/cardanofoundation/tools/adahandle/resolver/storage/AdaHandleStorage.java:[12,39] package org.springframework.transaction does not exist
[ERROR] /project/src/main/java/org/cardanofoundation/tools/adahandle/resolver/storage/AdaHandleStorage.java:[19,2] cannot find symbol
[ERROR]   symbol: class Component
[ERROR] /project/src/main/java/org/cardanofoundation/tools/adahandle/resolver/storage/AdaHandleStorage.java:[20,2] cannot find symbol
[ERROR]   symbol: class Profile
[ERROR] /project/src/main/java/org/cardanofoundation/tools/adahandle/resolver/storage/AdaHandleStorage.java:[23,101] cannot find symbol
[ERROR]   symbol:   class DSLContext
[ERROR]   location: class org.cardanofoundation.tools.adahandle.resolver.storage.AdaHandleStorage
[ERROR] /project/src/main/java/org/cardanofoundation/tools/adahandle/resolver/storage/AdaHandleStorage.java:[23,138] cannot find symbol
[ERROR]   symbol:   class PlatformTransactionManager
[ERROR]   location: class org.cardanofoundation.tools.adahandle.resolver.storage.AdaHandleStorage
[ERROR] /project/src/main/java/org/cardanofoundation/tools/adahandle/resolver/storage/AdaHandleStorage.java:[28,34] cannot find symbol
[ERROR]   symbol:   class AddressUtxo
[ERROR]   location: class org.cardanofoundation.tools.adahandle.resolver.storage.AdaHandleStorage
[ERROR] /project/src/main/java/org/cardanofoundation/tools/adahandle/resolver/storage/AdaHandleStorage.java:[34,32] cannot find symbol
[ERROR]   symbol:   class TxInput
[ERROR]   location: class org.cardanofoundation.tools.adahandle.resolver.storage.AdaHandleStorage
[ERROR] /project/src/main/java/org/cardanofoundation/tools/adahandle/resolver/controller/AdaHandleController.java:[18,6] cannot find symbol
[ERROR]   symbol:   class Autowired
[ERROR]   location: class org.cardanofoundation.tools.adahandle.resolver.controller.AdaHandleController
[ERROR] -> [Help 1]
[ERROR] 
[ERROR] To see the full stack trace of the errors, re-run Maven with the -e switch.
[ERROR] Re-run Maven using the -X switch to enable full debug logging.
[ERROR] 
[ERROR] For more information about the errors and possible solutions, please read the following articles:
[ERROR] [Help 1] http://cwiki.apache.org/confluence/display/MAVEN/MojoFailureException
