[INFO] Scanning for projects...
[INFO] 
[INFO] ---------------< com.clickhouse:clickhouse-jdbc-bridge >----------------
[INFO] Building ClickHouse JDBC Bridge 2.1.0-SNAPSHOT
[INFO]   from pom.xml
[INFO] --------------------------------[ jar ]---------------------------------
[INFO] 
[INFO] --- license:2.11:check (check-license) @ clickhouse-jdbc-bridge ---
[INFO] 
[INFO] --- resources:3.4.0:resources (default-resources) @ clickhouse-jdbc-bridge ---
[INFO] Copying 3 resources from src/main/resources to target/classes
[INFO] The encoding used to copy filtered properties files has not been set. This means that the same encoding will be used to copy filtered properties files as when copying other filtered resources. This might not be what you want! Run your build with --debug to see which files might be affected. Read more at https://maven.apache.org/plugins/maven-resources-plugin/examples/filtering-properties-files.html
[INFO] 
[INFO] --- compiler:3.8.1:compile (default-compile) @ clickhouse-jdbc-bridge ---
[INFO] Changes detected - recompiling the module!
[INFO] Compiling 36 source files to /project/target/classes
[INFO] 
[INFO] --- resources:3.4.0:testResources (default-testResources) @ clickhouse-jdbc-bridge ---
[INFO] Not copying test resources
[INFO] 
[INFO] --- compiler:3.8.1:testCompile (default-testCompile) @ clickhouse-jdbc-bridge ---
[INFO] Not compiling test sources
[INFO] 
[INFO] --- surefire:3.0.0-M5:test (default-test) @ clickhouse-jdbc-bridge ---
[INFO] Tests are skipped.
[INFO] 
[INFO] --- jar:3.2.0:jar (default-jar) @ clickhouse-jdbc-bridge ---
[INFO] Building jar: /project/target/clickhouse-jdbc-bridge-2.1.0-SNAPSHOT.jar
[INFO] 
[INFO] --- shade:3.2.4:shade (default) @ clickhouse-jdbc-bridge ---
[INFO] Including com.github.ben-manes.caffeine:caffeine:jar:2.9.3 in the shaded jar.
[INFO] Including com.zaxxer:HikariCP:jar:3.4.5 in the shaded jar.
[INFO] Including dnsjava:dnsjava:jar:3.5.0 in the shaded jar.
[INFO] Including io.vertx:vertx-core:jar:3.9.13 in the shaded jar.
[INFO] Including io.netty:netty-common:jar:4.1.74.Final in the shaded jar.
[INFO] Including io.netty:netty-buffer:jar:4.1.74.Final in the shaded jar.
[INFO] Including io.netty:netty-transport:jar:4.1.74.Final in the shaded jar.
[INFO] Including io.netty:netty-handler:jar:4.1.74.Final in the shaded jar.
[INFO] Including io.netty:netty-codec:jar:4.1.74.Final in the shaded jar.
[INFO] Including io.netty:netty-tcnative-classes:jar:2.0.48.Final in the shaded jar.
[INFO] Including io.netty:netty-handler-proxy:jar:4.1.74.Final in the shaded jar.
[INFO] Including io.netty:netty-codec-socks:jar:4.1.74.Final in the shaded jar.
[INFO] Including io.netty:netty-codec-http:jar:4.1.74.Final in the shaded jar.
[INFO] Including io.netty:netty-codec-http2:jar:4.1.74.Final in the shaded jar.
[INFO] Including io.netty:netty-resolver:jar:4.1.74.Final in the shaded jar.
[INFO] Including io.netty:netty-resolver-dns:jar:4.1.74.Final in the shaded jar.
[INFO] Including io.netty:netty-codec-dns:jar:4.1.74.Final in the shaded jar.
[INFO] Including com.fasterxml.jackson.core:jackson-core:jar:2.11.4 in the shaded jar.
[INFO] Including com.fasterxml.jackson.core:jackson-databind:jar:2.11.4 in the shaded jar.
[INFO] Including com.fasterxml.jackson.core:jackson-annotations:jar:2.11.4 in the shaded jar.
[INFO] Including io.vertx:vertx-config:jar:3.9.13 in the shaded jar.
[INFO] Including io.vertx:vertx-web:jar:3.9.13 in the shaded jar.
[INFO] Including io.vertx:vertx-web-common:jar:3.9.13 in the shaded jar.
[INFO] Including io.vertx:vertx-auth-common:jar:3.9.13 in the shaded jar.
[INFO] Including io.vertx:vertx-bridge-common:jar:3.9.13 in the shaded jar.
[INFO] Including io.vertx:vertx-web-client:jar:3.9.13 in the shaded jar.
[INFO] Including io.vertx:vertx-micrometer-metrics:jar:3.9.13 in the shaded jar.
[INFO] Including io.micrometer:micrometer-core:jar:1.1.0 in the shaded jar.
[INFO] Including org.latencyutils:LatencyUtils:jar:2.0.3 in the shaded jar.
[INFO] Including org.hdrhistogram:HdrHistogram:jar:2.1.10 in the shaded jar.
[INFO] Including io.micrometer:micrometer-registry-prometheus:jar:1.1.19 in the shaded jar.
[INFO] Including io.prometheus:simpleclient_common:jar:0.5.0 in the shaded jar.
[INFO] Including io.prometheus:simpleclient:jar:0.5.0 in the shaded jar.
[INFO] Including org.slf4j:slf4j-api:jar:1.7.36 in the shaded jar.
[INFO] Including org.slf4j:slf4j-jdk14:jar:1.7.36 in the shaded jar.
[WARNING] Discovered module-info.class. Shading will break its strong encapsulation.
[WARNING] Discovered module-info.class. Shading will break its strong encapsulation.
[WARNING] Discovered module-info.class. Shading will break its strong encapsulation.
[WARNING] HdrHistogram-2.1.10.jar, HikariCP-3.4.5.jar, LatencyUtils-2.0.3.jar, caffeine-2.9.3.jar, clickhouse-jdbc-bridge-2.1.0-SNAPSHOT.jar, dnsjava-3.5.0.jar, jackson-annotations-2.11.4.jar, jackson-core-2.11.4.jar, jackson-databind-2.11.4.jar, micrometer-core-1.1.0.jar, micrometer-registry-prometheus-1.1.19.jar, netty-buffer-4.1.74.Final.jar, netty-codec-4.1.74.Final.jar, netty-codec-dns-4.1.74.Final.jar, netty-codec-http-4.1.74.Final.jar, netty-codec-http2-4.1.74.Final.jar, netty-codec-socks-4.1.74.Final.jar, netty-common-4.1.74.Final.jar, netty-handler-4.1.74.Final.jar, netty-handler-proxy-4.1.74.Final.jar, netty-resolver-4.1.74.Final.jar, netty-resolver-dns-4.1.74.Final.jar, netty-tcnative-classes-2.0.48.Final.jar, netty-transport-4.1.74.Final.jar, simpleclient-0.5.0.jar, simpleclient_common-0.5.0.jar, slf4j-api-1.7.36.jar, slf4j-jdk14-1.7.36.jar, vertx-auth-common-3.9.13.jar, vertx-bridge-common-3.9.13.jar, vertx-config-3.9.13.jar, vertx-core-3.9.13.jar, vertx-micrometer-metrics-3.9.13.jar, vertx-web-3.9.13.jar, vertx-web-client-3.9.13.jar, vertx-web-common-3.9.13.jar define 1 overlapping resource: 
[WARNING]   - META-INF/MANIFEST.MF
[WARNING] netty-buffer-4.1.74.Final.jar, netty-codec-4.1.74.Final.jar, netty-codec-dns-4.1.74.Final.jar, netty-codec-http-4.1.74.Final.jar, netty-codec-http2-4.1.74.Final.jar, netty-codec-socks-4.1.74.Final.jar, netty-common-4.1.74.Final.jar, netty-handler-4.1.74.Final.jar, netty-handler-proxy-4.1.74.Final.jar, netty-resolver-4.1.74.Final.jar, netty-resolver-dns-4.1.74.Final.jar, netty-transport-4.1.74.Final.jar define 1 overlapping resource: 
[WARNING]   - META-INF/io.netty.versions.properties
[WARNING] maven-shade-plugin has detected that some class files are
[WARNING] present in two or more JARs. When this happens, only one
[WARNING] single version of the class is copied to the uber jar.
[WARNING] Usually this is not harmful and you can skip these warnings,
[WARNING] otherwise try to manually exclude artifacts based on
[WARNING] mvn dependency:tree -Ddetail=true and the above output.
[WARNING] See http://maven.apache.org/plugins/maven-shade-plugin/
[INFO] Attaching shaded artifact.
[INFO] 
[INFO] --- failsafe:3.0.0-M5:integration-test (run-integration-tests) @ clickhouse-jdbc-bridge ---
[INFO] Tests are skipped.
[INFO] 
[INFO] --- failsafe:3.0.0-M5:verify (run-integration-tests) @ clickhouse-jdbc-bridge ---
[INFO] Tests are skipped.
[INFO] 
[INFO] --- install:3.1.4:install (default-install) @ clickhouse-jdbc-bridge ---
[INFO] Installing /project/pom.xml to /root/.m2/repository/com/clickhouse/clickhouse-jdbc-bridge/2.1.0-SNAPSHOT/clickhouse-jdbc-bridge-2.1.0-SNAPSHOT.pom
[INFO] Installing /project/target/clickhouse-jdbc-bridge-2.1.0-SNAPSHOT.jar to /root/.m2/repository/com/clickhouse/clickhouse-jdbc-bridge/2.1.0-SNAPSHOT/clickhouse-jdbc-bridge-2.1.0-SNAPSHOT.jar
[INFO] Installing /project/target/clickhouse-jdbc-bridge-2.1.0-SNAPSHOT-shaded.jar to /root/.m2/repository/com/clickhouse/clickhouse-jdbc-bridge/2.1.0-SNAPSHOT/clickhouse-jdbc-bridge-2.1.0-SNAPSHOT-shaded.jar
[INFO] ------------------------------------------------------------------------
[INFO] BUILD SUCCESS
[INFO] ------------------------------------------------------------------------
[INFO] Total time:  15.720 s
[INFO] Finished at: 2026-09-21T20:04:50Z
[INFO] ------------------------------------------------------------------------
