[INFO] Scanning for projects...
[INFO] 
[INFO] -------------------< dev.nmarulo:despensa-rest-api >--------------------
[INFO] Building Despensa-app rest-api 0.0.1
[INFO]   from pom.xml
[INFO] --------------------------------[ war ]---------------------------------
[INFO] 
[INFO] --- jacoco:0.8.12:prepare-agent (default) @ despensa-rest-api ---
[INFO] Skipping JaCoCo execution because property jacoco.skip is set.
[INFO] argLine set to empty
[INFO] 
[INFO] --- resources:3.3.1:resources (default-resources) @ despensa-rest-api ---
[INFO] Copying 21 resources from src/main/resources to target/classes
[INFO] 
[INFO] --- compiler:3.13.0:compile (default-compile) @ despensa-rest-api ---
[INFO] Recompiling the module because of changed source code.
[INFO] Compiling 102 source files with javac [debug parameters release 21] to target/classes
[INFO] Annotation processing is enabled because one or more processors were found
  on the class path. A future release of javac may disable annotation processing
  unless at least one processor is specified by name (-processor), or a search
  path is specified (--processor-path, --processor-module-path), or annotation
  processing is enabled explicitly (-proc:only, -proc:full).
  Use -Xlint:-options to suppress this message.
  Use -proc:none to disable annotation processing.
[INFO] 
[INFO] --- resources:3.3.1:testResources (default-testResources) @ despensa-rest-api ---
[INFO] Not copying test resources
[INFO] 
[INFO] --- compiler:3.13.0:testCompile (default-testCompile) @ despensa-rest-api ---
[INFO] Not compiling test sources
[INFO] 
[INFO] --- surefire:3.5.3:test (default-test) @ despensa-rest-api ---
[INFO] Tests are skipped.
[INFO] 
[INFO] --- jacoco:0.8.12:report (report) @ despensa-rest-api ---
[INFO] Skipping JaCoCo execution because property jacoco.skip is set.
[INFO] 
[INFO] --- war:3.4.0:war (default-war) @ despensa-rest-api ---
[INFO] Packaging webapp
[INFO] Assembling webapp [despensa-rest-api] in [/project/target/despensa-rest-api]
[INFO] Processing war project
[INFO] Building war: /project/target/despensa-rest-api.war
[INFO] 
[INFO] --- spring-boot:3.4.5:repackage (repackage) @ despensa-rest-api ---
[INFO] Replacing main artifact /project/target/despensa-rest-api.war with repackaged archive, adding nested dependencies in BOOT-INF/.
[INFO] The original artifact has been renamed to /project/target/despensa-rest-api.war.original
[INFO] 
[INFO] --- install:3.1.4:install (default-install) @ despensa-rest-api ---
[INFO] Installing /project/pom.xml to /root/.m2/repository/dev/nmarulo/despensa-rest-api/0.0.1/despensa-rest-api-0.0.1.pom
[INFO] Installing /project/target/despensa-rest-api.war to /root/.m2/repository/dev/nmarulo/despensa-rest-api/0.0.1/despensa-rest-api-0.0.1.war
[INFO] ------------------------------------------------------------------------
[INFO] BUILD SUCCESS
[INFO] ------------------------------------------------------------------------
[INFO] Total time:  50.193 s
[INFO] Finished at: 2026-09-21T20:15:07Z
[INFO] ------------------------------------------------------------------------
