[INFO] Scanning for projects...
[INFO] Downloading from ECC: https://maven.ecc.no/releases/org/springframework/boot/spring-boot-starter-parent/3.5.0/spring-boot-starter-parent-3.5.0.pom
[INFO] Downloading from osgeo: https://repo.osgeo.org/repository/release/org/springframework/boot/spring-boot-starter-parent/3.5.0/spring-boot-starter-parent-3.5.0.pom
[INFO] Downloading from central: https://repo.maven.apache.org/maven2/org/springframework/boot/spring-boot-starter-parent/3.5.0/spring-boot-starter-parent-3.5.0.pom
[INFO] Downloaded from central: https://repo.maven.apache.org/maven2/org/springframework/boot/spring-boot-starter-parent/3.5.0/spring-boot-starter-parent-3.5.0.pom (13 kB at 99 kB/s)
[INFO] Downloading from ECC: https://maven.ecc.no/releases/org/springframework/boot/spring-boot-dependencies/3.5.0/spring-boot-dependencies-3.5.0.pom
[INFO] Downloading from osgeo: https://repo.osgeo.org/repository/release/org/springframework/boot/spring-boot-dependencies/3.5.0/spring-boot-dependencies-3.5.0.pom
[INFO] Downloading from central: https://repo.maven.apache.org/maven2/org/springframework/boot/spring-boot-dependencies/3.5.0/spring-boot-dependencies-3.5.0.pom
[INFO] Downloaded from central: https://repo.maven.apache.org/maven2/org/springframework/boot/spring-boot-dependencies/3.5.0/spring-boot-dependencies-3.5.0.pom (96 kB at 2.1 MB/s)
[INFO] Downloading from central: https://repo.maven.apache.org/maven2/org/geo-atlas/geo-atlas/$%7Brevision%7D/geo-atlas-$%7Brevision%7D.pom
[INFO] Downloading from ECC: https://maven.ecc.no/releases/org/apache/activemq/activemq-bom/6.1.6/activemq-bom-6.1.6.pom
[INFO] Downloading from osgeo: https://repo.osgeo.org/repository/release/org/apache/activemq/activemq-bom/6.1.6/activemq-bom-6.1.6.pom
[INFO] Downloading from central: https://repo.maven.apache.org/maven2/org/apache/activemq/activemq-bom/6.1.6/activemq-bom-6.1.6.pom
[INFO] Downloaded from central: https://repo.maven.apache.org/maven2/org/apache/activemq/activemq-bom/6.1.6/activemq-bom-6.1.6.pom (7.9 kB at 58 kB/s)
[INFO] Downloading from ECC: https://maven.ecc.no/releases/org/apache/activemq/artemis-bom/2.40.0/artemis-bom-2.40.0.pom
[INFO] Downloading from osgeo: https://repo.osgeo.org/repository/release/org/apache/activemq/artemis-bom/2.40.0/artemis-bom-2.40.0.pom
[INFO] Downloading from central: https://repo.maven.apache.org/maven2/org/apache/activemq/artemis-bom/2.40.0/artemis-bom-2.40.0.pom
[INFO] Downloaded from central: https://repo.maven.apache.org/maven2/org/apache/activemq/artemis-bom/2.40.0/artemis-bom-2.40.0.pom (9.6 kB at 301 kB/s)
[INFO] Downloading from ECC: https://maven.ecc.no/releases/org/apache/activemq/artemis-project/2.40.0/artemis-project-2.40.0.pom
[INFO] Downloading from osgeo: https://repo.osgeo.org/repository/release/org/apache/activemq/artemis-project/2.40.0/artemis-project-2.40.0.pom
[INFO] Downloading from central: https://repo.maven.apache.org/maven2/org/apache/activemq/artemis-project/2.40.0/artemis-project-2.40.0.pom
[INFO] Downloaded from central: https://repo.maven.apache.org/maven2/org/apache/activemq/artemis-project/2.40.0/artemis-project-2.40.0.pom (56 kB at 1.3 MB/s)
[INFO] Downloading from ECC: https://maven.ecc.no/releases/org/apache/apache/33/apache-33.pom
[INFO] Downloading from osgeo: https://repo.osgeo.org/repository/release/org/apache/apache/33/apache-33.pom
[INFO] Downloading from central: https://repo.maven.apache.org/maven2/org/apache/apache/33/apache-33.pom
[INFO] Downloaded from central: https://repo.maven.apache.org/maven2/org/apache/apache/33/apache-33.pom (24 kB at 733 kB/s)
[INFO] Downloading from ECC: https://maven.ecc.no/releases/org/assertj/assertj-bom/3.27.3/assertj-bom-3.27.3.pom
[INFO] Downloading from osgeo: https://repo.osgeo.org/repository/release/org/assertj/assertj-bom/3.27.3/assertj-bom-3.27.3.pom
[INFO] Downloading from central: https://repo.maven.apache.org/maven2/org/assertj/assertj-bom/3.27.3/assertj-bom-3.27.3.pom
[INFO] Downloaded from central: https://repo.maven.apache.org/maven2/org/assertj/assertj-bom/3.27.3/assertj-bom-3.27.3.pom (3.7 kB at 136 kB/s)
[INFO] Downloading from ECC: https://maven.ecc.no/releases/io/zipkin/reporter2/zipkin-reporter-bom/3.5.0/zipkin-reporter-bom-3.5.0.pom
[INFO] Downloading from osgeo: https://repo.osgeo.org/repository/release/io/zipkin/reporter2/zipkin-reporter-bom/3.5.0/zipkin-reporter-bom-3.5.0.pom
[INFO] Downloading from central: https://repo.maven.apache.org/maven2/io/zipkin/reporter2/zipkin-reporter-bom/3.5.0/zipkin-reporter-bom-3.5.0.pom
[INFO] Downloaded from central: https://repo.maven.apache.org/maven2/io/zipkin/reporter2/zipkin-reporter-bom/3.5.0/zipkin-reporter-bom-3.5.0.pom (6.3 kB at 224 kB/s)
[INFO] Downloading from ECC: https://maven.ecc.no/releases/io/zipkin/brave/brave-bom/6.1.0/brave-bom-6.1.0.pom
[INFO] Downloading from osgeo: https://repo.osgeo.org/repository/release/io/zipkin/brave/brave-bom/6.1.0/brave-bom-6.1.0.pom
[INFO] Downloading from central: https://repo.maven.apache.org/maven2/io/zipkin/brave/brave-bom/6.1.0/brave-bom-6.1.0.pom
[INFO] Downloaded from central: https://repo.maven.apache.org/maven2/io/zipkin/brave/brave-bom/6.1.0/brave-bom-6.1.0.pom (11 kB at 422 kB/s)
[INFO] Downloading from ECC: https://maven.ecc.no/releases/org/apache/cassandra/java-driver-bom/4.19.0/java-driver-bom-4.19.0.pom
[INFO] Downloading from osgeo: https://repo.osgeo.org/repository/release/org/apache/cassandra/java-driver-bom/4.19.0/java-driver-bom-4.19.0.pom
[INFO] Downloading from central: https://repo.maven.apache.org/maven2/org/apache/cassandra/java-driver-bom/4.19.0/java-driver-bom-4.19.0.pom
[INFO] Downloaded from central: https://repo.maven.apache.org/maven2/org/apache/cassandra/java-driver-bom/4.19.0/java-driver-bom-4.19.0.pom (5.5 kB at 195 kB/s)
[INFO] Downloading from ECC: https://maven.ecc.no/releases/org/glassfish/jaxb/jaxb-bom/4.0.5/jaxb-bom-4.0.5.pom
[INFO] Downloading from osgeo: https://repo.osgeo.org/repository/release/org/glassfish/jaxb/jaxb-bom/4.0.5/jaxb-bom-4.0.5.pom
[INFO] Downloading from central: https://repo.maven.apache.org/maven2/org/glassfish/jaxb/jaxb-bom/4.0.5/jaxb-bom-4.0.5.pom
[INFO] Downloaded from central: https://repo.maven.apache.org/maven2/org/glassfish/jaxb/jaxb-bom/4.0.5/jaxb-bom-4.0.5.pom (12 kB at 364 kB/s)
[INFO] Downloading from ECC: https://maven.ecc.no/releases/org/eclipse/ee4j/project/1.0.9/project-1.0.9.pom
[INFO] Downloading from osgeo: https://repo.osgeo.org/repository/release/org/eclipse/ee4j/project/1.0.9/project-1.0.9.pom
[INFO] Downloading from central: https://repo.maven.apache.org/maven2/org/eclipse/ee4j/project/1.0.9/project-1.0.9.pom
[INFO] Downloaded from central: https://repo.maven.apache.org/maven2/org/eclipse/ee4j/project/1.0.9/project-1.0.9.pom (16 kB at 461 kB/s)
[INFO] Downloading from ECC: https://maven.ecc.no/releases/org/apache/groovy/groovy-bom/4.0.26/groovy-bom-4.0.26.pom
[INFO] Downloading from osgeo: https://repo.osgeo.org/repository/release/org/apache/groovy/groovy-bom/4.0.26/groovy-bom-4.0.26.pom
[INFO] Downloading from central: https://repo.maven.apache.org/maven2/org/apache/groovy/groovy-bom/4.0.26/groovy-bom-4.0.26.pom
[INFO] Downloaded from central: https://repo.maven.apache.org/maven2/org/apache/groovy/groovy-bom/4.0.26/groovy-bom-4.0.26.pom (27 kB at 941 kB/s)
[INFO] Downloading from ECC: https://maven.ecc.no/releases/org/infinispan/infinispan-bom/15.2.1.Final/infinispan-bom-15.2.1.Final.pom
[INFO] Downloading from osgeo: https://repo.osgeo.org/repository/release/org/infinispan/infinispan-bom/15.2.1.Final/infinispan-bom-15.2.1.Final.pom
[INFO] Downloading from central: https://repo.maven.apache.org/maven2/org/infinispan/infinispan-bom/15.2.1.Final/infinispan-bom-15.2.1.Final.pom
[INFO] Downloaded from central: https://repo.maven.apache.org/maven2/org/infinispan/infinispan-bom/15.2.1.Final/infinispan-bom-15.2.1.Final.pom (17 kB at 697 kB/s)
[INFO] Downloading from ECC: https://maven.ecc.no/releases/org/infinispan/infinispan-build-configuration-parent/15.2.1.Final/infinispan-build-configuration-parent-15.2.1.Final.pom
[INFO] Downloading from osgeo: https://repo.osgeo.org/repository/release/org/infinispan/infinispan-build-configuration-parent/15.2.1.Final/infinispan-build-configuration-parent-15.2.1.Final.pom
[INFO] Downloading from central: https://repo.maven.apache.org/maven2/org/infinispan/infinispan-build-configuration-parent/15.2.1.Final/infinispan-build-configuration-parent-15.2.1.Final.pom
[INFO] Downloaded from central: https://repo.maven.apache.org/maven2/org/infinispan/infinispan-build-configuration-parent/15.2.1.Final/infinispan-build-configuration-parent-15.2.1.Final.pom (18 kB at 609 kB/s)
[INFO] Downloading from ECC: https://maven.ecc.no/releases/com/fasterxml/jackson/jackson-bom/2.19.0/jackson-bom-2.19.0.pom
[INFO] Downloading from osgeo: https://repo.osgeo.org/repository/release/com/fasterxml/jackson/jackson-bom/2.19.0/jackson-bom-2.19.0.pom
[INFO] Downloading from central: https://repo.maven.apache.org/maven2/com/fasterxml/jackson/jackson-bom/2.19.0/jackson-bom-2.19.0.pom
[INFO] Downloaded from central: https://repo.maven.apache.org/maven2/com/fasterxml/jackson/jackson-bom/2.19.0/jackson-bom-2.19.0.pom (20 kB at 365 kB/s)
[INFO] Downloading from ECC: https://maven.ecc.no/releases/com/fasterxml/jackson/jackson-parent/2.19/jackson-parent-2.19.pom
[INFO] Downloading from osgeo: https://repo.osgeo.org/repository/release/com/fasterxml/jackson/jackson-parent/2.19/jackson-parent-2.19.pom
[INFO] Downloading from central: https://repo.maven.apache.org/maven2/com/fasterxml/jackson/jackson-parent/2.19/jackson-parent-2.19.pom
[INFO] Downloaded from central: https://repo.maven.apache.org/maven2/com/fasterxml/jackson/jackson-parent/2.19/jackson-parent-2.19.pom (6.7 kB at 230 kB/s)
[INFO] Downloading from ECC: https://maven.ecc.no/releases/com/fasterxml/oss-parent/65/oss-parent-65.pom
[INFO] Downloading from osgeo: https://repo.osgeo.org/repository/release/com/fasterxml/oss-parent/65/oss-parent-65.pom
[INFO] Downloading from central: https://repo.maven.apache.org/maven2/com/fasterxml/oss-parent/65/oss-parent-65.pom
[INFO] Downloaded from central: https://repo.maven.apache.org/maven2/com/fasterxml/oss-parent/65/oss-parent-65.pom (23 kB at 228 kB/s)
[INFO] Downloading from ECC: https://maven.ecc.no/releases/org/glassfish/jersey/jersey-bom/3.1.10/jersey-bom-3.1.10.pom
[INFO] Downloading from osgeo: https://repo.osgeo.org/repository/release/org/glassfish/jersey/jersey-bom/3.1.10/jersey-bom-3.1.10.pom
[INFO] Downloading from central: https://repo.maven.apache.org/maven2/org/glassfish/jersey/jersey-bom/3.1.10/jersey-bom-3.1.10.pom
[INFO] Downloaded from central: https://repo.maven.apache.org/maven2/org/glassfish/jersey/jersey-bom/3.1.10/jersey-bom-3.1.10.pom (21 kB at 630 kB/s)
[INFO] Downloading from ECC: https://maven.ecc.no/releases/org/eclipse/jetty/ee10/jetty-ee10-bom/12.0.21/jetty-ee10-bom-12.0.21.pom
[INFO] Downloading from osgeo: https://repo.osgeo.org/repository/release/org/eclipse/jetty/ee10/jetty-ee10-bom/12.0.21/jetty-ee10-bom-12.0.21.pom
[INFO] Downloading from central: https://repo.maven.apache.org/maven2/org/eclipse/jetty/ee10/jetty-ee10-bom/12.0.21/jetty-ee10-bom-12.0.21.pom
[INFO] Downloaded from central: https://repo.maven.apache.org/maven2/org/eclipse/jetty/ee10/jetty-ee10-bom/12.0.21/jetty-ee10-bom-12.0.21.pom (9.6 kB at 382 kB/s)
[INFO] Downloading from ECC: https://maven.ecc.no/releases/org/eclipse/jetty/jetty-bom/12.0.21/jetty-bom-12.0.21.pom
[INFO] Downloading from osgeo: https://repo.osgeo.org/repository/release/org/eclipse/jetty/jetty-bom/12.0.21/jetty-bom-12.0.21.pom
[INFO] Downloading from central: https://repo.maven.apache.org/maven2/org/eclipse/jetty/jetty-bom/12.0.21/jetty-bom-12.0.21.pom
[INFO] Downloaded from central: https://repo.maven.apache.org/maven2/org/eclipse/jetty/jetty-bom/12.0.21/jetty-bom-12.0.21.pom (15 kB at 562 kB/s)
[INFO] Downloading from ECC: https://maven.ecc.no/releases/org/junit/junit-bom/5.12.2/junit-bom-5.12.2.pom
[INFO] Downloading from osgeo: https://repo.osgeo.org/repository/release/org/junit/junit-bom/5.12.2/junit-bom-5.12.2.pom
[INFO] Downloading from central: https://repo.maven.apache.org/maven2/org/junit/junit-bom/5.12.2/junit-bom-5.12.2.pom
[INFO] Downloaded from central: https://repo.maven.apache.org/maven2/org/junit/junit-bom/5.12.2/junit-bom-5.12.2.pom (5.6 kB at 202 kB/s)
[INFO] Downloading from ECC: https://maven.ecc.no/releases/org/jetbrains/kotlin/kotlin-bom/1.9.25/kotlin-bom-1.9.25.pom
[INFO] Downloading from osgeo: https://repo.osgeo.org/repository/release/org/jetbrains/kotlin/kotlin-bom/1.9.25/kotlin-bom-1.9.25.pom
[INFO] Downloading from central: https://repo.maven.apache.org/maven2/org/jetbrains/kotlin/kotlin-bom/1.9.25/kotlin-bom-1.9.25.pom
[INFO] Downloaded from central: https://repo.maven.apache.org/maven2/org/jetbrains/kotlin/kotlin-bom/1.9.25/kotlin-bom-1.9.25.pom (9.1 kB at 207 kB/s)
[INFO] Downloading from ECC: https://maven.ecc.no/releases/org/jetbrains/kotlinx/kotlinx-coroutines-bom/1.8.1/kotlinx-coroutines-bom-1.8.1.pom
[INFO] Downloading from osgeo: https://repo.osgeo.org/repository/release/org/jetbrains/kotlinx/kotlinx-coroutines-bom/1.8.1/kotlinx-coroutines-bom-1.8.1.pom
[INFO] Downloading from central: https://repo.maven.apache.org/maven2/org/jetbrains/kotlinx/kotlinx-coroutines-bom/1.8.1/kotlinx-coroutines-bom-1.8.1.pom
[INFO] Downloaded from central: https://repo.maven.apache.org/maven2/org/jetbrains/kotlinx/kotlinx-coroutines-bom/1.8.1/kotlinx-coroutines-bom-1.8.1.pom (4.3 kB at 148 kB/s)
[INFO] Downloading from ECC: https://maven.ecc.no/releases/org/jetbrains/kotlinx/kotlinx-serialization-bom/1.6.3/kotlinx-serialization-bom-1.6.3.pom
[INFO] Downloading from osgeo: https://repo.osgeo.org/repository/release/org/jetbrains/kotlinx/kotlinx-serialization-bom/1.6.3/kotlinx-serialization-bom-1.6.3.pom
[INFO] Downloading from central: https://repo.maven.apache.org/maven2/org/jetbrains/kotlinx/kotlinx-serialization-bom/1.6.3/kotlinx-serialization-bom-1.6.3.pom
[INFO] Downloaded from central: https://repo.maven.apache.org/maven2/org/jetbrains/kotlinx/kotlinx-serialization-bom/1.6.3/kotlinx-serialization-bom-1.6.3.pom (3.7 kB at 141 kB/s)
[INFO] Downloading from ECC: https://maven.ecc.no/releases/org/apache/logging/log4j/log4j-bom/2.24.3/log4j-bom-2.24.3.pom
[INFO] Downloading from osgeo: https://repo.osgeo.org/repository/release/org/apache/logging/log4j/log4j-bom/2.24.3/log4j-bom-2.24.3.pom
[INFO] Downloading from central: https://repo.maven.apache.org/maven2/org/apache/logging/log4j/log4j-bom/2.24.3/log4j-bom-2.24.3.pom
[INFO] Downloaded from central: https://repo.maven.apache.org/maven2/org/apache/logging/log4j/log4j-bom/2.24.3/log4j-bom-2.24.3.pom (12 kB at 454 kB/s)
[INFO] Downloading from ECC: https://maven.ecc.no/releases/org/apache/logging/logging-parent/11.3.0/logging-parent-11.3.0.pom
[INFO] Downloading from osgeo: https://repo.osgeo.org/repository/release/org/apache/logging/logging-parent/11.3.0/logging-parent-11.3.0.pom
[INFO] Downloading from central: https://repo.maven.apache.org/maven2/org/apache/logging/logging-parent/11.3.0/logging-parent-11.3.0.pom
[INFO] Downloaded from central: https://repo.maven.apache.org/maven2/org/apache/logging/logging-parent/11.3.0/logging-parent-11.3.0.pom (53 kB at 1.8 MB/s)
[INFO] Downloading from ECC: https://maven.ecc.no/releases/io/micrometer/micrometer-bom/1.15.0/micrometer-bom-1.15.0.pom
[INFO] Downloading from osgeo: https://repo.osgeo.org/repository/release/io/micrometer/micrometer-bom/1.15.0/micrometer-bom-1.15.0.pom
[INFO] Downloading from central: https://repo.maven.apache.org/maven2/io/micrometer/micrometer-bom/1.15.0/micrometer-bom-1.15.0.pom
[INFO] Downloaded from central: https://repo.maven.apache.org/maven2/io/micrometer/micrometer-bom/1.15.0/micrometer-bom-1.15.0.pom (8.6 kB at 209 kB/s)
[INFO] Downloading from ECC: https://maven.ecc.no/releases/io/micrometer/micrometer-tracing-bom/1.5.0/micrometer-tracing-bom-1.5.0.pom
[INFO] Downloading from osgeo: https://repo.osgeo.org/repository/release/io/micrometer/micrometer-tracing-bom/1.5.0/micrometer-tracing-bom-1.5.0.pom
[INFO] Downloading from central: https://repo.maven.apache.org/maven2/io/micrometer/micrometer-tracing-bom/1.5.0/micrometer-tracing-bom-1.5.0.pom
[INFO] Downloaded from central: https://repo.maven.apache.org/maven2/io/micrometer/micrometer-tracing-bom/1.5.0/micrometer-tracing-bom-1.5.0.pom (4.5 kB at 40 kB/s)
[INFO] Downloading from ECC: https://maven.ecc.no/releases/org/mockito/mockito-bom/5.17.0/mockito-bom-5.17.0.pom
[INFO] Downloading from osgeo: https://repo.osgeo.org/repository/release/org/mockito/mockito-bom/5.17.0/mockito-bom-5.17.0.pom
[INFO] Downloading from central: https://repo.maven.apache.org/maven2/org/mockito/mockito-bom/5.17.0/mockito-bom-5.17.0.pom
[INFO] Downloaded from central: https://repo.maven.apache.org/maven2/org/mockito/mockito-bom/5.17.0/mockito-bom-5.17.0.pom (3.0 kB at 102 kB/s)
[INFO] Downloading from ECC: https://maven.ecc.no/releases/org/mongodb/mongodb-driver-bom/5.4.0/mongodb-driver-bom-5.4.0.pom
[INFO] Downloading from osgeo: https://repo.osgeo.org/repository/release/org/mongodb/mongodb-driver-bom/5.4.0/mongodb-driver-bom-5.4.0.pom
[INFO] Downloading from central: https://repo.maven.apache.org/maven2/org/mongodb/mongodb-driver-bom/5.4.0/mongodb-driver-bom-5.4.0.pom
[INFO] Downloaded from central: https://repo.maven.apache.org/maven2/org/mongodb/mongodb-driver-bom/5.4.0/mongodb-driver-bom-5.4.0.pom (4.0 kB at 166 kB/s)
[INFO] Downloading from ECC: https://maven.ecc.no/releases/io/netty/netty-bom/4.1.121.Final/netty-bom-4.1.121.Final.pom
[INFO] Downloading from osgeo: https://repo.osgeo.org/repository/release/io/netty/netty-bom/4.1.121.Final/netty-bom-4.1.121.Final.pom
[INFO] Downloading from central: https://repo.maven.apache.org/maven2/io/netty/netty-bom/4.1.121.Final/netty-bom-4.1.121.Final.pom
[INFO] Downloaded from central: https://repo.maven.apache.org/maven2/io/netty/netty-bom/4.1.121.Final/netty-bom-4.1.121.Final.pom (14 kB at 344 kB/s)
[INFO] Downloading from ECC: https://maven.ecc.no/releases/org/sonatype/oss/oss-parent/7/oss-parent-7.pom
[INFO] Downloading from osgeo: https://repo.osgeo.org/repository/release/org/sonatype/oss/oss-parent/7/oss-parent-7.pom
[INFO] Downloading from central: https://repo.maven.apache.org/maven2/org/sonatype/oss/oss-parent/7/oss-parent-7.pom
[INFO] Downloaded from central: https://repo.maven.apache.org/maven2/org/sonatype/oss/oss-parent/7/oss-parent-7.pom (4.8 kB at 166 kB/s)
[INFO] Downloading from ECC: https://maven.ecc.no/releases/io/opentelemetry/opentelemetry-bom/1.49.0/opentelemetry-bom-1.49.0.pom
[INFO] Downloading from osgeo: https://repo.osgeo.org/repository/release/io/opentelemetry/opentelemetry-bom/1.49.0/opentelemetry-bom-1.49.0.pom
[INFO] Downloading from central: https://repo.maven.apache.org/maven2/io/opentelemetry/opentelemetry-bom/1.49.0/opentelemetry-bom-1.49.0.pom
[INFO] Downloaded from central: https://repo.maven.apache.org/maven2/io/opentelemetry/opentelemetry-bom/1.49.0/opentelemetry-bom-1.49.0.pom (5.9 kB at 202 kB/s)
[INFO] Downloading from ECC: https://maven.ecc.no/releases/io/prometheus/prometheus-metrics-bom/1.3.6/prometheus-metrics-bom-1.3.6.pom
[INFO] Downloading from osgeo: https://repo.osgeo.org/repository/release/io/prometheus/prometheus-metrics-bom/1.3.6/prometheus-metrics-bom-1.3.6.pom
[INFO] Downloading from central: https://repo.maven.apache.org/maven2/io/prometheus/prometheus-metrics-bom/1.3.6/prometheus-metrics-bom-1.3.6.pom
[INFO] Downloaded from central: https://repo.maven.apache.org/maven2/io/prometheus/prometheus-metrics-bom/1.3.6/prometheus-metrics-bom-1.3.6.pom (5.8 kB at 156 kB/s)
[INFO] Downloading from ECC: https://maven.ecc.no/releases/io/prometheus/client_java/1.3.6/client_java-1.3.6.pom
[INFO] Downloading from osgeo: https://repo.osgeo.org/repository/release/io/prometheus/client_java/1.3.6/client_java-1.3.6.pom
[INFO] Downloading from central: https://repo.maven.apache.org/maven2/io/prometheus/client_java/1.3.6/client_java-1.3.6.pom
[INFO] Downloaded from central: https://repo.maven.apache.org/maven2/io/prometheus/client_java/1.3.6/client_java-1.3.6.pom (22 kB at 683 kB/s)
[INFO] Downloading from ECC: https://maven.ecc.no/releases/io/prometheus/simpleclient_bom/0.16.0/simpleclient_bom-0.16.0.pom
[INFO] Downloading from osgeo: https://repo.osgeo.org/repository/release/io/prometheus/simpleclient_bom/0.16.0/simpleclient_bom-0.16.0.pom
[INFO] Downloading from central: https://repo.maven.apache.org/maven2/io/prometheus/simpleclient_bom/0.16.0/simpleclient_bom-0.16.0.pom
[INFO] Downloaded from central: https://repo.maven.apache.org/maven2/io/prometheus/simpleclient_bom/0.16.0/simpleclient_bom-0.16.0.pom (6.0 kB at 241 kB/s)
[INFO] Downloading from ECC: https://maven.ecc.no/releases/io/prometheus/parent/0.16.0/parent-0.16.0.pom
[INFO] Downloading from osgeo: https://repo.osgeo.org/repository/release/io/prometheus/parent/0.16.0/parent-0.16.0.pom
[INFO] Downloading from central: https://repo.maven.apache.org/maven2/io/prometheus/parent/0.16.0/parent-0.16.0.pom
[INFO] Downloaded from central: https://repo.maven.apache.org/maven2/io/prometheus/parent/0.16.0/parent-0.16.0.pom (13 kB at 464 kB/s)
[INFO] Downloading from ECC: https://maven.ecc.no/releases/org/apache/pulsar/pulsar-bom/4.0.4/pulsar-bom-4.0.4.pom
[INFO] Downloading from osgeo: https://repo.osgeo.org/repository/release/org/apache/pulsar/pulsar-bom/4.0.4/pulsar-bom-4.0.4.pom
[INFO] Downloading from central: https://repo.maven.apache.org/maven2/org/apache/pulsar/pulsar-bom/4.0.4/pulsar-bom-4.0.4.pom
[INFO] Downloaded from central: https://repo.maven.apache.org/maven2/org/apache/pulsar/pulsar-bom/4.0.4/pulsar-bom-4.0.4.pom (25 kB at 788 kB/s)
[INFO] Downloading from ECC: https://maven.ecc.no/releases/org/apache/apache/29/apache-29.pom
[INFO] Downloading from osgeo: https://repo.osgeo.org/repository/release/org/apache/apache/29/apache-29.pom
[INFO] Downloading from central: https://repo.maven.apache.org/maven2/org/apache/apache/29/apache-29.pom
[INFO] Downloaded from central: https://repo.maven.apache.org/maven2/org/apache/apache/29/apache-29.pom (21 kB at 183 kB/s)
[INFO] Downloading from ECC: https://maven.ecc.no/releases/org/apache/pulsar/pulsar-client-reactive-bom/0.6.0/pulsar-client-reactive-bom-0.6.0.pom
[INFO] Downloading from osgeo: https://repo.osgeo.org/repository/release/org/apache/pulsar/pulsar-client-reactive-bom/0.6.0/pulsar-client-reactive-bom-0.6.0.pom
[INFO] Downloading from central: https://repo.maven.apache.org/maven2/org/apache/pulsar/pulsar-client-reactive-bom/0.6.0/pulsar-client-reactive-bom-0.6.0.pom
[INFO] Downloaded from central: https://repo.maven.apache.org/maven2/org/apache/pulsar/pulsar-client-reactive-bom/0.6.0/pulsar-client-reactive-bom-0.6.0.pom (2.8 kB at 108 kB/s)
[INFO] Downloading from ECC: https://maven.ecc.no/releases/com/querydsl/querydsl-bom/5.1.0/querydsl-bom-5.1.0.pom
[INFO] Downloading from osgeo: https://repo.osgeo.org/repository/release/com/querydsl/querydsl-bom/5.1.0/querydsl-bom-5.1.0.pom
[INFO] Downloading from central: https://repo.maven.apache.org/maven2/com/querydsl/querydsl-bom/5.1.0/querydsl-bom-5.1.0.pom
[INFO] Downloaded from central: https://repo.maven.apache.org/maven2/com/querydsl/querydsl-bom/5.1.0/querydsl-bom-5.1.0.pom (7.2 kB at 275 kB/s)
[INFO] Downloading from ECC: https://maven.ecc.no/releases/io/projectreactor/reactor-bom/2024.0.6/reactor-bom-2024.0.6.pom
[INFO] Downloading from osgeo: https://repo.osgeo.org/repository/release/io/projectreactor/reactor-bom/2024.0.6/reactor-bom-2024.0.6.pom
[INFO] Downloading from central: https://repo.maven.apache.org/maven2/io/projectreactor/reactor-bom/2024.0.6/reactor-bom-2024.0.6.pom
[INFO] Downloaded from central: https://repo.maven.apache.org/maven2/io/projectreactor/reactor-bom/2024.0.6/reactor-bom-2024.0.6.pom (4.8 kB at 43 kB/s)
[INFO] Downloading from ECC: https://maven.ecc.no/releases/io/rest-assured/rest-assured-bom/5.5.2/rest-assured-bom-5.5.2.pom
[INFO] Downloading from osgeo: https://repo.osgeo.org/repository/release/io/rest-assured/rest-assured-bom/5.5.2/rest-assured-bom-5.5.2.pom
[INFO] Downloading from central: https://repo.maven.apache.org/maven2/io/rest-assured/rest-assured-bom/5.5.2/rest-assured-bom-5.5.2.pom
[INFO] Downloaded from central: https://repo.maven.apache.org/maven2/io/rest-assured/rest-assured-bom/5.5.2/rest-assured-bom-5.5.2.pom (5.0 kB at 168 kB/s)
[INFO] Downloading from ECC: https://maven.ecc.no/releases/io/rsocket/rsocket-bom/1.1.5/rsocket-bom-1.1.5.pom
[INFO] Downloading from osgeo: https://repo.osgeo.org/repository/release/io/rsocket/rsocket-bom/1.1.5/rsocket-bom-1.1.5.pom
[INFO] Downloading from central: https://repo.maven.apache.org/maven2/io/rsocket/rsocket-bom/1.1.5/rsocket-bom-1.1.5.pom
[INFO] Downloaded from central: https://repo.maven.apache.org/maven2/io/rsocket/rsocket-bom/1.1.5/rsocket-bom-1.1.5.pom (2.4 kB at 68 kB/s)
[INFO] Downloading from ECC: https://maven.ecc.no/releases/org/seleniumhq/selenium/selenium-bom/4.31.0/selenium-bom-4.31.0.pom
[INFO] Downloading from osgeo: https://repo.osgeo.org/repository/release/org/seleniumhq/selenium/selenium-bom/4.31.0/selenium-bom-4.31.0.pom
[INFO] Downloading from central: https://repo.maven.apache.org/maven2/org/seleniumhq/selenium/selenium-bom/4.31.0/selenium-bom-4.31.0.pom
[INFO] Downloaded from central: https://repo.maven.apache.org/maven2/org/seleniumhq/selenium/selenium-bom/4.31.0/selenium-bom-4.31.0.pom (5.8 kB at 201 kB/s)
[INFO] Downloading from ECC: https://maven.ecc.no/releases/org/springframework/amqp/spring-amqp-bom/3.2.5/spring-amqp-bom-3.2.5.pom
[INFO] Downloading from osgeo: https://repo.osgeo.org/repository/release/org/springframework/amqp/spring-amqp-bom/3.2.5/spring-amqp-bom-3.2.5.pom
[INFO] Downloading from central: https://repo.maven.apache.org/maven2/org/springframework/amqp/spring-amqp-bom/3.2.5/spring-amqp-bom-3.2.5.pom
[INFO] Downloaded from central: https://repo.maven.apache.org/maven2/org/springframework/amqp/spring-amqp-bom/3.2.5/spring-amqp-bom-3.2.5.pom (3.9 kB at 155 kB/s)
[INFO] Downloading from ECC: https://maven.ecc.no/releases/org/springframework/batch/spring-batch-bom/5.2.2/spring-batch-bom-5.2.2.pom
[INFO] Downloading from osgeo: https://repo.osgeo.org/repository/release/org/springframework/batch/spring-batch-bom/5.2.2/spring-batch-bom-5.2.2.pom
[INFO] Downloading from central: https://repo.maven.apache.org/maven2/org/springframework/batch/spring-batch-bom/5.2.2/spring-batch-bom-5.2.2.pom
[INFO] Downloaded from central: https://repo.maven.apache.org/maven2/org/springframework/batch/spring-batch-bom/5.2.2/spring-batch-bom-5.2.2.pom (3.2 kB at 125 kB/s)
[INFO] Downloading from ECC: https://maven.ecc.no/releases/org/springframework/data/spring-data-bom/2025.0.0/spring-data-bom-2025.0.0.pom
[INFO] Downloading from osgeo: https://repo.osgeo.org/repository/release/org/springframework/data/spring-data-bom/2025.0.0/spring-data-bom-2025.0.0.pom
[INFO] Downloading from central: https://repo.maven.apache.org/maven2/org/springframework/data/spring-data-bom/2025.0.0/spring-data-bom-2025.0.0.pom
[INFO] Downloaded from central: https://repo.maven.apache.org/maven2/org/springframework/data/spring-data-bom/2025.0.0/spring-data-bom-2025.0.0.pom (5.5 kB at 190 kB/s)
[INFO] Downloading from ECC: https://maven.ecc.no/releases/org/springframework/spring-framework-bom/6.2.7/spring-framework-bom-6.2.7.pom
[INFO] Downloading from osgeo: https://repo.osgeo.org/repository/release/org/springframework/spring-framework-bom/6.2.7/spring-framework-bom-6.2.7.pom
[INFO] Downloading from central: https://repo.maven.apache.org/maven2/org/springframework/spring-framework-bom/6.2.7/spring-framework-bom-6.2.7.pom
[INFO] Downloaded from central: https://repo.maven.apache.org/maven2/org/springframework/spring-framework-bom/6.2.7/spring-framework-bom-6.2.7.pom (5.8 kB at 132 kB/s)
[INFO] Downloading from ECC: https://maven.ecc.no/releases/org/springframework/integration/spring-integration-bom/6.5.0/spring-integration-bom-6.5.0.pom
[INFO] Downloading from osgeo: https://repo.osgeo.org/repository/release/org/springframework/integration/spring-integration-bom/6.5.0/spring-integration-bom-6.5.0.pom
[INFO] Downloading from central: https://repo.maven.apache.org/maven2/org/springframework/integration/spring-integration-bom/6.5.0/spring-integration-bom-6.5.0.pom
[INFO] Downloaded from central: https://repo.maven.apache.org/maven2/org/springframework/integration/spring-integration-bom/6.5.0/spring-integration-bom-6.5.0.pom (10 kB at 367 kB/s)
[INFO] Downloading from ECC: https://maven.ecc.no/releases/org/springframework/pulsar/spring-pulsar-bom/1.2.6/spring-pulsar-bom-1.2.6.pom
[INFO] Downloading from osgeo: https://repo.osgeo.org/repository/release/org/springframework/pulsar/spring-pulsar-bom/1.2.6/spring-pulsar-bom-1.2.6.pom
[INFO] Downloading from central: https://repo.maven.apache.org/maven2/org/springframework/pulsar/spring-pulsar-bom/1.2.6/spring-pulsar-bom-1.2.6.pom
[INFO] Downloaded from central: https://repo.maven.apache.org/maven2/org/springframework/pulsar/spring-pulsar-bom/1.2.6/spring-pulsar-bom-1.2.6.pom (2.9 kB at 117 kB/s)
[INFO] Downloading from ECC: https://maven.ecc.no/releases/org/springframework/restdocs/spring-restdocs-bom/3.0.3/spring-restdocs-bom-3.0.3.pom
[INFO] Downloading from osgeo: https://repo.osgeo.org/repository/release/org/springframework/restdocs/spring-restdocs-bom/3.0.3/spring-restdocs-bom-3.0.3.pom
[INFO] Downloading from central: https://repo.maven.apache.org/maven2/org/springframework/restdocs/spring-restdocs-bom/3.0.3/spring-restdocs-bom-3.0.3.pom
[INFO] Downloaded from central: https://repo.maven.apache.org/maven2/org/springframework/restdocs/spring-restdocs-bom/3.0.3/spring-restdocs-bom-3.0.3.pom (2.6 kB at 89 kB/s)
[INFO] Downloading from ECC: https://maven.ecc.no/releases/org/springframework/security/spring-security-bom/6.5.0/spring-security-bom-6.5.0.pom
[INFO] Downloading from osgeo: https://repo.osgeo.org/repository/release/org/springframework/security/spring-security-bom/6.5.0/spring-security-bom-6.5.0.pom
[INFO] Downloading from central: https://repo.maven.apache.org/maven2/org/springframework/security/spring-security-bom/6.5.0/spring-security-bom-6.5.0.pom
[INFO] Downloaded from central: https://repo.maven.apache.org/maven2/org/springframework/security/spring-security-bom/6.5.0/spring-security-bom-6.5.0.pom (5.3 kB at 222 kB/s)
[INFO] Downloading from ECC: https://maven.ecc.no/releases/org/springframework/session/spring-session-bom/3.5.0/spring-session-bom-3.5.0.pom
[INFO] Downloading from osgeo: https://repo.osgeo.org/repository/release/org/springframework/session/spring-session-bom/3.5.0/spring-session-bom-3.5.0.pom
[INFO] Downloading from central: https://repo.maven.apache.org/maven2/org/springframework/session/spring-session-bom/3.5.0/spring-session-bom-3.5.0.pom
[INFO] Downloaded from central: https://repo.maven.apache.org/maven2/org/springframework/session/spring-session-bom/3.5.0/spring-session-bom-3.5.0.pom (2.9 kB at 100 kB/s)
[INFO] Downloading from ECC: https://maven.ecc.no/releases/org/springframework/ws/spring-ws-bom/4.1.0/spring-ws-bom-4.1.0.pom
[INFO] Downloading from osgeo: https://repo.osgeo.org/repository/release/org/springframework/ws/spring-ws-bom/4.1.0/spring-ws-bom-4.1.0.pom
[INFO] Downloading from central: https://repo.maven.apache.org/maven2/org/springframework/ws/spring-ws-bom/4.1.0/spring-ws-bom-4.1.0.pom
[INFO] Downloaded from central: https://repo.maven.apache.org/maven2/org/springframework/ws/spring-ws-bom/4.1.0/spring-ws-bom-4.1.0.pom (2.3 kB at 21 kB/s)
[INFO] Downloading from ECC: https://maven.ecc.no/releases/org/testcontainers/testcontainers-bom/1.21.0/testcontainers-bom-1.21.0.pom
[INFO] Downloading from osgeo: https://repo.osgeo.org/repository/release/org/testcontainers/testcontainers-bom/1.21.0/testcontainers-bom-1.21.0.pom
[INFO] Downloading from central: https://repo.maven.apache.org/maven2/org/testcontainers/testcontainers-bom/1.21.0/testcontainers-bom-1.21.0.pom
[INFO] Downloaded from central: https://repo.maven.apache.org/maven2/org/testcontainers/testcontainers-bom/1.21.0/testcontainers-bom-1.21.0.pom (12 kB at 428 kB/s)
[ERROR] [ERROR] Some problems were encountered while processing the POMs:
[FATAL] Non-resolvable parent POM for org.geo-atlas:component:${revision}: The following artifacts could not be resolved: org.geo-atlas:geo-atlas:pom:${revision} (absent): Could not find artifact org.geo-atlas:geo-atlas:pom:${revision} in central (https://repo.maven.apache.org/maven2) and 'parent.relativePath' points at wrong local POM @ line 6, column 13
[FATAL] Non-resolvable parent POM for org.geo-atlas:boot:${revision}: The following artifacts could not be resolved: org.geo-atlas:geo-atlas:pom:${revision} (absent): org.geo-atlas:geo-atlas:pom:${revision} was not found in https://repo.maven.apache.org/maven2 during a previous attempt. This failure was cached in the local repository and resolution is not reattempted until the update interval of central has elapsed or updates are forced and 'parent.relativePath' points at wrong local POM @ line 6, column 13
[FATAL] Non-resolvable parent POM for org.geo-atlas:library:${revision}: The following artifacts could not be resolved: org.geo-atlas:geo-atlas:pom:${revision} (absent): org.geo-atlas:geo-atlas:pom:${revision} was not found in https://repo.maven.apache.org/maven2 during a previous attempt. This failure was cached in the local repository and resolution is not reattempted until the update interval of central has elapsed or updates are forced and 'parent.relativePath' points at wrong local POM @ line 6, column 13
[FATAL] Non-resolvable parent POM for org.geo-atlas:app:${revision}: The following artifacts could not be resolved: org.geo-atlas:geo-atlas:pom:${revision} (absent): org.geo-atlas:geo-atlas:pom:${revision} was not found in https://repo.maven.apache.org/maven2 during a previous attempt. This failure was cached in the local repository and resolution is not reattempted until the update interval of central has elapsed or updates are forced and 'parent.relativePath' points at wrong local POM @ line 6, column 13
 @ 
[ERROR] The build could not read 4 projects -> [Help 1]
[ERROR]   
[ERROR]   The project org.geo-atlas:component:${revision} (/project/component/pom.xml) has 1 error
[ERROR]     Non-resolvable parent POM for org.geo-atlas:component:${revision}: The following artifacts could not be resolved: org.geo-atlas:geo-atlas:pom:${revision} (absent): Could not find artifact org.geo-atlas:geo-atlas:pom:${revision} in central (https://repo.maven.apache.org/maven2) and 'parent.relativePath' points at wrong local POM @ line 6, column 13 -> [Help 2]
[ERROR]   
[ERROR]   The project org.geo-atlas:boot:${revision} (/project/boot/pom.xml) has 1 error
[ERROR]     Non-resolvable parent POM for org.geo-atlas:boot:${revision}: The following artifacts could not be resolved: org.geo-atlas:geo-atlas:pom:${revision} (absent): org.geo-atlas:geo-atlas:pom:${revision} was not found in https://repo.maven.apache.org/maven2 during a previous attempt. This failure was cached in the local repository and resolution is not reattempted until the update interval of central has elapsed or updates are forced and 'parent.relativePath' points at wrong local POM @ line 6, column 13 -> [Help 2]
[ERROR]   
[ERROR]   The project org.geo-atlas:library:${revision} (/project/library/pom.xml) has 1 error
[ERROR]     Non-resolvable parent POM for org.geo-atlas:library:${revision}: The following artifacts could not be resolved: org.geo-atlas:geo-atlas:pom:${revision} (absent): org.geo-atlas:geo-atlas:pom:${revision} was not found in https://repo.maven.apache.org/maven2 during a previous attempt. This failure was cached in the local repository and resolution is not reattempted until the update interval of central has elapsed or updates are forced and 'parent.relativePath' points at wrong local POM @ line 6, column 13 -> [Help 2]
[ERROR]   
[ERROR]   The project org.geo-atlas:app:${revision} (/project/app/pom.xml) has 1 error
[ERROR]     Non-resolvable parent POM for org.geo-atlas:app:${revision}: The following artifacts could not be resolved: org.geo-atlas:geo-atlas:pom:${revision} (absent): org.geo-atlas:geo-atlas:pom:${revision} was not found in https://repo.maven.apache.org/maven2 during a previous attempt. This failure was cached in the local repository and resolution is not reattempted until the update interval of central has elapsed or updates are forced and 'parent.relativePath' points at wrong local POM @ line 6, column 13 -> [Help 2]
[ERROR] 
[ERROR] To see the full stack trace of the errors, re-run Maven with the -e switch.
[ERROR] Re-run Maven using the -X switch to enable full debug logging.
[ERROR] 
[ERROR] For more information about the errors and possible solutions, please read the following articles:
[ERROR] [Help 1] http://cwiki.apache.org/confluence/display/MAVEN/ProjectBuildingException
[ERROR] [Help 2] http://cwiki.apache.org/confluence/display/MAVEN/UnresolvableModelException
