[INFO] Scanning for projects...
[INFO] 
[INFO] -------------------< cloud.caravana:java-interviews >-------------------
[INFO] Building java-interviews 1.0.0-SNAPSHOT
[INFO]   from pom.xml
[INFO] --------------------------------[ jar ]---------------------------------
[INFO] 
[INFO] --- jacoco:0.8.7:prepare-agent (default) @ java-interviews ---
[INFO] Skipping JaCoCo execution because property jacoco.skip is set.
[INFO] argLine set to empty
[INFO] 
[INFO] --- resources:3.4.0:resources (default-resources) @ java-interviews ---
[INFO] Copying 6 resources from src/main/resources to target/classes
[INFO] 
[INFO] --- quarkus:2.9.2.Final:generate-code (default) @ java-interviews ---
[INFO] 
[INFO] --- compiler:3.13.0:compile (default-compile) @ java-interviews ---
[INFO] Recompiling the module because of changed source code.
[INFO] Compiling 23 source files with javac [debug release 17] to target/classes
[INFO] -------------------------------------------------------------
[ERROR] COMPILATION ERROR : 
[INFO] -------------------------------------------------------------
[ERROR] /project/src/main/java/cloud/caravana/rest/pairsum/PairSumResource.java:[3,43] package com.fasterxml.jackson.databind.util does not exist
[INFO] 1 error
[INFO] -------------------------------------------------------------
[INFO] ------------------------------------------------------------------------
[INFO] BUILD FAILURE
[INFO] ------------------------------------------------------------------------
[INFO] Total time:  7.732 s
[INFO] Finished at: 2026-09-11T19:35:18Z
[INFO] ------------------------------------------------------------------------
[ERROR] Failed to execute goal org.apache.maven.plugins:maven-compiler-plugin:3.13.0:compile (default-compile) on project java-interviews: Compilation failure
[ERROR] /project/src/main/java/cloud/caravana/rest/pairsum/PairSumResource.java:[3,43] package com.fasterxml.jackson.databind.util does not exist
[ERROR] -> [Help 1]
[ERROR] 
[ERROR] To see the full stack trace of the errors, re-run Maven with the -e switch.
[ERROR] Re-run Maven using the -X switch to enable full debug logging.
[ERROR] 
[ERROR] For more information about the errors and possible solutions, please read the following articles:
[ERROR] [Help 1] http://cwiki.apache.org/confluence/display/MAVEN/MojoFailureException
