[INFO] Scanning for projects...
[WARNING] 
[WARNING] Some problems were encountered while building the effective model for com.ji.jichat:jichat-common:jar:2.0-SNAPSHOT
[WARNING] 'build.plugins.plugin.version' for org.codehaus.mojo:flatten-maven-plugin is missing. @ com.ji.jichat:jichat-parent:2.0-SNAPSHOT, /project/pom.xml, line 89, column 21
[WARNING] 
[WARNING] Some problems were encountered while building the effective model for com.ji.jichat:jichat-spring-boot-starter-web:jar:2.0-SNAPSHOT
[WARNING] 'build.plugins.plugin.version' for org.codehaus.mojo:flatten-maven-plugin is missing. @ com.ji.jichat:jichat-parent:2.0-SNAPSHOT, /project/pom.xml, line 89, column 21
[WARNING] 
[WARNING] Some problems were encountered while building the effective model for com.ji.jichat:jichat-spring-boot-starter-swagger:jar:2.0-SNAPSHOT
[WARNING] 'build.plugins.plugin.version' for org.codehaus.mojo:flatten-maven-plugin is missing. @ com.ji.jichat:jichat-parent:2.0-SNAPSHOT, /project/pom.xml, line 89, column 21
[WARNING] 
[WARNING] Some problems were encountered while building the effective model for com.ji.jichat:jichat-spring-boot-starter-mybatis:jar:2.0-SNAPSHOT
[WARNING] 'build.plugins.plugin.version' for org.codehaus.mojo:flatten-maven-plugin is missing. @ com.ji.jichat:jichat-parent:2.0-SNAPSHOT, /project/pom.xml, line 89, column 21
[WARNING] 
[WARNING] Some problems were encountered while building the effective model for com.ji.jichat:jichat-spring-boot-starter-security:jar:2.0-SNAPSHOT
[WARNING] 'build.plugins.plugin.version' for org.codehaus.mojo:flatten-maven-plugin is missing. @ com.ji.jichat:jichat-parent:2.0-SNAPSHOT, /project/pom.xml, line 89, column 21
[WARNING] 
[WARNING] Some problems were encountered while building the effective model for com.ji.jichat:jichat-mybatis-gen:jar:2.0-SNAPSHOT
[WARNING] 'build.plugins.plugin.version' for org.codehaus.mojo:flatten-maven-plugin is missing. @ com.ji.jichat:jichat-parent:2.0-SNAPSHOT, /project/pom.xml, line 89, column 21
[WARNING] 
[WARNING] Some problems were encountered while building the effective model for com.ji.jichat:jichat-spring-boot-starter-excel:jar:2.0-SNAPSHOT
[WARNING] 'build.plugins.plugin.version' for org.codehaus.mojo:flatten-maven-plugin is missing. @ com.ji.jichat:jichat-parent:2.0-SNAPSHOT, /project/pom.xml, line 89, column 21
[WARNING] 
[WARNING] Some problems were encountered while building the effective model for com.ji.jichat:jichat-framework:pom:2.0-SNAPSHOT
[WARNING] 'build.plugins.plugin.version' for org.codehaus.mojo:flatten-maven-plugin is missing. @ com.ji.jichat:jichat-parent:2.0-SNAPSHOT, /project/pom.xml, line 89, column 21
[WARNING] 
[WARNING] Some problems were encountered while building the effective model for com.ji.jichat:jichat-gateway:jar:2.0-SNAPSHOT
[WARNING] 'build.plugins.plugin.version' for org.codehaus.mojo:flatten-maven-plugin is missing. @ com.ji.jichat:jichat-parent:2.0-SNAPSHOT, /project/pom.xml, line 89, column 21
[WARNING] 
[WARNING] Some problems were encountered while building the effective model for com.ji.jichat:chat-service-api:jar:2.0-SNAPSHOT
[WARNING] 'build.plugins.plugin.version' for org.codehaus.mojo:flatten-maven-plugin is missing. @ com.ji.jichat:jichat-parent:2.0-SNAPSHOT, /project/pom.xml, line 89, column 21
[WARNING] 
[WARNING] Some problems were encountered while building the effective model for com.ji.jichat:chat-service-app:jar:2.0-SNAPSHOT
[WARNING] 'build.plugins.plugin.version' for org.codehaus.mojo:flatten-maven-plugin is missing. @ com.ji.jichat:jichat-parent:2.0-SNAPSHOT, /project/pom.xml, line 89, column 21
[WARNING] 
[WARNING] Some problems were encountered while building the effective model for com.ji.jichat:chat-service:pom:2.0-SNAPSHOT
[WARNING] 'build.plugins.plugin.version' for org.codehaus.mojo:flatten-maven-plugin is missing. @ com.ji.jichat:jichat-parent:2.0-SNAPSHOT, /project/pom.xml, line 89, column 21
[WARNING] 
[WARNING] Some problems were encountered while building the effective model for com.ji.jichat:user-service-api:jar:2.0-SNAPSHOT
[WARNING] 'build.plugins.plugin.version' for org.codehaus.mojo:flatten-maven-plugin is missing. @ com.ji.jichat:jichat-parent:2.0-SNAPSHOT, /project/pom.xml, line 89, column 21
[WARNING] 
[WARNING] Some problems were encountered while building the effective model for com.ji.jichat:user-service-app:jar:2.0-SNAPSHOT
[WARNING] 'build.plugins.plugin.version' for org.codehaus.mojo:flatten-maven-plugin is missing. @ com.ji.jichat:jichat-parent:2.0-SNAPSHOT, /project/pom.xml, line 89, column 21
[WARNING] 
[WARNING] Some problems were encountered while building the effective model for com.ji.jichat:user-service:pom:2.0-SNAPSHOT
[WARNING] 'build.plugins.plugin.version' for org.codehaus.mojo:flatten-maven-plugin is missing. @ com.ji.jichat:jichat-parent:2.0-SNAPSHOT, /project/pom.xml, line 89, column 21
[WARNING] 
[WARNING] Some problems were encountered while building the effective model for com.ji.jichat:jichat-client:jar:2.0-SNAPSHOT
[WARNING] 'build.plugins.plugin.version' for org.codehaus.mojo:flatten-maven-plugin is missing. @ com.ji.jichat:jichat-parent:2.0-SNAPSHOT, /project/pom.xml, line 89, column 21
[WARNING] 
[WARNING] Some problems were encountered while building the effective model for com.ji.jichat:jichat-modules:pom:2.0-SNAPSHOT
[WARNING] 'build.plugins.plugin.version' for org.codehaus.mojo:flatten-maven-plugin is missing. @ com.ji.jichat:jichat-parent:2.0-SNAPSHOT, /project/pom.xml, line 89, column 21
[WARNING] 
[WARNING] Some problems were encountered while building the effective model for com.ji.jichat:jichat-parent:pom:2.0-SNAPSHOT
[WARNING] 'build.plugins.plugin.version' for org.codehaus.mojo:flatten-maven-plugin is missing. @ line 89, column 21
[WARNING] 
[WARNING] It is highly recommended to fix these problems because they threaten the stability of your build.
[WARNING] 
[WARNING] For this reason, future Maven versions might no longer support building such malformed projects.
[WARNING] 
[INFO] ------------------------------------------------------------------------
[INFO] Reactor Build Order:
[INFO] 
[INFO] JiCHat                                                             [pom]
[INFO] jichat-framework                                                   [pom]
[INFO] jichat-common                                                      [jar]
[INFO] jichat-spring-boot-starter-web                                     [jar]
[INFO] jichat-spring-boot-starter-swagger                                 [jar]
[INFO] jichat-modules                                                     [pom]
[INFO] user-service                                                       [pom]
[INFO] user-service-api                                                   [jar]
[INFO] jichat-spring-boot-starter-security                                [jar]
[INFO] jichat-spring-boot-starter-mybatis                                 [jar]
[INFO] jichat-mybatis-gen                                                 [jar]
[INFO] jichat-spring-boot-starter-excel                                   [jar]
[INFO] JiChat Dependencies                                                [pom]
[INFO] jichat-gateway                                                     [jar]
[INFO] chat-service                                                       [pom]
[INFO] chat-service-api                                                   [jar]
[INFO] chat-service-app                                                   [jar]
[INFO] user-service-app                                                   [jar]
[INFO] JiCHat Client                                                      [jar]
[INFO] 
[INFO] --------------------< com.ji.jichat:jichat-parent >---------------------
[INFO] Building JiCHat 2.0-SNAPSHOT                                      [1/19]
[INFO]   from pom.xml
[INFO] --------------------------------[ pom ]---------------------------------
[INFO] Downloading from central: https://repo.maven.apache.org/maven2/org/codehaus/mojo/flatten-maven-plugin/maven-metadata.xml
[INFO] Downloaded from central: https://repo.maven.apache.org/maven2/org/codehaus/mojo/flatten-maven-plugin/maven-metadata.xml (1.1 kB at 1.6 kB/s)
[INFO] 
[INFO] --- flatten:1.8.0:flatten (flatten) @ jichat-parent ---
[INFO] Generating flattened POM of project com.ji.jichat:jichat-parent:pom:2.0-SNAPSHOT...
[INFO] 
[INFO] --- install:3.1.3:install (default-install) @ jichat-parent ---
[INFO] Installing /project/.flattened-pom.xml to /root/.m2/repository/com/ji/jichat/jichat-parent/2.0-SNAPSHOT/jichat-parent-2.0-SNAPSHOT.pom
[INFO] 
[INFO] -------------------< com.ji.jichat:jichat-framework >-------------------
[INFO] Building jichat-framework 2.0-SNAPSHOT                            [2/19]
[INFO]   from jichat-framework/pom.xml
[INFO] --------------------------------[ pom ]---------------------------------
[INFO] 
[INFO] --- flatten:1.8.0:flatten (flatten) @ jichat-framework ---
[INFO] Generating flattened POM of project com.ji.jichat:jichat-framework:pom:2.0-SNAPSHOT...
[INFO] 
[INFO] --- install:3.1.3:install (default-install) @ jichat-framework ---
[INFO] Installing /project/jichat-framework/.flattened-pom.xml to /root/.m2/repository/com/ji/jichat/jichat-framework/2.0-SNAPSHOT/jichat-framework-2.0-SNAPSHOT.pom
[INFO] 
[INFO] --------------------< com.ji.jichat:jichat-common >---------------------
[INFO] Building jichat-common 2.0-SNAPSHOT                               [3/19]
[INFO]   from jichat-framework/jichat-common/pom.xml
[INFO] --------------------------------[ jar ]---------------------------------
[INFO] 
[INFO] --- jacoco:0.8.7:prepare-agent (default) @ jichat-common ---
[INFO] Skipping JaCoCo execution because property jacoco.skip is set.
[INFO] argLine set to empty
[INFO] 
[INFO] --- resources:3.3.1:resources (default-resources) @ jichat-common ---
[INFO] skip non existing resourceDirectory /project/jichat-framework/jichat-common/src/main/resources
[INFO] skip non existing resourceDirectory /project/jichat-framework/jichat-common/src/main/resources
[INFO] 
[INFO] --- flatten:1.8.0:flatten (flatten) @ jichat-common ---
[INFO] Generating flattened POM of project com.ji.jichat:jichat-common:jar:2.0-SNAPSHOT...
[INFO] 
[INFO] --- compiler:3.13.0:compile (default-compile) @ jichat-common ---
[INFO] Recompiling the module because of changed source code.
[INFO] Compiling 26 source files with javac [debug parameters release 17] to target/classes
[INFO] -------------------------------------------------------------
[ERROR] COMPILATION ERROR : 
[INFO] -------------------------------------------------------------
[ERROR] /project/jichat-framework/jichat-common/src/main/java/com/ji/jichat/common/pojo/CommonResult.java:[4,27] package cn.hutool.core.lang does not exist
[ERROR] /project/jichat-framework/jichat-common/src/main/java/com/ji/jichat/common/pojo/CommonResult.java:[5,40] package com.alibaba.fastjson2.annotation does not exist
[ERROR] /project/jichat-framework/jichat-common/src/main/java/com/ji/jichat/common/pojo/CommonResult.java:[6,40] package com.fasterxml.jackson.annotation does not exist
[ERROR] /project/jichat-framework/jichat-common/src/main/java/com/ji/jichat/common/pojo/CommonResult.java:[10,43] package io.swagger.v3.oas.annotations.media does not exist
[ERROR] /project/jichat-framework/jichat-common/src/main/java/com/ji/jichat/common/pojo/PageDTO.java:[4,43] package io.swagger.v3.oas.annotations.media does not exist
[ERROR] /project/jichat-framework/jichat-common/src/main/java/com/ji/jichat/common/pojo/PageDTO.java:[5,38] package jakarta.validation.constraints does not exist
[ERROR] /project/jichat-framework/jichat-common/src/main/java/com/ji/jichat/common/pojo/PageDTO.java:[6,38] package jakarta.validation.constraints does not exist
[ERROR] /project/jichat-framework/jichat-common/src/main/java/com/ji/jichat/common/pojo/PageDTO.java:[7,38] package jakarta.validation.constraints does not exist
[ERROR] /project/jichat-framework/jichat-common/src/main/java/com/ji/jichat/common/pojo/PageDTO.java:[17,2] cannot find symbol
  symbol: class Schema
[ERROR] /project/jichat-framework/jichat-common/src/main/java/com/ji/jichat/common/pojo/PageVO.java:[8,43] package io.swagger.v3.oas.annotations.media does not exist
[ERROR] /project/jichat-framework/jichat-common/src/main/java/com/ji/jichat/common/pojo/PageVO.java:[19,2] cannot find symbol
  symbol: class Schema
[ERROR] /project/jichat-framework/jichat-common/src/main/java/com/ji/jichat/common/util/Base62Util.java:[3,27] package cn.hutool.core.util does not exist
[ERROR] /project/jichat-framework/jichat-common/src/main/java/com/ji/jichat/common/util/Base62Util.java:[4,27] package cn.hutool.core.util does not exist
[ERROR] /project/jichat-framework/jichat-common/src/main/java/com/ji/jichat/common/util/GuardedObject.java:[3,38] package jakarta.validation.constraints does not exist
[ERROR] /project/jichat-framework/jichat-common/src/main/java/com/ji/jichat/common/util/GuardedObject.java:[17,1] package org.slf4j does not exist
[ERROR] /project/jichat-framework/jichat-common/src/main/java/com/ji/jichat/common/validation/InEnum.java:[3,26] package jakarta.validation does not exist
[ERROR] /project/jichat-framework/jichat-common/src/main/java/com/ji/jichat/common/validation/InEnum.java:[4,26] package jakarta.validation does not exist
[ERROR] /project/jichat-framework/jichat-common/src/main/java/com/ji/jichat/common/validation/InEnum.java:[21,2] cannot find symbol
  symbol: class Constraint
[ERROR] /project/jichat-framework/jichat-common/src/main/java/com/ji/jichat/common/validation/InEnum.java:[52,21] cannot find symbol
  symbol:   class Payload
  location: @interface com.ji.jichat.common.validation.InEnum
[ERROR] /project/jichat-framework/jichat-common/src/main/java/com/ji/jichat/common/validation/InEnumValidator.java:[3,26] package jakarta.validation does not exist
[ERROR] /project/jichat-framework/jichat-common/src/main/java/com/ji/jichat/common/validation/InEnumValidator.java:[4,26] package jakarta.validation does not exist
[ERROR] /project/jichat-framework/jichat-common/src/main/java/com/ji/jichat/common/validation/InEnumValidator.java:[11,41] cannot find symbol
  symbol: class ConstraintValidator
[ERROR] /project/jichat-framework/jichat-common/src/main/java/com/ji/jichat/common/validation/InEnumValidator.java:[34,43] cannot find symbol
  symbol:   class ConstraintValidatorContext
  location: class com.ji.jichat.common.validation.InEnumValidator
[ERROR] /project/jichat-framework/jichat-common/src/main/java/com/ji/jichat/common/validation/Mobile.java:[3,26] package jakarta.validation does not exist
[ERROR] /project/jichat-framework/jichat-common/src/main/java/com/ji/jichat/common/validation/Mobile.java:[4,26] package jakarta.validation does not exist
[ERROR] /project/jichat-framework/jichat-common/src/main/java/com/ji/jichat/common/validation/Mobile.java:[21,2] cannot find symbol
  symbol: class Constraint
[ERROR] /project/jichat-framework/jichat-common/src/main/java/com/ji/jichat/common/validation/Mobile.java:[43,21] cannot find symbol
  symbol:   class Payload
  location: @interface com.ji.jichat.common.validation.Mobile
[ERROR] /project/jichat-framework/jichat-common/src/main/java/com/ji/jichat/common/validation/MobileValidator.java:[3,27] package cn.hutool.core.util does not exist
[ERROR] /project/jichat-framework/jichat-common/src/main/java/com/ji/jichat/common/validation/MobileValidator.java:[5,26] package jakarta.validation does not exist
[ERROR] /project/jichat-framework/jichat-common/src/main/java/com/ji/jichat/common/validation/MobileValidator.java:[6,26] package jakarta.validation does not exist
[ERROR] /project/jichat-framework/jichat-common/src/main/java/com/ji/jichat/common/validation/MobileValidator.java:[11,41] cannot find symbol
  symbol: class ConstraintValidator
[ERROR] /project/jichat-framework/jichat-common/src/main/java/com/ji/jichat/common/validation/MobileValidator.java:[20,42] cannot find symbol
  symbol:   class ConstraintValidatorContext
  location: class com.ji.jichat.common.validation.MobileValidator
[ERROR] /project/jichat-framework/jichat-common/src/main/java/com/ji/jichat/common/pojo/CommonResult.java:[92,6] cannot find symbol
  symbol:   class JSONField
  location: class com.ji.jichat.common.pojo.CommonResult<T>
[ERROR] /project/jichat-framework/jichat-common/src/main/java/com/ji/jichat/common/pojo/CommonResult.java:[93,6] cannot find symbol
  symbol:   class Schema
  location: class com.ji.jichat.common.pojo.CommonResult<T>
[ERROR] /project/jichat-framework/jichat-common/src/main/java/com/ji/jichat/common/pojo/CommonResult.java:[94,6] cannot find symbol
  symbol:   class JsonIgnore
  location: class com.ji.jichat.common.pojo.CommonResult<T>
[ERROR] /project/jichat-framework/jichat-common/src/main/java/com/ji/jichat/common/pojo/PageDTO.java:[26,6] cannot find symbol
  symbol:   class Schema
  location: class com.ji.jichat.common.pojo.PageDTO
[ERROR] /project/jichat-framework/jichat-common/src/main/java/com/ji/jichat/common/pojo/PageDTO.java:[26,62] package Schema does not exist
[ERROR] /project/jichat-framework/jichat-common/src/main/java/com/ji/jichat/common/pojo/PageDTO.java:[27,6] cannot find symbol
  symbol:   class NotNull
  location: class com.ji.jichat.common.pojo.PageDTO
[ERROR] /project/jichat-framework/jichat-common/src/main/java/com/ji/jichat/common/pojo/PageDTO.java:[28,6] cannot find symbol
  symbol:   class Min
  location: class com.ji.jichat.common.pojo.PageDTO
[ERROR] /project/jichat-framework/jichat-common/src/main/java/com/ji/jichat/common/pojo/PageDTO.java:[31,6] cannot find symbol
  symbol:   class Schema
  location: class com.ji.jichat.common.pojo.PageDTO
[ERROR] /project/jichat-framework/jichat-common/src/main/java/com/ji/jichat/common/pojo/PageDTO.java:[31,66] package Schema does not exist
[ERROR] /project/jichat-framework/jichat-common/src/main/java/com/ji/jichat/common/pojo/PageDTO.java:[32,6] cannot find symbol
  symbol:   class NotNull
  location: class com.ji.jichat.common.pojo.PageDTO
[ERROR] /project/jichat-framework/jichat-common/src/main/java/com/ji/jichat/common/pojo/PageDTO.java:[33,6] cannot find symbol
  symbol:   class Min
  location: class com.ji.jichat.common.pojo.PageDTO
[ERROR] /project/jichat-framework/jichat-common/src/main/java/com/ji/jichat/common/pojo/PageDTO.java:[34,6] cannot find symbol
  symbol:   class Max
  location: class com.ji.jichat.common.pojo.PageDTO
[ERROR] /project/jichat-framework/jichat-common/src/main/java/com/ji/jichat/common/util/GuardedObject.java:[33,48] cannot find symbol
  symbol:   class NotNull
  location: class com.ji.jichat.common.util.GuardedObject<T>
[INFO] 45 errors 
[INFO] -------------------------------------------------------------
[INFO] ------------------------------------------------------------------------
[INFO] Reactor Summary for JiCHat 2.0-SNAPSHOT:
[INFO] 
[INFO] JiCHat ............................................. SUCCESS [  2.831 s]
[INFO] jichat-framework ................................... SUCCESS [  0.603 s]
[INFO] jichat-common ...................................... FAILURE [  7.357 s]
[INFO] jichat-spring-boot-starter-web ..................... SKIPPED
[INFO] jichat-spring-boot-starter-swagger ................. SKIPPED
[INFO] jichat-modules ..................................... SKIPPED
[INFO] user-service ....................................... SKIPPED
[INFO] user-service-api ................................... SKIPPED
[INFO] jichat-spring-boot-starter-security ................ SKIPPED
[INFO] jichat-spring-boot-starter-mybatis ................. SKIPPED
[INFO] jichat-mybatis-gen ................................. SKIPPED
[INFO] jichat-spring-boot-starter-excel ................... SKIPPED
[INFO] JiChat Dependencies ................................ SKIPPED
[INFO] jichat-gateway ..................................... SKIPPED
[INFO] chat-service ....................................... SKIPPED
[INFO] chat-service-api ................................... SKIPPED
[INFO] chat-service-app ................................... SKIPPED
[INFO] user-service-app ................................... SKIPPED
[INFO] JiCHat Client ...................................... SKIPPED
[INFO] ------------------------------------------------------------------------
[INFO] BUILD FAILURE
[INFO] ------------------------------------------------------------------------
[INFO] Total time:  12.701 s
[INFO] Finished at: 2026-09-21T20:34:15Z
[INFO] ------------------------------------------------------------------------
[ERROR] Failed to execute goal org.apache.maven.plugins:maven-compiler-plugin:3.13.0:compile (default-compile) on project jichat-common: Compilation failure: Compilation failure: 
[ERROR] /project/jichat-framework/jichat-common/src/main/java/com/ji/jichat/common/pojo/CommonResult.java:[4,27] package cn.hutool.core.lang does not exist
[ERROR] /project/jichat-framework/jichat-common/src/main/java/com/ji/jichat/common/pojo/CommonResult.java:[5,40] package com.alibaba.fastjson2.annotation does not exist
[ERROR] /project/jichat-framework/jichat-common/src/main/java/com/ji/jichat/common/pojo/CommonResult.java:[6,40] package com.fasterxml.jackson.annotation does not exist
[ERROR] /project/jichat-framework/jichat-common/src/main/java/com/ji/jichat/common/pojo/CommonResult.java:[10,43] package io.swagger.v3.oas.annotations.media does not exist
[ERROR] /project/jichat-framework/jichat-common/src/main/java/com/ji/jichat/common/pojo/PageDTO.java:[4,43] package io.swagger.v3.oas.annotations.media does not exist
[ERROR] /project/jichat-framework/jichat-common/src/main/java/com/ji/jichat/common/pojo/PageDTO.java:[5,38] package jakarta.validation.constraints does not exist
[ERROR] /project/jichat-framework/jichat-common/src/main/java/com/ji/jichat/common/pojo/PageDTO.java:[6,38] package jakarta.validation.constraints does not exist
[ERROR] /project/jichat-framework/jichat-common/src/main/java/com/ji/jichat/common/pojo/PageDTO.java:[7,38] package jakarta.validation.constraints does not exist
[ERROR] /project/jichat-framework/jichat-common/src/main/java/com/ji/jichat/common/pojo/PageDTO.java:[17,2] cannot find symbol
[ERROR]   symbol: class Schema
[ERROR] /project/jichat-framework/jichat-common/src/main/java/com/ji/jichat/common/pojo/PageVO.java:[8,43] package io.swagger.v3.oas.annotations.media does not exist
[ERROR] /project/jichat-framework/jichat-common/src/main/java/com/ji/jichat/common/pojo/PageVO.java:[19,2] cannot find symbol
[ERROR]   symbol: class Schema
[ERROR] /project/jichat-framework/jichat-common/src/main/java/com/ji/jichat/common/util/Base62Util.java:[3,27] package cn.hutool.core.util does not exist
[ERROR] /project/jichat-framework/jichat-common/src/main/java/com/ji/jichat/common/util/Base62Util.java:[4,27] package cn.hutool.core.util does not exist
[ERROR] /project/jichat-framework/jichat-common/src/main/java/com/ji/jichat/common/util/GuardedObject.java:[3,38] package jakarta.validation.constraints does not exist
[ERROR] /project/jichat-framework/jichat-common/src/main/java/com/ji/jichat/common/util/GuardedObject.java:[17,1] package org.slf4j does not exist
[ERROR] /project/jichat-framework/jichat-common/src/main/java/com/ji/jichat/common/validation/InEnum.java:[3,26] package jakarta.validation does not exist
[ERROR] /project/jichat-framework/jichat-common/src/main/java/com/ji/jichat/common/validation/InEnum.java:[4,26] package jakarta.validation does not exist
[ERROR] /project/jichat-framework/jichat-common/src/main/java/com/ji/jichat/common/validation/InEnum.java:[21,2] cannot find symbol
[ERROR]   symbol: class Constraint
[ERROR] /project/jichat-framework/jichat-common/src/main/java/com/ji/jichat/common/validation/InEnum.java:[52,21] cannot find symbol
[ERROR]   symbol:   class Payload
[ERROR]   location: @interface com.ji.jichat.common.validation.InEnum
[ERROR] /project/jichat-framework/jichat-common/src/main/java/com/ji/jichat/common/validation/InEnumValidator.java:[3,26] package jakarta.validation does not exist
[ERROR] /project/jichat-framework/jichat-common/src/main/java/com/ji/jichat/common/validation/InEnumValidator.java:[4,26] package jakarta.validation does not exist
[ERROR] /project/jichat-framework/jichat-common/src/main/java/com/ji/jichat/common/validation/InEnumValidator.java:[11,41] cannot find symbol
[ERROR]   symbol: class ConstraintValidator
[ERROR] /project/jichat-framework/jichat-common/src/main/java/com/ji/jichat/common/validation/InEnumValidator.java:[34,43] cannot find symbol
[ERROR]   symbol:   class ConstraintValidatorContext
[ERROR]   location: class com.ji.jichat.common.validation.InEnumValidator
[ERROR] /project/jichat-framework/jichat-common/src/main/java/com/ji/jichat/common/validation/Mobile.java:[3,26] package jakarta.validation does not exist
[ERROR] /project/jichat-framework/jichat-common/src/main/java/com/ji/jichat/common/validation/Mobile.java:[4,26] package jakarta.validation does not exist
[ERROR] /project/jichat-framework/jichat-common/src/main/java/com/ji/jichat/common/validation/Mobile.java:[21,2] cannot find symbol
[ERROR]   symbol: class Constraint
[ERROR] /project/jichat-framework/jichat-common/src/main/java/com/ji/jichat/common/validation/Mobile.java:[43,21] cannot find symbol
[ERROR]   symbol:   class Payload
[ERROR]   location: @interface com.ji.jichat.common.validation.Mobile
[ERROR] /project/jichat-framework/jichat-common/src/main/java/com/ji/jichat/common/validation/MobileValidator.java:[3,27] package cn.hutool.core.util does not exist
[ERROR] /project/jichat-framework/jichat-common/src/main/java/com/ji/jichat/common/validation/MobileValidator.java:[5,26] package jakarta.validation does not exist
[ERROR] /project/jichat-framework/jichat-common/src/main/java/com/ji/jichat/common/validation/MobileValidator.java:[6,26] package jakarta.validation does not exist
[ERROR] /project/jichat-framework/jichat-common/src/main/java/com/ji/jichat/common/validation/MobileValidator.java:[11,41] cannot find symbol
[ERROR]   symbol: class ConstraintValidator
[ERROR] /project/jichat-framework/jichat-common/src/main/java/com/ji/jichat/common/validation/MobileValidator.java:[20,42] cannot find symbol
[ERROR]   symbol:   class ConstraintValidatorContext
[ERROR]   location: class com.ji.jichat.common.validation.MobileValidator
[ERROR] /project/jichat-framework/jichat-common/src/main/java/com/ji/jichat/common/pojo/CommonResult.java:[92,6] cannot find symbol
[ERROR]   symbol:   class JSONField
[ERROR]   location: class com.ji.jichat.common.pojo.CommonResult<T>
[ERROR] /project/jichat-framework/jichat-common/src/main/java/com/ji/jichat/common/pojo/CommonResult.java:[93,6] cannot find symbol
[ERROR]   symbol:   class Schema
[ERROR]   location: class com.ji.jichat.common.pojo.CommonResult<T>
[ERROR] /project/jichat-framework/jichat-common/src/main/java/com/ji/jichat/common/pojo/CommonResult.java:[94,6] cannot find symbol
[ERROR]   symbol:   class JsonIgnore
[ERROR]   location: class com.ji.jichat.common.pojo.CommonResult<T>
[ERROR] /project/jichat-framework/jichat-common/src/main/java/com/ji/jichat/common/pojo/PageDTO.java:[26,6] cannot find symbol
[ERROR]   symbol:   class Schema
[ERROR]   location: class com.ji.jichat.common.pojo.PageDTO
[ERROR] /project/jichat-framework/jichat-common/src/main/java/com/ji/jichat/common/pojo/PageDTO.java:[26,62] package Schema does not exist
[ERROR] /project/jichat-framework/jichat-common/src/main/java/com/ji/jichat/common/pojo/PageDTO.java:[27,6] cannot find symbol
[ERROR]   symbol:   class NotNull
[ERROR]   location: class com.ji.jichat.common.pojo.PageDTO
[ERROR] /project/jichat-framework/jichat-common/src/main/java/com/ji/jichat/common/pojo/PageDTO.java:[28,6] cannot find symbol
[ERROR]   symbol:   class Min
[ERROR]   location: class com.ji.jichat.common.pojo.PageDTO
[ERROR] /project/jichat-framework/jichat-common/src/main/java/com/ji/jichat/common/pojo/PageDTO.java:[31,6] cannot find symbol
[ERROR]   symbol:   class Schema
[ERROR]   location: class com.ji.jichat.common.pojo.PageDTO
[ERROR] /project/jichat-framework/jichat-common/src/main/java/com/ji/jichat/common/pojo/PageDTO.java:[31,66] package Schema does not exist
[ERROR] /project/jichat-framework/jichat-common/src/main/java/com/ji/jichat/common/pojo/PageDTO.java:[32,6] cannot find symbol
[ERROR]   symbol:   class NotNull
[ERROR]   location: class com.ji.jichat.common.pojo.PageDTO
[ERROR] /project/jichat-framework/jichat-common/src/main/java/com/ji/jichat/common/pojo/PageDTO.java:[33,6] cannot find symbol
[ERROR]   symbol:   class Min
[ERROR]   location: class com.ji.jichat.common.pojo.PageDTO
[ERROR] /project/jichat-framework/jichat-common/src/main/java/com/ji/jichat/common/pojo/PageDTO.java:[34,6] cannot find symbol
[ERROR]   symbol:   class Max
[ERROR]   location: class com.ji.jichat.common.pojo.PageDTO
[ERROR] /project/jichat-framework/jichat-common/src/main/java/com/ji/jichat/common/util/GuardedObject.java:[33,48] cannot find symbol
[ERROR]   symbol:   class NotNull
[ERROR]   location: class com.ji.jichat.common.util.GuardedObject<T>
[ERROR] -> [Help 1]
[ERROR] 
[ERROR] To see the full stack trace of the errors, re-run Maven with the -e switch.
[ERROR] Re-run Maven using the -X switch to enable full debug logging.
[ERROR] 
[ERROR] For more information about the errors and possible solutions, please read the following articles:
[ERROR] [Help 1] http://cwiki.apache.org/confluence/display/MAVEN/MojoFailureException
[ERROR] 
[ERROR] After correcting the problems, you can resume the build with the command
[ERROR]   mvn <args> -rf :jichat-common
