 Image maven:3.9-eclipse-temurin-8 Pulling 
 52e92dd1a6a5 Pulling fs layer 0B
 23991f21fdef Pulling fs layer 0B
 54e85fdc2e89 Pulling fs layer 0B
 ab8ac971a756 Pulling fs layer 0B
 a892712268eb Pulling fs layer 0B
 2d89f7327b86 Pulling fs layer 0B
 b889a83e303d Pulling fs layer 0B
 4d904c8a9ccc Pulling fs layer 0B
 40ae3923ce7a Download complete 0B
 23991f21fdef Download complete 0B
 54e85fdc2e89 Download complete 0B
 b889a83e303d Download complete 0B
 52e92dd1a6a5 Download complete 0B
 ab8ac971a756 Downloading 1.049MB
 ab8ac971a756 Downloading 1.049MB
 ab8ac971a756 Downloading 1.049MB
 ab8ac971a756 Downloading 1.049MB
 ab8ac971a756 Downloading 1.049MB
 ab8ac971a756 Downloading 1.049MB
 ab8ac971a756 Downloading 1.049MB
 ab8ac971a756 Downloading 1.049MB
 ab8ac971a756 Downloading 1.049MB
 ab8ac971a756 Downloading 1.049MB
 ab8ac971a756 Downloading 1.049MB
 ab8ac971a756 Downloading 1.049MB
 ab8ac971a756 Downloading 1.049MB
 acf40a58e8b4 Downloading 1.049MB
 ab8ac971a756 Downloading 1.049MB
 acf40a58e8b4 Downloading 1.049MB
 ab8ac971a756 Downloading 1.049MB
 acf40a58e8b4 Downloading 1.049MB
 ab8ac971a756 Downloading 1.049MB
 ab8ac971a756 Downloading 1.049MB
 acf40a58e8b4 Downloading 1.049MB
 acf40a58e8b4 Downloading 1.049MB
 ab8ac971a756 Downloading 1.049MB
 acf40a58e8b4 Downloading 1.049MB
 ab8ac971a756 Downloading 1.049MB
 acf40a58e8b4 Downloading 1.049MB
 ab8ac971a756 Downloading 1.049MB
 acf40a58e8b4 Downloading 1.049MB
 ab8ac971a756 Downloading 2.097MB
 acf40a58e8b4 Downloading 1.049MB
 ab8ac971a756 Downloading 2.097MB
 acf40a58e8b4 Downloading 1.049MB
 ab8ac971a756 Downloading 2.097MB
 ab8ac971a756 Downloading 2.097MB
 2d89f7327b86 Downloading 1.049MB
 acf40a58e8b4 Downloading 1.049MB
 ab8ac971a756 Downloading 2.097MB
 2d89f7327b86 Downloading 1.049MB
 acf40a58e8b4 Downloading 1.049MB
 a892712268eb Downloading 1.049MB
 ab8ac971a756 Downloading 2.097MB
 2d89f7327b86 Downloading 1.049MB
 acf40a58e8b4 Downloading 1.049MB
 ab8ac971a756 Downloading 2.097MB
 2d89f7327b86 Downloading 1.049MB
 acf40a58e8b4 Downloading 1.049MB
 a892712268eb Downloading 1.049MB
 ab8ac971a756 Downloading 2.097MB
 2d89f7327b86 Downloading 1.049MB
 acf40a58e8b4 Downloading 1.049MB
 a892712268eb Downloading 1.049MB
 acf40a58e8b4 Downloading 1.049MB
 a892712268eb Downloading 1.049MB
 ab8ac971a756 Downloading 2.097MB
 2d89f7327b86 Downloading 1.049MB
 acf40a58e8b4 Downloading 1.049MB
 a892712268eb Downloading 1.049MB
 ab8ac971a756 Downloading 2.097MB
 2d89f7327b86 Downloading 1.049MB
 acf40a58e8b4 Downloading 1.049MB
 a892712268eb Downloading 1.049MB
 ab8ac971a756 Downloading 3.146MB
 2d89f7327b86 Downloading 1.049MB
 acf40a58e8b4 Downloading 1.049MB
 a892712268eb Downloading 1.049MB
 ab8ac971a756 Downloading 3.146MB
 2d89f7327b86 Downloading 1.049MB
 acf40a58e8b4 Downloading 1.049MB
 a892712268eb Downloading 1.049MB
 ab8ac971a756 Downloading 3.146MB
 2d89f7327b86 Downloading 1.049MB
 ab8ac971a756 Downloading 3.146MB
 2d89f7327b86 Downloading 1.049MB
 acf40a58e8b4 Downloading 1.049MB
 a892712268eb Downloading 1.049MB
 acf40a58e8b4 Downloading 1.049MB
 a892712268eb Downloading 1.049MB
 ab8ac971a756 Downloading 3.146MB
 2d89f7327b86 Downloading 1.049MB
 acf40a58e8b4 Downloading 1.049MB
 a892712268eb Downloading 1.049MB
 ab8ac971a756 Downloading 3.146MB
 2d89f7327b86 Downloading 1.049MB
 acf40a58e8b4 Downloading 1.049MB
 a892712268eb Downloading 1.049MB
 ab8ac971a756 Downloading 3.146MB
 2d89f7327b86 Downloading 1.049MB
 4d904c8a9ccc Downloading 1.049MB
 acf40a58e8b4 Downloading 1.049MB
 a892712268eb Downloading 1.049MB
 ab8ac971a756 Downloading 3.146MB
 2d89f7327b86 Downloading 1.049MB
 4d904c8a9ccc Downloading 1.049MB
 acf40a58e8b4 Downloading 1.049MB
 a892712268eb Downloading 1.049MB
 ab8ac971a756 Downloading 3.146MB
 2d89f7327b86 Downloading 1.049MB
 4d904c8a9ccc Downloading 1.049MB
 acf40a58e8b4 Downloading 1.049MB
 a892712268eb Downloading 1.049MB
 ab8ac971a756 Downloading 3.146MB
 2d89f7327b86 Downloading 1.049MB
 4d904c8a9ccc Downloading 1.049MB
 ab8ac971a756 Downloading 3.146MB
 2d89f7327b86 Downloading 1.049MB
 4d904c8a9ccc Downloading 1.049MB
 acf40a58e8b4 Downloading 2.097MB
 a892712268eb Downloading 1.049MB
 a892712268eb Downloading 1.049MB
 ab8ac971a756 Downloading 3.146MB
 2d89f7327b86 Downloading 1.049MB
 4d904c8a9ccc Downloading 1.049MB
 acf40a58e8b4 Downloading 2.097MB
 a892712268eb Downloading 1.049MB
 ab8ac971a756 Downloading 3.146MB
 2d89f7327b86 Downloading 1.049MB
 4d904c8a9ccc Downloading 1.049MB
 acf40a58e8b4 Downloading 2.097MB
 4d904c8a9ccc Downloading 1.049MB
 acf40a58e8b4 Downloading 2.097MB
 a892712268eb Downloading 1.049MB
 ab8ac971a756 Downloading 3.146MB
 2d89f7327b86 Downloading 1.049MB
 a892712268eb Downloading 2.097MB
 ab8ac971a756 Downloading 3.146MB
 2d89f7327b86 Downloading 1.049MB
 4d904c8a9ccc Downloading 1.049MB
 acf40a58e8b4 Downloading 2.097MB
 acf40a58e8b4 Downloading 2.097MB
 a892712268eb Downloading 2.097MB
 ab8ac971a756 Downloading 4.194MB
 2d89f7327b86 Downloading 1.049MB
 4d904c8a9ccc Downloading 1.049MB
 4d904c8a9ccc Downloading 1.049MB
 acf40a58e8b4 Downloading 2.097MB
 a892712268eb Downloading 2.097MB
 ab8ac971a756 Downloading 4.194MB
 2d89f7327b86 Downloading 1.049MB
 acf40a58e8b4 Downloading 2.097MB
 a892712268eb Downloading 2.097MB
 ab8ac971a756 Downloading 4.194MB
 2d89f7327b86 Downloading 1.049MB
 4d904c8a9ccc Downloading 1.049MB
 acf40a58e8b4 Downloading 2.097MB
 a892712268eb Downloading 2.097MB
 ab8ac971a756 Downloading 4.194MB
 2d89f7327b86 Downloading 1.049MB
 4d904c8a9ccc Downloading 1.049MB
 2d89f7327b86 Downloading 1.049MB
 4d904c8a9ccc Downloading 1.049MB
 acf40a58e8b4 Downloading 2.097MB
 a892712268eb Downloading 2.097MB
 ab8ac971a756 Downloading 4.194MB
 2d89f7327b86 Downloading 1.049MB
 4d904c8a9ccc Downloading 1.049MB
 acf40a58e8b4 Downloading 2.097MB
 a892712268eb Downloading 2.097MB
 ab8ac971a756 Downloading 4.194MB
 acf40a58e8b4 Downloading 2.097MB
 a892712268eb Downloading 2.097MB
 ab8ac971a756 Downloading 4.194MB
 2d89f7327b86 Downloading 1.049MB
 4d904c8a9ccc Downloading 1.049MB
 acf40a58e8b4 Downloading 2.097MB
 a892712268eb Downloading 2.097MB
 ab8ac971a756 Downloading 4.194MB
 2d89f7327b86 Downloading 1.049MB
 4d904c8a9ccc Downloading 1.049MB
 a892712268eb Downloading 2.097MB
 ab8ac971a756 Downloading 4.194MB
 2d89f7327b86 Downloading 1.049MB
 4d904c8a9ccc Downloading 1.049MB
 acf40a58e8b4 Downloading 2.097MB
 a892712268eb Downloading 2.097MB
 ab8ac971a756 Downloading 4.194MB
 2d89f7327b86 Downloading 1.049MB
 4d904c8a9ccc Downloading 1.049MB
 acf40a58e8b4 Downloading 2.097MB
 acf40a58e8b4 Downloading 2.097MB
 a892712268eb Downloading 2.097MB
 ab8ac971a756 Downloading 4.194MB
 2d89f7327b86 Downloading 1.049MB
 4d904c8a9ccc Downloading 1.049MB
 acf40a58e8b4 Downloading 2.097MB
 a892712268eb Downloading 3.146MB
 ab8ac971a756 Downloading 4.194MB
 2d89f7327b86 Downloading 1.049MB
 4d904c8a9ccc Downloading 1.049MB
 acf40a58e8b4 Downloading 2.097MB
 a892712268eb Downloading 3.146MB
 ab8ac971a756 Downloading 5.243MB
 2d89f7327b86 Downloading 1.049MB
 4d904c8a9ccc Downloading 1.049MB
 acf40a58e8b4 Downloading 2.097MB
 a892712268eb Downloading 3.146MB
 ab8ac971a756 Downloading 5.243MB
 2d89f7327b86 Downloading 1.049MB
 4d904c8a9ccc Downloading 1.049MB
 2d89f7327b86 Downloading 1.049MB
 4d904c8a9ccc Downloading 1.049MB
 acf40a58e8b4 Downloading 2.097MB
 a892712268eb Downloading 3.146MB
 ab8ac971a756 Downloading 5.243MB
 acf40a58e8b4 Downloading 2.097MB
 a892712268eb Downloading 3.146MB
 ab8ac971a756 Downloading 5.243MB
 2d89f7327b86 Downloading 1.049MB
 4d904c8a9ccc Downloading 1.049MB
 acf40a58e8b4 Downloading 2.097MB
 a892712268eb Downloading 3.146MB
 ab8ac971a756 Downloading 5.243MB
 2d89f7327b86 Downloading 1.049MB
 4d904c8a9ccc Downloading 1.049MB
 acf40a58e8b4 Downloading 3.146MB
 a892712268eb Downloading 3.146MB
 ab8ac971a756 Downloading 5.243MB
 2d89f7327b86 Downloading 2.097MB
 4d904c8a9ccc Downloading 1.049MB
 a892712268eb Downloading 3.146MB
 ab8ac971a756 Downloading 5.243MB
 2d89f7327b86 Downloading 2.097MB
 4d904c8a9ccc Downloading 1.049MB
 acf40a58e8b4 Downloading 3.146MB
 a892712268eb Downloading 3.146MB
 ab8ac971a756 Downloading 5.243MB
 2d89f7327b86 Downloading 2.097MB
 4d904c8a9ccc Downloading 1.049MB
 acf40a58e8b4 Downloading 3.146MB
 acf40a58e8b4 Downloading 3.146MB
 a892712268eb Downloading 3.146MB
 ab8ac971a756 Downloading 5.243MB
 2d89f7327b86 Downloading 2.097MB
 4d904c8a9ccc Downloading 1.049MB
 acf40a58e8b4 Downloading 3.146MB
 a892712268eb Downloading 3.146MB
 ab8ac971a756 Downloading 5.243MB
 2d89f7327b86 Downloading 2.097MB
 4d904c8a9ccc Downloading 1.049MB
 acf40a58e8b4 Downloading 3.146MB
 a892712268eb Downloading 3.146MB
 ab8ac971a756 Downloading 5.243MB
 2d89f7327b86 Downloading 2.097MB
 4d904c8a9ccc Downloading 1.049MB
 acf40a58e8b4 Downloading 3.146MB
 a892712268eb Downloading 3.146MB
 ab8ac971a756 Downloading 5.243MB
 2d89f7327b86 Downloading 2.097MB
 4d904c8a9ccc Downloading 1.049MB
 2d89f7327b86 Downloading 2.097MB
 4d904c8a9ccc Downloading 1.049MB
 acf40a58e8b4 Downloading 3.146MB
 a892712268eb Downloading 3.146MB
 ab8ac971a756 Downloading 5.243MB
 acf40a58e8b4 Downloading 3.146MB
 a892712268eb Downloading 3.146MB
 ab8ac971a756 Downloading 5.243MB
 2d89f7327b86 Downloading 2.097MB
 4d904c8a9ccc Downloading 1.049MB
 ab8ac971a756 Downloading 5.243MB
 2d89f7327b86 Downloading 2.097MB
 4d904c8a9ccc Downloading 1.049MB
 acf40a58e8b4 Downloading 3.146MB
 a892712268eb Downloading 3.146MB
 ab8ac971a756 Downloading 5.243MB
 2d89f7327b86 Downloading 2.097MB
 4d904c8a9ccc Downloading 1.049MB
 acf40a58e8b4 Downloading 3.146MB
 a892712268eb Downloading 4.194MB
 acf40a58e8b4 Downloading 3.146MB
 a892712268eb Downloading 4.194MB
 ab8ac971a756 Downloading 5.243MB
 2d89f7327b86 Downloading 2.097MB
 4d904c8a9ccc Downloading 1.049MB
 acf40a58e8b4 Downloading 3.146MB
 a892712268eb Downloading 4.194MB
 ab8ac971a756 Downloading 5.243MB
 2d89f7327b86 Downloading 2.097MB
 4d904c8a9ccc Downloading 1.049MB
 ab8ac971a756 Downloading 5.243MB
 2d89f7327b86 Downloading 2.097MB
 4d904c8a9ccc Downloading 1.049MB
 acf40a58e8b4 Downloading 3.146MB
 a892712268eb Downloading 4.194MB
 2d89f7327b86 Downloading 2.097MB
 4d904c8a9ccc Downloading 1.049MB
 acf40a58e8b4 Downloading 3.146MB
 a892712268eb Downloading 4.194MB
 ab8ac971a756 Downloading 6.291MB
 ab8ac971a756 Downloading 6.291MB
 2d89f7327b86 Downloading 2.097MB
 4d904c8a9ccc Downloading 2.097MB
 acf40a58e8b4 Downloading 3.146MB
 a892712268eb Downloading 4.194MB
 acf40a58e8b4 Downloading 3.146MB
 a892712268eb Downloading 4.194MB
 ab8ac971a756 Downloading 6.291MB
 2d89f7327b86 Downloading 2.097MB
 4d904c8a9ccc Downloading 2.097MB
 a892712268eb Downloading 4.194MB
 ab8ac971a756 Downloading 6.291MB
 2d89f7327b86 Downloading 2.097MB
 4d904c8a9ccc Downloading 2.097MB
 acf40a58e8b4 Downloading 3.146MB
 acf40a58e8b4 Downloading 3.146MB
 a892712268eb Downloading 4.194MB
 ab8ac971a756 Downloading 6.291MB
 2d89f7327b86 Downloading 2.097MB
 4d904c8a9ccc Downloading 2.097MB
 4d904c8a9ccc Downloading 2.097MB
 acf40a58e8b4 Downloading 3.146MB
 a892712268eb Downloading 4.194MB
 ab8ac971a756 Downloading 6.291MB
 2d89f7327b86 Downloading 2.097MB
 acf40a58e8b4 Downloading 3.146MB
 a892712268eb Downloading 4.194MB
 ab8ac971a756 Downloading 6.291MB
 2d89f7327b86 Downloading 2.097MB
 4d904c8a9ccc Downloading 2.097MB
 4d904c8a9ccc Downloading 2.097MB
 acf40a58e8b4 Downloading 3.146MB
 a892712268eb Downloading 4.194MB
 ab8ac971a756 Downloading 6.291MB
 2d89f7327b86 Downloading 2.097MB
 a892712268eb Downloading 4.194MB
 ab8ac971a756 Downloading 6.291MB
 2d89f7327b86 Downloading 2.097MB
 4d904c8a9ccc Downloading 2.097MB
 acf40a58e8b4 Downloading 3.146MB
 ab8ac971a756 Downloading 6.291MB
 2d89f7327b86 Downloading 2.097MB
 4d904c8a9ccc Downloading 2.097MB
 acf40a58e8b4 Downloading 3.146MB
 a892712268eb Downloading 4.194MB
 acf40a58e8b4 Downloading 3.146MB
 a892712268eb Downloading 4.194MB
 ab8ac971a756 Downloading 6.291MB
 2d89f7327b86 Downloading 2.097MB
 4d904c8a9ccc Downloading 2.097MB
 acf40a58e8b4 Downloading 3.146MB
 a892712268eb Downloading 4.194MB
 ab8ac971a756 Downloading 6.291MB
 2d89f7327b86 Downloading 2.097MB
 4d904c8a9ccc Downloading 2.097MB
 ab8ac971a756 Downloading 6.291MB
 2d89f7327b86 Downloading 2.097MB
 4d904c8a9ccc Downloading 2.097MB
 acf40a58e8b4 Downloading 3.146MB
 a892712268eb Downloading 5.243MB
 acf40a58e8b4 Downloading 3.146MB
 a892712268eb Downloading 5.243MB
 ab8ac971a756 Downloading 6.291MB
 2d89f7327b86 Downloading 2.097MB
 4d904c8a9ccc Downloading 2.097MB
 acf40a58e8b4 Downloading 3.146MB
 a892712268eb Downloading 5.243MB
 ab8ac971a756 Downloading 6.291MB
 2d89f7327b86 Downloading 2.097MB
 4d904c8a9ccc Downloading 2.097MB
 4d904c8a9ccc Downloading 2.097MB
 acf40a58e8b4 Downloading 3.146MB
 a892712268eb Downloading 5.243MB
 ab8ac971a756 Downloading 6.291MB
 2d89f7327b86 Downloading 2.097MB
 2d89f7327b86 Downloading 2.097MB
 4d904c8a9ccc Downloading 2.097MB
 acf40a58e8b4 Downloading 3.146MB
 a892712268eb Downloading 5.243MB
 ab8ac971a756 Downloading 6.291MB
 acf40a58e8b4 Downloading 3.146MB
 a892712268eb Downloading 5.243MB
 ab8ac971a756 Downloading 7.34MB
 2d89f7327b86 Downloading 2.097MB
 4d904c8a9ccc Downloading 2.097MB
 acf40a58e8b4 Downloading 3.146MB
 a892712268eb Downloading 5.243MB
 ab8ac971a756 Downloading 7.34MB
 2d89f7327b86 Downloading 2.097MB
 4d904c8a9ccc Downloading 2.097MB
 a892712268eb Downloading 5.243MB
 ab8ac971a756 Downloading 7.34MB
 2d89f7327b86 Downloading 2.097MB
 4d904c8a9ccc Downloading 2.097MB
 acf40a58e8b4 Downloading 3.146MB
 acf40a58e8b4 Downloading 3.146MB
 a892712268eb Downloading 5.243MB
 ab8ac971a756 Downloading 7.34MB
 2d89f7327b86 Downloading 2.097MB
 4d904c8a9ccc Downloading 2.097MB
 acf40a58e8b4 Downloading 3.146MB
 a892712268eb Downloading 5.243MB
 ab8ac971a756 Downloading 7.34MB
 2d89f7327b86 Downloading 2.097MB
 4d904c8a9ccc Downloading 2.097MB
 acf40a58e8b4 Downloading 3.146MB
 a892712268eb Downloading 5.243MB
 ab8ac971a756 Downloading 7.34MB
 2d89f7327b86 Downloading 2.097MB
 4d904c8a9ccc Downloading 2.097MB
 ab8ac971a756 Downloading 7.34MB
 2d89f7327b86 Downloading 2.097MB
 4d904c8a9ccc Downloading 2.097MB
 acf40a58e8b4 Downloading 3.146MB
 a892712268eb Downloading 5.243MB
 acf40a58e8b4 Downloading 3.146MB
 a892712268eb Downloading 5.243MB
 ab8ac971a756 Downloading 7.34MB
 2d89f7327b86 Downloading 2.097MB
 4d904c8a9ccc Downloading 2.097MB
 acf40a58e8b4 Downloading 3.146MB
 a892712268eb Downloading 5.243MB
 ab8ac971a756 Downloading 7.34MB
 2d89f7327b86 Downloading 2.097MB
 4d904c8a9ccc Downloading 2.097MB
 acf40a58e8b4 Downloading 3.146MB
 a892712268eb Downloading 5.243MB
 ab8ac971a756 Downloading 7.34MB
 2d89f7327b86 Downloading 3.146MB
 4d904c8a9ccc Downloading 2.097MB
 a892712268eb Downloading 5.243MB
 ab8ac971a756 Downloading 7.34MB
 2d89f7327b86 Downloading 3.146MB
 4d904c8a9ccc Downloading 2.097MB
 acf40a58e8b4 Downloading 3.146MB
 ab8ac971a756 Downloading 7.34MB
 2d89f7327b86 Downloading 3.146MB
 4d904c8a9ccc Downloading 2.097MB
 acf40a58e8b4 Downloading 3.146MB
 a892712268eb Downloading 5.243MB
 acf40a58e8b4 Downloading 3.146MB
 a892712268eb Downloading 5.243MB
 ab8ac971a756 Downloading 7.34MB
 2d89f7327b86 Downloading 3.146MB
 4d904c8a9ccc Downloading 2.097MB
 a892712268eb Downloading 6.291MB
 ab8ac971a756 Downloading 7.34MB
 2d89f7327b86 Downloading 3.146MB
 4d904c8a9ccc Downloading 2.097MB
 acf40a58e8b4 Downloading 3.146MB
 ab8ac971a756 Downloading 7.34MB
 2d89f7327b86 Downloading 3.146MB
 4d904c8a9ccc Downloading 2.097MB
 acf40a58e8b4 Downloading 3.146MB
 a892712268eb Downloading 6.291MB
 acf40a58e8b4 Downloading 3.146MB
 a892712268eb Downloading 6.291MB
 ab8ac971a756 Downloading 7.34MB
 2d89f7327b86 Downloading 3.146MB
 4d904c8a9ccc Downloading 2.097MB
 acf40a58e8b4 Downloading 3.146MB
 a892712268eb Downloading 6.291MB
 ab8ac971a756 Downloading 8.389MB
 2d89f7327b86 Downloading 3.146MB
 4d904c8a9ccc Downloading 2.097MB
 acf40a58e8b4 Downloading 3.146MB
 a892712268eb Downloading 6.291MB
 ab8ac971a756 Downloading 8.389MB
 2d89f7327b86 Downloading 3.146MB
 4d904c8a9ccc Downloading 2.097MB
 ab8ac971a756 Downloading 8.389MB
 2d89f7327b86 Downloading 3.146MB
 4d904c8a9ccc Downloading 2.097MB
 acf40a58e8b4 Downloading 3.146MB
 a892712268eb Downloading 6.291MB
 a892712268eb Downloading 6.291MB
 ab8ac971a756 Downloading 8.389MB
 2d89f7327b86 Downloading 3.146MB
 4d904c8a9ccc Downloading 2.097MB
 acf40a58e8b4 Downloading 3.146MB
 acf40a58e8b4 Downloading 3.146MB
 a892712268eb Downloading 6.291MB
 ab8ac971a756 Downloading 8.389MB
 2d89f7327b86 Downloading 3.146MB
 4d904c8a9ccc Downloading 2.097MB
 acf40a58e8b4 Downloading 3.146MB
 a892712268eb Downloading 6.291MB
 ab8ac971a756 Downloading 8.389MB
 2d89f7327b86 Downloading 3.146MB
 4d904c8a9ccc Downloading 2.097MB
 2d89f7327b86 Downloading 3.146MB
 4d904c8a9ccc Downloading 2.097MB
 acf40a58e8b4 Downloading 3.146MB
 a892712268eb Downloading 6.291MB
 ab8ac971a756 Downloading 8.389MB
 acf40a58e8b4 Downloading 3.146MB
 a892712268eb Downloading 6.291MB
 ab8ac971a756 Downloading 8.389MB
 2d89f7327b86 Downloading 3.146MB
 4d904c8a9ccc Downloading 2.097MB
 ab8ac971a756 Downloading 8.389MB
 2d89f7327b86 Downloading 3.146MB
 4d904c8a9ccc Downloading 2.097MB
 acf40a58e8b4 Downloading 3.146MB
 a892712268eb Downloading 6.291MB
 acf40a58e8b4 Downloading 3.146MB
 a892712268eb Downloading 6.291MB
 ab8ac971a756 Downloading 8.389MB
 2d89f7327b86 Downloading 3.146MB
 4d904c8a9ccc Downloading 2.097MB
 acf40a58e8b4 Downloading 3.146MB
 a892712268eb Downloading 6.291MB
 ab8ac971a756 Downloading 8.389MB
 2d89f7327b86 Downloading 3.146MB
 4d904c8a9ccc Downloading 2.097MB
 ab8ac971a756 Downloading 8.389MB
 2d89f7327b86 Downloading 3.146MB
 4d904c8a9ccc Downloading 2.097MB
 acf40a58e8b4 Downloading 3.146MB
 a892712268eb Downloading 7.34MB
 acf40a58e8b4 Downloading 3.146MB
 a892712268eb Downloading 7.34MB
 ab8ac971a756 Downloading 8.389MB
 2d89f7327b86 Downloading 3.146MB
 4d904c8a9ccc Downloading 3.146MB
 4d904c8a9ccc Downloading 3.146MB
 acf40a58e8b4 Downloading 3.146MB
 a892712268eb Downloading 7.34MB
 ab8ac971a756 Downloading 8.389MB
 2d89f7327b86 Downloading 3.146MB
 ab8ac971a756 Downloading 8.389MB
 2d89f7327b86 Downloading 3.146MB
 4d904c8a9ccc Downloading 3.146MB
 acf40a58e8b4 Downloading 3.146MB
 a892712268eb Downloading 7.34MB
 acf40a58e8b4 Downloading 3.146MB
 a892712268eb Downloading 7.34MB
 ab8ac971a756 Downloading 8.389MB
 2d89f7327b86 Downloading 3.146MB
 4d904c8a9ccc Downloading 3.146MB
 a892712268eb Downloading 7.34MB
 ab8ac971a756 Downloading 8.389MB
 2d89f7327b86 Downloading 3.146MB
 4d904c8a9ccc Downloading 3.146MB
 acf40a58e8b4 Downloading 3.146MB
 acf40a58e8b4 Downloading 3.146MB
 a892712268eb Downloading 7.34MB
 ab8ac971a756 Downloading 8.389MB
 2d89f7327b86 Downloading 3.146MB
 4d904c8a9ccc Downloading 3.146MB
 2d89f7327b86 Downloading 3.146MB
 4d904c8a9ccc Downloading 3.146MB
 acf40a58e8b4 Downloading 3.146MB
 a892712268eb Downloading 7.34MB
 ab8ac971a756 Downloading 9.437MB
 a892712268eb Downloading 7.34MB
 ab8ac971a756 Downloading 9.437MB
 2d89f7327b86 Downloading 3.146MB
 4d904c8a9ccc Downloading 3.146MB
 acf40a58e8b4 Downloading 3.146MB
 acf40a58e8b4 Downloading 3.146MB
 a892712268eb Downloading 7.34MB
 ab8ac971a756 Downloading 9.437MB
 2d89f7327b86 Downloading 3.146MB
 4d904c8a9ccc Downloading 3.146MB
 acf40a58e8b4 Downloading 3.146MB
 a892712268eb Downloading 7.34MB
 ab8ac971a756 Downloading 9.437MB
 2d89f7327b86 Downloading 3.146MB
 4d904c8a9ccc Downloading 3.146MB
 4d904c8a9ccc Downloading 3.146MB
 acf40a58e8b4 Downloading 3.146MB
 a892712268eb Downloading 7.34MB
 ab8ac971a756 Downloading 9.437MB
 2d89f7327b86 Downloading 3.146MB
 a892712268eb Downloading 7.34MB
 ab8ac971a756 Downloading 9.437MB
 2d89f7327b86 Downloading 3.146MB
 4d904c8a9ccc Downloading 3.146MB
 acf40a58e8b4 Downloading 3.146MB
 acf40a58e8b4 Downloading 3.146MB
 a892712268eb Downloading 7.34MB
 ab8ac971a756 Downloading 9.437MB
 2d89f7327b86 Downloading 3.146MB
 4d904c8a9ccc Downloading 3.146MB
 ab8ac971a756 Downloading 9.437MB
 2d89f7327b86 Downloading 3.146MB
 4d904c8a9ccc Downloading 3.146MB
 acf40a58e8b4 Downloading 3.146MB
 a892712268eb Downloading 7.34MB
 acf40a58e8b4 Downloading 3.146MB
 a892712268eb Downloading 7.34MB
 ab8ac971a756 Downloading 9.437MB
 2d89f7327b86 Downloading 3.146MB
 4d904c8a9ccc Downloading 3.146MB
 ab8ac971a756 Downloading 9.437MB
 2d89f7327b86 Downloading 3.146MB
 4d904c8a9ccc Downloading 3.146MB
 acf40a58e8b4 Downloading 3.146MB
 a892712268eb Downloading 7.34MB
 acf40a58e8b4 Downloading 3.146MB
 a892712268eb Downloading 7.34MB
 ab8ac971a756 Downloading 9.437MB
 2d89f7327b86 Downloading 3.146MB
 4d904c8a9ccc Downloading 3.146MB
 acf40a58e8b4 Downloading 3.146MB
 a892712268eb Downloading 7.34MB
 ab8ac971a756 Downloading 9.437MB
 2d89f7327b86 Downloading 3.146MB
 4d904c8a9ccc Downloading 3.146MB
 acf40a58e8b4 Downloading 3.146MB
 a892712268eb Downloading 7.34MB
 ab8ac971a756 Downloading 9.437MB
 2d89f7327b86 Downloading 3.146MB
 4d904c8a9ccc Downloading 3.146MB
 acf40a58e8b4 Downloading 3.146MB
 a892712268eb Downloading 8.389MB
 ab8ac971a756 Downloading 9.437MB
 2d89f7327b86 Downloading 4.194MB
 4d904c8a9ccc Downloading 3.146MB
 acf40a58e8b4 Downloading 3.146MB
 a892712268eb Downloading 8.389MB
 ab8ac971a756 Downloading 9.437MB
 2d89f7327b86 Downloading 4.194MB
 4d904c8a9ccc Downloading 3.146MB
 acf40a58e8b4 Downloading 3.146MB
 a892712268eb Downloading 8.389MB
 ab8ac971a756 Downloading 9.437MB
 2d89f7327b86 Downloading 4.194MB
 4d904c8a9ccc Downloading 3.146MB
 2d89f7327b86 Downloading 4.194MB
 4d904c8a9ccc Downloading 3.146MB
 acf40a58e8b4 Downloading 3.146MB
 a892712268eb Downloading 8.389MB
 ab8ac971a756 Downloading 9.437MB
 ab8ac971a756 Downloading 9.437MB
 2d89f7327b86 Downloading 4.194MB
 4d904c8a9ccc Downloading 3.146MB
 acf40a58e8b4 Downloading 3.146MB
 a892712268eb Downloading 8.389MB
 acf40a58e8b4 Downloading 3.146MB
 a892712268eb Downloading 8.389MB
 ab8ac971a756 Downloading 10.49MB
 2d89f7327b86 Downloading 4.194MB
 4d904c8a9ccc Downloading 3.146MB
 a892712268eb Downloading 8.389MB
 ab8ac971a756 Downloading 10.49MB
 2d89f7327b86 Downloading 4.194MB
 4d904c8a9ccc Downloading 3.146MB
 acf40a58e8b4 Downloading 3.146MB
 acf40a58e8b4 Downloading 3.146MB
 a892712268eb Downloading 8.389MB
 ab8ac971a756 Downloading 10.49MB
 2d89f7327b86 Downloading 4.194MB
 4d904c8a9ccc Downloading 3.146MB
 a892712268eb Downloading 8.389MB
 ab8ac971a756 Downloading 10.49MB
 2d89f7327b86 Downloading 4.194MB
 4d904c8a9ccc Downloading 3.146MB
 acf40a58e8b4 Downloading 3.146MB
 acf40a58e8b4 Downloading 3.146MB
 a892712268eb Downloading 8.389MB
 ab8ac971a756 Downloading 10.49MB
 2d89f7327b86 Downloading 4.194MB
 4d904c8a9ccc Downloading 3.146MB
 acf40a58e8b4 Downloading 3.146MB
 a892712268eb Downloading 8.389MB
 ab8ac971a756 Downloading 10.49MB
 2d89f7327b86 Downloading 4.194MB
 4d904c8a9ccc Downloading 3.146MB
 acf40a58e8b4 Downloading 3.146MB
 a892712268eb Downloading 8.389MB
 ab8ac971a756 Downloading 10.49MB
 2d89f7327b86 Downloading 4.194MB
 4d904c8a9ccc Downloading 3.146MB
 acf40a58e8b4 Downloading 3.146MB
 a892712268eb Downloading 8.389MB
 ab8ac971a756 Downloading 10.49MB
 2d89f7327b86 Downloading 4.194MB
 4d904c8a9ccc Downloading 3.146MB
 acf40a58e8b4 Downloading 3.146MB
 a892712268eb Downloading 8.389MB
 ab8ac971a756 Downloading 10.49MB
 2d89f7327b86 Downloading 4.194MB
 4d904c8a9ccc Downloading 3.146MB
 4d904c8a9ccc Downloading 3.146MB
 acf40a58e8b4 Downloading 3.146MB
 a892712268eb Downloading 8.389MB
 ab8ac971a756 Downloading 10.49MB
 2d89f7327b86 Downloading 4.194MB
 acf40a58e8b4 Downloading 3.146MB
 a892712268eb Downloading 8.389MB
 ab8ac971a756 Downloading 10.49MB
 2d89f7327b86 Downloading 4.194MB
 4d904c8a9ccc Downloading 3.146MB
 acf40a58e8b4 Downloading 4.194MB
 a892712268eb Downloading 8.389MB
 ab8ac971a756 Downloading 10.49MB
 2d89f7327b86 Downloading 4.194MB
 4d904c8a9ccc Downloading 3.146MB
 acf40a58e8b4 Downloading 4.194MB
 a892712268eb Downloading 8.389MB
 ab8ac971a756 Downloading 10.49MB
 2d89f7327b86 Downloading 4.194MB
 4d904c8a9ccc Downloading 3.146MB
 acf40a58e8b4 Downloading 4.194MB
 a892712268eb Downloading 8.389MB
 ab8ac971a756 Downloading 10.49MB
 2d89f7327b86 Downloading 4.194MB
 4d904c8a9ccc Downloading 3.146MB
 acf40a58e8b4 Downloading 4.194MB
 a892712268eb Downloading 8.389MB
 ab8ac971a756 Downloading 10.49MB
 2d89f7327b86 Downloading 4.194MB
 4d904c8a9ccc Downloading 3.146MB
 acf40a58e8b4 Downloading 4.194MB
 a892712268eb Downloading 8.389MB
 ab8ac971a756 Downloading 10.49MB
 2d89f7327b86 Downloading 4.194MB
 4d904c8a9ccc Downloading 3.146MB
 acf40a58e8b4 Downloading 4.194MB
 a892712268eb Downloading 8.389MB
 ab8ac971a756 Downloading 10.49MB
 2d89f7327b86 Downloading 4.194MB
 4d904c8a9ccc Downloading 3.146MB
 acf40a58e8b4 Downloading 4.194MB
 a892712268eb Downloading 8.389MB
 ab8ac971a756 Downloading 10.49MB
 2d89f7327b86 Downloading 4.194MB
 4d904c8a9ccc Downloading 3.146MB
 acf40a58e8b4 Downloading 4.194MB
 a892712268eb Downloading 8.389MB
 ab8ac971a756 Downloading 10.49MB
 2d89f7327b86 Downloading 4.194MB
 4d904c8a9ccc Downloading 3.146MB
 acf40a58e8b4 Downloading 4.194MB
 a892712268eb Downloading 8.389MB
 ab8ac971a756 Downloading 10.49MB
 2d89f7327b86 Downloading 4.194MB
 4d904c8a9ccc Downloading 3.146MB
 a892712268eb Downloading 8.389MB
 ab8ac971a756 Downloading 10.49MB
 2d89f7327b86 Downloading 4.194MB
 4d904c8a9ccc Downloading 3.146MB
 acf40a58e8b4 Downloading 4.194MB
 acf40a58e8b4 Downloading 4.194MB
 a892712268eb Downloading 8.389MB
 ab8ac971a756 Downloading 11.53MB
 2d89f7327b86 Downloading 4.194MB
 4d904c8a9ccc Downloading 3.146MB
 2d89f7327b86 Downloading 4.194MB
 4d904c8a9ccc Downloading 4.194MB
 acf40a58e8b4 Downloading 4.194MB
 a892712268eb Downloading 8.389MB
 ab8ac971a756 Downloading 11.53MB
 acf40a58e8b4 Downloading 4.194MB
 a892712268eb Downloading 8.389MB
 ab8ac971a756 Downloading 11.53MB
 2d89f7327b86 Downloading 4.194MB
 4d904c8a9ccc Downloading 4.194MB
 acf40a58e8b4 Downloading 4.194MB
 a892712268eb Downloading 8.389MB
 ab8ac971a756 Downloading 11.53MB
 2d89f7327b86 Downloading 4.194MB
 4d904c8a9ccc Downloading 4.194MB
 acf40a58e8b4 Downloading 4.194MB
 a892712268eb Downloading 8.389MB
 ab8ac971a756 Downloading 11.53MB
 2d89f7327b86 Downloading 4.194MB
 4d904c8a9ccc Downloading 4.194MB
 4d904c8a9ccc Downloading 4.194MB
 acf40a58e8b4 Downloading 4.194MB
 a892712268eb Downloading 8.389MB
 ab8ac971a756 Downloading 11.53MB
 2d89f7327b86 Downloading 4.194MB
 acf40a58e8b4 Downloading 4.194MB
 a892712268eb Downloading 8.389MB
 ab8ac971a756 Downloading 11.53MB
 2d89f7327b86 Downloading 4.194MB
 4d904c8a9ccc Downloading 4.194MB
 a892712268eb Downloading 8.389MB
 ab8ac971a756 Downloading 11.53MB
 2d89f7327b86 Downloading 4.194MB
 4d904c8a9ccc Downloading 4.194MB
 acf40a58e8b4 Downloading 4.194MB
 4d904c8a9ccc Downloading 4.194MB
 acf40a58e8b4 Downloading 4.194MB
 a892712268eb Downloading 8.389MB
 ab8ac971a756 Downloading 11.53MB
 2d89f7327b86 Downloading 4.194MB
 acf40a58e8b4 Downloading 4.194MB
 a892712268eb Downloading 8.389MB
 ab8ac971a756 Downloading 11.53MB
 2d89f7327b86 Downloading 4.194MB
 4d904c8a9ccc Downloading 4.194MB
 acf40a58e8b4 Downloading 4.194MB
 a892712268eb Downloading 8.389MB
 ab8ac971a756 Downloading 11.53MB
 2d89f7327b86 Downloading 4.194MB
 4d904c8a9ccc Downloading 4.194MB
 a892712268eb Downloading 8.389MB
 ab8ac971a756 Downloading 11.53MB
 2d89f7327b86 Downloading 4.194MB
 4d904c8a9ccc Downloading 4.194MB
 acf40a58e8b4 Downloading 4.194MB
 a892712268eb Downloading 8.389MB
 ab8ac971a756 Downloading 11.53MB
 2d89f7327b86 Downloading 4.194MB
 4d904c8a9ccc Downloading 4.194MB
 acf40a58e8b4 Downloading 4.194MB
 acf40a58e8b4 Downloading 4.194MB
 a892712268eb Downloading 8.389MB
 ab8ac971a756 Downloading 11.53MB
 2d89f7327b86 Downloading 4.194MB
 4d904c8a9ccc Downloading 4.194MB
 a892712268eb Downloading 8.389MB
 ab8ac971a756 Downloading 11.53MB
 2d89f7327b86 Downloading 4.194MB
 4d904c8a9ccc Downloading 4.194MB
 acf40a58e8b4 Downloading 4.194MB
 acf40a58e8b4 Downloading 4.194MB
 a892712268eb Downloading 8.389MB
 ab8ac971a756 Downloading 11.53MB
 2d89f7327b86 Downloading 4.194MB
 4d904c8a9ccc Downloading 4.194MB
 a892712268eb Downloading 8.389MB
 ab8ac971a756 Downloading 11.53MB
 2d89f7327b86 Downloading 5.243MB
 4d904c8a9ccc Downloading 4.194MB
 acf40a58e8b4 Downloading 4.194MB
 acf40a58e8b4 Downloading 4.194MB
 a892712268eb Downloading 8.389MB
 ab8ac971a756 Downloading 11.53MB
 2d89f7327b86 Downloading 5.243MB
 4d904c8a9ccc Downloading 4.194MB
 acf40a58e8b4 Downloading 4.194MB
 a892712268eb Downloading 8.389MB
 ab8ac971a756 Downloading 12.58MB
 2d89f7327b86 Downloading 5.243MB
 4d904c8a9ccc Downloading 4.194MB
 a892712268eb Downloading 8.389MB
 ab8ac971a756 Downloading 12.58MB
 2d89f7327b86 Downloading 5.243MB
 4d904c8a9ccc Downloading 4.194MB
 acf40a58e8b4 Downloading 4.194MB
 acf40a58e8b4 Downloading 4.194MB
 a892712268eb Downloading 8.389MB
 ab8ac971a756 Downloading 12.58MB
 2d89f7327b86 Downloading 5.243MB
 4d904c8a9ccc Downloading 4.194MB
 a892712268eb Downloading 8.389MB
 ab8ac971a756 Downloading 12.58MB
 2d89f7327b86 Downloading 5.243MB
 4d904c8a9ccc Downloading 4.194MB
 acf40a58e8b4 Downloading 4.194MB
 acf40a58e8b4 Downloading 4.194MB
 a892712268eb Downloading 8.389MB
 ab8ac971a756 Downloading 12.58MB
 2d89f7327b86 Downloading 5.243MB
 4d904c8a9ccc Downloading 4.194MB
 a892712268eb Downloading 8.389MB
 ab8ac971a756 Downloading 12.58MB
 2d89f7327b86 Downloading 5.243MB
 4d904c8a9ccc Downloading 4.194MB
 acf40a58e8b4 Downloading 4.194MB
 ab8ac971a756 Downloading 12.58MB
 2d89f7327b86 Downloading 5.243MB
 4d904c8a9ccc Downloading 4.194MB
 acf40a58e8b4 Downloading 4.194MB
 a892712268eb Downloading 8.389MB
 ab8ac971a756 Downloading 12.58MB
 2d89f7327b86 Downloading 5.243MB
 4d904c8a9ccc Downloading 4.194MB
 acf40a58e8b4 Downloading 4.194MB
 a892712268eb Downloading 8.389MB
 ab8ac971a756 Downloading 12.58MB
 2d89f7327b86 Downloading 5.243MB
 4d904c8a9ccc Downloading 4.194MB
 acf40a58e8b4 Downloading 4.194MB
 a892712268eb Downloading 8.389MB
 acf40a58e8b4 Downloading 4.194MB
 a892712268eb Downloading 8.389MB
 ab8ac971a756 Downloading 12.58MB
 2d89f7327b86 Downloading 5.243MB
 4d904c8a9ccc Downloading 4.194MB
 acf40a58e8b4 Downloading 4.194MB
 a892712268eb Downloading 8.389MB
 ab8ac971a756 Downloading 12.58MB
 2d89f7327b86 Downloading 5.243MB
 4d904c8a9ccc Downloading 4.194MB
 a892712268eb Downloading 8.389MB
 ab8ac971a756 Downloading 12.58MB
 2d89f7327b86 Downloading 5.243MB
 4d904c8a9ccc Downloading 4.194MB
 acf40a58e8b4 Downloading 4.194MB
 acf40a58e8b4 Downloading 4.194MB
 a892712268eb Downloading 8.389MB
 ab8ac971a756 Downloading 12.58MB
 2d89f7327b86 Downloading 5.243MB
 4d904c8a9ccc Downloading 4.194MB
 acf40a58e8b4 Downloading 4.194MB
 a892712268eb Downloading 8.389MB
 ab8ac971a756 Downloading 12.58MB
 2d89f7327b86 Downloading 5.243MB
 4d904c8a9ccc Downloading 4.194MB
 acf40a58e8b4 Downloading 4.194MB
 a892712268eb Downloading 8.389MB
 ab8ac971a756 Downloading 13.63MB
 2d89f7327b86 Downloading 5.243MB
 4d904c8a9ccc Downloading 4.194MB
 acf40a58e8b4 Downloading 4.194MB
 a892712268eb Downloading 8.389MB
 ab8ac971a756 Downloading 13.63MB
 2d89f7327b86 Downloading 5.243MB
 4d904c8a9ccc Downloading 4.194MB
 a892712268eb Downloading 8.389MB
 ab8ac971a756 Downloading 13.63MB
 2d89f7327b86 Downloading 5.243MB
 4d904c8a9ccc Downloading 4.194MB
 acf40a58e8b4 Downloading 4.194MB
 acf40a58e8b4 Downloading 4.194MB
 a892712268eb Downloading 8.389MB
 ab8ac971a756 Downloading 13.63MB
 2d89f7327b86 Downloading 5.243MB
 4d904c8a9ccc Downloading 4.194MB
 acf40a58e8b4 Downloading 4.194MB
 a892712268eb Downloading 8.389MB
 ab8ac971a756 Downloading 13.63MB
 2d89f7327b86 Downloading 5.243MB
 4d904c8a9ccc Downloading 4.194MB
 acf40a58e8b4 Downloading 4.194MB
 a892712268eb Downloading 8.389MB
 ab8ac971a756 Downloading 13.63MB
 2d89f7327b86 Downloading 5.243MB
 4d904c8a9ccc Downloading 5.243MB
 4d904c8a9ccc Downloading 5.243MB
 acf40a58e8b4 Downloading 4.194MB
 a892712268eb Downloading 8.389MB
 ab8ac971a756 Downloading 13.63MB
 2d89f7327b86 Downloading 5.243MB
 acf40a58e8b4 Downloading 4.194MB
 a892712268eb Downloading 8.389MB
 ab8ac971a756 Downloading 13.63MB
 2d89f7327b86 Downloading 5.243MB
 4d904c8a9ccc Downloading 5.243MB
 acf40a58e8b4 Downloading 4.194MB
 a892712268eb Downloading 8.389MB
 ab8ac971a756 Downloading 13.63MB
 2d89f7327b86 Downloading 5.243MB
 4d904c8a9ccc Downloading 5.243MB
 acf40a58e8b4 Downloading 4.194MB
 a892712268eb Downloading 8.389MB
 ab8ac971a756 Downloading 13.63MB
 2d89f7327b86 Downloading 5.243MB
 4d904c8a9ccc Downloading 5.243MB
 acf40a58e8b4 Downloading 4.194MB
 a892712268eb Downloading 8.389MB
 ab8ac971a756 Downloading 13.63MB
 2d89f7327b86 Downloading 5.243MB
 4d904c8a9ccc Downloading 5.243MB
 a892712268eb Downloading 8.389MB
 ab8ac971a756 Downloading 13.63MB
 2d89f7327b86 Downloading 5.243MB
 4d904c8a9ccc Downloading 5.243MB
 acf40a58e8b4 Downloading 4.194MB
 acf40a58e8b4 Downloading 4.194MB
 a892712268eb Downloading 8.389MB
 ab8ac971a756 Downloading 13.63MB
 2d89f7327b86 Downloading 5.243MB
 4d904c8a9ccc Downloading 5.243MB
 acf40a58e8b4 Downloading 4.194MB
 a892712268eb Downloading 8.389MB
 ab8ac971a756 Downloading 13.63MB
 2d89f7327b86 Downloading 5.243MB
 4d904c8a9ccc Downloading 5.243MB
 4d904c8a9ccc Downloading 5.243MB
 acf40a58e8b4 Downloading 4.194MB
 a892712268eb Downloading 8.389MB
 ab8ac971a756 Downloading 13.63MB
 2d89f7327b86 Downloading 5.243MB
 acf40a58e8b4 Downloading 4.194MB
 a892712268eb Downloading 8.389MB
 ab8ac971a756 Downloading 14.68MB
 2d89f7327b86 Downloading 5.243MB
 4d904c8a9ccc Downloading 5.243MB
 acf40a58e8b4 Downloading 4.194MB
 a892712268eb Downloading 9.437MB
 ab8ac971a756 Downloading 14.68MB
 2d89f7327b86 Downloading 5.243MB
 4d904c8a9ccc Downloading 5.243MB
 a892712268eb Downloading 9.437MB
 ab8ac971a756 Downloading 14.68MB
 2d89f7327b86 Downloading 5.243MB
 4d904c8a9ccc Downloading 5.243MB
 acf40a58e8b4 Downloading 4.194MB
 4d904c8a9ccc Downloading 5.243MB
 acf40a58e8b4 Downloading 4.194MB
 a892712268eb Downloading 9.437MB
 ab8ac971a756 Downloading 14.68MB
 2d89f7327b86 Downloading 5.243MB
 acf40a58e8b4 Downloading 4.194MB
 a892712268eb Downloading 9.437MB
 ab8ac971a756 Downloading 14.68MB
 2d89f7327b86 Downloading 5.243MB
 4d904c8a9ccc Downloading 5.243MB
 ab8ac971a756 Downloading 14.68MB
 2d89f7327b86 Downloading 5.243MB
 4d904c8a9ccc Downloading 5.243MB
 acf40a58e8b4 Downloading 4.194MB
 a892712268eb Downloading 9.437MB
 acf40a58e8b4 Downloading 4.194MB
 a892712268eb Downloading 9.437MB
 ab8ac971a756 Downloading 14.68MB
 2d89f7327b86 Downloading 5.243MB
 4d904c8a9ccc Downloading 5.243MB
 acf40a58e8b4 Download complete 0B
 a892712268eb Downloading 9.437MB
 ab8ac971a756 Downloading 14.68MB
 2d89f7327b86 Downloading 5.243MB
 4d904c8a9ccc Downloading 5.243MB
 a892712268eb Downloading 9.437MB
 ab8ac971a756 Downloading 14.68MB
 2d89f7327b86 Downloading 5.243MB
 4d904c8a9ccc Downloading 5.243MB
 a892712268eb Downloading 9.437MB
 ab8ac971a756 Downloading 14.68MB
 2d89f7327b86 Downloading 5.243MB
 4d904c8a9ccc Downloading 5.243MB
 a892712268eb Downloading 9.437MB
 ab8ac971a756 Downloading 14.68MB
 2d89f7327b86 Downloading 5.243MB
 4d904c8a9ccc Downloading 5.243MB
 a892712268eb Downloading 9.437MB
 ab8ac971a756 Downloading 14.68MB
 2d89f7327b86 Downloading 5.243MB
 4d904c8a9ccc Downloading 5.243MB
 a892712268eb Downloading 9.437MB
 ab8ac971a756 Downloading 14.68MB
 2d89f7327b86 Downloading 5.243MB
 4d904c8a9ccc Downloading 5.243MB
 a892712268eb Downloading 9.437MB
 ab8ac971a756 Downloading 14.68MB
 2d89f7327b86 Downloading 5.243MB
 4d904c8a9ccc Downloading 5.243MB
 a892712268eb Downloading 9.437MB
 ab8ac971a756 Downloading 14.68MB
 2d89f7327b86 Downloading 5.243MB
 4d904c8a9ccc Downloading 5.243MB
 a892712268eb Downloading 9.437MB
 ab8ac971a756 Downloading 14.68MB
 2d89f7327b86 Downloading 5.243MB
 4d904c8a9ccc Downloading 5.243MB
 2d89f7327b86 Downloading 5.243MB
 4d904c8a9ccc Downloading 5.243MB
 a892712268eb Downloading 9.437MB
 ab8ac971a756 Downloading 15.73MB
 a892712268eb Downloading 9.437MB
 ab8ac971a756 Downloading 15.73MB
 2d89f7327b86 Downloading 6.291MB
 4d904c8a9ccc Downloading 5.243MB
 a892712268eb Downloading 9.437MB
 ab8ac971a756 Downloading 15.73MB
 2d89f7327b86 Downloading 6.291MB
 4d904c8a9ccc Downloading 5.243MB
 a892712268eb Downloading 9.437MB
 ab8ac971a756 Downloading 15.73MB
 2d89f7327b86 Downloading 6.291MB
 4d904c8a9ccc Downloading 5.243MB
 a892712268eb Downloading 9.437MB
 ab8ac971a756 Downloading 15.73MB
 2d89f7327b86 Downloading 6.291MB
 4d904c8a9ccc Downloading 5.243MB
 a892712268eb Downloading 9.437MB
 ab8ac971a756 Downloading 15.73MB
 2d89f7327b86 Downloading 6.291MB
 4d904c8a9ccc Downloading 5.243MB
 a892712268eb Downloading 9.437MB
 ab8ac971a756 Downloading 15.73MB
 2d89f7327b86 Downloading 6.291MB
 4d904c8a9ccc Downloading 5.243MB
 a892712268eb Downloading 9.437MB
 ab8ac971a756 Downloading 15.73MB
 2d89f7327b86 Downloading 6.291MB
 4d904c8a9ccc Downloading 5.243MB
 a892712268eb Downloading 9.437MB
 ab8ac971a756 Downloading 15.73MB
 2d89f7327b86 Downloading 6.291MB
 4d904c8a9ccc Downloading 5.243MB
 2d89f7327b86 Downloading 6.291MB
 4d904c8a9ccc Downloading 5.243MB
 a892712268eb Downloading 9.437MB
 ab8ac971a756 Downloading 15.73MB
 a892712268eb Downloading 9.437MB
 ab8ac971a756 Downloading 15.73MB
 2d89f7327b86 Downloading 6.291MB
 4d904c8a9ccc Downloading 5.243MB
 a892712268eb Downloading 9.437MB
 ab8ac971a756 Downloading 15.73MB
 2d89f7327b86 Downloading 6.291MB
 4d904c8a9ccc Downloading 5.243MB
 a892712268eb Downloading 9.437MB
 ab8ac971a756 Downloading 15.73MB
 2d89f7327b86 Downloading 6.291MB
 4d904c8a9ccc Downloading 5.243MB
 a892712268eb Downloading 9.437MB
 ab8ac971a756 Downloading 15.73MB
 2d89f7327b86 Downloading 6.291MB
 4d904c8a9ccc Downloading 5.243MB
 a892712268eb Downloading 9.437MB
 ab8ac971a756 Downloading 15.73MB
 2d89f7327b86 Downloading 6.291MB
 4d904c8a9ccc Downloading 5.243MB
 a892712268eb Downloading 9.437MB
 ab8ac971a756 Downloading 15.73MB
 2d89f7327b86 Downloading 6.291MB
 4d904c8a9ccc Downloading 5.243MB
 a892712268eb Downloading 9.437MB
 ab8ac971a756 Downloading 15.73MB
 2d89f7327b86 Downloading 6.291MB
 4d904c8a9ccc Downloading 5.243MB
 a892712268eb Downloading 9.437MB
 ab8ac971a756 Downloading 15.73MB
 2d89f7327b86 Downloading 6.291MB
 4d904c8a9ccc Downloading 5.243MB
 a892712268eb Downloading 9.437MB
 ab8ac971a756 Downloading 15.73MB
 2d89f7327b86 Downloading 6.291MB
 4d904c8a9ccc Downloading 5.243MB
 4d904c8a9ccc Downloading 5.243MB
 a892712268eb Downloading 9.437MB
 ab8ac971a756 Downloading 15.73MB
 2d89f7327b86 Downloading 6.291MB
 a892712268eb Downloading 9.437MB
 ab8ac971a756 Downloading 15.73MB
 2d89f7327b86 Downloading 6.291MB
 4d904c8a9ccc Downloading 5.243MB
 a892712268eb Downloading 9.437MB
 ab8ac971a756 Downloading 16.78MB
 2d89f7327b86 Downloading 6.291MB
 4d904c8a9ccc Downloading 5.243MB
 a892712268eb Downloading 9.437MB
 ab8ac971a756 Downloading 16.78MB
 2d89f7327b86 Downloading 6.291MB
 4d904c8a9ccc Downloading 6.291MB
 a892712268eb Downloading 9.437MB
 ab8ac971a756 Downloading 16.78MB
 2d89f7327b86 Downloading 6.291MB
 4d904c8a9ccc Downloading 6.291MB
 a892712268eb Downloading 9.437MB
 ab8ac971a756 Downloading 16.78MB
 2d89f7327b86 Downloading 6.291MB
 4d904c8a9ccc Downloading 6.291MB
 a892712268eb Downloading 9.437MB
 ab8ac971a756 Downloading 16.78MB
 2d89f7327b86 Downloading 6.291MB
 4d904c8a9ccc Downloading 6.291MB
 ab8ac971a756 Downloading 16.78MB
 2d89f7327b86 Downloading 6.291MB
 4d904c8a9ccc Downloading 6.291MB
 a892712268eb Downloading 9.437MB
 ab8ac971a756 Downloading 16.78MB
 2d89f7327b86 Downloading 6.291MB
 4d904c8a9ccc Downloading 6.291MB
 a892712268eb Downloading 9.437MB
 a892712268eb Downloading 9.437MB
 ab8ac971a756 Downloading 16.78MB
 2d89f7327b86 Downloading 6.291MB
 4d904c8a9ccc Downloading 6.291MB
 a892712268eb Downloading 9.437MB
 ab8ac971a756 Downloading 16.78MB
 2d89f7327b86 Downloading 6.291MB
 4d904c8a9ccc Downloading 6.291MB
 a892712268eb Downloading 9.437MB
 ab8ac971a756 Downloading 16.78MB
 2d89f7327b86 Downloading 6.291MB
 4d904c8a9ccc Downloading 6.291MB
 a892712268eb Downloading 9.437MB
 ab8ac971a756 Downloading 16.78MB
 2d89f7327b86 Downloading 6.291MB
 4d904c8a9ccc Downloading 6.291MB
 a892712268eb Downloading 9.437MB
 ab8ac971a756 Downloading 16.78MB
 2d89f7327b86 Downloading 6.291MB
 4d904c8a9ccc Downloading 6.291MB
 a892712268eb Downloading 9.437MB
 ab8ac971a756 Downloading 16.78MB
 2d89f7327b86 Downloading 6.291MB
 4d904c8a9ccc Downloading 6.291MB
 ab8ac971a756 Downloading 16.78MB
 2d89f7327b86 Downloading 6.291MB
 4d904c8a9ccc Downloading 6.291MB
 a892712268eb Downloading 9.437MB
 a892712268eb Downloading 9.437MB
 ab8ac971a756 Downloading 16.78MB
 2d89f7327b86 Downloading 6.291MB
 4d904c8a9ccc Downloading 6.291MB
 a892712268eb Downloading 9.437MB
 ab8ac971a756 Downloading 16.78MB
 2d89f7327b86 Downloading 6.291MB
 4d904c8a9ccc Downloading 6.291MB
 4d904c8a9ccc Downloading 6.291MB
 a892712268eb Downloading 9.437MB
 ab8ac971a756 Downloading 17.83MB
 2d89f7327b86 Downloading 6.291MB
 a892712268eb Downloading 9.437MB
 ab8ac971a756 Downloading 17.83MB
 2d89f7327b86 Downloading 6.291MB
 4d904c8a9ccc Downloading 6.291MB
 a892712268eb Downloading 9.437MB
 ab8ac971a756 Downloading 17.83MB
 2d89f7327b86 Downloading 6.291MB
 4d904c8a9ccc Downloading 6.291MB
 a892712268eb Downloading 9.437MB
 ab8ac971a756 Downloading 17.83MB
 2d89f7327b86 Downloading 6.291MB
 4d904c8a9ccc Downloading 6.291MB
 a892712268eb Downloading 9.437MB
 ab8ac971a756 Downloading 17.83MB
 2d89f7327b86 Downloading 6.291MB
 4d904c8a9ccc Downloading 6.291MB
 ab8ac971a756 Downloading 17.83MB
 2d89f7327b86 Downloading 6.291MB
 4d904c8a9ccc Downloading 6.291MB
 a892712268eb Downloading 9.437MB
 ab8ac971a756 Downloading 17.83MB
 2d89f7327b86 Downloading 6.291MB
 4d904c8a9ccc Downloading 6.291MB
 a892712268eb Downloading 9.437MB
 a892712268eb Downloading 9.437MB
 ab8ac971a756 Downloading 17.83MB
 2d89f7327b86 Downloading 6.291MB
 4d904c8a9ccc Downloading 6.291MB
 a892712268eb Downloading 9.437MB
 ab8ac971a756 Downloading 17.83MB
 2d89f7327b86 Downloading 6.291MB
 4d904c8a9ccc Downloading 6.291MB
 a892712268eb Downloading 9.437MB
 ab8ac971a756 Downloading 17.83MB
 2d89f7327b86 Downloading 6.291MB
 4d904c8a9ccc Downloading 6.291MB
 a892712268eb Downloading 9.437MB
 ab8ac971a756 Downloading 17.83MB
 2d89f7327b86 Downloading 6.291MB
 4d904c8a9ccc Downloading 6.291MB
 a892712268eb Downloading 9.437MB
 ab8ac971a756 Downloading 17.83MB
 2d89f7327b86 Downloading 6.291MB
 4d904c8a9ccc Downloading 6.291MB
 ab8ac971a756 Downloading 17.83MB
 2d89f7327b86 Downloading 6.291MB
 4d904c8a9ccc Downloading 6.291MB
 a892712268eb Downloading 9.437MB
 a892712268eb Downloading 9.437MB
 ab8ac971a756 Downloading 17.83MB
 2d89f7327b86 Downloading 6.291MB
 4d904c8a9ccc Downloading 6.291MB
 a892712268eb Downloading 9.437MB
 ab8ac971a756 Downloading 17.83MB
 2d89f7327b86 Downloading 6.291MB
 4d904c8a9ccc Downloading 6.291MB
 ab8ac971a756 Downloading 17.83MB
 2d89f7327b86 Downloading 6.291MB
 4d904c8a9ccc Downloading 6.291MB
 a892712268eb Downloading 9.437MB
 a892712268eb Downloading 9.437MB
 ab8ac971a756 Downloading 17.83MB
 2d89f7327b86 Downloading 7.34MB
 4d904c8a9ccc Downloading 6.291MB
 a892712268eb Downloading 9.437MB
 ab8ac971a756 Downloading 17.83MB
 2d89f7327b86 Downloading 7.34MB
 4d904c8a9ccc Downloading 6.291MB
 a892712268eb Downloading 9.437MB
 ab8ac971a756 Downloading 17.83MB
 2d89f7327b86 Downloading 7.34MB
 4d904c8a9ccc Downloading 6.291MB
 a892712268eb Downloading 9.437MB
 ab8ac971a756 Downloading 17.83MB
 2d89f7327b86 Downloading 7.34MB
 4d904c8a9ccc Downloading 6.291MB
 ab8ac971a756 Downloading 17.83MB
 2d89f7327b86 Downloading 7.34MB
 4d904c8a9ccc Downloading 6.291MB
 a892712268eb Downloading 9.437MB
 a892712268eb Downloading 9.437MB
 ab8ac971a756 Downloading 17.83MB
 2d89f7327b86 Downloading 7.34MB
 4d904c8a9ccc Downloading 6.291MB
 ab8ac971a756 Downloading 17.83MB
 2d89f7327b86 Downloading 7.34MB
 4d904c8a9ccc Downloading 6.291MB
 a892712268eb Downloading 9.437MB
 a892712268eb Downloading 9.437MB
 ab8ac971a756 Downloading 17.83MB
 2d89f7327b86 Downloading 7.34MB
 4d904c8a9ccc Downloading 6.291MB
 a892712268eb Downloading 9.437MB
 ab8ac971a756 Downloading 17.83MB
 2d89f7327b86 Downloading 7.34MB
 4d904c8a9ccc Downloading 6.291MB
 a892712268eb Downloading 9.437MB
 ab8ac971a756 Downloading 17.83MB
 2d89f7327b86 Downloading 7.34MB
 4d904c8a9ccc Downloading 6.291MB
 a892712268eb Downloading 9.437MB
 ab8ac971a756 Downloading 18.87MB
 2d89f7327b86 Downloading 7.34MB
 4d904c8a9ccc Downloading 6.291MB
 a892712268eb Downloading 9.437MB
 ab8ac971a756 Downloading 18.87MB
 2d89f7327b86 Downloading 7.34MB
 4d904c8a9ccc Downloading 6.291MB
 a892712268eb Downloading 9.437MB
 ab8ac971a756 Downloading 18.87MB
 2d89f7327b86 Downloading 7.34MB
 4d904c8a9ccc Downloading 6.291MB
 a892712268eb Downloading 9.437MB
 ab8ac971a756 Downloading 18.87MB
 2d89f7327b86 Downloading 7.34MB
 4d904c8a9ccc Downloading 6.291MB
 ab8ac971a756 Downloading 18.87MB
 2d89f7327b86 Downloading 7.34MB
 4d904c8a9ccc Downloading 6.291MB
 a892712268eb Downloading 9.437MB
 a892712268eb Downloading 9.437MB
 ab8ac971a756 Downloading 18.87MB
 2d89f7327b86 Downloading 7.34MB
 4d904c8a9ccc Downloading 6.291MB
 4d904c8a9ccc Downloading 7.34MB
 a892712268eb Downloading 9.437MB
 ab8ac971a756 Downloading 18.87MB
 2d89f7327b86 Downloading 7.34MB
 a892712268eb Downloading 9.437MB
 ab8ac971a756 Downloading 18.87MB
 2d89f7327b86 Downloading 7.34MB
 4d904c8a9ccc Downloading 7.34MB
 a892712268eb Downloading 9.437MB
 ab8ac971a756 Downloading 18.87MB
 2d89f7327b86 Downloading 7.34MB
 4d904c8a9ccc Downloading 7.34MB
 a892712268eb Downloading 9.437MB
 ab8ac971a756 Downloading 18.87MB
 2d89f7327b86 Downloading 7.34MB
 4d904c8a9ccc Downloading 7.34MB
 ab8ac971a756 Downloading 18.87MB
 2d89f7327b86 Downloading 7.34MB
 4d904c8a9ccc Downloading 7.34MB
 a892712268eb Downloading 9.437MB
 2d89f7327b86 Downloading 7.34MB
 4d904c8a9ccc Downloading 7.34MB
 a892712268eb Downloading 9.437MB
 ab8ac971a756 Downloading 18.87MB
 a892712268eb Downloading 9.437MB
 ab8ac971a756 Downloading 18.87MB
 2d89f7327b86 Downloading 7.34MB
 4d904c8a9ccc Downloading 7.34MB
 a892712268eb Downloading 9.437MB
 ab8ac971a756 Downloading 18.87MB
 2d89f7327b86 Downloading 7.34MB
 4d904c8a9ccc Downloading 7.34MB
 a892712268eb Downloading 9.437MB
 ab8ac971a756 Downloading 18.87MB
 2d89f7327b86 Downloading 7.34MB
 4d904c8a9ccc Downloading 7.34MB
 2d89f7327b86 Downloading 7.34MB
 4d904c8a9ccc Downloading 7.34MB
 a892712268eb Downloading 9.437MB
 ab8ac971a756 Downloading 18.87MB
 2d89f7327b86 Downloading 7.34MB
 4d904c8a9ccc Downloading 7.34MB
 a892712268eb Downloading 9.437MB
 ab8ac971a756 Downloading 19.92MB
 ab8ac971a756 Downloading 19.92MB
 2d89f7327b86 Downloading 7.34MB
 4d904c8a9ccc Downloading 7.34MB
 a892712268eb Downloading 9.437MB
 a892712268eb Downloading 9.437MB
 ab8ac971a756 Downloading 19.92MB
 2d89f7327b86 Downloading 7.34MB
 4d904c8a9ccc Downloading 7.34MB
 a892712268eb Downloading 9.437MB
 ab8ac971a756 Downloading 19.92MB
 2d89f7327b86 Downloading 7.34MB
 4d904c8a9ccc Downloading 7.34MB
 a892712268eb Downloading 9.437MB
 ab8ac971a756 Downloading 19.92MB
 2d89f7327b86 Downloading 7.34MB
 4d904c8a9ccc Downloading 7.34MB
 a892712268eb Downloading 9.437MB
 ab8ac971a756 Downloading 19.92MB
 2d89f7327b86 Downloading 7.34MB
 4d904c8a9ccc Downloading 7.34MB
 a892712268eb Downloading 9.437MB
 ab8ac971a756 Downloading 19.92MB
 2d89f7327b86 Downloading 7.34MB
 4d904c8a9ccc Downloading 7.34MB
 a892712268eb Downloading 9.437MB
 ab8ac971a756 Downloading 19.92MB
 2d89f7327b86 Downloading 7.34MB
 4d904c8a9ccc Downloading 7.34MB
 ab8ac971a756 Downloading 19.92MB
 2d89f7327b86 Downloading 7.34MB
 4d904c8a9ccc Downloading 7.34MB
 a892712268eb Downloading 9.437MB
 2d89f7327b86 Downloading 7.34MB
 4d904c8a9ccc Downloading 7.34MB
 a892712268eb Downloading 9.437MB
 ab8ac971a756 Downloading 19.92MB
 a892712268eb Downloading 9.437MB
 ab8ac971a756 Downloading 19.92MB
 2d89f7327b86 Downloading 7.34MB
 4d904c8a9ccc Downloading 7.34MB
 a892712268eb Downloading 9.437MB
 ab8ac971a756 Downloading 19.92MB
 2d89f7327b86 Downloading 7.34MB
 4d904c8a9ccc Downloading 7.34MB
 a892712268eb Downloading 9.437MB
 ab8ac971a756 Downloading 19.92MB
 2d89f7327b86 Downloading 7.34MB
 4d904c8a9ccc Downloading 7.34MB
 a892712268eb Downloading 9.437MB
 ab8ac971a756 Downloading 19.92MB
 2d89f7327b86 Downloading 7.34MB
 4d904c8a9ccc Downloading 7.34MB
 a892712268eb Downloading 9.437MB
 ab8ac971a756 Downloading 19.92MB
 2d89f7327b86 Downloading 7.34MB
 4d904c8a9ccc Downloading 7.34MB
 a892712268eb Downloading 9.437MB
 ab8ac971a756 Downloading 19.92MB
 2d89f7327b86 Downloading 7.34MB
 4d904c8a9ccc Downloading 7.34MB
 a892712268eb Downloading 10.49MB
 ab8ac971a756 Downloading 19.92MB
 2d89f7327b86 Downloading 7.34MB
 4d904c8a9ccc Downloading 7.34MB
 a892712268eb Downloading 10.49MB
 ab8ac971a756 Downloading 19.92MB
 2d89f7327b86 Downloading 7.34MB
 4d904c8a9ccc Downloading 7.34MB
 a892712268eb Downloading 10.49MB
 ab8ac971a756 Downloading 19.92MB
 2d89f7327b86 Downloading 7.34MB
 4d904c8a9ccc Downloading 7.34MB
 a892712268eb Downloading 10.49MB
 ab8ac971a756 Downloading 19.92MB
 2d89f7327b86 Downloading 7.34MB
 4d904c8a9ccc Downloading 7.34MB
 a892712268eb Downloading 10.49MB
 ab8ac971a756 Downloading 20.97MB
 2d89f7327b86 Downloading 8.389MB
 4d904c8a9ccc Downloading 7.34MB
 a892712268eb Downloading 10.49MB
 ab8ac971a756 Downloading 20.97MB
 2d89f7327b86 Downloading 8.389MB
 4d904c8a9ccc Downloading 7.34MB
 a892712268eb Downloading 10.49MB
 ab8ac971a756 Downloading 20.97MB
 2d89f7327b86 Downloading 8.389MB
 4d904c8a9ccc Downloading 7.34MB
 a892712268eb Downloading 10.49MB
 ab8ac971a756 Downloading 20.97MB
 2d89f7327b86 Downloading 8.389MB
 4d904c8a9ccc Downloading 7.34MB
 a892712268eb Downloading 10.49MB
 ab8ac971a756 Downloading 20.97MB
 2d89f7327b86 Downloading 8.389MB
 4d904c8a9ccc Downloading 7.34MB
 a892712268eb Downloading 10.49MB
 ab8ac971a756 Downloading 20.97MB
 2d89f7327b86 Downloading 8.389MB
 4d904c8a9ccc Downloading 7.34MB
 a892712268eb Downloading 10.49MB
 ab8ac971a756 Downloading 20.97MB
 2d89f7327b86 Downloading 8.389MB
 4d904c8a9ccc Downloading 7.34MB
 a892712268eb Downloading 10.49MB
 ab8ac971a756 Downloading 20.97MB
 2d89f7327b86 Downloading 8.389MB
 4d904c8a9ccc Downloading 7.34MB
 a892712268eb Downloading 10.49MB
 ab8ac971a756 Downloading 20.97MB
 2d89f7327b86 Downloading 8.389MB
 4d904c8a9ccc Downloading 7.34MB
 a892712268eb Downloading 10.49MB
 ab8ac971a756 Downloading 20.97MB
 2d89f7327b86 Downloading 8.389MB
 4d904c8a9ccc Downloading 7.34MB
 a892712268eb Downloading 10.49MB
 ab8ac971a756 Downloading 20.97MB
 2d89f7327b86 Downloading 8.389MB
 4d904c8a9ccc Downloading 7.34MB
 a892712268eb Downloading 10.49MB
 ab8ac971a756 Downloading 20.97MB
 2d89f7327b86 Downloading 8.389MB
 4d904c8a9ccc Downloading 7.34MB
 a892712268eb Downloading 10.49MB
 ab8ac971a756 Downloading 20.97MB
 2d89f7327b86 Downloading 8.389MB
 4d904c8a9ccc Downloading 7.34MB
 a892712268eb Downloading 10.49MB
 ab8ac971a756 Downloading 20.97MB
 2d89f7327b86 Downloading 8.389MB
 4d904c8a9ccc Downloading 8.389MB
 a892712268eb Downloading 10.49MB
 ab8ac971a756 Downloading 20.97MB
 2d89f7327b86 Downloading 8.389MB
 4d904c8a9ccc Downloading 8.389MB
 4d904c8a9ccc Downloading 8.389MB
 a892712268eb Downloading 10.49MB
 ab8ac971a756 Downloading 20.97MB
 2d89f7327b86 Downloading 8.389MB
 a892712268eb Downloading 10.49MB
 ab8ac971a756 Downloading 20.97MB
 2d89f7327b86 Downloading 8.389MB
 4d904c8a9ccc Downloading 8.389MB
 a892712268eb Downloading 10.49MB
 ab8ac971a756 Downloading 22.02MB
 2d89f7327b86 Downloading 8.389MB
 4d904c8a9ccc Downloading 8.389MB
 a892712268eb Downloading 10.49MB
 ab8ac971a756 Downloading 22.02MB
 2d89f7327b86 Downloading 8.389MB
 4d904c8a9ccc Downloading 8.389MB
 a892712268eb Downloading 10.49MB
 ab8ac971a756 Downloading 22.02MB
 2d89f7327b86 Downloading 8.389MB
 4d904c8a9ccc Downloading 8.389MB
 4d904c8a9ccc Downloading 8.389MB
 a892712268eb Downloading 10.49MB
 ab8ac971a756 Downloading 22.02MB
 2d89f7327b86 Downloading 8.389MB
 2d89f7327b86 Downloading 8.389MB
 4d904c8a9ccc Downloading 8.389MB
 a892712268eb Downloading 10.49MB
 ab8ac971a756 Downloading 22.02MB
 a892712268eb Downloading 10.49MB
 ab8ac971a756 Downloading 22.02MB
 2d89f7327b86 Downloading 8.389MB
 4d904c8a9ccc Downloading 8.389MB
 ab8ac971a756 Downloading 22.02MB
 2d89f7327b86 Downloading 8.389MB
 4d904c8a9ccc Downloading 8.389MB
 a892712268eb Downloading 10.49MB
 4d904c8a9ccc Downloading 8.389MB
 a892712268eb Downloading 10.49MB
 ab8ac971a756 Downloading 22.02MB
 2d89f7327b86 Downloading 8.389MB
 a892712268eb Downloading 10.49MB
 ab8ac971a756 Downloading 22.02MB
 2d89f7327b86 Downloading 8.389MB
 4d904c8a9ccc Downloading 8.389MB
 a892712268eb Downloading 10.49MB
 ab8ac971a756 Downloading 22.02MB
 2d89f7327b86 Downloading 8.389MB
 4d904c8a9ccc Downloading 8.389MB
 a892712268eb Downloading 10.49MB
 ab8ac971a756 Downloading 22.02MB
 2d89f7327b86 Downloading 8.389MB
 4d904c8a9ccc Downloading 8.389MB
 a892712268eb Downloading 10.49MB
 ab8ac971a756 Downloading 22.02MB
 2d89f7327b86 Downloading 8.389MB
 4d904c8a9ccc Downloading 8.389MB
 a892712268eb Downloading 10.49MB
 ab8ac971a756 Downloading 22.02MB
 2d89f7327b86 Downloading 8.389MB
 4d904c8a9ccc Downloading 8.389MB
 a892712268eb Downloading 10.49MB
 ab8ac971a756 Downloading 22.02MB
 2d89f7327b86 Downloading 8.389MB
 4d904c8a9ccc Downloading 8.389MB
 a892712268eb Downloading 10.49MB
 ab8ac971a756 Downloading 22.02MB
 2d89f7327b86 Downloading 8.389MB
 4d904c8a9ccc Downloading 8.389MB
 a892712268eb Downloading 10.49MB
 ab8ac971a756 Downloading 22.02MB
 2d89f7327b86 Downloading 8.389MB
 4d904c8a9ccc Downloading 8.389MB
 a892712268eb Downloading 10.49MB
 ab8ac971a756 Downloading 22.02MB
 2d89f7327b86 Downloading 8.389MB
 4d904c8a9ccc Downloading 8.389MB
 a892712268eb Downloading 10.49MB
 ab8ac971a756 Downloading 22.02MB
 2d89f7327b86 Downloading 8.389MB
 4d904c8a9ccc Downloading 8.389MB
 ab8ac971a756 Downloading 22.02MB
 2d89f7327b86 Downloading 8.389MB
 4d904c8a9ccc Downloading 8.389MB
 a892712268eb Downloading 10.49MB
 a892712268eb Downloading 10.49MB
 ab8ac971a756 Downloading 22.02MB
 2d89f7327b86 Downloading 8.389MB
 4d904c8a9ccc Downloading 8.389MB
 a892712268eb Downloading 10.49MB
 ab8ac971a756 Downloading 22.02MB
 2d89f7327b86 Downloading 8.389MB
 4d904c8a9ccc Downloading 8.389MB
 a892712268eb Downloading 10.49MB
 ab8ac971a756 Downloading 22.02MB
 2d89f7327b86 Downloading 8.389MB
 4d904c8a9ccc Downloading 8.389MB
 a892712268eb Downloading 10.49MB
 ab8ac971a756 Download complete 0B
 2d89f7327b86 Downloading 8.389MB
 4d904c8a9ccc Downloading 8.389MB
 a892712268eb Downloading 10.49MB
 2d89f7327b86 Downloading 8.389MB
 4d904c8a9ccc Downloading 8.389MB
 a892712268eb Downloading 10.49MB
 2d89f7327b86 Downloading 8.389MB
 4d904c8a9ccc Downloading 8.389MB
 a892712268eb Downloading 10.49MB
 2d89f7327b86 Downloading 8.389MB
 4d904c8a9ccc Downloading 8.389MB
 2d89f7327b86 Downloading 8.389MB
 4d904c8a9ccc Downloading 8.389MB
 a892712268eb Downloading 10.49MB
 a892712268eb Downloading 10.49MB
 2d89f7327b86 Download complete 0B
 4d904c8a9ccc Downloading 8.389MB
 a892712268eb Downloading 10.49MB
 4d904c8a9ccc Downloading 8.389MB
 4d904c8a9ccc Downloading 8.389MB
 a892712268eb Downloading 10.49MB
 4d904c8a9ccc Downloading 8.389MB
 a892712268eb Downloading 10.49MB
 a892712268eb Downloading 10.49MB
 4d904c8a9ccc Downloading 8.389MB
 a892712268eb Downloading 10.49MB
 4d904c8a9ccc Downloading 8.389MB
 a892712268eb Downloading 10.49MB
 4d904c8a9ccc Downloading 8.389MB
 4d904c8a9ccc Downloading 8.389MB
 a892712268eb Downloading 10.49MB
 a892712268eb Downloading 10.49MB
 4d904c8a9ccc Downloading 8.389MB
 a892712268eb Downloading 10.49MB
 4d904c8a9ccc Downloading 8.389MB
 a892712268eb Downloading 10.49MB
 4d904c8a9ccc Downloading 8.389MB
 4d904c8a9ccc Downloading 8.389MB
 a892712268eb Downloading 10.49MB
 4d904c8a9ccc Downloading 8.389MB
 a892712268eb Downloading 10.49MB
 4d904c8a9ccc Downloading 8.389MB
 a892712268eb Downloading 10.49MB
 4d904c8a9ccc Downloading 8.389MB
 a892712268eb Downloading 10.49MB
 a892712268eb Downloading 10.49MB
 4d904c8a9ccc Downloading 8.389MB
 a892712268eb Downloading 10.49MB
 4d904c8a9ccc Downloading 8.389MB
 a892712268eb Downloading 10.49MB
 4d904c8a9ccc Downloading 8.389MB
 a892712268eb Downloading 10.49MB
 4d904c8a9ccc Downloading 8.389MB
 4d904c8a9ccc Downloading 8.389MB
 a892712268eb Downloading 10.49MB
 4d904c8a9ccc Downloading 8.389MB
 a892712268eb Downloading 10.49MB
 4d904c8a9ccc Downloading 8.389MB
 a892712268eb Downloading 10.49MB
 4d904c8a9ccc Downloading 8.389MB
 a892712268eb Downloading 10.49MB
 a892712268eb Downloading 10.49MB
 4d904c8a9ccc Downloading 9.437MB
 4d904c8a9ccc Downloading 9.437MB
 a892712268eb Downloading 10.49MB
 a892712268eb Downloading 10.49MB
 4d904c8a9ccc Downloading 9.437MB
 a892712268eb Downloading 10.49MB
 4d904c8a9ccc Downloading 9.437MB
 a892712268eb Downloading 10.49MB
 4d904c8a9ccc Downloading 9.437MB
 4d904c8a9ccc Downloading 9.437MB
 a892712268eb Downloading 10.49MB
 a892712268eb Downloading 10.49MB
 4d904c8a9ccc Downloading 9.437MB
 a892712268eb Downloading 10.49MB
 4d904c8a9ccc Downloading 9.437MB
 4d904c8a9ccc Downloading 9.437MB
 a892712268eb Downloading 10.49MB
 a892712268eb Downloading 10.49MB
 4d904c8a9ccc Downloading 9.437MB
 a892712268eb Downloading 10.49MB
 4d904c8a9ccc Downloading 9.437MB
 a892712268eb Downloading 11.53MB
 4d904c8a9ccc Downloading 9.437MB
 a892712268eb Downloading 11.53MB
 4d904c8a9ccc Downloading 9.437MB
 4d904c8a9ccc Downloading 9.437MB
 a892712268eb Downloading 11.53MB
 4d904c8a9ccc Downloading 9.437MB
 a892712268eb Downloading 11.53MB
 a892712268eb Downloading 11.53MB
 4d904c8a9ccc Downloading 9.437MB
 a892712268eb Downloading 11.53MB
 4d904c8a9ccc Downloading 9.437MB
 a892712268eb Downloading 11.53MB
 4d904c8a9ccc Downloading 9.437MB
 a892712268eb Downloading 11.53MB
 4d904c8a9ccc Downloading 9.437MB
 4d904c8a9ccc Downloading 9.437MB
 a892712268eb Downloading 11.53MB
 4d904c8a9ccc Downloading 9.437MB
 a892712268eb Downloading 11.53MB
 a892712268eb Downloading 11.53MB
 4d904c8a9ccc Downloading 9.437MB
 a892712268eb Downloading 11.53MB
 4d904c8a9ccc Downloading 9.437MB
 a892712268eb Downloading 11.53MB
 4d904c8a9ccc Downloading 9.437MB
 a892712268eb Downloading 11.53MB
 4d904c8a9ccc Downloading 9.437MB
 a892712268eb Downloading 11.53MB
 4d904c8a9ccc Downloading 9.437MB
 a892712268eb Downloading 11.53MB
 4d904c8a9ccc Downloading 9.437MB
 a892712268eb Downloading 11.53MB
 4d904c8a9ccc Downloading 9.437MB
 a892712268eb Downloading 11.53MB
 4d904c8a9ccc Downloading 9.437MB
 a892712268eb Downloading 11.53MB
 4d904c8a9ccc Downloading 9.437MB
 a892712268eb Downloading 11.53MB
 4d904c8a9ccc Downloading 9.437MB
 a892712268eb Downloading 11.53MB
 4d904c8a9ccc Downloading 9.437MB
 4d904c8a9ccc Downloading 9.437MB
 a892712268eb Downloading 11.53MB
 4d904c8a9ccc Downloading 9.437MB
 a892712268eb Downloading 11.53MB
 a892712268eb Downloading 11.53MB
 4d904c8a9ccc Downloading 9.437MB
 a892712268eb Downloading 11.53MB
 4d904c8a9ccc Downloading 9.437MB
 a892712268eb Downloading 11.53MB
 4d904c8a9ccc Downloading 9.437MB
 4d904c8a9ccc Downloading 9.437MB
 a892712268eb Downloading 11.53MB
 a892712268eb Downloading 11.53MB
 4d904c8a9ccc Downloading 9.437MB
 a892712268eb Downloading 11.53MB
 4d904c8a9ccc Downloading 9.437MB
 a892712268eb Downloading 11.53MB
 4d904c8a9ccc Downloading 9.437MB
 a892712268eb Downloading 11.53MB
 4d904c8a9ccc Downloading 9.437MB
 4d904c8a9ccc Downloading 9.437MB
 a892712268eb Downloading 11.53MB
 a892712268eb Downloading 11.53MB
 4d904c8a9ccc Downloading 9.437MB
 a892712268eb Downloading 11.53MB
 4d904c8a9ccc Downloading 9.437MB
 4d904c8a9ccc Downloading 9.437MB
 a892712268eb Downloading 11.53MB
 a892712268eb Downloading 11.53MB
 4d904c8a9ccc Downloading 9.437MB
 a892712268eb Downloading 11.53MB
 4d904c8a9ccc Downloading 9.437MB
 a892712268eb Downloading 11.53MB
 4d904c8a9ccc Downloading 10.49MB
 a892712268eb Downloading 11.53MB
 4d904c8a9ccc Downloading 10.49MB
 4d904c8a9ccc Downloading 10.49MB
 a892712268eb Downloading 11.53MB
 4d904c8a9ccc Downloading 10.49MB
 a892712268eb Downloading 11.53MB
 a892712268eb Downloading 11.53MB
 4d904c8a9ccc Downloading 10.49MB
 a892712268eb Downloading 11.53MB
 4d904c8a9ccc Downloading 10.49MB
 a892712268eb Downloading 12.58MB
 4d904c8a9ccc Downloading 10.49MB
 a892712268eb Downloading 12.58MB
 4d904c8a9ccc Downloading 10.49MB
 a892712268eb Downloading 12.58MB
 4d904c8a9ccc Downloading 10.49MB
 a892712268eb Downloading 12.58MB
 4d904c8a9ccc Downloading 10.49MB
 a892712268eb Downloading 12.58MB
 4d904c8a9ccc Downloading 10.49MB
 4d904c8a9ccc Downloading 10.49MB
 a892712268eb Downloading 12.58MB
 a892712268eb Downloading 12.58MB
 4d904c8a9ccc Downloading 10.49MB
 a892712268eb Downloading 12.58MB
 4d904c8a9ccc Downloading 10.49MB
 4d904c8a9ccc Downloading 10.49MB
 a892712268eb Downloading 12.58MB
 a892712268eb Downloading 12.58MB
 4d904c8a9ccc Downloading 10.49MB
 a892712268eb Downloading 12.58MB
 4d904c8a9ccc Downloading 10.49MB
 a892712268eb Downloading 12.58MB
 4d904c8a9ccc Downloading 10.49MB
 a892712268eb Downloading 12.58MB
 4d904c8a9ccc Downloading 10.49MB
 a892712268eb Downloading 12.58MB
 4d904c8a9ccc Downloading 10.49MB
 4d904c8a9ccc Downloading 10.49MB
 a892712268eb Downloading 12.58MB
 a892712268eb Downloading 12.58MB
 4d904c8a9ccc Downloading 10.49MB
 a892712268eb Downloading 12.58MB
 4d904c8a9ccc Downloading 10.49MB
 a892712268eb Downloading 12.58MB
 4d904c8a9ccc Downloading 10.49MB
 a892712268eb Downloading 12.58MB
 4d904c8a9ccc Downloading 10.49MB
 a892712268eb Downloading 12.58MB
 4d904c8a9ccc Downloading 10.49MB
 a892712268eb Downloading 12.58MB
 4d904c8a9ccc Downloading 10.49MB
 4d904c8a9ccc Downloading 10.49MB
 a892712268eb Downloading 12.58MB
 a892712268eb Downloading 12.58MB
 4d904c8a9ccc Downloading 10.49MB
 a892712268eb Downloading 12.58MB
 4d904c8a9ccc Downloading 10.49MB
 a892712268eb Downloading 12.58MB
 4d904c8a9ccc Downloading 10.49MB
 a892712268eb Downloading 12.58MB
 4d904c8a9ccc Downloading 10.49MB
 a892712268eb Downloading 12.58MB
 4d904c8a9ccc Downloading 10.49MB
 a892712268eb Downloading 12.58MB
 4d904c8a9ccc Downloading 10.49MB
 a892712268eb Downloading 12.58MB
 4d904c8a9ccc Downloading 10.49MB
 4d904c8a9ccc Downloading 10.49MB
 a892712268eb Downloading 12.58MB
 a892712268eb Downloading 12.58MB
 4d904c8a9ccc Downloading 10.49MB
 4d904c8a9ccc Downloading 10.49MB
 a892712268eb Downloading 12.58MB
 a892712268eb Downloading 13.63MB
 4d904c8a9ccc Downloading 10.49MB
 4d904c8a9ccc Downloading 10.49MB
 a892712268eb Downloading 13.63MB
 a892712268eb Downloading 13.63MB
 4d904c8a9ccc Downloading 10.49MB
 a892712268eb Downloading 13.63MB
 4d904c8a9ccc Downloading 10.49MB
 a892712268eb Downloading 13.63MB
 4d904c8a9ccc Downloading 10.49MB
 4d904c8a9ccc Downloading 10.49MB
 a892712268eb Downloading 13.63MB
 a892712268eb Downloading 13.63MB
 4d904c8a9ccc Downloading 10.49MB
 a892712268eb Downloading 13.63MB
 4d904c8a9ccc Downloading 10.49MB
 4d904c8a9ccc Downloading 10.49MB
 a892712268eb Downloading 13.63MB
 a892712268eb Downloading 13.63MB
 4d904c8a9ccc Downloading 10.49MB
 a892712268eb Downloading 13.63MB
 4d904c8a9ccc Downloading 10.49MB
 a892712268eb Downloading 13.63MB
 4d904c8a9ccc Downloading 10.49MB
 a892712268eb Downloading 13.63MB
 4d904c8a9ccc Downloading 10.49MB
 a892712268eb Downloading 13.63MB
 4d904c8a9ccc Downloading 10.49MB
 4d904c8a9ccc Downloading 10.49MB
 a892712268eb Downloading 13.63MB
 a892712268eb Downloading 13.63MB
 4d904c8a9ccc Downloading 10.49MB
 a892712268eb Downloading 13.63MB
 4d904c8a9ccc Downloading 11.53MB
 a892712268eb Downloading 13.63MB
 4d904c8a9ccc Downloading 11.53MB
 4d904c8a9ccc Downloading 11.53MB
 a892712268eb Downloading 13.63MB
 a892712268eb Downloading 13.63MB
 4d904c8a9ccc Downloading 11.53MB
 4d904c8a9ccc Downloading 11.53MB
 a892712268eb Downloading 13.63MB
 a892712268eb Downloading 13.63MB
 4d904c8a9ccc Downloading 11.53MB
 a892712268eb Downloading 13.63MB
 4d904c8a9ccc Downloading 11.53MB
 4d904c8a9ccc Downloading 11.53MB
 a892712268eb Downloading 13.63MB
 4d904c8a9ccc Downloading 11.53MB
 a892712268eb Downloading 13.63MB
 a892712268eb Downloading 14.68MB
 4d904c8a9ccc Downloading 11.53MB
 a892712268eb Downloading 14.68MB
 4d904c8a9ccc Downloading 11.53MB
 a892712268eb Downloading 14.68MB
 4d904c8a9ccc Downloading 11.53MB
 4d904c8a9ccc Downloading 11.53MB
 a892712268eb Downloading 14.68MB
 a892712268eb Downloading 14.68MB
 4d904c8a9ccc Downloading 11.53MB
 a892712268eb Downloading 14.68MB
 4d904c8a9ccc Downloading 11.53MB
 a892712268eb Downloading 14.68MB
 4d904c8a9ccc Downloading 11.53MB
 a892712268eb Downloading 14.68MB
 4d904c8a9ccc Downloading 11.53MB
 4d904c8a9ccc Downloading 11.53MB
 a892712268eb Downloading 14.68MB
 a892712268eb Downloading 14.68MB
 4d904c8a9ccc Downloading 11.53MB
 a892712268eb Downloading 14.68MB
 4d904c8a9ccc Downloading 11.53MB
 4d904c8a9ccc Downloading 11.53MB
 a892712268eb Downloading 14.68MB
 a892712268eb Downloading 14.68MB
 4d904c8a9ccc Downloading 11.53MB
 a892712268eb Downloading 14.68MB
 4d904c8a9ccc Downloading 11.53MB
 a892712268eb Downloading 14.68MB
 4d904c8a9ccc Downloading 11.53MB
 a892712268eb Downloading 14.68MB
 4d904c8a9ccc Downloading 11.53MB
 a892712268eb Downloading 14.68MB
 4d904c8a9ccc Downloading 11.53MB
 4d904c8a9ccc Downloading 11.53MB
 a892712268eb Downloading 14.68MB
 4d904c8a9ccc Downloading 11.53MB
 a892712268eb Downloading 14.68MB
 a892712268eb Downloading 14.68MB
 4d904c8a9ccc Downloading 11.53MB
 a892712268eb Downloading 14.68MB
 4d904c8a9ccc Downloading 11.53MB
 a892712268eb Downloading 15.73MB
 4d904c8a9ccc Downloading 11.53MB
 a892712268eb Downloading 15.73MB
 4d904c8a9ccc Downloading 11.53MB
 a892712268eb Downloading 15.73MB
 4d904c8a9ccc Downloading 11.53MB
 4d904c8a9ccc Downloading 11.53MB
 a892712268eb Downloading 15.73MB
 4d904c8a9ccc Downloading 11.53MB
 a892712268eb Downloading 15.73MB
 a892712268eb Downloading 15.73MB
 4d904c8a9ccc Downloading 11.53MB
 a892712268eb Downloading 15.73MB
 4d904c8a9ccc Downloading 11.53MB
 a892712268eb Downloading 15.73MB
 4d904c8a9ccc Downloading 11.53MB
 a892712268eb Downloading 15.73MB
 4d904c8a9ccc Downloading 11.53MB
 a892712268eb Downloading 15.73MB
 4d904c8a9ccc Downloading 11.53MB
 a892712268eb Downloading 15.73MB
 4d904c8a9ccc Downloading 11.53MB
 a892712268eb Downloading 15.73MB
 4d904c8a9ccc Downloading 11.53MB
 4d904c8a9ccc Downloading 12.58MB
 a892712268eb Downloading 15.73MB
 a892712268eb Downloading 15.73MB
 4d904c8a9ccc Downloading 12.58MB
 4d904c8a9ccc Downloading 12.58MB
 a892712268eb Downloading 15.73MB
 a892712268eb Downloading 15.73MB
 4d904c8a9ccc Downloading 12.58MB
 a892712268eb Downloading 15.73MB
 4d904c8a9ccc Downloading 12.58MB
 a892712268eb Downloading 15.73MB
 4d904c8a9ccc Downloading 12.58MB
 a892712268eb Downloading 15.73MB
 4d904c8a9ccc Downloading 12.58MB
 4d904c8a9ccc Downloading 12.58MB
 a892712268eb Downloading 15.73MB
 a892712268eb Downloading 15.73MB
 4d904c8a9ccc Downloading 12.58MB
 4d904c8a9ccc Downloading 12.58MB
 a892712268eb Downloading 15.73MB
 a892712268eb Downloading 15.73MB
 4d904c8a9ccc Downloading 12.58MB
 4d904c8a9ccc Downloading 12.58MB
 a892712268eb Downloading 15.73MB
 a892712268eb Downloading 15.73MB
 4d904c8a9ccc Downloading 12.58MB
 a892712268eb Downloading 15.73MB
 4d904c8a9ccc Downloading 12.58MB
 a892712268eb Downloading 15.73MB
 4d904c8a9ccc Downloading 12.58MB
 4d904c8a9ccc Downloading 12.58MB
 a892712268eb Downloading 15.73MB
 a892712268eb Downloading 15.73MB
 4d904c8a9ccc Downloading 12.58MB
 a892712268eb Downloading 15.73MB
 4d904c8a9ccc Downloading 12.58MB
 a892712268eb Downloading 15.73MB
 4d904c8a9ccc Downloading 12.58MB
 a892712268eb Downloading 16.78MB
 4d904c8a9ccc Downloading 12.58MB
 4d904c8a9ccc Downloading 12.58MB
 a892712268eb Downloading 16.78MB
 4d904c8a9ccc Downloading 12.58MB
 a892712268eb Download complete 0B
 4d904c8a9ccc Downloading 12.58MB
 a892712268eb Extracting 1B
 4d904c8a9ccc Downloading 12.58MB
 a892712268eb Extracting 1B
 4d904c8a9ccc Downloading 12.58MB
 a892712268eb Extracting 1B
 4d904c8a9ccc Downloading 12.58MB
 a892712268eb Extracting 1B
 4d904c8a9ccc Downloading 12.58MB
 a892712268eb Extracting 1B
 4d904c8a9ccc Downloading 12.58MB
 a892712268eb Pull complete 0B
 4d904c8a9ccc Downloading 12.58MB
 4d904c8a9ccc Downloading 13.63MB
 4d904c8a9ccc Downloading 13.63MB
 4d904c8a9ccc Downloading 13.63MB
 4d904c8a9ccc Downloading 13.63MB
 4d904c8a9ccc Downloading 13.63MB
 4d904c8a9ccc Downloading 13.63MB
 4d904c8a9ccc Downloading 13.63MB
 4d904c8a9ccc Downloading 13.63MB
 4d904c8a9ccc Downloading 13.63MB
 4d904c8a9ccc Downloading 13.63MB
 4d904c8a9ccc Downloading 13.63MB
 4d904c8a9ccc Downloading 13.63MB
 4d904c8a9ccc Downloading 13.63MB
 4d904c8a9ccc Downloading 13.63MB
 4d904c8a9ccc Downloading 13.63MB
 4d904c8a9ccc Downloading 13.63MB
 4d904c8a9ccc Downloading 13.63MB
 4d904c8a9ccc Downloading 13.63MB
 4d904c8a9ccc Downloading 13.63MB
 4d904c8a9ccc Downloading 13.63MB
 4d904c8a9ccc Downloading 13.63MB
 4d904c8a9ccc Downloading 13.63MB
 4d904c8a9ccc Downloading 13.63MB
 4d904c8a9ccc Downloading 13.63MB
 4d904c8a9ccc Downloading 13.63MB
 4d904c8a9ccc Downloading 13.63MB
 4d904c8a9ccc Downloading 14.68MB
 4d904c8a9ccc Downloading 14.68MB
 4d904c8a9ccc Downloading 14.68MB
 4d904c8a9ccc Downloading 14.68MB
 4d904c8a9ccc Downloading 14.68MB
 4d904c8a9ccc Downloading 14.68MB
 4d904c8a9ccc Downloading 14.68MB
 4d904c8a9ccc Downloading 14.68MB
 4d904c8a9ccc Downloading 14.68MB
 4d904c8a9ccc Downloading 14.68MB
 4d904c8a9ccc Downloading 14.68MB
 4d904c8a9ccc Downloading 14.68MB
 4d904c8a9ccc Downloading 14.68MB
 4d904c8a9ccc Downloading 14.68MB
 4d904c8a9ccc Downloading 14.68MB
 4d904c8a9ccc Downloading 14.68MB
 4d904c8a9ccc Downloading 14.68MB
 4d904c8a9ccc Downloading 14.68MB
 4d904c8a9ccc Downloading 14.68MB
 4d904c8a9ccc Downloading 15.73MB
 4d904c8a9ccc Downloading 15.73MB
 4d904c8a9ccc Downloading 15.73MB
 4d904c8a9ccc Downloading 15.73MB
 4d904c8a9ccc Downloading 15.73MB
 4d904c8a9ccc Downloading 15.73MB
 4d904c8a9ccc Downloading 15.73MB
 4d904c8a9ccc Downloading 15.73MB
 4d904c8a9ccc Downloading 15.73MB
 4d904c8a9ccc Downloading 15.73MB
 4d904c8a9ccc Downloading 15.73MB
 4d904c8a9ccc Downloading 15.73MB
 4d904c8a9ccc Downloading 15.73MB
 4d904c8a9ccc Downloading 15.73MB
 4d904c8a9ccc Downloading 15.73MB
 4d904c8a9ccc Downloading 15.73MB
 4d904c8a9ccc Downloading 15.73MB
 4d904c8a9ccc Downloading 15.73MB
 4d904c8a9ccc Downloading 15.73MB
 4d904c8a9ccc Downloading 16.78MB
 4d904c8a9ccc Downloading 16.78MB
 4d904c8a9ccc Downloading 16.78MB
 4d904c8a9ccc Downloading 16.78MB
 4d904c8a9ccc Downloading 16.78MB
 4d904c8a9ccc Downloading 16.78MB
 4d904c8a9ccc Downloading 16.78MB
 4d904c8a9ccc Downloading 16.78MB
 4d904c8a9ccc Downloading 16.78MB
 4d904c8a9ccc Downloading 16.78MB
 4d904c8a9ccc Downloading 16.78MB
 4d904c8a9ccc Downloading 16.78MB
 4d904c8a9ccc Downloading 17.83MB
 4d904c8a9ccc Downloading 17.83MB
 4d904c8a9ccc Downloading 17.83MB
 4d904c8a9ccc Downloading 17.83MB
 4d904c8a9ccc Downloading 17.83MB
 4d904c8a9ccc Downloading 17.83MB
 4d904c8a9ccc Downloading 17.83MB
 4d904c8a9ccc Downloading 17.83MB
 4d904c8a9ccc Downloading 17.83MB
 4d904c8a9ccc Downloading 17.83MB
 4d904c8a9ccc Downloading 17.83MB
 4d904c8a9ccc Downloading 17.83MB
 4d904c8a9ccc Downloading 17.83MB
 4d904c8a9ccc Downloading 17.83MB
 4d904c8a9ccc Downloading 18.87MB
 4d904c8a9ccc Downloading 18.87MB
 4d904c8a9ccc Downloading 18.87MB
 4d904c8a9ccc Downloading 18.87MB
 4d904c8a9ccc Downloading 18.87MB
 4d904c8a9ccc Downloading 18.87MB
 4d904c8a9ccc Downloading 18.87MB
 4d904c8a9ccc Downloading 18.87MB
 4d904c8a9ccc Downloading 18.87MB
 4d904c8a9ccc Downloading 18.87MB
 4d904c8a9ccc Downloading 18.87MB
 4d904c8a9ccc Downloading 18.87MB
 4d904c8a9ccc Downloading 18.87MB
 4d904c8a9ccc Downloading 18.87MB
 4d904c8a9ccc Downloading 19.92MB
 4d904c8a9ccc Downloading 19.92MB
 4d904c8a9ccc Downloading 19.92MB
 4d904c8a9ccc Downloading 19.92MB
 4d904c8a9ccc Downloading 19.92MB
 4d904c8a9ccc Downloading 19.92MB
 4d904c8a9ccc Downloading 19.92MB
 4d904c8a9ccc Downloading 19.92MB
 4d904c8a9ccc Downloading 19.92MB
 4d904c8a9ccc Downloading 19.92MB
 4d904c8a9ccc Downloading 19.92MB
 4d904c8a9ccc Downloading 19.92MB
 4d904c8a9ccc Downloading 20.97MB
 4d904c8a9ccc Downloading 20.97MB
 4d904c8a9ccc Downloading 20.97MB
 4d904c8a9ccc Downloading 20.97MB
 4d904c8a9ccc Downloading 20.97MB
 4d904c8a9ccc Downloading 20.97MB
 4d904c8a9ccc Downloading 20.97MB
 4d904c8a9ccc Downloading 20.97MB
 4d904c8a9ccc Downloading 20.97MB
 4d904c8a9ccc Downloading 20.97MB
 4d904c8a9ccc Downloading 20.97MB
 4d904c8a9ccc Downloading 22.02MB
 4d904c8a9ccc Downloading 22.02MB
 4d904c8a9ccc Downloading 22.02MB
 4d904c8a9ccc Downloading 22.02MB
 4d904c8a9ccc Downloading 22.02MB
 4d904c8a9ccc Downloading 22.02MB
 4d904c8a9ccc Downloading 22.02MB
 4d904c8a9ccc Downloading 22.02MB
 4d904c8a9ccc Downloading 22.02MB
 4d904c8a9ccc Downloading 22.02MB
 4d904c8a9ccc Downloading 22.02MB
 4d904c8a9ccc Downloading 22.02MB
 4d904c8a9ccc Downloading 22.02MB
 4d904c8a9ccc Downloading 22.02MB
 4d904c8a9ccc Downloading 22.02MB
 4d904c8a9ccc Downloading 22.02MB
 4d904c8a9ccc Downloading 23.07MB
 4d904c8a9ccc Downloading 23.07MB
 4d904c8a9ccc Downloading 23.07MB
 4d904c8a9ccc Downloading 23.07MB
 4d904c8a9ccc Downloading 23.07MB
 4d904c8a9ccc Downloading 23.07MB
 4d904c8a9ccc Downloading 23.07MB
 4d904c8a9ccc Downloading 23.07MB
 4d904c8a9ccc Downloading 23.07MB
 4d904c8a9ccc Downloading 23.07MB
 4d904c8a9ccc Downloading 23.07MB
 4d904c8a9ccc Downloading 23.07MB
 4d904c8a9ccc Downloading 23.07MB
 4d904c8a9ccc Downloading 23.07MB
 4d904c8a9ccc Downloading 23.07MB
 4d904c8a9ccc Downloading 23.07MB
 4d904c8a9ccc Downloading 23.07MB
 4d904c8a9ccc Downloading 23.07MB
 4d904c8a9ccc Downloading 24.12MB
 4d904c8a9ccc Downloading 24.12MB
 4d904c8a9ccc Downloading 24.12MB
 4d904c8a9ccc Downloading 24.12MB
 4d904c8a9ccc Downloading 24.12MB
 4d904c8a9ccc Downloading 24.12MB
 4d904c8a9ccc Downloading 24.12MB
 4d904c8a9ccc Downloading 24.12MB
 4d904c8a9ccc Downloading 24.12MB
 4d904c8a9ccc Downloading 24.12MB
 4d904c8a9ccc Downloading 24.12MB
 4d904c8a9ccc Downloading 24.12MB
 4d904c8a9ccc Downloading 24.12MB
 4d904c8a9ccc Downloading 24.12MB
 4d904c8a9ccc Downloading 24.12MB
 4d904c8a9ccc Downloading 24.12MB
 4d904c8a9ccc Downloading 24.12MB
 4d904c8a9ccc Downloading 25.17MB
 4d904c8a9ccc Downloading 25.17MB
 4d904c8a9ccc Downloading 25.17MB
 4d904c8a9ccc Downloading 25.17MB
 4d904c8a9ccc Downloading 25.17MB
 4d904c8a9ccc Downloading 25.17MB
 4d904c8a9ccc Downloading 25.17MB
 4d904c8a9ccc Downloading 25.17MB
 4d904c8a9ccc Downloading 25.17MB
 4d904c8a9ccc Downloading 25.17MB
 4d904c8a9ccc Downloading 25.17MB
 4d904c8a9ccc Downloading 25.17MB
 4d904c8a9ccc Downloading 25.17MB
 4d904c8a9ccc Downloading 26.21MB
 4d904c8a9ccc Downloading 26.21MB
 4d904c8a9ccc Downloading 26.21MB
 4d904c8a9ccc Downloading 26.21MB
 4d904c8a9ccc Downloading 26.21MB
 4d904c8a9ccc Downloading 26.21MB
 4d904c8a9ccc Downloading 26.21MB
 4d904c8a9ccc Downloading 26.21MB
 4d904c8a9ccc Downloading 26.21MB
 4d904c8a9ccc Downloading 26.21MB
 4d904c8a9ccc Downloading 26.21MB
 4d904c8a9ccc Downloading 26.21MB
 4d904c8a9ccc Downloading 26.21MB
 4d904c8a9ccc Downloading 26.21MB
 4d904c8a9ccc Downloading 27.26MB
 4d904c8a9ccc Downloading 27.26MB
 4d904c8a9ccc Downloading 27.26MB
 4d904c8a9ccc Downloading 27.26MB
 4d904c8a9ccc Downloading 27.26MB
 4d904c8a9ccc Downloading 27.26MB
 4d904c8a9ccc Downloading 27.26MB
 4d904c8a9ccc Downloading 27.26MB
 4d904c8a9ccc Downloading 27.26MB
 4d904c8a9ccc Downloading 27.26MB
 4d904c8a9ccc Downloading 27.26MB
 4d904c8a9ccc Downloading 27.26MB
 4d904c8a9ccc Downloading 27.26MB
 4d904c8a9ccc Downloading 27.26MB
 4d904c8a9ccc Downloading 27.26MB
 4d904c8a9ccc Downloading 27.26MB
 4d904c8a9ccc Downloading 28.31MB
 4d904c8a9ccc Downloading 28.31MB
 4d904c8a9ccc Downloading 28.31MB
 4d904c8a9ccc Downloading 28.31MB
 4d904c8a9ccc Downloading 28.31MB
 4d904c8a9ccc Downloading 28.31MB
 4d904c8a9ccc Downloading 28.31MB
 4d904c8a9ccc Downloading 28.31MB
 4d904c8a9ccc Downloading 28.31MB
 4d904c8a9ccc Downloading 28.31MB
 4d904c8a9ccc Downloading 28.31MB
 4d904c8a9ccc Downloading 28.31MB
 4d904c8a9ccc Downloading 28.31MB
 4d904c8a9ccc Downloading 28.31MB
 4d904c8a9ccc Downloading 28.31MB
 4d904c8a9ccc Downloading 28.31MB
 4d904c8a9ccc Downloading 29.36MB
 4d904c8a9ccc Downloading 29.36MB
 4d904c8a9ccc Downloading 29.36MB
 4d904c8a9ccc Downloading 29.36MB
 4d904c8a9ccc Downloading 29.36MB
 4d904c8a9ccc Downloading 29.36MB
 4d904c8a9ccc Downloading 29.36MB
 4d904c8a9ccc Downloading 29.36MB
 4d904c8a9ccc Downloading 29.36MB
 4d904c8a9ccc Downloading 29.36MB
 4d904c8a9ccc Downloading 29.36MB
 4d904c8a9ccc Downloading 29.36MB
 4d904c8a9ccc Downloading 29.36MB
 4d904c8a9ccc Downloading 29.36MB
 4d904c8a9ccc Downloading 29.36MB
 4d904c8a9ccc Downloading 30.41MB
 4d904c8a9ccc Downloading 30.41MB
 4d904c8a9ccc Downloading 30.41MB
 4d904c8a9ccc Downloading 30.41MB
 4d904c8a9ccc Downloading 30.41MB
 4d904c8a9ccc Downloading 30.41MB
 4d904c8a9ccc Downloading 30.41MB
 4d904c8a9ccc Downloading 30.41MB
 4d904c8a9ccc Downloading 30.41MB
 4d904c8a9ccc Downloading 30.41MB
 4d904c8a9ccc Downloading 30.41MB
 4d904c8a9ccc Downloading 30.41MB
 4d904c8a9ccc Downloading 30.41MB
 4d904c8a9ccc Downloading 30.41MB
 4d904c8a9ccc Downloading 31.46MB
 4d904c8a9ccc Downloading 31.46MB
 4d904c8a9ccc Downloading 31.46MB
 4d904c8a9ccc Downloading 31.46MB
 4d904c8a9ccc Downloading 31.46MB
 4d904c8a9ccc Downloading 31.46MB
 4d904c8a9ccc Downloading 31.46MB
 4d904c8a9ccc Downloading 31.46MB
 4d904c8a9ccc Downloading 31.46MB
 4d904c8a9ccc Downloading 31.46MB
 4d904c8a9ccc Downloading 31.46MB
 4d904c8a9ccc Downloading 31.46MB
 4d904c8a9ccc Downloading 31.46MB
 4d904c8a9ccc Downloading 31.46MB
 4d904c8a9ccc Downloading 31.46MB
 4d904c8a9ccc Downloading 31.46MB
 4d904c8a9ccc Downloading 31.46MB
 4d904c8a9ccc Downloading 31.46MB
 4d904c8a9ccc Downloading 31.46MB
 4d904c8a9ccc Downloading 31.46MB
 4d904c8a9ccc Downloading 31.46MB
 4d904c8a9ccc Downloading 32.51MB
 4d904c8a9ccc Downloading 32.51MB
 4d904c8a9ccc Downloading 32.51MB
 4d904c8a9ccc Downloading 32.51MB
 4d904c8a9ccc Downloading 32.51MB
 4d904c8a9ccc Downloading 32.51MB
 4d904c8a9ccc Downloading 32.51MB
 4d904c8a9ccc Downloading 32.51MB
 4d904c8a9ccc Downloading 32.51MB
 4d904c8a9ccc Downloading 32.51MB
 4d904c8a9ccc Downloading 32.51MB
 4d904c8a9ccc Downloading 32.51MB
 4d904c8a9ccc Downloading 32.51MB
 4d904c8a9ccc Downloading 33.55MB
 4d904c8a9ccc Downloading 33.55MB
 4d904c8a9ccc Downloading 33.55MB
 4d904c8a9ccc Downloading 33.55MB
 4d904c8a9ccc Downloading 33.55MB
 4d904c8a9ccc Downloading 33.55MB
 4d904c8a9ccc Downloading 33.55MB
 4d904c8a9ccc Downloading 33.55MB
 4d904c8a9ccc Downloading 33.55MB
 4d904c8a9ccc Downloading 33.55MB
 4d904c8a9ccc Downloading 33.55MB
 4d904c8a9ccc Downloading 33.55MB
 4d904c8a9ccc Downloading 33.55MB
 4d904c8a9ccc Downloading 33.55MB
 4d904c8a9ccc Downloading 33.55MB
 4d904c8a9ccc Downloading 34.6MB
 4d904c8a9ccc Downloading 34.6MB
 4d904c8a9ccc Downloading 34.6MB
 4d904c8a9ccc Downloading 34.6MB
 4d904c8a9ccc Downloading 34.6MB
 4d904c8a9ccc Downloading 34.6MB
 4d904c8a9ccc Downloading 34.6MB
 4d904c8a9ccc Downloading 34.6MB
 4d904c8a9ccc Downloading 34.6MB
 4d904c8a9ccc Downloading 34.6MB
 4d904c8a9ccc Downloading 34.6MB
 4d904c8a9ccc Downloading 35.65MB
 4d904c8a9ccc Downloading 35.65MB
 4d904c8a9ccc Downloading 35.65MB
 4d904c8a9ccc Downloading 35.65MB
 4d904c8a9ccc Downloading 35.65MB
 4d904c8a9ccc Downloading 35.65MB
 4d904c8a9ccc Downloading 35.65MB
 4d904c8a9ccc Downloading 35.65MB
 4d904c8a9ccc Downloading 35.65MB
 4d904c8a9ccc Downloading 35.65MB
 4d904c8a9ccc Downloading 35.65MB
 4d904c8a9ccc Downloading 35.65MB
 4d904c8a9ccc Downloading 35.65MB
 4d904c8a9ccc Downloading 35.65MB
 4d904c8a9ccc Downloading 35.65MB
 4d904c8a9ccc Downloading 35.65MB
 4d904c8a9ccc Downloading 36.7MB
 4d904c8a9ccc Downloading 36.7MB
 4d904c8a9ccc Downloading 36.7MB
 4d904c8a9ccc Downloading 36.7MB
 4d904c8a9ccc Downloading 36.7MB
 4d904c8a9ccc Downloading 36.7MB
 4d904c8a9ccc Downloading 36.7MB
 4d904c8a9ccc Downloading 36.7MB
 4d904c8a9ccc Downloading 36.7MB
 4d904c8a9ccc Downloading 36.7MB
 4d904c8a9ccc Downloading 36.7MB
 4d904c8a9ccc Downloading 36.7MB
 4d904c8a9ccc Downloading 36.7MB
 4d904c8a9ccc Downloading 36.7MB
 4d904c8a9ccc Downloading 37.75MB
 4d904c8a9ccc Downloading 37.75MB
 4d904c8a9ccc Downloading 37.75MB
 4d904c8a9ccc Downloading 37.75MB
 4d904c8a9ccc Downloading 37.75MB
 4d904c8a9ccc Downloading 37.75MB
 4d904c8a9ccc Downloading 37.75MB
 4d904c8a9ccc Downloading 37.75MB
 4d904c8a9ccc Downloading 37.75MB
 4d904c8a9ccc Downloading 37.75MB
 4d904c8a9ccc Downloading 37.75MB
 4d904c8a9ccc Downloading 37.75MB
 4d904c8a9ccc Downloading 37.75MB
 4d904c8a9ccc Downloading 37.75MB
 4d904c8a9ccc Downloading 37.75MB
 4d904c8a9ccc Downloading 37.75MB
 4d904c8a9ccc Downloading 37.75MB
 4d904c8a9ccc Downloading 38.8MB
 4d904c8a9ccc Downloading 38.8MB
 4d904c8a9ccc Downloading 38.8MB
 4d904c8a9ccc Downloading 38.8MB
 4d904c8a9ccc Downloading 38.8MB
 4d904c8a9ccc Downloading 38.8MB
 4d904c8a9ccc Downloading 38.8MB
 4d904c8a9ccc Downloading 38.8MB
 4d904c8a9ccc Downloading 38.8MB
 4d904c8a9ccc Downloading 38.8MB
 4d904c8a9ccc Downloading 38.8MB
 4d904c8a9ccc Downloading 38.8MB
 4d904c8a9ccc Downloading 38.8MB
 4d904c8a9ccc Downloading 38.8MB
 4d904c8a9ccc Downloading 38.8MB
 4d904c8a9ccc Downloading 39.85MB
 4d904c8a9ccc Downloading 39.85MB
 4d904c8a9ccc Downloading 39.85MB
 4d904c8a9ccc Downloading 39.85MB
 4d904c8a9ccc Downloading 39.85MB
 4d904c8a9ccc Downloading 39.85MB
 4d904c8a9ccc Downloading 39.85MB
 4d904c8a9ccc Downloading 39.85MB
 4d904c8a9ccc Downloading 39.85MB
 4d904c8a9ccc Downloading 39.85MB
 4d904c8a9ccc Downloading 39.85MB
 4d904c8a9ccc Downloading 39.85MB
 4d904c8a9ccc Downloading 39.85MB
 4d904c8a9ccc Downloading 39.85MB
 4d904c8a9ccc Downloading 40.89MB
 4d904c8a9ccc Downloading 40.89MB
 4d904c8a9ccc Downloading 40.89MB
 4d904c8a9ccc Downloading 40.89MB
 4d904c8a9ccc Downloading 40.89MB
 4d904c8a9ccc Downloading 40.89MB
 4d904c8a9ccc Downloading 40.89MB
 4d904c8a9ccc Downloading 40.89MB
 4d904c8a9ccc Downloading 40.89MB
 4d904c8a9ccc Downloading 40.89MB
 4d904c8a9ccc Downloading 40.89MB
 4d904c8a9ccc Downloading 40.89MB
 4d904c8a9ccc Downloading 40.89MB
 4d904c8a9ccc Downloading 40.89MB
 4d904c8a9ccc Downloading 40.89MB
 4d904c8a9ccc Downloading 40.89MB
 4d904c8a9ccc Downloading 40.89MB
 4d904c8a9ccc Downloading 40.89MB
 4d904c8a9ccc Downloading 41.28MB
 4d904c8a9ccc Downloading 41.94MB
 4d904c8a9ccc Downloading 41.94MB
 4d904c8a9ccc Downloading 41.94MB
 4d904c8a9ccc Downloading 41.94MB
 4d904c8a9ccc Downloading 41.94MB
 4d904c8a9ccc Downloading 41.94MB
 4d904c8a9ccc Downloading 41.94MB
 4d904c8a9ccc Downloading 41.94MB
 4d904c8a9ccc Downloading 41.94MB
 4d904c8a9ccc Downloading 41.94MB
 4d904c8a9ccc Downloading 41.94MB
 4d904c8a9ccc Downloading 41.94MB
 4d904c8a9ccc Downloading 41.94MB
 4d904c8a9ccc Downloading 41.94MB
 4d904c8a9ccc Downloading 41.94MB
 4d904c8a9ccc Downloading 41.94MB
 4d904c8a9ccc Downloading 41.94MB
 4d904c8a9ccc Downloading 41.94MB
 4d904c8a9ccc Downloading 41.94MB
 4d904c8a9ccc Downloading 42.99MB
 4d904c8a9ccc Downloading 42.99MB
 4d904c8a9ccc Downloading 42.99MB
 4d904c8a9ccc Downloading 42.99MB
 4d904c8a9ccc Downloading 42.99MB
 4d904c8a9ccc Downloading 42.99MB
 4d904c8a9ccc Downloading 42.99MB
 4d904c8a9ccc Downloading 42.99MB
 4d904c8a9ccc Downloading 42.99MB
 4d904c8a9ccc Downloading 42.99MB
 4d904c8a9ccc Downloading 42.99MB
 4d904c8a9ccc Downloading 42.99MB
 4d904c8a9ccc Downloading 42.99MB
 4d904c8a9ccc Downloading 42.99MB
 4d904c8a9ccc Downloading 44.04MB
 4d904c8a9ccc Downloading 44.04MB
 4d904c8a9ccc Downloading 44.04MB
 4d904c8a9ccc Downloading 44.04MB
 4d904c8a9ccc Downloading 44.04MB
 4d904c8a9ccc Downloading 44.04MB
 4d904c8a9ccc Downloading 44.04MB
 4d904c8a9ccc Downloading 44.04MB
 4d904c8a9ccc Downloading 44.04MB
 4d904c8a9ccc Downloading 44.04MB
 4d904c8a9ccc Downloading 44.04MB
 4d904c8a9ccc Downloading 44.04MB
 4d904c8a9ccc Downloading 44.04MB
 4d904c8a9ccc Downloading 44.04MB
 4d904c8a9ccc Downloading 45.09MB
 4d904c8a9ccc Downloading 45.09MB
 4d904c8a9ccc Downloading 45.09MB
 4d904c8a9ccc Downloading 45.09MB
 4d904c8a9ccc Downloading 45.09MB
 4d904c8a9ccc Downloading 45.09MB
 4d904c8a9ccc Downloading 45.09MB
 4d904c8a9ccc Downloading 45.09MB
 4d904c8a9ccc Downloading 45.09MB
 4d904c8a9ccc Downloading 45.09MB
 4d904c8a9ccc Downloading 45.09MB
 4d904c8a9ccc Downloading 45.09MB
 4d904c8a9ccc Downloading 45.09MB
 4d904c8a9ccc Downloading 45.09MB
 4d904c8a9ccc Downloading 46.14MB
 4d904c8a9ccc Downloading 46.14MB
 4d904c8a9ccc Downloading 46.14MB
 4d904c8a9ccc Downloading 46.14MB
 4d904c8a9ccc Downloading 46.14MB
 4d904c8a9ccc Downloading 46.14MB
 4d904c8a9ccc Downloading 46.14MB
 4d904c8a9ccc Downloading 46.14MB
 4d904c8a9ccc Downloading 46.14MB
 4d904c8a9ccc Downloading 46.14MB
 4d904c8a9ccc Downloading 46.14MB
 4d904c8a9ccc Downloading 46.14MB
 4d904c8a9ccc Downloading 47.19MB
 4d904c8a9ccc Downloading 47.19MB
 4d904c8a9ccc Downloading 47.19MB
 4d904c8a9ccc Downloading 47.19MB
 4d904c8a9ccc Downloading 47.19MB
 4d904c8a9ccc Downloading 47.19MB
 4d904c8a9ccc Downloading 47.19MB
 4d904c8a9ccc Downloading 47.19MB
 4d904c8a9ccc Downloading 47.19MB
 4d904c8a9ccc Downloading 47.19MB
 4d904c8a9ccc Downloading 47.19MB
 4d904c8a9ccc Downloading 48.23MB
 4d904c8a9ccc Downloading 48.23MB
 4d904c8a9ccc Downloading 48.23MB
 4d904c8a9ccc Downloading 48.23MB
 4d904c8a9ccc Downloading 48.23MB
 4d904c8a9ccc Downloading 48.23MB
 4d904c8a9ccc Downloading 48.23MB
 4d904c8a9ccc Downloading 48.23MB
 4d904c8a9ccc Downloading 48.23MB
 4d904c8a9ccc Downloading 48.23MB
 4d904c8a9ccc Downloading 49.28MB
 4d904c8a9ccc Downloading 49.28MB
 4d904c8a9ccc Downloading 49.28MB
 4d904c8a9ccc Downloading 49.28MB
 4d904c8a9ccc Downloading 49.28MB
 4d904c8a9ccc Downloading 49.28MB
 4d904c8a9ccc Downloading 49.28MB
 4d904c8a9ccc Downloading 49.28MB
 4d904c8a9ccc Downloading 49.28MB
 4d904c8a9ccc Downloading 49.28MB
 4d904c8a9ccc Downloading 49.28MB
 4d904c8a9ccc Downloading 50.33MB
 4d904c8a9ccc Downloading 50.33MB
 4d904c8a9ccc Downloading 50.33MB
 4d904c8a9ccc Downloading 50.33MB
 4d904c8a9ccc Downloading 50.33MB
 4d904c8a9ccc Downloading 50.33MB
 4d904c8a9ccc Downloading 50.33MB
 4d904c8a9ccc Downloading 50.33MB
 4d904c8a9ccc Downloading 50.33MB
 4d904c8a9ccc Downloading 50.33MB
 4d904c8a9ccc Downloading 50.33MB
 4d904c8a9ccc Downloading 50.33MB
 4d904c8a9ccc Downloading 50.33MB
 4d904c8a9ccc Downloading 50.33MB
 4d904c8a9ccc Downloading 50.33MB
 4d904c8a9ccc Downloading 50.33MB
 4d904c8a9ccc Downloading 50.33MB
 4d904c8a9ccc Downloading 50.33MB
 4d904c8a9ccc Downloading 50.33MB
 4d904c8a9ccc Downloading 50.33MB
 4d904c8a9ccc Downloading 50.33MB
 4d904c8a9ccc Downloading 50.33MB
 4d904c8a9ccc Downloading 50.33MB
 4d904c8a9ccc Downloading 50.33MB
 4d904c8a9ccc Downloading 50.33MB
 4d904c8a9ccc Downloading 50.33MB
 4d904c8a9ccc Downloading 50.33MB
 4d904c8a9ccc Downloading 50.33MB
 4d904c8a9ccc Downloading 50.33MB
 4d904c8a9ccc Downloading 51.38MB
 4d904c8a9ccc Downloading 51.38MB
 4d904c8a9ccc Downloading 51.38MB
 4d904c8a9ccc Downloading 51.38MB
 4d904c8a9ccc Downloading 51.38MB
 4d904c8a9ccc Downloading 51.38MB
 4d904c8a9ccc Downloading 51.38MB
 4d904c8a9ccc Downloading 51.38MB
 4d904c8a9ccc Downloading 51.38MB
 4d904c8a9ccc Downloading 51.38MB
 4d904c8a9ccc Downloading 51.38MB
 4d904c8a9ccc Downloading 51.38MB
 4d904c8a9ccc Downloading 52.43MB
 4d904c8a9ccc Downloading 52.43MB
 4d904c8a9ccc Downloading 52.43MB
 4d904c8a9ccc Downloading 52.43MB
 4d904c8a9ccc Downloading 52.43MB
 4d904c8a9ccc Downloading 52.43MB
 4d904c8a9ccc Downloading 52.43MB
 4d904c8a9ccc Downloading 52.43MB
 4d904c8a9ccc Downloading 52.43MB
 4d904c8a9ccc Downloading 52.43MB
 4d904c8a9ccc Downloading 52.43MB
 4d904c8a9ccc Downloading 52.43MB
 4d904c8a9ccc Downloading 52.43MB
 4d904c8a9ccc Downloading 52.43MB
 4d904c8a9ccc Downloading 52.43MB
 4d904c8a9ccc Downloading 52.43MB
 4d904c8a9ccc Downloading 53.48MB
 4d904c8a9ccc Downloading 53.48MB
 4d904c8a9ccc Downloading 53.48MB
 4d904c8a9ccc Downloading 53.48MB
 4d904c8a9ccc Downloading 53.48MB
 4d904c8a9ccc Downloading 53.48MB
 4d904c8a9ccc Downloading 53.48MB
 4d904c8a9ccc Downloading 53.48MB
 4d904c8a9ccc Downloading 53.48MB
 4d904c8a9ccc Downloading 53.48MB
 4d904c8a9ccc Downloading 54.53MB
 4d904c8a9ccc Downloading 54.53MB
 4d904c8a9ccc Downloading 54.53MB
 4d904c8a9ccc Downloading 54.53MB
 4d904c8a9ccc Downloading 54.53MB
 4d904c8a9ccc Downloading 54.53MB
 4d904c8a9ccc Downloading 54.53MB
 4d904c8a9ccc Downloading 54.53MB
 4d904c8a9ccc Downloading 54.53MB
 4d904c8a9ccc Downloading 54.53MB
 4d904c8a9ccc Downloading 54.53MB
 4d904c8a9ccc Downloading 54.53MB
 4d904c8a9ccc Downloading 54.53MB
 4d904c8a9ccc Downloading 54.53MB
 4d904c8a9ccc Downloading 54.53MB
 4d904c8a9ccc Downloading 54.53MB
 4d904c8a9ccc Downloading 54.53MB
 4d904c8a9ccc Downloading 54.53MB
 4d904c8a9ccc Downloading 54.53MB
 4d904c8a9ccc Downloading 54.53MB
 4d904c8a9ccc Downloading 54.53MB
 4d904c8a9ccc Downloading 55.17MB
 4d904c8a9ccc Download complete 0B
 4d904c8a9ccc Extracting 1B
 4d904c8a9ccc Extracting 1B
 4d904c8a9ccc Extracting 1B
 4d904c8a9ccc Extracting 1B
 4d904c8a9ccc Extracting 1B
 4d904c8a9ccc Extracting 1B
 4d904c8a9ccc Extracting 1B
 4d904c8a9ccc Extracting 1B
 4d904c8a9ccc Extracting 1B
 4d904c8a9ccc Extracting 1B
 4d904c8a9ccc Extracting 1B
 4d904c8a9ccc Pull complete 0B
 23991f21fdef Pull complete 0B
 54e85fdc2e89 Pull complete 0B
 ab8ac971a756 Extracting 1B
 ab8ac971a756 Extracting 1B
 ab8ac971a756 Extracting 1B
 ab8ac971a756 Extracting 1B
 ab8ac971a756 Extracting 1B
 ab8ac971a756 Extracting 1B
 ab8ac971a756 Extracting 1B
 ab8ac971a756 Extracting 1B
 ab8ac971a756 Pull complete 0B
 2d89f7327b86 Extracting 1B
 b889a83e303d Pull complete 0B
 52e92dd1a6a5 Pull complete 0B
 2d89f7327b86 Pull complete 0B
 Image maven:3.9-eclipse-temurin-8 Pulled 
 Network clickhouse-jdbc-bridge_default Creating 
 Network clickhouse-jdbc-bridge_default Created 
 Volume clickhouse-jdbc-bridge_maven_cache Creating 
 Volume clickhouse-jdbc-bridge_maven_cache Created 
 Container clickhouse-jdbc-bridge-app Creating 
 Container clickhouse-jdbc-bridge-app Created 
 Container clickhouse-jdbc-bridge-app Starting 
 Container clickhouse-jdbc-bridge-app Started 
 Container clickhouse-jdbc-bridge-app Waiting 
 Container clickhouse-jdbc-bridge-app Healthy 

[0;34m== Ping — health check (Vert.x Router GET handler) ==[0m
[0;32mPASS[0m GET  /ping (→ Ok.)                                         [2m[200, body ✓][0m

[0;34m== Schema allowed — bridge protocol endpoint ==[0m
[0;32mPASS[0m GET  /schema_allowed (→ 1)                                 [2m[200, body ✓][0m

[0;34m== Identifier quote — POST handler ==[0m
[0;32mPASS[0m POST /identifier_quote (→ 200)                             [2m[200][0m

[0;34m== Prometheus metrics — Micrometer integration ==[0m
[0;32mPASS[0m GET  /metrics (Prometheus scrape)                            [2m[200, all fields ✓][0m
[0;32mPASS[0m GET  /metrics (text/plain content-type)                      [2m[200, header ✓][0m

[0;34m== Columns info — POST /columns_info ==[0m
[0;32mPASS[0m POST /columns_info (no datasource → 500)                   [2m[500][0m

[0;34m== Query execution — POST / (blocking handler) ==[0m
[0;32mPASS[0m POST / (query without datasource → 500)                    [2m[500][0m

[0;34m== Write endpoint — POST /write ==[0m
[0;32mPASS[0m POST /write (without datasource → 500)                     [2m[500][0m

[0;34m== Error paths — unknown routes ==[0m
[0;32mPASS[0m GET  /nonexistent (→ 404)                                  [2m[404][0m
[0;32mPASS[0m GET  /api/v1/status (→ 404)                                [2m[404][0m

[0;34m== Concurrent requests — Vert.x event loop ==[0m
[0;32mPASS[0m 5x parallel GET /ping                                        [2m[all 200][0m

[0;34m== Summary ==[0m
[0;32mAll 11/11 checks passed.[0m
