Downloading metadata...
Downloading metadata...
Package                                               Repository            Size
Installing:                                                                     
 emacs-filesystem-1:27.2-18.el9.noarch                ol9_appstream       8.3 kB
 git-2.47.3-1.el9_6.x86_64                            ol9_appstream      66.9 kB
 git-core-2.47.3-1.el9_6.x86_64                       ol9_appstream       5.0 MB
 git-core-doc-2.47.3-1.el9_6.noarch                   ol9_appstream       4.3 MB
 groff-base-1.22.4-10.el9.x86_64                      ol9_baseos_latest   1.3 MB
 libcbor-0.7.0-5.el9.x86_64                           ol9_baseos_latest  58.2 kB
 libedit-3.1-38.20210216cvs.el9.x86_64                ol9_baseos_latest 111.2 kB
 libfido2-1.13.0-2.el9.x86_64                         ol9_baseos_latest 104.0 kB
 ncurses-6.2-8.20210508.el9.x86_64                    ol9_baseos_latest 437.7 kB
 openssh-8.7p1-49.0.1.el9_7.x86_64                    ol9_baseos_latest 492.0 kB
 openssh-clients-8.7p1-49.0.1.el9_7.x86_64            ol9_baseos_latest 748.0 kB
 openssl-fips-provider-3.0.7-8.0.1.el9.x86_64         ol9_baseos_latest   8.5 kB
 openssl-fips-provider-so-3.0.7-8.0.1.el9.x86_64      ol9_baseos_latest 588.9 kB
 perl-AutoLoader-5.74-481.1.el9_6.noarch              ol9_appstream      20.2 kB
 perl-B-1.80-481.1.el9_6.x86_64                       ol9_appstream     199.9 kB
 perl-Carp-1.50-460.el9.noarch                        ol9_appstream      35.1 kB
 perl-Class-Struct-0.66-481.1.el9_6.noarch            ol9_appstream      21.0 kB
 perl-Data-Dumper-2.174-462.el9.x86_64                ol9_appstream      61.8 kB
 perl-Digest-1.19-4.el9.noarch                        ol9_appstream      35.7 kB
 perl-Digest-MD5-2.58-4.el9.x86_64                    ol9_appstream      42.2 kB
 perl-DynaLoader-1.47-481.1.el9_6.x86_64              ol9_appstream      24.7 kB
 perl-Encode-4:3.08-462.el9.x86_64                    ol9_appstream       1.8 MB
 perl-Errno-1.30-481.1.el9_6.x86_64                   ol9_appstream      13.6 kB
 perl-Error-1:0.17029-7.el9.noarch                    ol9_appstream      58.1 kB
 perl-Exporter-5.74-461.el9.noarch                    ol9_appstream      38.4 kB
 perl-Fcntl-1.13-481.1.el9_6.x86_64                   ol9_appstream      19.2 kB
 perl-File-Basename-2.85-481.1.el9_6.noarch           ol9_appstream      16.0 kB
 perl-File-Find-1.37-481.1.el9_6.noarch               ol9_appstream      24.4 kB
 perl-File-Path-2.18-4.el9.noarch                     ol9_appstream      37.0 kB
 perl-File-Temp-1:0.231.100-4.el9.noarch              ol9_appstream      68.4 kB
 perl-File-stat-1.09-481.1.el9_6.noarch               ol9_appstream      15.9 kB
 perl-FileHandle-2.03-481.1.el9_6.noarch              ol9_appstream      14.3 kB
 perl-Getopt-Long-1:2.52-4.el9.noarch                 ol9_appstream      72.9 kB
 perl-Getopt-Std-1.12-481.1.el9_6.noarch              ol9_appstream      14.4 kB
 perl-Git-2.47.3-1.el9_6.noarch                       ol9_appstream      43.3 kB
 perl-HTTP-Tiny-0.076-462.el9.noarch                  ol9_appstream      64.6 kB
 perl-IO-1.43-481.1.el9_6.x86_64                      ol9_appstream     111.4 kB
 perl-IO-Socket-IP-0.41-5.el9.noarch                  ol9_appstream      50.4 kB
 perl-IO-Socket-SSL-2.073-2.el9.noarch                ol9_appstream     239.6 kB
 perl-IPC-Open3-1.21-481.1.el9_6.noarch               ol9_appstream      26.6 kB
 perl-MIME-Base64-3.16-4.el9.x86_64                   ol9_appstream      38.6 kB
 perl-Mozilla-CA-20200520-6.el9.noarch                ol9_appstream      13.3 kB
 perl-NDBM_File-1.15-481.1.el9_6.x86_64               ol9_appstream      20.9 kB
 perl-Net-SSLeay-1.94-3.el9.x86_64                    ol9_appstream     516.4 kB
 perl-POSIX-1.94-481.1.el9_6.x86_64                   ol9_appstream     101.6 kB
 perl-PathTools-3.78-461.el9.x86_64                   ol9_appstream     110.4 kB
 perl-Pod-Escapes-1:1.07-460.el9.noarch               ol9_appstream      21.1 kB
 perl-Pod-Perldoc-3.28.01-461.el9.noarch              ol9_appstream     118.6 kB
 perl-Pod-Simple-1:3.42-4.el9.noarch                  ol9_appstream     278.8 kB
 perl-Pod-Usage-4:2.01-4.el9.noarch                   ol9_appstream      48.9 kB
 perl-Scalar-List-Utils-4:1.56-462.el9.x86_64         ol9_appstream      83.3 kB
 perl-SelectSaver-1.02-481.1.el9_6.noarch             ol9_appstream      10.4 kB
 perl-Socket-4:2.031-4.el9.x86_64                     ol9_appstream      63.5 kB
 perl-Storable-1:3.21-460.el9.x86_64                  ol9_appstream     102.6 kB
 perl-Symbol-1.08-481.1.el9_6.noarch                  ol9_appstream      12.9 kB
 perl-Term-ANSIColor-5.01-461.el9.noarch              ol9_appstream      55.6 kB
 perl-Term-Cap-1.17-460.el9.noarch                    ol9_appstream      27.8 kB
 perl-TermReadKey-2.38-11.el9.x86_64                  ol9_appstream      43.3 kB
 perl-Text-ParseWords-3.30-460.el9.noarch             ol9_appstream      17.2 kB
 perl-Text-Tabs+Wrap-2013.0523-460.el9.noarch         ol9_appstream      29.8 kB
 perl-Time-Local-2:1.300-7.el9.noarch                 ol9_appstream      41.9 kB
 perl-URI-5.09-3.el9.noarch                           ol9_appstream     183.8 kB
 perl-base-2.27-481.1.el9_6.noarch                    ol9_appstream      15.0 kB
 perl-constant-1.33-461.el9.noarch                    ol9_appstream      28.9 kB
 perl-if-0.60.800-481.1.el9_6.noarch                  ol9_appstream      12.7 kB
 perl-interpreter-4:5.32.1-481.1.el9_6.x86_64         ol9_appstream      77.8 kB
 perl-lib-0.65-481.1.el9_6.x86_64                     ol9_appstream      13.6 kB
 perl-libnet-3.13-4.el9.noarch                        ol9_appstream     161.1 kB
 perl-libs-4:5.32.1-481.1.el9_6.x86_64                ol9_appstream       2.8 MB
 perl-mro-1.23-481.1.el9_6.x86_64                     ol9_appstream      27.2 kB
 perl-overload-1.31-481.1.el9_6.noarch                ol9_appstream      45.0 kB
 perl-overloading-0.02-481.1.el9_6.noarch             ol9_appstream      11.6 kB
 perl-parent-1:0.238-460.el9.noarch                   ol9_appstream      15.3 kB
 perl-podlators-1:4.14-460.el9.noarch                 ol9_appstream     138.6 kB
 perl-subs-1.03-481.1.el9_6.noarch                    ol9_appstream      10.3 kB
 perl-vars-1.05-481.1.el9_6.noarch                    ol9_appstream      11.7 kB
Upgrading:                                                                      
 curl-7.76.1-35.el9_7.3.x86_64                        ol9_baseos_latest 310.0 kB
  replacing curl-7.76.1-23.el9_2.4.x86_64                                       
 libcurl-7.76.1-35.el9_7.3.x86_64                     ol9_baseos_latest 289.2 kB
  replacing libcurl-7.76.1-23.el9_2.4.x86_64                                    
 libcurl-devel-7.76.1-35.el9_7.3.x86_64               ol9_appstream       1.5 MB
  replacing libcurl-devel-7.76.1-23.el9_2.4.x86_64                              
 openssl-1:3.5.1-7.0.1.el9_7.x86_64                   ol9_baseos_latest   1.7 MB
  replacing openssl-1:3.0.7-17.0.1.el9_2.x86_64                                 
 openssl-devel-1:3.5.1-7.0.1.el9_7.x86_64             ol9_appstream       4.4 MB
  replacing openssl-devel-1:3.0.7-17.0.1.el9_2.x86_64                           
 openssl-libs-1:3.5.1-7.0.1.el9_7.x86_64              ol9_baseos_latest   2.4 MB
  replacing openssl-libs-1:3.0.7-17.0.1.el9_2.x86_64                            
 tar-2:1.34-9.el9_7.x86_64                            ol9_baseos_latest 949.0 kB
   replacing tar-2:1.34-6.el9_1.x86_64                                          
Transaction Summary:
 Installing:       76 packages
 Reinstalling:      0 packages
 Upgrading:         7 packages
 Obsoleting:        0 packages
 Removing:          0 packages
 Downgrading:       0 packages
Downloading packages...
Running transaction test...
Installing: emacs-filesystem;1:27.2-18.el9;noarch;ol9_appstream
Installing: openssl-fips-provider-so;3.0.7-8.0.1.el9;x86_64;ol9_baseos_latest
Installing: openssl-fips-provider;3.0.7-8.0.1.el9;x86_64;ol9_baseos_latest
Updating: openssl-libs;1:3.5.1-7.0.1.el9_7;x86_64;ol9_baseos_latest
Updating: libcurl;7.76.1-35.el9_7.3;x86_64;ol9_baseos_latest
Installing: openssh;8.7p1-49.0.1.el9_7;x86_64;ol9_baseos_latest
Installing: ncurses;6.2-8.20210508.el9;x86_64;ol9_baseos_latest
Installing: libedit;3.1-38.20210216cvs.el9;x86_64;ol9_baseos_latest
Installing: libcbor;0.7.0-5.el9;x86_64;ol9_baseos_latest
Installing: libfido2;1.13.0-2.el9;x86_64;ol9_baseos_latest
Installing: openssh-clients;8.7p1-49.0.1.el9_7;x86_64;ol9_baseos_latest
Installing: git-core;2.47.3-1.el9_6;x86_64;ol9_appstream
Installing: git-core-doc;2.47.3-1.el9_6;noarch;ol9_appstream
Installing: groff-base;1.22.4-10.el9;x86_64;ol9_baseos_latest
Installing: perl-Digest;1.19-4.el9;noarch;ol9_appstream
Installing: perl-Digest-MD5;2.58-4.el9;x86_64;ol9_appstream
Installing: perl-B;1.80-481.1.el9_6;x86_64;ol9_appstream
Installing: perl-FileHandle;2.03-481.1.el9_6;noarch;ol9_appstream
Installing: perl-Data-Dumper;2.174-462.el9;x86_64;ol9_appstream
Installing: perl-libnet;3.13-4.el9;noarch;ol9_appstream
Installing: perl-AutoLoader;5.74-481.1.el9_6;noarch;ol9_appstream
Installing: perl-base;2.27-481.1.el9_6;noarch;ol9_appstream
Installing: perl-URI;5.09-3.el9;noarch;ol9_appstream
Installing: perl-Mozilla-CA;20200520-6.el9;noarch;ol9_appstream
Installing: perl-if;0.60.800-481.1.el9_6;noarch;ol9_appstream
Installing: perl-IO-Socket-IP;0.41-5.el9;noarch;ol9_appstream
Installing: perl-Time-Local;2:1.300-7.el9;noarch;ol9_appstream
Installing: perl-File-Path;2.18-4.el9;noarch;ol9_appstream
Installing: perl-IO-Socket-SSL;2.073-2.el9;noarch;ol9_appstream
Installing: perl-Net-SSLeay;1.94-3.el9;x86_64;ol9_appstream
Installing: perl-Pod-Escapes;1:1.07-460.el9;noarch;ol9_appstream
Installing: perl-Text-Tabs+Wrap;2013.0523-460.el9;noarch;ol9_appstream
Installing: perl-Class-Struct;0.66-481.1.el9_6;noarch;ol9_appstream
Installing: perl-POSIX;1.94-481.1.el9_6;x86_64;ol9_appstream
Installing: perl-Term-ANSIColor;5.01-461.el9;noarch;ol9_appstream
Installing: perl-IPC-Open3;1.21-481.1.el9_6;noarch;ol9_appstream
Installing: perl-subs;1.03-481.1.el9_6;noarch;ol9_appstream
Installing: perl-File-Temp;1:0.231.100-4.el9;noarch;ol9_appstream
Installing: perl-HTTP-Tiny;0.076-462.el9;noarch;ol9_appstream
Installing: perl-Term-Cap;1.17-460.el9;noarch;ol9_appstream
Installing: perl-Pod-Simple;1:3.42-4.el9;noarch;ol9_appstream
Installing: perl-Socket;4:2.031-4.el9;x86_64;ol9_appstream
Installing: perl-SelectSaver;1.02-481.1.el9_6;noarch;ol9_appstream
Installing: perl-Symbol;1.08-481.1.el9_6;noarch;ol9_appstream
Installing: perl-File-stat;1.09-481.1.el9_6;noarch;ol9_appstream
Installing: perl-podlators;1:4.14-460.el9;noarch;ol9_appstream
Installing: perl-Pod-Perldoc;3.28.01-461.el9;noarch;ol9_appstream
Installing: perl-Fcntl;1.13-481.1.el9_6;x86_64;ol9_appstream
Installing: perl-Text-ParseWords;3.30-460.el9;noarch;ol9_appstream
Installing: perl-mro;1.23-481.1.el9_6;x86_64;ol9_appstream
Installing: perl-IO;1.43-481.1.el9_6;x86_64;ol9_appstream
Installing: perl-overloading;0.02-481.1.el9_6;noarch;ol9_appstream
Installing: perl-Pod-Usage;4:2.01-4.el9;noarch;ol9_appstream
Installing: perl-Errno;1.30-481.1.el9_6;x86_64;ol9_appstream
Installing: perl-File-Basename;2.85-481.1.el9_6;noarch;ol9_appstream
Installing: perl-Getopt-Std;1.12-481.1.el9_6;noarch;ol9_appstream
Installing: perl-MIME-Base64;3.16-4.el9;x86_64;ol9_appstream
Installing: perl-Scalar-List-Utils;4:1.56-462.el9;x86_64;ol9_appstream
Installing: perl-constant;1.33-461.el9;noarch;ol9_appstream
Installing: perl-Storable;1:3.21-460.el9;x86_64;ol9_appstream
Installing: perl-overload;1.31-481.1.el9_6;noarch;ol9_appstream
Installing: perl-parent;1:0.238-460.el9;noarch;ol9_appstream
Installing: perl-vars;1.05-481.1.el9_6;noarch;ol9_appstream
Installing: perl-Getopt-Long;1:2.52-4.el9;noarch;ol9_appstream
Installing: perl-Carp;1.50-460.el9;noarch;ol9_appstream
Installing: perl-Exporter;5.74-461.el9;noarch;ol9_appstream
Installing: perl-NDBM_File;1.15-481.1.el9_6;x86_64;ol9_appstream
Installing: perl-PathTools;3.78-461.el9;x86_64;ol9_appstream
Installing: perl-Encode;4:3.08-462.el9;x86_64;ol9_appstream
Installing: perl-libs;4:5.32.1-481.1.el9_6;x86_64;ol9_appstream
Installing: perl-interpreter;4:5.32.1-481.1.el9_6;x86_64;ol9_appstream
Installing: perl-DynaLoader;1.47-481.1.el9_6;x86_64;ol9_appstream
Installing: perl-TermReadKey;2.38-11.el9;x86_64;ol9_appstream
Installing: perl-Error;1:0.17029-7.el9;noarch;ol9_appstream
Installing: perl-File-Find;1.37-481.1.el9_6;noarch;ol9_appstream
Installing: perl-lib;0.65-481.1.el9_6;x86_64;ol9_appstream
Installing: perl-Git;2.47.3-1.el9_6;noarch;ol9_appstream
Installing: git;2.47.3-1.el9_6;x86_64;ol9_appstream
Updating: curl;7.76.1-35.el9_7.3;x86_64;ol9_baseos_latest
Updating: libcurl-devel;7.76.1-35.el9_7.3;x86_64;ol9_appstream
Updating: openssl;1:3.5.1-7.0.1.el9_7;x86_64;ol9_baseos_latest
Updating: openssl-devel;1:3.5.1-7.0.1.el9_7;x86_64;ol9_appstream
Updating: tar;2:1.34-9.el9_7;x86_64;ol9_baseos_latest
Cleanup: openssl;1:3.0.7-17.0.1.el9_2;x86_64;installed
Cleanup: openssl-devel;1:3.0.7-17.0.1.el9_2;x86_64;installed
Cleanup: libcurl-devel;7.76.1-23.el9_2.4;x86_64;installed
Cleanup: curl;7.76.1-23.el9_2.4;x86_64;installed
Cleanup: libcurl;7.76.1-23.el9_2.4;x86_64;installed
Cleanup: openssl-libs;1:3.0.7-17.0.1.el9_2;x86_64;installed
Cleanup: tar;2:1.34-6.el9_1;x86_64;installed
Complete.

Verifying signatures ...
<---------------------> 0.00%
All features were successfully verified.

Verifying signatures ...
Verifying signatures ...
<---------------------> 0.00%
All features were successfully verified.
All features were successfully verified.

