[INFO] Scanning for projects...
[INFO] 
[INFO] ------------< com.programmingskillz:family-tree-xml-parser >------------
[INFO] Building family-tree-xml-parser 1.0.0-SNAPSHOT
[INFO]   from pom.xml
[INFO] --------------------------------[ jar ]---------------------------------
[WARNING] 1 problem was encountered while building the effective model for org.javassist:javassist:jar:3.21.0-GA during dependency collection step for project (use -X to see details)
[INFO] 
[INFO] --- jacoco:0.7.6.201602180812:prepare-agent (prepare-agent) @ family-tree-xml-parser ---
[INFO] Skipping JaCoCo execution because property jacoco.skip is set.
[INFO] argLine set to empty
[INFO] 
[INFO] --- resources:2.6:resources (default-resources) @ family-tree-xml-parser ---
[INFO] Using 'UTF-8' encoding to copy filtered resources.
[INFO] Copying 3 resources
[INFO] Copying 1 resource
[INFO] 
[INFO] --- compiler:3.1:compile (default-compile) @ family-tree-xml-parser ---
[INFO] Changes detected - recompiling the module!
[INFO] Compiling 14 source files to /project/target/classes
[INFO] -------------------------------------------------------------
[ERROR] COMPILATION ERROR : 
[INFO] -------------------------------------------------------------
[ERROR] /project/src/main/java/com/programmingskillz/familytreexmlparser/domain/Entries.java:[5,33] package javax.xml.bind.annotation does not exist
[ERROR] /project/src/main/java/com/programmingskillz/familytreexmlparser/domain/Entries.java:[6,33] package javax.xml.bind.annotation does not exist
[ERROR] /project/src/main/java/com/programmingskillz/familytreexmlparser/domain/Entries.java:[8,2] cannot find symbol
  symbol: class XmlRootElement
[ERROR] /project/src/main/java/com/programmingskillz/familytreexmlparser/domain/Entry.java:[3,33] package javax.xml.bind.annotation does not exist
[ERROR] /project/src/main/java/com/programmingskillz/familytreexmlparser/domain/Entry.java:[4,33] package javax.xml.bind.annotation does not exist
[ERROR] /project/src/main/java/com/programmingskillz/familytreexmlparser/domain/Entry.java:[5,33] package javax.xml.bind.annotation does not exist
[ERROR] /project/src/main/java/com/programmingskillz/familytreexmlparser/domain/Entry.java:[7,2] cannot find symbol
  symbol: class XmlRootElement
[ERROR] /project/src/main/java/com/programmingskillz/familytreexmlparser/infrastructure/ScheduledFileReader.java:[10,49] package org.springframework.scheduling.annotation does not exist
[ERROR] /project/src/main/java/com/programmingskillz/familytreexmlparser/infrastructure/ScheduledFileReader.java:[11,38] package org.springframework.stereotype does not exist
[ERROR] /project/src/main/java/com/programmingskillz/familytreexmlparser/infrastructure/ScheduledFileReader.java:[19,2] cannot find symbol
  symbol: class Component
[ERROR] /project/src/main/java/com/programmingskillz/familytreexmlparser/application/validator/PathValidator.java:[5,38] package org.springframework.stereotype does not exist
[ERROR] /project/src/main/java/com/programmingskillz/familytreexmlparser/application/validator/PathValidator.java:[9,2] cannot find symbol
  symbol: class Component
[ERROR] /project/src/main/java/com/programmingskillz/familytreexmlparser/application/EntriesXmlParser.java:[6,38] package org.springframework.stereotype does not exist
[ERROR] /project/src/main/java/com/programmingskillz/familytreexmlparser/application/EntriesXmlParser.java:[10,22] package javax.xml.bind does not exist
[ERROR] /project/src/main/java/com/programmingskillz/familytreexmlparser/application/EntriesXmlParser.java:[11,22] package javax.xml.bind does not exist
[ERROR] /project/src/main/java/com/programmingskillz/familytreexmlparser/application/EntriesXmlParser.java:[12,22] package javax.xml.bind does not exist
[ERROR] /project/src/main/java/com/programmingskillz/familytreexmlparser/application/EntriesXmlParser.java:[14,2] cannot find symbol
  symbol: class Component
[ERROR] /project/src/main/java/com/programmingskillz/familytreexmlparser/application/DocumentService.java:[9,38] package org.springframework.stereotype does not exist
[ERROR] /project/src/main/java/com/programmingskillz/familytreexmlparser/application/DocumentService.java:[13,2] cannot find symbol
  symbol: class Service
[ERROR] /project/src/main/java/com/programmingskillz/familytreexmlparser/application/validator/EntriesValidator.java:[6,38] package org.springframework.stereotype does not exist
[ERROR] /project/src/main/java/com/programmingskillz/familytreexmlparser/application/validator/EntriesValidator.java:[8,2] cannot find symbol
  symbol: class Component
[ERROR] /project/src/main/java/com/programmingskillz/familytreexmlparser/infrastructure/DocumentRepository.java:[8,38] package org.springframework.stereotype does not exist
[ERROR] /project/src/main/java/com/programmingskillz/familytreexmlparser/infrastructure/DocumentRepository.java:[13,2] cannot find symbol
  symbol: class Repository
[ERROR] /project/src/main/java/com/programmingskillz/FamilyTreeXmlParserApplication.java:[3,32] package org.springframework.boot does not exist
[ERROR] /project/src/main/java/com/programmingskillz/FamilyTreeXmlParserApplication.java:[5,49] package org.springframework.scheduling.annotation does not exist
[ERROR] /project/src/main/java/com/programmingskillz/FamilyTreeXmlParserApplication.java:[7,2] cannot find symbol
  symbol: class EnableScheduling
[ERROR] /project/src/main/java/com/programmingskillz/familytreexmlparser/api/DocumentController.java:[6,32] package org.springframework.http does not exist
[ERROR] /project/src/main/java/com/programmingskillz/familytreexmlparser/api/DocumentController.java:[7,32] package org.springframework.http does not exist
[ERROR] /project/src/main/java/com/programmingskillz/familytreexmlparser/api/DocumentController.java:[8,32] package org.springframework.http does not exist
[ERROR] /project/src/main/java/com/programmingskillz/familytreexmlparser/api/DocumentController.java:[9,47] package org.springframework.web.bind.annotation does not exist
[ERROR] /project/src/main/java/com/programmingskillz/familytreexmlparser/api/DocumentController.java:[10,47] package org.springframework.web.bind.annotation does not exist
[ERROR] /project/src/main/java/com/programmingskillz/familytreexmlparser/api/DocumentController.java:[11,47] package org.springframework.web.bind.annotation does not exist
[ERROR] /project/src/main/java/com/programmingskillz/familytreexmlparser/api/DocumentController.java:[13,2] cannot find symbol
  symbol: class RestController
[ERROR] /project/src/main/java/com/programmingskillz/familytreexmlparser/api/DocumentController.java:[24,10] cannot find symbol
  symbol:   class ResponseEntity
  location: class com.programmingskillz.familytreexmlparser.api.DocumentController
[ERROR] /project/src/main/java/com/programmingskillz/familytreexmlparser/api/ErrorHandler.java:[5,32] package org.springframework.http does not exist
[ERROR] /project/src/main/java/com/programmingskillz/familytreexmlparser/api/ErrorHandler.java:[6,32] package org.springframework.http does not exist
[ERROR] /project/src/main/java/com/programmingskillz/familytreexmlparser/api/ErrorHandler.java:[7,32] package org.springframework.http does not exist
[ERROR] /project/src/main/java/com/programmingskillz/familytreexmlparser/api/ErrorHandler.java:[8,47] package org.springframework.web.bind.annotation does not exist
[ERROR] /project/src/main/java/com/programmingskillz/familytreexmlparser/api/ErrorHandler.java:[9,47] package org.springframework.web.bind.annotation does not exist
[ERROR] /project/src/main/java/com/programmingskillz/familytreexmlparser/api/ErrorHandler.java:[11,2] cannot find symbol
  symbol: class RestControllerAdvice
[ERROR] /project/src/main/java/com/programmingskillz/familytreexmlparser/api/ErrorHandler.java:[15,10] cannot find symbol
  symbol:   class ResponseEntity
  location: class com.programmingskillz.familytreexmlparser.api.ErrorHandler
[ERROR] /project/src/main/java/com/programmingskillz/familytreexmlparser/api/ErrorHandler.java:[22,10] cannot find symbol
  symbol:   class ResponseEntity
  location: class com.programmingskillz.familytreexmlparser.api.ErrorHandler
[ERROR] /project/src/main/java/com/programmingskillz/familytreexmlparser/domain/Entries.java:[17,4] cannot find symbol
  symbol:   class XmlElement
  location: class com.programmingskillz.familytreexmlparser.domain.Entries
[ERROR] /project/src/main/java/com/programmingskillz/familytreexmlparser/domain/Entry.java:[17,4] cannot find symbol
  symbol:   class XmlAttribute
  location: class com.programmingskillz.familytreexmlparser.domain.Entry
[ERROR] /project/src/main/java/com/programmingskillz/familytreexmlparser/domain/Entry.java:[26,4] cannot find symbol
  symbol:   class XmlValue
  location: class com.programmingskillz.familytreexmlparser.domain.Entry
[ERROR] /project/src/main/java/com/programmingskillz/familytreexmlparser/infrastructure/ScheduledFileReader.java:[39,4] cannot find symbol
  symbol:   class Scheduled
  location: class com.programmingskillz.familytreexmlparser.infrastructure.ScheduledFileReader
[ERROR] /project/src/main/java/com/programmingskillz/familytreexmlparser/api/DocumentController.java:[24,43] cannot find symbol
  symbol:   class RequestBody
  location: class com.programmingskillz.familytreexmlparser.api.DocumentController
[ERROR] /project/src/main/java/com/programmingskillz/familytreexmlparser/api/DocumentController.java:[23,4] cannot find symbol
  symbol:   class PostMapping
  location: class com.programmingskillz.familytreexmlparser.api.DocumentController
[ERROR] /project/src/main/java/com/programmingskillz/familytreexmlparser/api/DocumentController.java:[23,48] cannot find symbol
  symbol:   variable MediaType
  location: class com.programmingskillz.familytreexmlparser.api.DocumentController
[ERROR] /project/src/main/java/com/programmingskillz/familytreexmlparser/api/ErrorHandler.java:[14,4] cannot find symbol
  symbol:   class ExceptionHandler
  location: class com.programmingskillz.familytreexmlparser.api.ErrorHandler
[ERROR] /project/src/main/java/com/programmingskillz/familytreexmlparser/api/ErrorHandler.java:[21,4] cannot find symbol
  symbol:   class ExceptionHandler
  location: class com.programmingskillz.familytreexmlparser.api.ErrorHandler
[ERROR] /project/src/main/java/com/programmingskillz/familytreexmlparser/application/EntriesXmlParser.java:[21,7] cannot find symbol
  symbol:   class JAXBContext
  location: class com.programmingskillz.familytreexmlparser.application.EntriesXmlParser
[ERROR] /project/src/main/java/com/programmingskillz/familytreexmlparser/application/EntriesXmlParser.java:[21,29] cannot find symbol
  symbol:   variable JAXBContext
  location: class com.programmingskillz.familytreexmlparser.application.EntriesXmlParser
[ERROR] /project/src/main/java/com/programmingskillz/familytreexmlparser/application/EntriesXmlParser.java:[22,7] cannot find symbol
  symbol:   class Unmarshaller
  location: class com.programmingskillz.familytreexmlparser.application.EntriesXmlParser
[ERROR] /project/src/main/java/com/programmingskillz/familytreexmlparser/application/EntriesXmlParser.java:[24,14] cannot find symbol
  symbol:   class JAXBException
  location: class com.programmingskillz.familytreexmlparser.application.EntriesXmlParser
[ERROR] /project/src/main/java/com/programmingskillz/FamilyTreeXmlParserApplication.java:[11,5] cannot find symbol
  symbol:   variable SpringApplication
  location: class com.programmingskillz.FamilyTreeXmlParserApplication
[ERROR] /project/src/main/java/com/programmingskillz/familytreexmlparser/api/DocumentController.java:[29,22] cannot find symbol
  symbol:   variable MediaType
  location: class com.programmingskillz.familytreexmlparser.api.DocumentController
[ERROR] /project/src/main/java/com/programmingskillz/familytreexmlparser/api/DocumentController.java:[28,34] cannot find symbol
  symbol:   variable HttpStatus
  location: class com.programmingskillz.familytreexmlparser.api.DocumentController
[ERROR] /project/src/main/java/com/programmingskillz/familytreexmlparser/api/DocumentController.java:[28,12] cannot find symbol
  symbol:   variable ResponseEntity
  location: class com.programmingskillz.familytreexmlparser.api.DocumentController
[ERROR] /project/src/main/java/com/programmingskillz/familytreexmlparser/api/ErrorHandler.java:[17,22] cannot find symbol
  symbol:   variable MediaType
  location: class com.programmingskillz.familytreexmlparser.api.ErrorHandler
[ERROR] /project/src/main/java/com/programmingskillz/familytreexmlparser/api/ErrorHandler.java:[16,34] cannot find symbol
  symbol:   variable HttpStatus
  location: class com.programmingskillz.familytreexmlparser.api.ErrorHandler
[ERROR] /project/src/main/java/com/programmingskillz/familytreexmlparser/api/ErrorHandler.java:[16,12] cannot find symbol
  symbol:   variable ResponseEntity
  location: class com.programmingskillz.familytreexmlparser.api.ErrorHandler
[ERROR] /project/src/main/java/com/programmingskillz/familytreexmlparser/api/ErrorHandler.java:[24,22] cannot find symbol
  symbol:   variable MediaType
  location: class com.programmingskillz.familytreexmlparser.api.ErrorHandler
[ERROR] /project/src/main/java/com/programmingskillz/familytreexmlparser/api/ErrorHandler.java:[23,34] cannot find symbol
  symbol:   variable HttpStatus
  location: class com.programmingskillz.familytreexmlparser.api.ErrorHandler
[ERROR] /project/src/main/java/com/programmingskillz/familytreexmlparser/api/ErrorHandler.java:[23,12] cannot find symbol
  symbol:   variable ResponseEntity
  location: class com.programmingskillz.familytreexmlparser.api.ErrorHandler
[INFO] 65 errors 
[INFO] -------------------------------------------------------------
[INFO] ------------------------------------------------------------------------
[INFO] BUILD FAILURE
[INFO] ------------------------------------------------------------------------
[INFO] Total time:  5.056 s
[INFO] Finished at: 2026-09-11T19:37:21Z
[INFO] ------------------------------------------------------------------------
[ERROR] Failed to execute goal org.apache.maven.plugins:maven-compiler-plugin:3.1:compile (default-compile) on project family-tree-xml-parser: Compilation failure: Compilation failure: 
[ERROR] /project/src/main/java/com/programmingskillz/familytreexmlparser/domain/Entries.java:[5,33] package javax.xml.bind.annotation does not exist
[ERROR] /project/src/main/java/com/programmingskillz/familytreexmlparser/domain/Entries.java:[6,33] package javax.xml.bind.annotation does not exist
[ERROR] /project/src/main/java/com/programmingskillz/familytreexmlparser/domain/Entries.java:[8,2] cannot find symbol
[ERROR]   symbol: class XmlRootElement
[ERROR] /project/src/main/java/com/programmingskillz/familytreexmlparser/domain/Entry.java:[3,33] package javax.xml.bind.annotation does not exist
[ERROR] /project/src/main/java/com/programmingskillz/familytreexmlparser/domain/Entry.java:[4,33] package javax.xml.bind.annotation does not exist
[ERROR] /project/src/main/java/com/programmingskillz/familytreexmlparser/domain/Entry.java:[5,33] package javax.xml.bind.annotation does not exist
[ERROR] /project/src/main/java/com/programmingskillz/familytreexmlparser/domain/Entry.java:[7,2] cannot find symbol
[ERROR]   symbol: class XmlRootElement
[ERROR] /project/src/main/java/com/programmingskillz/familytreexmlparser/infrastructure/ScheduledFileReader.java:[10,49] package org.springframework.scheduling.annotation does not exist
[ERROR] /project/src/main/java/com/programmingskillz/familytreexmlparser/infrastructure/ScheduledFileReader.java:[11,38] package org.springframework.stereotype does not exist
[ERROR] /project/src/main/java/com/programmingskillz/familytreexmlparser/infrastructure/ScheduledFileReader.java:[19,2] cannot find symbol
[ERROR]   symbol: class Component
[ERROR] /project/src/main/java/com/programmingskillz/familytreexmlparser/application/validator/PathValidator.java:[5,38] package org.springframework.stereotype does not exist
[ERROR] /project/src/main/java/com/programmingskillz/familytreexmlparser/application/validator/PathValidator.java:[9,2] cannot find symbol
[ERROR]   symbol: class Component
[ERROR] /project/src/main/java/com/programmingskillz/familytreexmlparser/application/EntriesXmlParser.java:[6,38] package org.springframework.stereotype does not exist
[ERROR] /project/src/main/java/com/programmingskillz/familytreexmlparser/application/EntriesXmlParser.java:[10,22] package javax.xml.bind does not exist
[ERROR] /project/src/main/java/com/programmingskillz/familytreexmlparser/application/EntriesXmlParser.java:[11,22] package javax.xml.bind does not exist
[ERROR] /project/src/main/java/com/programmingskillz/familytreexmlparser/application/EntriesXmlParser.java:[12,22] package javax.xml.bind does not exist
[ERROR] /project/src/main/java/com/programmingskillz/familytreexmlparser/application/EntriesXmlParser.java:[14,2] cannot find symbol
[ERROR]   symbol: class Component
[ERROR] /project/src/main/java/com/programmingskillz/familytreexmlparser/application/DocumentService.java:[9,38] package org.springframework.stereotype does not exist
[ERROR] /project/src/main/java/com/programmingskillz/familytreexmlparser/application/DocumentService.java:[13,2] cannot find symbol
[ERROR]   symbol: class Service
[ERROR] /project/src/main/java/com/programmingskillz/familytreexmlparser/application/validator/EntriesValidator.java:[6,38] package org.springframework.stereotype does not exist
[ERROR] /project/src/main/java/com/programmingskillz/familytreexmlparser/application/validator/EntriesValidator.java:[8,2] cannot find symbol
[ERROR]   symbol: class Component
[ERROR] /project/src/main/java/com/programmingskillz/familytreexmlparser/infrastructure/DocumentRepository.java:[8,38] package org.springframework.stereotype does not exist
[ERROR] /project/src/main/java/com/programmingskillz/familytreexmlparser/infrastructure/DocumentRepository.java:[13,2] cannot find symbol
[ERROR]   symbol: class Repository
[ERROR] /project/src/main/java/com/programmingskillz/FamilyTreeXmlParserApplication.java:[3,32] package org.springframework.boot does not exist
[ERROR] /project/src/main/java/com/programmingskillz/FamilyTreeXmlParserApplication.java:[5,49] package org.springframework.scheduling.annotation does not exist
[ERROR] /project/src/main/java/com/programmingskillz/FamilyTreeXmlParserApplication.java:[7,2] cannot find symbol
[ERROR]   symbol: class EnableScheduling
[ERROR] /project/src/main/java/com/programmingskillz/familytreexmlparser/api/DocumentController.java:[6,32] package org.springframework.http does not exist
[ERROR] /project/src/main/java/com/programmingskillz/familytreexmlparser/api/DocumentController.java:[7,32] package org.springframework.http does not exist
[ERROR] /project/src/main/java/com/programmingskillz/familytreexmlparser/api/DocumentController.java:[8,32] package org.springframework.http does not exist
[ERROR] /project/src/main/java/com/programmingskillz/familytreexmlparser/api/DocumentController.java:[9,47] package org.springframework.web.bind.annotation does not exist
[ERROR] /project/src/main/java/com/programmingskillz/familytreexmlparser/api/DocumentController.java:[10,47] package org.springframework.web.bind.annotation does not exist
[ERROR] /project/src/main/java/com/programmingskillz/familytreexmlparser/api/DocumentController.java:[11,47] package org.springframework.web.bind.annotation does not exist
[ERROR] /project/src/main/java/com/programmingskillz/familytreexmlparser/api/DocumentController.java:[13,2] cannot find symbol
[ERROR]   symbol: class RestController
[ERROR] /project/src/main/java/com/programmingskillz/familytreexmlparser/api/DocumentController.java:[24,10] cannot find symbol
[ERROR]   symbol:   class ResponseEntity
[ERROR]   location: class com.programmingskillz.familytreexmlparser.api.DocumentController
[ERROR] /project/src/main/java/com/programmingskillz/familytreexmlparser/api/ErrorHandler.java:[5,32] package org.springframework.http does not exist
[ERROR] /project/src/main/java/com/programmingskillz/familytreexmlparser/api/ErrorHandler.java:[6,32] package org.springframework.http does not exist
[ERROR] /project/src/main/java/com/programmingskillz/familytreexmlparser/api/ErrorHandler.java:[7,32] package org.springframework.http does not exist
[ERROR] /project/src/main/java/com/programmingskillz/familytreexmlparser/api/ErrorHandler.java:[8,47] package org.springframework.web.bind.annotation does not exist
[ERROR] /project/src/main/java/com/programmingskillz/familytreexmlparser/api/ErrorHandler.java:[9,47] package org.springframework.web.bind.annotation does not exist
[ERROR] /project/src/main/java/com/programmingskillz/familytreexmlparser/api/ErrorHandler.java:[11,2] cannot find symbol
[ERROR]   symbol: class RestControllerAdvice
[ERROR] /project/src/main/java/com/programmingskillz/familytreexmlparser/api/ErrorHandler.java:[15,10] cannot find symbol
[ERROR]   symbol:   class ResponseEntity
[ERROR]   location: class com.programmingskillz.familytreexmlparser.api.ErrorHandler
[ERROR] /project/src/main/java/com/programmingskillz/familytreexmlparser/api/ErrorHandler.java:[22,10] cannot find symbol
[ERROR]   symbol:   class ResponseEntity
[ERROR]   location: class com.programmingskillz.familytreexmlparser.api.ErrorHandler
[ERROR] /project/src/main/java/com/programmingskillz/familytreexmlparser/domain/Entries.java:[17,4] cannot find symbol
[ERROR]   symbol:   class XmlElement
[ERROR]   location: class com.programmingskillz.familytreexmlparser.domain.Entries
[ERROR] /project/src/main/java/com/programmingskillz/familytreexmlparser/domain/Entry.java:[17,4] cannot find symbol
[ERROR]   symbol:   class XmlAttribute
[ERROR]   location: class com.programmingskillz.familytreexmlparser.domain.Entry
[ERROR] /project/src/main/java/com/programmingskillz/familytreexmlparser/domain/Entry.java:[26,4] cannot find symbol
[ERROR]   symbol:   class XmlValue
[ERROR]   location: class com.programmingskillz.familytreexmlparser.domain.Entry
[ERROR] /project/src/main/java/com/programmingskillz/familytreexmlparser/infrastructure/ScheduledFileReader.java:[39,4] cannot find symbol
[ERROR]   symbol:   class Scheduled
[ERROR]   location: class com.programmingskillz.familytreexmlparser.infrastructure.ScheduledFileReader
[ERROR] /project/src/main/java/com/programmingskillz/familytreexmlparser/api/DocumentController.java:[24,43] cannot find symbol
[ERROR]   symbol:   class RequestBody
[ERROR]   location: class com.programmingskillz.familytreexmlparser.api.DocumentController
[ERROR] /project/src/main/java/com/programmingskillz/familytreexmlparser/api/DocumentController.java:[23,4] cannot find symbol
[ERROR]   symbol:   class PostMapping
[ERROR]   location: class com.programmingskillz.familytreexmlparser.api.DocumentController
[ERROR] /project/src/main/java/com/programmingskillz/familytreexmlparser/api/DocumentController.java:[23,48] cannot find symbol
[ERROR]   symbol:   variable MediaType
[ERROR]   location: class com.programmingskillz.familytreexmlparser.api.DocumentController
[ERROR] /project/src/main/java/com/programmingskillz/familytreexmlparser/api/ErrorHandler.java:[14,4] cannot find symbol
[ERROR]   symbol:   class ExceptionHandler
[ERROR]   location: class com.programmingskillz.familytreexmlparser.api.ErrorHandler
[ERROR] /project/src/main/java/com/programmingskillz/familytreexmlparser/api/ErrorHandler.java:[21,4] cannot find symbol
[ERROR]   symbol:   class ExceptionHandler
[ERROR]   location: class com.programmingskillz.familytreexmlparser.api.ErrorHandler
[ERROR] /project/src/main/java/com/programmingskillz/familytreexmlparser/application/EntriesXmlParser.java:[21,7] cannot find symbol
[ERROR]   symbol:   class JAXBContext
[ERROR]   location: class com.programmingskillz.familytreexmlparser.application.EntriesXmlParser
[ERROR] /project/src/main/java/com/programmingskillz/familytreexmlparser/application/EntriesXmlParser.java:[21,29] cannot find symbol
[ERROR]   symbol:   variable JAXBContext
[ERROR]   location: class com.programmingskillz.familytreexmlparser.application.EntriesXmlParser
[ERROR] /project/src/main/java/com/programmingskillz/familytreexmlparser/application/EntriesXmlParser.java:[22,7] cannot find symbol
[ERROR]   symbol:   class Unmarshaller
[ERROR]   location: class com.programmingskillz.familytreexmlparser.application.EntriesXmlParser
[ERROR] /project/src/main/java/com/programmingskillz/familytreexmlparser/application/EntriesXmlParser.java:[24,14] cannot find symbol
[ERROR]   symbol:   class JAXBException
[ERROR]   location: class com.programmingskillz.familytreexmlparser.application.EntriesXmlParser
[ERROR] /project/src/main/java/com/programmingskillz/FamilyTreeXmlParserApplication.java:[11,5] cannot find symbol
[ERROR]   symbol:   variable SpringApplication
[ERROR]   location: class com.programmingskillz.FamilyTreeXmlParserApplication
[ERROR] /project/src/main/java/com/programmingskillz/familytreexmlparser/api/DocumentController.java:[29,22] cannot find symbol
[ERROR]   symbol:   variable MediaType
[ERROR]   location: class com.programmingskillz.familytreexmlparser.api.DocumentController
[ERROR] /project/src/main/java/com/programmingskillz/familytreexmlparser/api/DocumentController.java:[28,34] cannot find symbol
[ERROR]   symbol:   variable HttpStatus
[ERROR]   location: class com.programmingskillz.familytreexmlparser.api.DocumentController
[ERROR] /project/src/main/java/com/programmingskillz/familytreexmlparser/api/DocumentController.java:[28,12] cannot find symbol
[ERROR]   symbol:   variable ResponseEntity
[ERROR]   location: class com.programmingskillz.familytreexmlparser.api.DocumentController
[ERROR] /project/src/main/java/com/programmingskillz/familytreexmlparser/api/ErrorHandler.java:[17,22] cannot find symbol
[ERROR]   symbol:   variable MediaType
[ERROR]   location: class com.programmingskillz.familytreexmlparser.api.ErrorHandler
[ERROR] /project/src/main/java/com/programmingskillz/familytreexmlparser/api/ErrorHandler.java:[16,34] cannot find symbol
[ERROR]   symbol:   variable HttpStatus
[ERROR]   location: class com.programmingskillz.familytreexmlparser.api.ErrorHandler
[ERROR] /project/src/main/java/com/programmingskillz/familytreexmlparser/api/ErrorHandler.java:[16,12] cannot find symbol
[ERROR]   symbol:   variable ResponseEntity
[ERROR]   location: class com.programmingskillz.familytreexmlparser.api.ErrorHandler
[ERROR] /project/src/main/java/com/programmingskillz/familytreexmlparser/api/ErrorHandler.java:[24,22] cannot find symbol
[ERROR]   symbol:   variable MediaType
[ERROR]   location: class com.programmingskillz.familytreexmlparser.api.ErrorHandler
[ERROR] /project/src/main/java/com/programmingskillz/familytreexmlparser/api/ErrorHandler.java:[23,34] cannot find symbol
[ERROR]   symbol:   variable HttpStatus
[ERROR]   location: class com.programmingskillz.familytreexmlparser.api.ErrorHandler
[ERROR] /project/src/main/java/com/programmingskillz/familytreexmlparser/api/ErrorHandler.java:[23,12] cannot find symbol
[ERROR]   symbol:   variable ResponseEntity
[ERROR]   location: class com.programmingskillz.familytreexmlparser.api.ErrorHandler
[ERROR] -> [Help 1]
[ERROR] 
[ERROR] To see the full stack trace of the errors, re-run Maven with the -e switch.
[ERROR] Re-run Maven using the -X switch to enable full debug logging.
[ERROR] 
[ERROR] For more information about the errors and possible solutions, please read the following articles:
[ERROR] [Help 1] http://cwiki.apache.org/confluence/display/MAVEN/MojoFailureException
