[INFO] Scanning for projects...
[INFO] 
[INFO] ----------< io.github.bmarwell.shiro:shiro.jwt.jaxrs.finish >-----------
[INFO] Building Apache Shiro + mpJWT :: finish server 1.0.0-SNAPSHOT
[INFO]   from pom.xml
[INFO] --------------------------------[ war ]---------------------------------
[INFO] 
[INFO] --- slimming:1.0:singleModuleCheck (default-cli) @ shiro.jwt.jaxrs.finish ---
[INFO] mvn test successfully
[INFO] The project has no target/test-classes folder
[INFO] ------------------------------------------------------------------------
[INFO] ---------------------------< START ANALYSE >----------------------------
[INFO] ------------------------------------------------------------------------
[INFO] *************************** S L I M M I N G ****************************
[INFO] ------------------------------------------------------------------------
[INFO] Successfully collect licenses Successfully!
[INFO] ALL DEPENDENCY[61]:
[INFO]  USED DEPENDENCY[61]:
[INFO]   USED DIRECT DEPENDENCY[9]:
[INFO] 		org.apache.shiro:shiro-jaxrs:1.13.0:compile [16 KB]
[INFO] 		io.jsonwebtoken:jjwt-api:0.12.7:compile [137 KB]
[INFO] 		javax.xml.bind:jaxb-api:2.3.1:provided [125 KB]
[INFO] 		org.apache.johnzon:johnzon-jsonb:1.2.21:test [133 KB]
[INFO] 		io.jsonwebtoken:jjwt-impl:0.12.7:runtime [470 KB]
[INFO] 		org.glassfish.jaxb:jaxb-runtime:4.0.5:test [898 KB]
[INFO] 		jakarta.json:jakarta.json-api:1.1.6:provided [42 KB]
[INFO] 		org.apache.cxf:cxf-rt-rs-client:3.6.8:test [187 KB]
[INFO] 		io.github.bmarwell.shiro:shiro.jwt.jaxrs.keystore:1.0.0-SNAPSHOT:compile [6 KB]
[INFO]   USED TRANSITIVE DEPENDENCY[32]:
[INFO] 		javax.activation:javax.activation-api:1.2.0:provided [55 KB]
[INFO] 		org.glassfish.jaxb:txw2:4.0.5:test [71 KB]
[INFO] 		org.apache.cxf:cxf-rt-transports-http:3.6.8:test [433 KB]
[INFO] 		org.apache.cxf:cxf-rt-frontend-jaxrs:3.6.8:test [694 KB]
[INFO] 		org.glassfish.jaxb:jaxb-core:4.0.5:test [135 KB]
[INFO] 		org.apache.shiro:shiro-config-core:1.13.0:compile [17 KB]
[INFO] 		org.apache.shiro:shiro-event:1.13.0:compile [18 KB]
[INFO] 		org.apache.shiro:shiro-config-ogdl:1.13.0:compile [42 KB]
[INFO] 		org.eclipse.angus:angus-activation:2.0.2:test [26 KB]
[INFO] 		org.apache.shiro:shiro-crypto-hash:1.13.0:compile [33 KB]
[INFO] 		org.apache.ws.xmlschema:xmlschema-core:2.3.1:test [169 KB]
[INFO] 		org.apache.shiro:shiro-lang:1.13.0:compile [50 KB]
[INFO] 		org.apache.johnzon:johnzon-core:1.2.21:test [160 KB]
[INFO] 		jakarta.annotation:jakarta.annotation-api:1.3.5:test [24 KB]
[INFO] 		org.apache.cxf:cxf-core:3.6.8:test [1 MB]
[INFO] 		org.apache.cxf:cxf-rt-security:3.6.8:test [41 KB]
[INFO] 		javax.ws.rs:javax.ws.rs-api:2.1.1:compile [123 KB]
[INFO] 		org.codehaus.woodstox:stax2-api:4.2.2:test [191 KB]
[INFO] 		org.owasp.encoder:encoder:1.2.3:compile [37 KB]
[INFO] 		org.apache.shiro:shiro-core:1.13.0:compile [415 KB]
[INFO] 		org.slf4j:slf4j-api:2.0.17:compile [68 KB]
[INFO] 		jakarta.xml.bind:jakarta.xml.bind-api:4.0.2:test [unknow]
[INFO] 		org.apache.shiro:shiro-crypto-core:1.13.0:compile [10 KB]
[INFO] 		com.fasterxml.woodstox:woodstox-core:6.6.2:test [1 MB]
[INFO] 		jakarta.activation:jakarta.activation-api:2.1.3:test [64 KB]
[INFO] 		commons-collections:commons-collections:3.2.2:compile [574 KB]
[INFO] 		org.apache.shiro:shiro-cache:1.13.0:compile [13 KB]
[INFO] 		org.apache.shiro:shiro-web:1.13.0:compile [163 KB]
[INFO] 		org.apache.johnzon:johnzon-mapper:1.2.21:test [256 KB]
[INFO] 		com.sun.istack:istack-commons-runtime:4.1.2:test [25 KB]
[INFO] 		commons-beanutils:commons-beanutils:1.9.4:compile [241 KB]
[INFO] 		org.apache.shiro:shiro-crypto-cipher:1.13.0:compile [24 KB]
[INFO]   USED INHERIT DIRECT DEPENDENCY[10]:
[INFO] 		org.junit.jupiter:junit-jupiter-engine:5.13.4:test [333 KB]
[INFO] 		org.junit.jupiter:junit-jupiter-api:5.13.4:test [234 KB]
[INFO] 		jakarta.servlet:jakarta.servlet-api:4.0.4:provided [81 KB]
[INFO] 		org.assertj:assertj-core:3.27.4:test [1 MB]
[INFO] 		org.eclipse.microprofile.config:microprofile-config-api:2.0.1:provided [18 KB]
[INFO] 		jakarta.enterprise:jakarta.enterprise.cdi-api:2.0.2:provided [106 KB]
[INFO] 		jakarta.ws.rs:jakarta.ws.rs-api:2.1.6:provided [137 KB]
[INFO] 		org.slf4j:jcl-over-slf4j:2.0.17:runtime [17 KB]
[INFO] 		org.slf4j:slf4j-jdk14:2.0.17:runtime [10 KB]
[INFO] 		jakarta.json.bind:jakarta.json.bind-api:1.0.2:provided [34 KB]
[INFO]   USED INHERIT TRANSITIVE DEPENDENCY[10]:
[INFO] 		jakarta.inject:jakarta.inject-api:1.0:provided [4 KB]
[INFO] 		org.junit.platform:junit-platform-commons:1.13.4:test [154 KB]
[INFO] 		org.apiguardian:apiguardian-api:1.1.2:test [6 KB]
[INFO] 		org.opentest4j:opentest4j:1.3.0:test [13 KB]
[INFO] 		jakarta.transaction:jakarta.transaction-api:1.3.2:provided [27 KB]
[INFO] 		jakarta.interceptor:jakarta.interceptor-api:1.2.5:provided [24 KB]
[INFO] 		jakarta.el:jakarta.el-api:3.0.3:provided [77 KB]
[INFO] 		org.junit.platform:junit-platform-engine:1.13.4:test [262 KB]
[INFO] 		jakarta.ejb:jakarta.ejb-api:3.2.6:provided [62 KB]
[INFO] 		net.bytebuddy:byte-buddy:1.15.11:test [8 MB]
[INFO]  UNUSED DEPENDENCY[0]:
[INFO]   UNUSED DIRECT DEPENDENCY[0]:
[INFO]   UNUSED TRANSITIVE DEPENDENCY[0]:
[INFO]   UNUSED INHERIT DIRECT DEPENDENCY[0]:
[INFO]   UNUSED INHERIT TRANSITIVE DEPENDENCY[0]:
[INFO] No Bloated
[INFO] MeasureText: org.graphper.layout.AWTMeasureText was loaded as the primary measurement method.
[INFO] Print TreeCallGraph.svg, red is bloated, gray is unload
[INFO] ------------------------------------------------------------------------
[INFO] BUILD SUCCESS
[INFO] ------------------------------------------------------------------------
[INFO] Total time:  49.014 s
[INFO] Finished at: 2026-05-25T09:15:32+02:00
[INFO] ------------------------------------------------------------------------
