[INFO] Scanning for projects...
[INFO] 
[INFO] -----------------------< com.danielagapov:spawn >-----------------------
[INFO] Building spawn 0.0.1-SNAPSHOT
[INFO]   from pom.xml
[INFO] --------------------------------[ jar ]---------------------------------
[INFO] 
[INFO] --- resources:3.3.1:resources (default-resources) @ spawn ---
[INFO] Copying 3 resources from src/main/resources to target/classes
[INFO] Copying 37 resources from src/main/resources to target/classes
[INFO] 
[INFO] --- compiler:3.13.0:compile (default-compile) @ spawn ---
[INFO] Recompiling the module because of changed source code.
[INFO] Compiling 266 source files with javac [debug parameters release 17] to target/classes
[INFO] 
[INFO] --- resources:3.3.1:testResources (default-testResources) @ spawn ---
[INFO] Not copying test resources
[INFO] 
[INFO] --- compiler:3.13.0:testCompile (default-testCompile) @ spawn ---
[INFO] Not compiling test sources
[INFO] 
[INFO] --- surefire:3.2.5:test (default-test) @ spawn ---
[INFO] Tests are skipped.
[INFO] 
[INFO] --- jar:3.4.2:jar (default-jar) @ spawn ---
[INFO] Building jar: /project/target/spawn-0.0.1-SNAPSHOT.jar
[INFO] 
[INFO] --- spring-boot:3.3.5:repackage (repackage) @ spawn ---
[INFO] Replacing main artifact /project/target/spawn-0.0.1-SNAPSHOT.jar with repackaged archive, adding nested dependencies in BOOT-INF/.
[INFO] The original artifact has been renamed to /project/target/spawn-0.0.1-SNAPSHOT.jar.original
[INFO] 
[INFO] --- install:3.1.3:install (default-install) @ spawn ---
[INFO] Installing /project/pom.xml to /root/.m2/repository/com/danielagapov/spawn/0.0.1-SNAPSHOT/spawn-0.0.1-SNAPSHOT.pom
[INFO] Installing /project/target/spawn-0.0.1-SNAPSHOT.jar to /root/.m2/repository/com/danielagapov/spawn/0.0.1-SNAPSHOT/spawn-0.0.1-SNAPSHOT.jar
[INFO] ------------------------------------------------------------------------
[INFO] BUILD SUCCESS
[INFO] ------------------------------------------------------------------------
[INFO] Total time:  43.192 s
[INFO] Finished at: 2026-09-21T19:47:45Z
[INFO] ------------------------------------------------------------------------
