 Image mysql:8.0.35 Pulling 
 011afdd7e19a Pulling fs layer 0B
 cc0e7675236c Pulling fs layer 0B
 48e76090f013 Pulling fs layer 0B
 5d100781ccf9 Pulling fs layer 0B
 8a1ed96f802c Pulling fs layer 0B
 bb2ede9724f3 Pulling fs layer 0B
 558b7d69a2e5 Pulling fs layer 0B
 9c8240b5bfd2 Pulling fs layer 0B
 379d2ee58a8b Pulling fs layer 0B
 60a2ddae3eed Pulling fs layer 0B
 8c46e56c4974 Pulling fs layer 0B
 bb2ede9724f3 Download complete 0B
 011afdd7e19a Download complete 0B
 48e76090f013 Downloading 1.049MB
 8c46e56c4974 Download complete 0B
 cc0e7675236c Download complete 0B
 60a2ddae3eed Download complete 0B
 48e76090f013 Downloading 3.146MB
 5d100781ccf9 Downloading 5.18kB
 9c8240b5bfd2 Downloading 332B
 5d100781ccf9 Download complete 0B
 9c8240b5bfd2 Download complete 0B
 48e76090f013 Downloading 5.243MB
 48e76090f013 Downloading 6.291MB
 48e76090f013 Downloading 6.291MB
 48e76090f013 Downloading 7.34MB
 8a1ed96f802c Downloading 1.049MB
 48e76090f013 Downloading 8.389MB
 558b7d69a2e5 Downloading 1.049MB
 558b7d69a2e5 Downloading 1.049MB
 379d2ee58a8b Downloading 1.049MB
 8a1ed96f802c Downloading 1.049MB
 48e76090f013 Downloading 8.389MB
 558b7d69a2e5 Downloading 1.049MB
 379d2ee58a8b Downloading 1.049MB
 8a1ed96f802c Downloading 1.049MB
 6e79a6f8fb8c Download complete 0B
 48e76090f013 Downloading 9.437MB
 48e76090f013 Downloading 10.49MB
 558b7d69a2e5 Downloading 1.049MB
 379d2ee58a8b Downloading 1.049MB
 8a1ed96f802c Downloading 1.049MB
 379d2ee58a8b Downloading 1.049MB
 8a1ed96f802c Downloading 2.097MB
 48e76090f013 Downloading 10.49MB
 558b7d69a2e5 Downloading 1.049MB
 48e76090f013 Downloading 12.58MB
 558b7d69a2e5 Downloading 2.097MB
 379d2ee58a8b Downloading 2.097MB
 8a1ed96f802c Downloading 2.097MB
 48e76090f013 Downloading 12.58MB
 558b7d69a2e5 Downloading 2.097MB
 379d2ee58a8b Downloading 2.097MB
 8a1ed96f802c Downloading 3.146MB
 558b7d69a2e5 Downloading 2.097MB
 379d2ee58a8b Downloading 2.097MB
 8a1ed96f802c Downloading 3.146MB
 48e76090f013 Downloading 13.63MB
 379d2ee58a8b Downloading 2.097MB
 8a1ed96f802c Downloading 3.146MB
 48e76090f013 Downloading 13.63MB
 558b7d69a2e5 Downloading 3.146MB
 379d2ee58a8b Downloading 3.146MB
 8a1ed96f802c Downloading 3.146MB
 48e76090f013 Downloading 14.68MB
 558b7d69a2e5 Downloading 3.146MB
 379d2ee58a8b Downloading 3.146MB
 8a1ed96f802c Downloading 4.194MB
 48e76090f013 Downloading 15.73MB
 558b7d69a2e5 Downloading 3.146MB
 558b7d69a2e5 Downloading 4.194MB
 379d2ee58a8b Downloading 4.194MB
 8a1ed96f802c Downloading 4.194MB
 1d2b821e2230 Downloading 1.049MB
 48e76090f013 Downloading 16.78MB
 8a1ed96f802c Downloading 5.243MB
 1d2b821e2230 Downloading 1.049MB
 48e76090f013 Downloading 17.83MB
 558b7d69a2e5 Downloading 4.194MB
 379d2ee58a8b Download complete 0B
 8a1ed96f802c Downloading 5.243MB
 1d2b821e2230 Downloading 1.049MB
 48e76090f013 Downloading 18.87MB
 558b7d69a2e5 Downloading 5.243MB
 8a1ed96f802c Downloading 6.291MB
 1d2b821e2230 Downloading 1.049MB
 48e76090f013 Downloading 18.87MB
 558b7d69a2e5 Downloading 5.243MB
 8a1ed96f802c Downloading 6.291MB
 1d2b821e2230 Downloading 1.049MB
 48e76090f013 Downloading 19.92MB
 558b7d69a2e5 Downloading 5.243MB
 558b7d69a2e5 Downloading 6.291MB
 8a1ed96f802c Downloading 7.34MB
 1d2b821e2230 Downloading 2.097MB
 48e76090f013 Downloading 22.02MB
 8a1ed96f802c Downloading 7.34MB
 1d2b821e2230 Downloading 2.097MB
 48e76090f013 Downloading 23.07MB
 558b7d69a2e5 Downloading 7.34MB
 558b7d69a2e5 Downloading 7.34MB
 8a1ed96f802c Downloading 8.389MB
 1d2b821e2230 Downloading 2.097MB
 48e76090f013 Downloading 23.07MB
 558b7d69a2e5 Downloading 7.34MB
 8a1ed96f802c Downloading 8.389MB
 1d2b821e2230 Downloading 2.097MB
 48e76090f013 Downloading 23.07MB
 558b7d69a2e5 Downloading 8.389MB
 8a1ed96f802c Downloading 8.389MB
 1d2b821e2230 Downloading 2.097MB
 48e76090f013 Downloading 24.12MB
 558b7d69a2e5 Downloading 9.437MB
 8a1ed96f802c Downloading 9.437MB
 1d2b821e2230 Downloading 3.146MB
 48e76090f013 Downloading 25.17MB
 48e76090f013 Downloading 26.21MB
 558b7d69a2e5 Downloading 9.437MB
 8a1ed96f802c Downloading 10.49MB
 1d2b821e2230 Downloading 3.146MB
 1d2b821e2230 Downloading 3.146MB
 48e76090f013 Downloading 26.21MB
 558b7d69a2e5 Downloading 10.49MB
 8a1ed96f802c Downloading 10.49MB
 558b7d69a2e5 Downloading 10.49MB
 8a1ed96f802c Downloading 11.53MB
 1d2b821e2230 Downloading 3.146MB
 48e76090f013 Downloading 26.21MB
 8a1ed96f802c Downloading 11.53MB
 1d2b821e2230 Downloading 3.146MB
 48e76090f013 Downloading 27.26MB
 558b7d69a2e5 Downloading 11.53MB
 1d2b821e2230 Downloading 4.194MB
 48e76090f013 Downloading 28.31MB
 558b7d69a2e5 Downloading 12.58MB
 8a1ed96f802c Downloading 12.58MB
 8a1ed96f802c Downloading 13.63MB
 1d2b821e2230 Downloading 4.194MB
 48e76090f013 Downloading 29.36MB
 558b7d69a2e5 Downloading 12.58MB
 8a1ed96f802c Downloading 13.63MB
 1d2b821e2230 Downloading 4.194MB
 48e76090f013 Downloading 29.36MB
 558b7d69a2e5 Downloading 13.63MB
 1d2b821e2230 Downloading 4.194MB
 48e76090f013 Downloading 29.36MB
 558b7d69a2e5 Downloading 13.63MB
 8a1ed96f802c Downloading 13.63MB
 558b7d69a2e5 Downloading 13.63MB
 8a1ed96f802c Downloading 14.68MB
 1d2b821e2230 Downloading 4.194MB
 48e76090f013 Downloading 30.41MB
 558b7d69a2e5 Downloading 14.68MB
 8a1ed96f802c Downloading 14.68MB
 1d2b821e2230 Downloading 5.243MB
 48e76090f013 Downloading 30.41MB
 48e76090f013 Downloading 31.46MB
 558b7d69a2e5 Downloading 15.73MB
 8a1ed96f802c Downloading 15.73MB
 1d2b821e2230 Downloading 5.243MB
 48e76090f013 Downloading 32.51MB
 558b7d69a2e5 Downloading 16.78MB
 8a1ed96f802c Downloading 16.78MB
 1d2b821e2230 Downloading 5.243MB
 558b7d69a2e5 Downloading 16.78MB
 8a1ed96f802c Downloading 17.83MB
 1d2b821e2230 Downloading 6.291MB
 48e76090f013 Downloading 32.51MB
 1d2b821e2230 Downloading 6.291MB
 48e76090f013 Downloading 33.55MB
 558b7d69a2e5 Downloading 16.78MB
 8a1ed96f802c Downloading 17.83MB
 8a1ed96f802c Downloading 18.87MB
 1d2b821e2230 Downloading 6.291MB
 48e76090f013 Downloading 34.6MB
 558b7d69a2e5 Downloading 17.83MB
 558b7d69a2e5 Downloading 18.87MB
 8a1ed96f802c Downloading 19.92MB
 1d2b821e2230 Downloading 6.291MB
 48e76090f013 Downloading 34.6MB
 558b7d69a2e5 Downloading 19.92MB
 8a1ed96f802c Downloading 19.92MB
 1d2b821e2230 Downloading 7.34MB
 48e76090f013 Downloading 35.65MB
 558b7d69a2e5 Downloading 19.92MB
 8a1ed96f802c Downloading 20.97MB
 1d2b821e2230 Downloading 7.34MB
 48e76090f013 Downloading 35.65MB
 8a1ed96f802c Downloading 20.97MB
 1d2b821e2230 Downloading 7.34MB
 48e76090f013 Downloading 35.65MB
 558b7d69a2e5 Downloading 19.92MB
 1d2b821e2230 Downloading 7.34MB
 48e76090f013 Downloading 36.7MB
 558b7d69a2e5 Downloading 20.97MB
 8a1ed96f802c Downloading 22.02MB
 558b7d69a2e5 Downloading 22.02MB
 8a1ed96f802c Downloading 22.02MB
 1d2b821e2230 Downloading 7.34MB
 48e76090f013 Downloading 36.7MB
 8a1ed96f802c Downloading 23.07MB
 1d2b821e2230 Downloading 8.389MB
 48e76090f013 Downloading 37.75MB
 558b7d69a2e5 Downloading 22.02MB
 558b7d69a2e5 Downloading 23.07MB
 8a1ed96f802c Downloading 24.12MB
 1d2b821e2230 Downloading 8.389MB
 48e76090f013 Downloading 37.75MB
 8a1ed96f802c Downloading 24.12MB
 1d2b821e2230 Downloading 8.389MB
 48e76090f013 Downloading 38.8MB
 558b7d69a2e5 Downloading 24.12MB
 1d2b821e2230 Downloading 8.389MB
 48e76090f013 Downloading 38.8MB
 558b7d69a2e5 Downloading 25.17MB
 8a1ed96f802c Downloading 25.17MB
 1d2b821e2230 Downloading 9.437MB
 48e76090f013 Downloading 39.85MB
 558b7d69a2e5 Downloading 25.17MB
 8a1ed96f802c Downloading 26.21MB
 558b7d69a2e5 Downloading 26.21MB
 8a1ed96f802c Downloading 26.21MB
 1d2b821e2230 Downloading 9.437MB
 48e76090f013 Downloading 39.85MB
 8a1ed96f802c Downloading 27.26MB
 1d2b821e2230 Downloading 9.437MB
 48e76090f013 Downloading 39.85MB
 558b7d69a2e5 Downloading 27.26MB
 558b7d69a2e5 Downloading 27.26MB
 8a1ed96f802c Downloading 27.26MB
 1d2b821e2230 Downloading 9.437MB
 48e76090f013 Downloading 40.89MB
 558b7d69a2e5 Downloading 27.26MB
 8a1ed96f802c Downloading 27.26MB
 1d2b821e2230 Downloading 9.437MB
 48e76090f013 Downloading 40.89MB
 1d2b821e2230 Downloading 10.49MB
 48e76090f013 Downloading 40.89MB
 558b7d69a2e5 Downloading 29.36MB
 8a1ed96f802c Downloading 28.31MB
 558b7d69a2e5 Downloading 29.36MB
 8a1ed96f802c Downloading 28.31MB
 1d2b821e2230 Downloading 10.49MB
 48e76090f013 Downloading 40.89MB
 558b7d69a2e5 Downloading 30.41MB
 8a1ed96f802c Downloading 29.36MB
 1d2b821e2230 Downloading 10.49MB
 48e76090f013 Downloading 41.94MB
 558b7d69a2e5 Downloading 31.46MB
 8a1ed96f802c Downloading 30.41MB
 1d2b821e2230 Downloading 10.49MB
 48e76090f013 Downloading 41.94MB
 8a1ed96f802c Downloading 30.41MB
 1d2b821e2230 Downloading 11.57MB
 48e76090f013 Downloading 41.94MB
 558b7d69a2e5 Downloading 31.46MB
 8a1ed96f802c Downloading 30.41MB
 1d2b821e2230 Download complete 0B
 48e76090f013 Downloading 42.99MB
 558b7d69a2e5 Downloading 32.51MB
 48e76090f013 Downloading 42.99MB
 558b7d69a2e5 Downloading 33.55MB
 8a1ed96f802c Downloading 31.46MB
 8a1ed96f802c Downloading 32.51MB
 48e76090f013 Downloading 44.04MB
 558b7d69a2e5 Downloading 34.6MB
 8a1ed96f802c Downloading 32.51MB
 48e76090f013 Downloading 44.04MB
 558b7d69a2e5 Downloading 34.6MB
 48e76090f013 Downloading 44.04MB
 558b7d69a2e5 Downloading 34.6MB
 8a1ed96f802c Downloading 32.51MB
 558b7d69a2e5 Downloading 35.65MB
 8a1ed96f802c Downloading 33.55MB
 48e76090f013 Downloading 44.04MB
 558b7d69a2e5 Downloading 36.7MB
 8a1ed96f802c Downloading 34.6MB
 48e76090f013 Downloading 45.09MB
 558b7d69a2e5 Downloading 37.75MB
 8a1ed96f802c Downloading 35.65MB
 48e76090f013 Downloading 45.09MB
 48e76090f013 Downloading 46.14MB
 558b7d69a2e5 Downloading 38.8MB
 8a1ed96f802c Downloading 36.7MB
 48e76090f013 Downloading 46.14MB
 558b7d69a2e5 Downloading 39.85MB
 8a1ed96f802c Downloading 36.7MB
 48e76090f013 Downloading 46.14MB
 558b7d69a2e5 Downloading 40.89MB
 8a1ed96f802c Downloading 36.7MB
 8a1ed96f802c Downloading 37.75MB
 48e76090f013 Downloading 46.14MB
 558b7d69a2e5 Downloading 41.94MB
 8a1ed96f802c Downloading 38.8MB
 48e76090f013 Downloading 47.19MB
 558b7d69a2e5 Downloading 42.99MB
 558b7d69a2e5 Downloading 42.99MB
 8a1ed96f802c Downloading 38.8MB
 48e76090f013 Downloading 47.19MB
 558b7d69a2e5 Downloading 44.04MB
 8a1ed96f802c Downloading 39.85MB
 48e76090f013 Downloading 47.19MB
 8a1ed96f802c Downloading 39.85MB
 48e76090f013 Downloading 47.19MB
 558b7d69a2e5 Downloading 44.04MB
 8a1ed96f802c Downloading 40.89MB
 48e76090f013 Downloading 48.23MB
 558b7d69a2e5 Downloading 45.09MB
 48e76090f013 Downloading 48.23MB
 558b7d69a2e5 Downloading 47.19MB
 8a1ed96f802c Downloading 42.99MB
 558b7d69a2e5 Downloading 48.23MB
 8a1ed96f802c Downloading 44.04MB
 48e76090f013 Downloading 49.28MB
 558b7d69a2e5 Downloading 49.28MB
 8a1ed96f802c Downloading 45.09MB
 48e76090f013 Downloading 49.28MB
 558b7d69a2e5 Downloading 49.28MB
 8a1ed96f802c Downloading 45.09MB
 48e76090f013 Downloading 49.28MB
 558b7d69a2e5 Downloading 51.32MB
 8a1ed96f802c Downloading 47.19MB
 48e76090f013 Downloading 50.33MB
 8a1ed96f802c Downloading 49.28MB
 48e76090f013 Downloading 51.38MB
 558b7d69a2e5 Download complete 0B
 558b7d69a2e5 Extracting 1B
 8a1ed96f802c Downloading 50.33MB
 48e76090f013 Downloading 51.38MB
 558b7d69a2e5 Extracting 1B
 8a1ed96f802c Downloading 50.33MB
 48e76090f013 Downloading 51.38MB
 558b7d69a2e5 Extracting 1B
 8a1ed96f802c Downloading 50.33MB
 48e76090f013 Downloading 51.38MB
 558b7d69a2e5 Extracting 1B
 8a1ed96f802c Downloading 52.43MB
 48e76090f013 Downloading 52.43MB
 558b7d69a2e5 Extracting 1B
 8a1ed96f802c Downloading 55.09MB
 48e76090f013 Downloading 53.48MB
 558b7d69a2e5 Extracting 1B
 8a1ed96f802c Downloading 57.67MB
 48e76090f013 Downloading 53.48MB
 558b7d69a2e5 Extracting 1B
 8a1ed96f802c Downloading 58.5MB
 48e76090f013 Downloading 55.57MB
 558b7d69a2e5 Extracting 1B
 8a1ed96f802c Download complete 0B
 48e76090f013 Downloading 55.57MB
 558b7d69a2e5 Extracting 1B
 48e76090f013 Downloading 57.67MB
 558b7d69a2e5 Extracting 1B
 48e76090f013 Downloading 58.29MB
 558b7d69a2e5 Extracting 1B
 48e76090f013 Download complete 0B
 558b7d69a2e5 Extracting 2B
 558b7d69a2e5 Extracting 2B
 558b7d69a2e5 Extracting 2B
 bb2ede9724f3 Extracting 1B
 558b7d69a2e5 Pull complete 0B
 bb2ede9724f3 Pull complete 0B
 8c46e56c4974 Pull complete 0B
 379d2ee58a8b Extracting 1B
 60a2ddae3eed Extracting 1B
 379d2ee58a8b Pull complete 0B
 60a2ddae3eed Pull complete 0B
 9c8240b5bfd2 Pull complete 0B
 8a1ed96f802c Extracting 1B
 8a1ed96f802c Extracting 1B
 8a1ed96f802c Extracting 1B
 8a1ed96f802c Extracting 1B
 8a1ed96f802c Extracting 1B
 8a1ed96f802c Extracting 1B
 8a1ed96f802c Extracting 1B
 8a1ed96f802c Extracting 1B
 8a1ed96f802c Extracting 1B
 8a1ed96f802c Extracting 1B
 8a1ed96f802c Extracting 1B
 8a1ed96f802c Extracting 2B
 8a1ed96f802c Extracting 2B
 8a1ed96f802c Extracting 2B
 cc0e7675236c Pull complete 0B
 8a1ed96f802c Pull complete 0B
 48e76090f013 Extracting 1B
 48e76090f013 Extracting 1B
 48e76090f013 Extracting 1B
 48e76090f013 Extracting 1B
 48e76090f013 Extracting 1B
 48e76090f013 Extracting 1B
 48e76090f013 Extracting 1B
 48e76090f013 Extracting 1B
 48e76090f013 Extracting 1B
 48e76090f013 Extracting 1B
 48e76090f013 Extracting 1B
 48e76090f013 Extracting 2B
 48e76090f013 Extracting 2B
 48e76090f013 Extracting 2B
 48e76090f013 Extracting 2B
 48e76090f013 Extracting 2B
 48e76090f013 Extracting 2B
 48e76090f013 Extracting 2B
 48e76090f013 Extracting 2B
 48e76090f013 Extracting 2B
 48e76090f013 Extracting 3B
 48e76090f013 Extracting 3B
 48e76090f013 Extracting 3B
 48e76090f013 Extracting 3B
 48e76090f013 Extracting 3B
 48e76090f013 Extracting 3B
 48e76090f013 Extracting 3B
 48e76090f013 Extracting 3B
 48e76090f013 Extracting 3B
 48e76090f013 Extracting 3B
 48e76090f013 Extracting 3B
 48e76090f013 Extracting 4B
 48e76090f013 Extracting 4B
 48e76090f013 Extracting 4B
 48e76090f013 Extracting 4B
 48e76090f013 Extracting 4B
 48e76090f013 Extracting 4B
 48e76090f013 Extracting 4B
 48e76090f013 Extracting 4B
 48e76090f013 Extracting 4B
 48e76090f013 Extracting 4B
 48e76090f013 Extracting 5B
 011afdd7e19a Extracting 1B
 5d100781ccf9 Pull complete 0B
 48e76090f013 Pull complete 0B
 011afdd7e19a Pull complete 0B
 Image mysql:8.0.35 Pulled 
 Network spawn_spawn-net Creating 
 Network spawn_spawn-net Created 
 Volume spawn_spawn_m2 Creating 
 Volume spawn_spawn_m2 Created 
 Container spawn-mysql Creating 
 Container spawn-mysql Created 
 Container spawn-app Creating 
 Container spawn-app Created 
 Container spawn-mysql Starting 
 Container spawn-mysql Started 
 Container spawn-mysql Waiting 
 Container spawn-mysql Healthy 
 Container spawn-app Starting 
 Container spawn-app Started 
 Container spawn-app Waiting 
 Container spawn-mysql Waiting 
 Container spawn-mysql Healthy 
 Container spawn-app Healthy 

[0;34m== Setup: inject ACTIVE user + activity, forge JWT ==[0m
[2muser_id=ce3c7c86-b5f5-11f1-8188-ee6ab8eb96bd[0m
[2mactivity_id=aaaabbbb-cccc-dddd-eeee-ffff00001111[0m
[2mtoken=eyJhbGciOiJIUzI1NiIsInR5cCI6IkpX...[0m

[0;34m== Auth — token-pipeline endpoints ==[0m
[0;32mPASS[0m GET  /auth/quick-sign-in                                     [2m[200, all fields ✓][0m
[0;32mPASS[0m POST /auth/refresh-token (forged REFRESH JWT)                [2m[200, body ✓][0m

[0;34m== Users — core profile surfaces ==[0m
[0;32mPASS[0m GET  /users/{self} (BaseUserDTO key fields)                  [2m[200, all fields ✓][0m
[0;32mPASS[0m GET  /users/{self}/profile-info                              [2m[200, all fields ✓][0m
[0;32mPASS[0m GET  /users/{self}/stats                                     [2m[200, all fields ✓][0m
[0;32mPASS[0m GET  /users/{self}/interests (empty list)                    [2m[200, body ✓][0m
[0;32mPASS[0m GET  /users/{self}/social-media                              [2m[200, all fields ✓][0m
[0;32mPASS[0m GET  /users/{self}/activity-types                            [2m[200, body ✓][0m
[0;32mPASS[0m GET  /users/friends/{self} (empty)                           [2m[200, body ✓][0m
[0;32mPASS[0m GET  /users/recommended-friends/{self}                       [2m[200, body ✓][0m
[0;32mPASS[0m GET  /users/{self}/recent-users                              [2m[200, body ✓][0m
[0;32mPASS[0m GET  /users/search?query=test                                [2m[200, body ✓][0m

[0;34m== Activities — real injected activity + feed ==[0m
[0;32mPASS[0m GET  /activities/feedActivities/{self}                       [2m[200, body ✓][0m
[0;32mPASS[0m GET  /activities/profile/{self}                              [2m[200, body ✓][0m
[0;32mPASS[0m GET  /activities/{real-uuid}?isActivityExternalInvite=true (no token) [2m[200, all fields ✓][0m

[0;34m== Notifications + friend-requests + blocked-users ==[0m
[0;32mPASS[0m GET  /notifications/preferences/{self}                       [2m[200, all fields ✓][0m
[0;32mPASS[0m GET  /friend-requests/incoming/{self}                        [2m[200, body ✓][0m
[0;32mPASS[0m GET  /friend-requests/sent/{self}                            [2m[200, body ✓][0m
[0;32mPASS[0m GET  /blocked-users/{self}                                   [2m[200, body ✓][0m

[0;34m== Auth-gate sanity — keep just one denial check ==[0m
[0;32mPASS[0m GET  /users/{self} (no Authorization header → 401)         [2m[401][0m

[0;34m== Summary ==[0m
[0;32mAll 20/20 checks passed.[0m
