[INFO] Scanning for projects...
[INFO] 
[INFO] --------------------< fr.insee.eno:eno-treatments >---------------------
[INFO] Building Eno specific treatments 3.62.0
[INFO]   from pom.xml
[INFO] --------------------------------[ jar ]---------------------------------
[INFO] 
[INFO] --- slimming:1.0:singleModuleCheck (default-cli) @ eno-treatments ---
[INFO] mvn test successfully
[INFO] The project has no target/test-classes folder
[INFO] ------------------------------------------------------------------------
[INFO] ---------------------------< START ANALYSE >----------------------------
[INFO] ------------------------------------------------------------------------
[INFO] *************************** S L I M M I N G ****************************
[INFO] ------------------------------------------------------------------------
[WARNING] Redundant dependency com.vaadin.external.google:android-json:0.0.20131108.vaadin1 release time Optional[2014-02-28] has not been maintained for 4445 days
[INFO] ALL DEPENDENCY[54]:
[INFO]  USED DEPENDENCY[52]:
[INFO]   USED DIRECT DEPENDENCY[9]:
[INFO] 		ch.qos.logback:logback-classic:1.5.20:test [300 KB]
[INFO] 		org.junit.jupiter:junit-jupiter:5.12.2:test [6 KB]
[INFO] 		org.mockito:mockito-core:5.17.0:test [692 KB]
[INFO] 		com.networknt:json-schema-validator:1.5.9:compile [572 KB]
[INFO] 		org.junit.platform:junit-platform-launcher:1.12.2:test [202 KB]
[INFO] 		org.slf4j:slf4j-api:2.0.17:compile [68 KB]
[INFO] 		com.fasterxml.jackson.core:jackson-databind:2.19.2:compile [1 MB]
[INFO] 		fr.insee.eno:eno-core:3.62.0:compile [650 KB]
[INFO] 		fr.insee.lunatic:lunatic-model:5.12.0:compile [122 KB]
[INFO]   USED TRANSITIVE DEPENDENCY[42]:
[INFO] 		com.fasterxml.jackson.dataformat:jackson-dataformat-yaml:2.19.2:compile [58 KB]
[INFO] 		javax.activation:javax.activation-api:1.2.0:compile [55 KB]
[INFO] 		org.junit.platform:junit-platform-commons:1.12.2:test [148 KB]
[INFO] 		javax.json:javax.json-api:1.1.4:compile [30 KB]
[INFO] 		org.apiguardian:apiguardian-api:1.1.2:test [6 KB]
[INFO] 		com.fasterxml.woodstox:woodstox-core:7.1.1:compile [1 MB]
[INFO] 		org.springframework:spring-core:6.2.12:compile [1 MB]
[INFO] 		org.springframework:spring-expression:6.2.12:compile [310 KB]
[INFO] 		net.bytebuddy:byte-buddy:1.17.8:test [8 MB]
[INFO] 		com.fasterxml.jackson.dataformat:jackson-dataformat-xml:2.19.2:compile [127 KB]
[INFO] 		fr.insee.trevas:vtl-parser:1.12.0:compile [364 KB]
[INFO] 		commons-io:commons-io:2.21.0:compile [571 KB]
[INFO] 		javax.validation:validation-api:1.1.0.Final:compile [62 KB]
[INFO] 		ch.qos.logback:logback-core:1.5.20:test [620 KB]
[INFO] 		org.opentest4j:opentest4j:1.3.0:test [13 KB]
[INFO] 		com.ethlo.time:itu:1.14.0:compile [56 KB]
[INFO] 		org.yaml:snakeyaml:2.4:compile [331 KB]
[INFO] 		com.fasterxml.jackson.core:jackson-core:2.19.2:compile [577 KB]
[INFO] 		org.eclipse.persistence:commonj.sdo:2.1.1:compile [20 KB]
[INFO] 		org.objenesis:objenesis:3.3:test [48 KB]
[INFO] 		org.codehaus.woodstox:stax2-api:4.2.2:compile [191 KB]
[INFO] 		fr.insee.ddi:ddi-lifecycle:1.1.0:compile [11 MB]
[INFO] 		org.apache.logging.log4j:log4j-api:2.24.3:compile [340 KB]
[INFO] 		org.apache.logging.log4j:log4j-core:2.24.3:runtime [1 MB]
[INFO] 		org.eclipse.persistence:org.eclipse.persistence.asm:2.6.0:runtime [315 KB]
[INFO] 		com.fasterxml.jackson.core:jackson-annotations:2.19.2:compile [77 KB]
[INFO] 		org.junit.jupiter:junit-jupiter-params:5.12.2:test [587 KB]
[INFO] 		org.glassfish:javax.json:1.0.4:compile [83 KB]
[INFO] 		org.junit.jupiter:junit-jupiter-engine:5.12.2:test [285 KB]
[INFO] 		org.springframework:spring-beans:6.2.12:compile [869 KB]
[INFO] 		org.springframework:spring-jcl:6.2.12:compile [23 KB]
[INFO] 		org.eclipse.persistence:eclipselink:2.6.0:compile [8 MB]
[INFO] 		org.junit.platform:junit-platform-engine:1.12.2:test [249 KB]
[INFO] 		org.eclipse.persistence:org.eclipse.persistence.core:2.6.0:runtime [5 MB]
[INFO] 		org.eclipse.persistence:org.eclipse.persistence.moxy:2.6.0:runtime [621 KB]
[INFO] 		javax.xml.bind:jaxb-api:2.3.1:compile [125 KB]
[INFO] 		net.bytebuddy:byte-buddy-agent:1.17.8:test [357 KB]
[INFO] 		org.eclipse.persistence:javax.persistence:2.1.0:compile [158 KB]
[INFO] 		org.antlr:antlr4-runtime:4.9.3:compile [328 KB]
[INFO] 		org.apache.xmlbeans:xmlbeans:5.2.0:compile [2 MB]
[INFO] 		org.junit.jupiter:junit-jupiter-api:5.12.2:test [227 KB]
[INFO] 		fr.insee.pogues:pogues-model:1.14.0:compile [137 KB]
[INFO]   USED INHERIT DIRECT DEPENDENCY[1]:
[INFO] 		org.projectlombok:lombok:1.18.42:provided [1 MB]
[INFO]   USED INHERIT TRANSITIVE DEPENDENCY[0]:
[INFO]  UNUSED DEPENDENCY[2]:
[INFO]   UNUSED DIRECT DEPENDENCY[0]:
[INFO]   UNUSED TRANSITIVE DEPENDENCY[2]:
[INFO] 		org.skyscreamer:jsonassert:1.5.3:compile [30 KB]
[INFO] 		com.vaadin.external.google:android-json:0.0.20131108.vaadin1:compile [17 KB]
[INFO]   UNUSED INHERIT DIRECT DEPENDENCY[0]:
[INFO]   UNUSED INHERIT TRANSITIVE DEPENDENCY[0]:
[INFO] mvn test successfully
[INFO] Repair Successfully
[INFO] After Repair Pom Path:/private/tmp/analysis-runs/InseeFr-Eno/eno-treatments/bloatedOutput/frinseeenoenotreatments3620/frinseeenoenotreatments3620/pom-result.xml
[INFO] MeasureText: org.graphper.layout.AWTMeasureText was loaded as the primary measurement method.
[INFO] Print TreeCallGraph.svg, red is bloated, gray is unload
[INFO] ------------------------------------------------------------------------
[INFO] BUILD SUCCESS
[INFO] ------------------------------------------------------------------------
[INFO] Total time:  02:28 min
[INFO] Finished at: 2026-05-02T07:43:49+02:00
[INFO] ------------------------------------------------------------------------
