[INFO] Scanning for projects...
[INFO] 
[INFO] -----------------------< fr.insee.eno:eno-core >------------------------
[INFO] Building Eno core 3.62.0
[INFO]   from pom.xml
[INFO] --------------------------------[ jar ]---------------------------------
[INFO] 
[INFO] --- slimming:1.0:singleModuleCheck (default-cli) @ eno-core ---
line 1:244 extraneous input ')' expecting ';'
line 1:244 extraneous input ')' expecting ';'
line 1:244 extraneous input ')' expecting ';'
line 1:3 token recognition error at: '$'
line 1:3 token recognition error at: '$'
line 1:3 token recognition error at: '$'
line 1:9 token recognition error at: '$'
line 1:3 token recognition error at: '$'
[INFO] mvn test successfully
[INFO] The project has no target/test-classes folder
[INFO] ------------------------------------------------------------------------
[INFO] ---------------------------< START ANALYSE >----------------------------
[INFO] ------------------------------------------------------------------------
[INFO] *************************** S L I M M I N G ****************************
[INFO] ------------------------------------------------------------------------
[INFO] ALL DEPENDENCY[47]:
[INFO]  USED DEPENDENCY[47]:
[INFO]   USED DIRECT DEPENDENCY[15]:
[INFO] 		org.junit.jupiter:junit-jupiter:5.12.2:test [6 KB]
[INFO] 		org.springframework:spring-core:6.2.12:compile [1 MB]
[INFO] 		org.springframework:spring-expression:6.2.12:compile [310 KB]
[INFO] 		com.fasterxml.jackson.dataformat:jackson-dataformat-xml:2.19.2:compile [127 KB]
[INFO] 		org.slf4j:slf4j-api:2.0.17:compile [68 KB]
[INFO] 		com.fasterxml.jackson.core:jackson-databind:2.19.2:compile [1 MB]
[INFO] 		org.skyscreamer:jsonassert:1.5.3:test [30 KB]
[INFO] 		fr.insee.trevas:vtl-parser:1.12.0:compile [364 KB]
[INFO] 		fr.insee.lunatic:lunatic-model:5.12.0:compile [122 KB]
[INFO] 		org.springframework:spring-beans:6.2.12:compile [869 KB]
[INFO] 		ch.qos.logback:logback-classic:1.5.20:test [300 KB]
[INFO] 		org.junit.platform:junit-platform-launcher:1.12.2:test [202 KB]
[INFO] 		org.assertj:assertj-core:3.27.6:test [1 MB]
[INFO] 		fr.insee.ddi:ddi-lifecycle:1.1.0:compile [11 MB]
[INFO] 		fr.insee.pogues:pogues-model:1.14.0:compile [137 KB]
[INFO]   USED TRANSITIVE DEPENDENCY[31]:
[INFO] 		javax.activation:javax.activation-api:1.2.0:compile [55 KB]
[INFO] 		org.junit.platform:junit-platform-commons:1.12.2:test [148 KB]
[INFO] 		javax.json:javax.json-api:1.1.4:compile [30 KB]
[INFO] 		org.apiguardian:apiguardian-api:1.1.2:test [6 KB]
[INFO] 		com.fasterxml.woodstox:woodstox-core:7.1.1:compile [1 MB]
[INFO] 		net.bytebuddy:byte-buddy:1.17.8:test [8 MB]
[INFO] 		commons-io:commons-io:2.21.0:compile [571 KB]
[INFO] 		javax.validation:validation-api:1.1.0.Final:compile [62 KB]
[INFO] 		ch.qos.logback:logback-core:1.5.20:test [620 KB]
[INFO] 		org.opentest4j:opentest4j:1.3.0:test [13 KB]
[INFO] 		com.fasterxml.jackson.core:jackson-core:2.19.2:compile [577 KB]
[INFO] 		org.eclipse.persistence:commonj.sdo:2.1.1:compile [20 KB]
[INFO] 		org.codehaus.woodstox:stax2-api:4.2.2:compile [191 KB]
[INFO] 		org.apache.logging.log4j:log4j-api:2.24.3:compile [340 KB]
[INFO] 		org.apache.logging.log4j:log4j-core:2.24.3:runtime [1 MB]
[INFO] 		org.eclipse.persistence:org.eclipse.persistence.asm:2.6.0:runtime [315 KB]
[INFO] 		com.fasterxml.jackson.core:jackson-annotations:2.19.2:compile [77 KB]
[INFO] 		org.junit.jupiter:junit-jupiter-params:5.12.2:test [587 KB]
[INFO] 		org.glassfish:javax.json:1.0.4:compile [83 KB]
[INFO] 		org.junit.jupiter:junit-jupiter-engine:5.12.2:test [285 KB]
[INFO] 		org.springframework:spring-jcl:6.2.12:compile [23 KB]
[INFO] 		org.eclipse.persistence:eclipselink:2.6.0:compile [8 MB]
[INFO] 		org.junit.platform:junit-platform-engine:1.12.2:test [249 KB]
[INFO] 		com.vaadin.external.google:android-json:0.0.20131108.vaadin1:test [17 KB]
[INFO] 		org.eclipse.persistence:org.eclipse.persistence.core:2.6.0:runtime [5 MB]
[INFO] 		org.eclipse.persistence:org.eclipse.persistence.moxy:2.6.0:runtime [621 KB]
[INFO] 		javax.xml.bind:jaxb-api:2.3.1:compile [125 KB]
[INFO] 		org.eclipse.persistence:javax.persistence:2.1.0:compile [158 KB]
[INFO] 		org.antlr:antlr4-runtime:4.9.3:compile [328 KB]
[INFO] 		org.apache.xmlbeans:xmlbeans:5.2.0:compile [2 MB]
[INFO] 		org.junit.jupiter:junit-jupiter-api:5.12.2:test [227 KB]
[INFO]   USED INHERIT DIRECT DEPENDENCY[1]:
[INFO] 		org.projectlombok:lombok:1.18.42:provided [1 MB]
[INFO]   USED INHERIT TRANSITIVE DEPENDENCY[0]:
[INFO]  UNUSED DEPENDENCY[0]:
[INFO]   UNUSED DIRECT DEPENDENCY[0]:
[INFO]   UNUSED TRANSITIVE DEPENDENCY[0]:
[INFO]   UNUSED INHERIT DIRECT DEPENDENCY[0]:
[INFO]   UNUSED INHERIT TRANSITIVE DEPENDENCY[0]:
[INFO] No Bloated
[INFO] MeasureText: org.graphper.layout.AWTMeasureText was loaded as the primary measurement method.
[INFO] Print TreeCallGraph.svg, red is bloated, gray is unload
[INFO] ------------------------------------------------------------------------
[INFO] BUILD SUCCESS
[INFO] ------------------------------------------------------------------------
[INFO] Total time:  03:51 min
[INFO] Finished at: 2026-05-02T07:41:17+02:00
[INFO] ------------------------------------------------------------------------
