Downloading metadata...
Downloading metadata...
Package                                               Repository            Size
Installing:                                                                     
 emacs-filesystem-1:27.2-18.el9.noarch                ol9_appstream       8.3 kB
 git-2.47.3-1.el9_6.x86_64                            ol9_appstream      66.9 kB
 git-core-2.47.3-1.el9_6.x86_64                       ol9_appstream       5.0 MB
 git-core-doc-2.47.3-1.el9_6.noarch                   ol9_appstream       4.3 MB
 groff-base-1.22.4-10.el9.x86_64                      ol9_baseos_latest   1.3 MB
 libcbor-0.7.0-5.el9.x86_64                           ol9_baseos_latest  58.2 kB
 libedit-3.1-38.20210216cvs.el9.x86_64                ol9_baseos_latest 111.2 kB
 libfido2-1.13.0-2.el9.x86_64                         ol9_baseos_latest 104.0 kB
 ncurses-6.2-8.20210508.el9.x86_64                    ol9_baseos_latest 437.7 kB
 openssh-8.7p1-49.0.1.el9_7.x86_64                    ol9_baseos_latest 492.0 kB
 openssh-clients-8.7p1-49.0.1.el9_7.x86_64            ol9_baseos_latest 748.0 kB
 openssl-fips-provider-3.0.7-8.0.1.el9.x86_64         ol9_baseos_latest   8.5 kB
 openssl-fips-provider-so-3.0.7-8.0.1.el9.x86_64      ol9_baseos_latest 588.9 kB
 perl-AutoLoader-5.74-481.1.el9_6.noarch              ol9_appstream      20.2 kB
 perl-B-1.80-481.1.el9_6.x86_64                       ol9_appstream     199.9 kB
 perl-Carp-1.50-460.el9.noarch                        ol9_appstream      35.1 kB
 perl-Class-Struct-0.66-481.1.el9_6.noarch            ol9_appstream      21.0 kB
 perl-Data-Dumper-2.174-462.el9.x86_64                ol9_appstream      61.8 kB
 perl-Digest-1.19-4.el9.noarch                        ol9_appstream      35.7 kB
 perl-Digest-MD5-2.58-4.el9.x86_64                    ol9_appstream      42.2 kB
 perl-DynaLoader-1.47-481.1.el9_6.x86_64              ol9_appstream      24.7 kB
 perl-Encode-4:3.08-462.el9.x86_64                    ol9_appstream       1.8 MB
 perl-Errno-1.30-481.1.el9_6.x86_64                   ol9_appstream      13.6 kB
 perl-Error-1:0.17029-7.el9.noarch                    ol9_appstream      58.1 kB
 perl-Exporter-5.74-461.el9.noarch                    ol9_appstream      38.4 kB
 perl-Fcntl-1.13-481.1.el9_6.x86_64                   ol9_appstream      19.2 kB
 perl-File-Basename-2.85-481.1.el9_6.noarch           ol9_appstream      16.0 kB
 perl-File-Find-1.37-481.1.el9_6.noarch               ol9_appstream      24.4 kB
 perl-File-Path-2.18-4.el9.noarch                     ol9_appstream      37.0 kB
 perl-File-Temp-1:0.231.100-4.el9.noarch              ol9_appstream      68.4 kB
 perl-File-stat-1.09-481.1.el9_6.noarch               ol9_appstream      15.9 kB
 perl-FileHandle-2.03-481.1.el9_6.noarch              ol9_appstream      14.3 kB
 perl-Getopt-Long-1:2.52-4.el9.noarch                 ol9_appstream      72.9 kB
 perl-Getopt-Std-1.12-481.1.el9_6.noarch              ol9_appstream      14.4 kB
 perl-Git-2.47.3-1.el9_6.noarch                       ol9_appstream      43.3 kB
 perl-HTTP-Tiny-0.076-462.el9.noarch                  ol9_appstream      64.6 kB
 perl-IO-1.43-481.1.el9_6.x86_64                      ol9_appstream     111.4 kB
 perl-IO-Socket-IP-0.41-5.el9.noarch                  ol9_appstream      50.4 kB
 perl-IO-Socket-SSL-2.073-2.el9.noarch                ol9_appstream     239.6 kB
 perl-IPC-Open3-1.21-481.1.el9_6.noarch               ol9_appstream      26.6 kB
 perl-MIME-Base64-3.16-4.el9.x86_64                   ol9_appstream      38.6 kB
 perl-Mozilla-CA-20200520-6.el9.noarch                ol9_appstream      13.3 kB
 perl-NDBM_File-1.15-481.1.el9_6.x86_64               ol9_appstream      20.9 kB
 perl-Net-SSLeay-1.94-3.el9.x86_64                    ol9_appstream     516.4 kB
 perl-POSIX-1.94-481.1.el9_6.x86_64                   ol9_appstream     101.6 kB
 perl-PathTools-3.78-461.el9.x86_64                   ol9_appstream     110.4 kB
 perl-Pod-Escapes-1:1.07-460.el9.noarch               ol9_appstream      21.1 kB
 perl-Pod-Perldoc-3.28.01-461.el9.noarch              ol9_appstream     118.6 kB
 perl-Pod-Simple-1:3.42-4.el9.noarch                  ol9_appstream     278.8 kB
 perl-Pod-Usage-4:2.01-4.el9.noarch                   ol9_appstream      48.9 kB
 perl-Scalar-List-Utils-4:1.56-462.el9.x86_64         ol9_appstream      83.3 kB
 perl-SelectSaver-1.02-481.1.el9_6.noarch             ol9_appstream      10.4 kB
 perl-Socket-4:2.031-4.el9.x86_64                     ol9_appstream      63.5 kB
 perl-Storable-1:3.21-460.el9.x86_64                  ol9_appstream     102.6 kB
 perl-Symbol-1.08-481.1.el9_6.noarch                  ol9_appstream      12.9 kB
 perl-Term-ANSIColor-5.01-461.el9.noarch              ol9_appstream      55.6 kB
 perl-Term-Cap-1.17-460.el9.noarch                    ol9_appstream      27.8 kB
 perl-TermReadKey-2.38-11.el9.x86_64                  ol9_appstream      43.3 kB
 perl-Text-ParseWords-3.30-460.el9.noarch             ol9_appstream      17.2 kB
 perl-Text-Tabs+Wrap-2013.0523-460.el9.noarch         ol9_appstream      29.8 kB
 perl-Time-Local-2:1.300-7.el9.noarch                 ol9_appstream      41.9 kB
 perl-URI-5.09-3.el9.noarch                           ol9_appstream     183.8 kB
 perl-base-2.27-481.1.el9_6.noarch                    ol9_appstream      15.0 kB
 perl-constant-1.33-461.el9.noarch                    ol9_appstream      28.9 kB
 perl-if-0.60.800-481.1.el9_6.noarch                  ol9_appstream      12.7 kB
 perl-interpreter-4:5.32.1-481.1.el9_6.x86_64         ol9_appstream      77.8 kB
 perl-lib-0.65-481.1.el9_6.x86_64                     ol9_appstream      13.6 kB
 perl-libnet-3.13-4.el9.noarch                        ol9_appstream     161.1 kB
 perl-libs-4:5.32.1-481.1.el9_6.x86_64                ol9_appstream       2.8 MB
 perl-mro-1.23-481.1.el9_6.x86_64                     ol9_appstream      27.2 kB
 perl-overload-1.31-481.1.el9_6.noarch                ol9_appstream      45.0 kB
 perl-overloading-0.02-481.1.el9_6.noarch             ol9_appstream      11.6 kB
 perl-parent-1:0.238-460.el9.noarch                   ol9_appstream      15.3 kB
 perl-podlators-1:4.14-460.el9.noarch                 ol9_appstream     138.6 kB
 perl-subs-1.03-481.1.el9_6.noarch                    ol9_appstream      10.3 kB
 perl-vars-1.05-481.1.el9_6.noarch                    ol9_appstream      11.7 kB
Upgrading:                                                                      
 curl-7.76.1-35.el9_7.3.x86_64                        ol9_baseos_latest 310.0 kB
  replacing curl-7.76.1-23.el9_2.4.x86_64                                       
 libcurl-7.76.1-35.el9_7.3.x86_64                     ol9_baseos_latest 289.2 kB
  replacing libcurl-7.76.1-23.el9_2.4.x86_64                                    
 libcurl-devel-7.76.1-35.el9_7.3.x86_64               ol9_appstream       1.5 MB
  replacing libcurl-devel-7.76.1-23.el9_2.4.x86_64                              
 openssl-1:3.5.1-7.0.1.el9_7.x86_64                   ol9_baseos_latest   1.7 MB
  replacing openssl-1:3.0.7-17.0.1.el9_2.x86_64                                 
 openssl-devel-1:3.5.1-7.0.1.el9_7.x86_64             ol9_appstream       4.4 MB
  replacing openssl-devel-1:3.0.7-17.0.1.el9_2.x86_64                           
 openssl-libs-1:3.5.1-7.0.1.el9_7.x86_64              ol9_baseos_latest   2.4 MB
  replacing openssl-libs-1:3.0.7-17.0.1.el9_2.x86_64                            
 tar-2:1.34-9.el9_7.x86_64                            ol9_baseos_latest 949.0 kB
   replacing tar-2:1.34-6.el9_1.x86_64                                          
Transaction Summary:
 Installing:       76 packages
 Reinstalling:      0 packages
 Upgrading:         7 packages
 Obsoleting:        0 packages
 Removing:          0 packages
 Downgrading:       0 packages
Downloading packages...
Running transaction test...
Installing: emacs-filesystem;1:27.2-18.el9;noarch;ol9_appstream
Installing: openssl-fips-provider-so;3.0.7-8.0.1.el9;x86_64;ol9_baseos_latest
Installing: openssl-fips-provider;3.0.7-8.0.1.el9;x86_64;ol9_baseos_latest
Updating: openssl-libs;1:3.5.1-7.0.1.el9_7;x86_64;ol9_baseos_latest
Updating: libcurl;7.76.1-35.el9_7.3;x86_64;ol9_baseos_latest
Installing: openssh;8.7p1-49.0.1.el9_7;x86_64;ol9_baseos_latest
Installing: ncurses;6.2-8.20210508.el9;x86_64;ol9_baseos_latest
Installing: libedit;3.1-38.20210216cvs.el9;x86_64;ol9_baseos_latest
Installing: libcbor;0.7.0-5.el9;x86_64;ol9_baseos_latest
Installing: libfido2;1.13.0-2.el9;x86_64;ol9_baseos_latest
Installing: openssh-clients;8.7p1-49.0.1.el9_7;x86_64;ol9_baseos_latest
Installing: git-core;2.47.3-1.el9_6;x86_64;ol9_appstream
Installing: git-core-doc;2.47.3-1.el9_6;noarch;ol9_appstream
Installing: groff-base;1.22.4-10.el9;x86_64;ol9_baseos_latest
Installing: perl-Digest;1.19-4.el9;noarch;ol9_appstream
Installing: perl-Digest-MD5;2.58-4.el9;x86_64;ol9_appstream
Installing: perl-B;1.80-481.1.el9_6;x86_64;ol9_appstream
Installing: perl-FileHandle;2.03-481.1.el9_6;noarch;ol9_appstream
Installing: perl-Data-Dumper;2.174-462.el9;x86_64;ol9_appstream
Installing: perl-libnet;3.13-4.el9;noarch;ol9_appstream
Installing: perl-AutoLoader;5.74-481.1.el9_6;noarch;ol9_appstream
Installing: perl-base;2.27-481.1.el9_6;noarch;ol9_appstream
Installing: perl-URI;5.09-3.el9;noarch;ol9_appstream
Installing: perl-Mozilla-CA;20200520-6.el9;noarch;ol9_appstream
Installing: perl-if;0.60.800-481.1.el9_6;noarch;ol9_appstream
Installing: perl-IO-Socket-IP;0.41-5.el9;noarch;ol9_appstream
Installing: perl-Time-Local;2:1.300-7.el9;noarch;ol9_appstream
Installing: perl-File-Path;2.18-4.el9;noarch;ol9_appstream
Installing: perl-IO-Socket-SSL;2.073-2.el9;noarch;ol9_appstream
Installing: perl-Net-SSLeay;1.94-3.el9;x86_64;ol9_appstream
Installing: perl-Pod-Escapes;1:1.07-460.el9;noarch;ol9_appstream
Installing: perl-Text-Tabs+Wrap;2013.0523-460.el9;noarch;ol9_appstream
Installing: perl-Class-Struct;0.66-481.1.el9_6;noarch;ol9_appstream
Installing: perl-POSIX;1.94-481.1.el9_6;x86_64;ol9_appstream
Installing: perl-Term-ANSIColor;5.01-461.el9;noarch;ol9_appstream
Installing: perl-IPC-Open3;1.21-481.1.el9_6;noarch;ol9_appstream
Installing: perl-subs;1.03-481.1.el9_6;noarch;ol9_appstream
Installing: perl-File-Temp;1:0.231.100-4.el9;noarch;ol9_appstream
Installing: perl-HTTP-Tiny;0.076-462.el9;noarch;ol9_appstream
Installing: perl-Term-Cap;1.17-460.el9;noarch;ol9_appstream
Installing: perl-Pod-Simple;1:3.42-4.el9;noarch;ol9_appstream
Installing: perl-Socket;4:2.031-4.el9;x86_64;ol9_appstream
Installing: perl-SelectSaver;1.02-481.1.el9_6;noarch;ol9_appstream
Installing: perl-Symbol;1.08-481.1.el9_6;noarch;ol9_appstream
Installing: perl-File-stat;1.09-481.1.el9_6;noarch;ol9_appstream
Installing: perl-podlators;1:4.14-460.el9;noarch;ol9_appstream
Installing: perl-Pod-Perldoc;3.28.01-461.el9;noarch;ol9_appstream
Installing: perl-Fcntl;1.13-481.1.el9_6;x86_64;ol9_appstream
Installing: perl-Text-ParseWords;3.30-460.el9;noarch;ol9_appstream
Installing: perl-mro;1.23-481.1.el9_6;x86_64;ol9_appstream
Installing: perl-IO;1.43-481.1.el9_6;x86_64;ol9_appstream
Installing: perl-overloading;0.02-481.1.el9_6;noarch;ol9_appstream
Installing: perl-Pod-Usage;4:2.01-4.el9;noarch;ol9_appstream
Installing: perl-Errno;1.30-481.1.el9_6;x86_64;ol9_appstream
Installing: perl-File-Basename;2.85-481.1.el9_6;noarch;ol9_appstream
Installing: perl-Getopt-Std;1.12-481.1.el9_6;noarch;ol9_appstream
Installing: perl-MIME-Base64;3.16-4.el9;x86_64;ol9_appstream
Installing: perl-Scalar-List-Utils;4:1.56-462.el9;x86_64;ol9_appstream
Installing: perl-constant;1.33-461.el9;noarch;ol9_appstream
Installing: perl-Storable;1:3.21-460.el9;x86_64;ol9_appstream
Installing: perl-overload;1.31-481.1.el9_6;noarch;ol9_appstream
Installing: perl-parent;1:0.238-460.el9;noarch;ol9_appstream
Installing: perl-vars;1.05-481.1.el9_6;noarch;ol9_appstream
Installing: perl-Getopt-Long;1:2.52-4.el9;noarch;ol9_appstream
Installing: perl-Carp;1.50-460.el9;noarch;ol9_appstream
Installing: perl-Exporter;5.74-461.el9;noarch;ol9_appstream
Installing: perl-NDBM_File;1.15-481.1.el9_6;x86_64;ol9_appstream
Installing: perl-PathTools;3.78-461.el9;x86_64;ol9_appstream
Installing: perl-Encode;4:3.08-462.el9;x86_64;ol9_appstream
Installing: perl-libs;4:5.32.1-481.1.el9_6;x86_64;ol9_appstream
Installing: perl-interpreter;4:5.32.1-481.1.el9_6;x86_64;ol9_appstream
Installing: perl-DynaLoader;1.47-481.1.el9_6;x86_64;ol9_appstream
Installing: perl-TermReadKey;2.38-11.el9;x86_64;ol9_appstream
Installing: perl-Error;1:0.17029-7.el9;noarch;ol9_appstream
Installing: perl-File-Find;1.37-481.1.el9_6;noarch;ol9_appstream
Installing: perl-lib;0.65-481.1.el9_6;x86_64;ol9_appstream
Installing: perl-Git;2.47.3-1.el9_6;noarch;ol9_appstream
Installing: git;2.47.3-1.el9_6;x86_64;ol9_appstream
Updating: curl;7.76.1-35.el9_7.3;x86_64;ol9_baseos_latest
Updating: libcurl-devel;7.76.1-35.el9_7.3;x86_64;ol9_appstream
Updating: openssl;1:3.5.1-7.0.1.el9_7;x86_64;ol9_baseos_latest
Updating: openssl-devel;1:3.5.1-7.0.1.el9_7;x86_64;ol9_appstream
Updating: tar;2:1.34-9.el9_7;x86_64;ol9_baseos_latest
Cleanup: openssl;1:3.0.7-17.0.1.el9_2;x86_64;installed
Cleanup: openssl-devel;1:3.0.7-17.0.1.el9_2;x86_64;installed
Cleanup: libcurl-devel;7.76.1-23.el9_2.4;x86_64;installed
Cleanup: curl;7.76.1-23.el9_2.4;x86_64;installed
Cleanup: libcurl;7.76.1-23.el9_2.4;x86_64;installed
Cleanup: openssl-libs;1:3.0.7-17.0.1.el9_2;x86_64;installed
Cleanup: tar;2:1.34-6.el9_1;x86_64;installed
Complete.
[INFO] 
[INFO] --- install:3.1.2:install (default-install) @ java-interviews ---
[INFO] Downloading from central: https://repo.maven.apache.org/maven2/org/apache/maven/resolver/maven-resolver-util/1.9.18/maven-resolver-util-1.9.18.pom
[INFO] Downloaded from central: https://repo.maven.apache.org/maven2/org/apache/maven/resolver/maven-resolver-util/1.9.18/maven-resolver-util-1.9.18.pom (2.9 kB at 29 kB/s)
[INFO] Downloading from central: https://repo.maven.apache.org/maven2/org/apache/maven/resolver/maven-resolver/1.9.18/maven-resolver-1.9.18.pom
[INFO] Downloaded from central: https://repo.maven.apache.org/maven2/org/apache/maven/resolver/maven-resolver/1.9.18/maven-resolver-1.9.18.pom (22 kB at 770 kB/s)
[INFO] Downloading from central: https://repo.maven.apache.org/maven2/org/apache/maven/resolver/maven-resolver-api/1.9.18/maven-resolver-api-1.9.18.pom
[INFO] Downloaded from central: https://repo.maven.apache.org/maven2/org/apache/maven/resolver/maven-resolver-api/1.9.18/maven-resolver-api-1.9.18.pom (2.7 kB at 92 kB/s)
[INFO] Downloading from central: https://repo.maven.apache.org/maven2/org/apache/maven/resolver/maven-resolver-util/1.9.18/maven-resolver-util-1.9.18.jar
[INFO] Downloaded from central: https://repo.maven.apache.org/maven2/org/apache/maven/resolver/maven-resolver-util/1.9.18/maven-resolver-util-1.9.18.jar (196 kB at 2.8 MB/s)
[INFO] Downloading from central: https://repo.maven.apache.org/maven2/org/apache/maven/resolver/maven-resolver-api/1.9.18/maven-resolver-api-1.9.18.jar
[INFO] Downloaded from central: https://repo.maven.apache.org/maven2/org/apache/maven/resolver/maven-resolver-api/1.9.18/maven-resolver-api-1.9.18.jar (157 kB at 4.1 MB/s)
[INFO] Installing /project/pom.xml to /root/.m2/repository/cloud/caravana/java-interviews/1.0.0-SNAPSHOT/java-interviews-1.0.0-SNAPSHOT.pom
[INFO] Installing /project/target/java-interviews-1.0.0-SNAPSHOT.jar to /root/.m2/repository/cloud/caravana/java-interviews/1.0.0-SNAPSHOT/java-interviews-1.0.0-SNAPSHOT.jar
[INFO] ------------------------------------------------------------------------
[INFO] BUILD SUCCESS
[INFO] ------------------------------------------------------------------------
[INFO] Total time:  01:15 min
[INFO] Finished at: 2026-05-24T18:45:15Z
[INFO] ------------------------------------------------------------------------
[INFO] Scanning for projects...
[INFO] 
[INFO] -------------------< cloud.caravana:java-interviews >-------------------
[INFO] Building java-interviews 1.0.0-SNAPSHOT
[INFO]   from pom.xml
[INFO] --------------------------------[ jar ]---------------------------------
[INFO] 
[INFO] --- jacoco:0.8.7:prepare-agent (default) @ java-interviews ---
[INFO] Skipping JaCoCo execution because property jacoco.skip is set.
[INFO] argLine set to empty
[INFO] 
[INFO] --- resources:3.3.1:resources (default-resources) @ java-interviews ---
[INFO] Copying 6 resources from src/main/resources to target/classes
[INFO] 
[INFO] --- quarkus:2.9.2.Final:generate-code (default) @ java-interviews ---
[INFO] 
[INFO] --- compiler:3.13.0:compile (default-compile) @ java-interviews ---
[INFO] Nothing to compile - all classes are up to date.
[INFO] 
[INFO] --- quarkus:2.9.2.Final:generate-code-tests (default) @ java-interviews ---
[INFO] 
[INFO] --- resources:3.3.1:testResources (default-testResources) @ java-interviews ---
[INFO] skip non existing resourceDirectory /project/src/test/resources
[INFO] 
[INFO] --- compiler:3.13.0:testCompile (default-testCompile) @ java-interviews ---
[INFO] Nothing to compile - all classes are up to date.
[INFO] 
[INFO] --- surefire:3.0.0-M5:test (default-test) @ java-interviews ---
[INFO] Downloading from central: https://repo.maven.apache.org/maven2/org/apache/maven/surefire/surefire-junit-platform/3.0.0-M5/surefire-junit-platform-3.0.0-M5.jar
[INFO] Downloaded from central: https://repo.maven.apache.org/maven2/org/apache/maven/surefire/surefire-junit-platform/3.0.0-M5/surefire-junit-platform-3.0.0-M5.jar (23 kB at 40 kB/s)
[INFO] Downloading from central: https://repo.maven.apache.org/maven2/org/apache/maven/surefire/surefire-junit-platform/3.0.0-M5/surefire-junit-platform-3.0.0-M5.pom
[INFO] Downloaded from central: https://repo.maven.apache.org/maven2/org/apache/maven/surefire/surefire-junit-platform/3.0.0-M5/surefire-junit-platform-3.0.0-M5.pom (6.7 kB at 118 kB/s)
[INFO] Downloading from central: https://repo.maven.apache.org/maven2/org/apache/maven/surefire/surefire-providers/3.0.0-M5/surefire-providers-3.0.0-M5.pom
[INFO] Downloaded from central: https://repo.maven.apache.org/maven2/org/apache/maven/surefire/surefire-providers/3.0.0-M5/surefire-providers-3.0.0-M5.pom (2.5 kB at 65 kB/s)
[INFO] Downloading from central: https://repo.maven.apache.org/maven2/org/apache/maven/surefire/common-java5/3.0.0-M5/common-java5-3.0.0-M5.pom
[INFO] Downloaded from central: https://repo.maven.apache.org/maven2/org/apache/maven/surefire/common-java5/3.0.0-M5/common-java5-3.0.0-M5.pom (2.6 kB at 75 kB/s)
[INFO] Downloading from central: https://repo.maven.apache.org/maven2/org/junit/platform/junit-platform-launcher/1.3.2/junit-platform-launcher-1.3.2.pom
[INFO] Downloaded from central: https://repo.maven.apache.org/maven2/org/junit/platform/junit-platform-launcher/1.3.2/junit-platform-launcher-1.3.2.pom (2.2 kB at 20 kB/s)
[INFO] Downloading from central: https://repo.maven.apache.org/maven2/org/apiguardian/apiguardian-api/1.0.0/apiguardian-api-1.0.0.pom
[INFO] Downloaded from central: https://repo.maven.apache.org/maven2/org/apiguardian/apiguardian-api/1.0.0/apiguardian-api-1.0.0.pom (1.2 kB at 32 kB/s)
[INFO] Downloading from central: https://repo.maven.apache.org/maven2/org/junit/platform/junit-platform-engine/1.3.2/junit-platform-engine-1.3.2.pom
[INFO] Downloaded from central: https://repo.maven.apache.org/maven2/org/junit/platform/junit-platform-engine/1.3.2/junit-platform-engine-1.3.2.pom (2.4 kB at 66 kB/s)
[INFO] Downloading from central: https://repo.maven.apache.org/maven2/org/junit/platform/junit-platform-commons/1.3.2/junit-platform-commons-1.3.2.pom
[INFO] Downloaded from central: https://repo.maven.apache.org/maven2/org/junit/platform/junit-platform-commons/1.3.2/junit-platform-commons-1.3.2.pom (2.0 kB at 59 kB/s)
[INFO] Downloading from central: https://repo.maven.apache.org/maven2/org/opentest4j/opentest4j/1.1.1/opentest4j-1.1.1.pom
[INFO] Downloaded from central: https://repo.maven.apache.org/maven2/org/opentest4j/opentest4j/1.1.1/opentest4j-1.1.1.pom (1.7 kB at 39 kB/s)
[INFO] Downloading from central: https://repo.maven.apache.org/maven2/org/junit/jupiter/junit-jupiter-engine/5.3.2/junit-jupiter-engine-5.3.2.pom
[INFO] Downloaded from central: https://repo.maven.apache.org/maven2/org/junit/jupiter/junit-jupiter-engine/5.3.2/junit-jupiter-engine-5.3.2.pom (2.4 kB at 68 kB/s)
[INFO] Downloading from central: https://repo.maven.apache.org/maven2/org/junit/jupiter/junit-jupiter-api/5.3.2/junit-jupiter-api-5.3.2.pom
[INFO] Downloaded from central: https://repo.maven.apache.org/maven2/org/junit/jupiter/junit-jupiter-api/5.3.2/junit-jupiter-api-5.3.2.pom (2.4 kB at 70 kB/s)
[INFO] Downloading from central: https://repo.maven.apache.org/maven2/org/junit/jupiter/junit-jupiter-params/5.3.2/junit-jupiter-params-5.3.2.pom
[INFO] Downloaded from central: https://repo.maven.apache.org/maven2/org/junit/jupiter/junit-jupiter-params/5.3.2/junit-jupiter-params-5.3.2.pom (2.2 kB at 24 kB/s)
[INFO] Downloading from central: https://repo.maven.apache.org/maven2/org/mockito/mockito-core/2.28.2/mockito-core-2.28.2.pom
[INFO] Downloaded from central: https://repo.maven.apache.org/maven2/org/mockito/mockito-core/2.28.2/mockito-core-2.28.2.pom (20 kB at 157 kB/s)
[INFO] Downloading from central: https://repo.maven.apache.org/maven2/net/bytebuddy/byte-buddy/1.9.10/byte-buddy-1.9.10.pom
[INFO] Downloaded from central: https://repo.maven.apache.org/maven2/net/bytebuddy/byte-buddy/1.9.10/byte-buddy-1.9.10.pom (10 kB at 287 kB/s)
[INFO] Downloading from central: https://repo.maven.apache.org/maven2/net/bytebuddy/byte-buddy-parent/1.9.10/byte-buddy-parent-1.9.10.pom
[INFO] Downloaded from central: https://repo.maven.apache.org/maven2/net/bytebuddy/byte-buddy-parent/1.9.10/byte-buddy-parent-1.9.10.pom (36 kB at 918 kB/s)
[INFO] Downloading from central: https://repo.maven.apache.org/maven2/net/bytebuddy/byte-buddy-agent/1.9.10/byte-buddy-agent-1.9.10.pom
[INFO] Downloaded from central: https://repo.maven.apache.org/maven2/net/bytebuddy/byte-buddy-agent/1.9.10/byte-buddy-agent-1.9.10.pom (6.0 kB at 121 kB/s)
[INFO] Downloading from central: https://repo.maven.apache.org/maven2/org/objenesis/objenesis/2.6/objenesis-2.6.pom
[INFO] Downloaded from central: https://repo.maven.apache.org/maven2/org/objenesis/objenesis/2.6/objenesis-2.6.pom (2.8 kB at 70 kB/s)
[INFO] Downloading from central: https://repo.maven.apache.org/maven2/org/objenesis/objenesis-parent/2.6/objenesis-parent-2.6.pom
[INFO] Downloaded from central: https://repo.maven.apache.org/maven2/org/objenesis/objenesis-parent/2.6/objenesis-parent-2.6.pom (17 kB at 393 kB/s)
[INFO] Downloading from central: https://repo.maven.apache.org/maven2/org/powermock/powermock-reflect/2.0.5/powermock-reflect-2.0.5.pom
[INFO] Downloaded from central: https://repo.maven.apache.org/maven2/org/powermock/powermock-reflect/2.0.5/powermock-reflect-2.0.5.pom (7.2 kB at 189 kB/s)
[INFO] Downloading from central: https://repo.maven.apache.org/maven2/org/assertj/assertj-core/3.9.1/assertj-core-3.9.1.pom
[INFO] Downloaded from central: https://repo.maven.apache.org/maven2/org/assertj/assertj-core/3.9.1/assertj-core-3.9.1.pom (10 kB at 104 kB/s)
[INFO] Downloading from central: https://repo.maven.apache.org/maven2/org/assertj/assertj-parent-pom/2.1.9/assertj-parent-pom-2.1.9.pom
[INFO] Downloaded from central: https://repo.maven.apache.org/maven2/org/assertj/assertj-parent-pom/2.1.9/assertj-parent-pom-2.1.9.pom (15 kB at 443 kB/s)
[INFO] Downloading from central: https://repo.maven.apache.org/maven2/junit/junit/4.13/junit-4.13.pom
[INFO] Downloaded from central: https://repo.maven.apache.org/maven2/junit/junit/4.13/junit-4.13.pom (25 kB at 678 kB/s)
[INFO] Downloading from central: https://repo.maven.apache.org/maven2/org/hamcrest/hamcrest-library/1.3/hamcrest-library-1.3.pom
[INFO] Downloaded from central: https://repo.maven.apache.org/maven2/org/hamcrest/hamcrest-library/1.3/hamcrest-library-1.3.pom (820 B at 23 kB/s)
[INFO] Downloading from central: https://repo.maven.apache.org/maven2/org/easytesting/fest-assert/1.4/fest-assert-1.4.pom
[INFO] Downloaded from central: https://repo.maven.apache.org/maven2/org/easytesting/fest-assert/1.4/fest-assert-1.4.pom (2.4 kB at 77 kB/s)
[INFO] Downloading from central: https://repo.maven.apache.org/maven2/org/easytesting/fest/1.0.8/fest-1.0.8.pom
[INFO] Downloaded from central: https://repo.maven.apache.org/maven2/org/easytesting/fest/1.0.8/fest-1.0.8.pom (12 kB at 346 kB/s)
[INFO] Downloading from central: https://repo.maven.apache.org/maven2/org/easytesting/fest-util/1.1.6/fest-util-1.1.6.pom
[INFO] Downloaded from central: https://repo.maven.apache.org/maven2/org/easytesting/fest-util/1.1.6/fest-util-1.1.6.pom (1.6 kB at 15 kB/s)
[INFO] Downloading from central: https://repo.maven.apache.org/maven2/org/apache/maven/surefire/common-java5/3.0.0-M5/common-java5-3.0.0-M5.jar
[INFO] Downloading from central: https://repo.maven.apache.org/maven2/org/apiguardian/apiguardian-api/1.0.0/apiguardian-api-1.0.0.jar
[INFO] Downloading from central: https://repo.maven.apache.org/maven2/org/junit/platform/junit-platform-launcher/1.3.2/junit-platform-launcher-1.3.2.jar
[INFO] Downloading from central: https://repo.maven.apache.org/maven2/org/junit/platform/junit-platform-commons/1.3.2/junit-platform-commons-1.3.2.jar
[INFO] Downloading from central: https://repo.maven.apache.org/maven2/org/junit/platform/junit-platform-engine/1.3.2/junit-platform-engine-1.3.2.jar
[INFO] Downloaded from central: https://repo.maven.apache.org/maven2/org/junit/platform/junit-platform-launcher/1.3.2/junit-platform-launcher-1.3.2.jar (95 kB at 733 kB/s)
[INFO] Downloading from central: https://repo.maven.apache.org/maven2/org/opentest4j/opentest4j/1.1.1/opentest4j-1.1.1.jar
[INFO] Downloaded from central: https://repo.maven.apache.org/maven2/org/opentest4j/opentest4j/1.1.1/opentest4j-1.1.1.jar (7.1 kB at 339 kB/s)
[INFO] Downloaded from central: https://repo.maven.apache.org/maven2/org/apiguardian/apiguardian-api/1.0.0/apiguardian-api-1.0.0.jar (2.2 kB at 4.5 kB/s)
[INFO] Downloaded from central: https://repo.maven.apache.org/maven2/org/junit/platform/junit-platform-commons/1.3.2/junit-platform-commons-1.3.2.jar (78 kB at 160 kB/s)
[INFO] Downloaded from central: https://repo.maven.apache.org/maven2/org/apache/maven/surefire/common-java5/3.0.0-M5/common-java5-3.0.0-M5.jar (16 kB at 31 kB/s)
[INFO] Downloaded from central: https://repo.maven.apache.org/maven2/org/junit/platform/junit-platform-engine/1.3.2/junit-platform-engine-1.3.2.jar (138 kB at 243 kB/s)
[INFO] 
[INFO] -------------------------------------------------------
[INFO]  T E S T S
[INFO] -------------------------------------------------------
[INFO] Running cloud.caravana.UtilTest
2026-05-24 18:46:01,175 INFO  [org.jbo.threads] (main) JBoss Threads version 3.4.2.Final
2026-05-24 18:46:07,499 WARN  [io.qua.hib.orm.dep.HibernateOrmProcessor] (build-74) Hibernate ORM is disabled because no JPA entities were found
2026-05-24 18:46:07,955 WARN  [org.tes.uti.TestcontainersConfiguration] (build-10) Attempted to read Testcontainers configuration file at file:/root/.testcontainers.properties but the file was not found. Exception message: FileNotFoundException: /root/.testcontainers.properties (No such file or directory)
2026-05-24 18:46:08,429 INFO  [org.tes.doc.DockerMachineClientProviderStrategy] (build-10) docker-machine executable was not found on PATH ([/usr/local/sbin, /usr/local/bin, /usr/sbin, /usr/bin, /sbin, /bin])
2026-05-24 18:46:08,433 ERROR [org.tes.doc.DockerClientProviderStrategy] (build-10) Could not find a valid Docker environment. Please check configuration. Attempted configurations were:
2026-05-24 18:46:08,434 ERROR [org.tes.doc.DockerClientProviderStrategy] (build-10)     UnixSocketClientProviderStrategy: failed with exception InvalidConfigurationException (Could not find unix domain socket). Root cause NoSuchFileException (/var/run/docker.sock)
2026-05-24 18:46:08,435 ERROR [org.tes.doc.DockerClientProviderStrategy] (build-10) As no valid configuration was found, execution cannot continue
2026-05-24 18:46:08,483 WARN  [io.qua.dep.IsDockerWorking] (build-10) No docker binary found or general error: java.lang.RuntimeException: Input/Output error while executing command.
[ERROR] Tests run: 6, Failures: 0, Errors: 1, Skipped: 5, Time elapsed: 32.15 s <<< FAILURE! - in cloud.caravana.UtilTest
[ERROR] cloud.caravana.UtilTest.linesToArray  Time elapsed: 0.073 s  <<< ERROR!
java.lang.RuntimeException: 
java.lang.RuntimeException: io.quarkus.builder.BuildException: Build failure: Build failed due to errors
	[error]: Build step io.quarkus.datasource.deployment.devservices.DevServicesDatasourceProcessor#launchDatabases threw an exception: java.lang.IllegalStateException: Please configure the datasource URL for the default datasource or ensure the Docker daemon is up and running.
	at io.quarkus.datasource.deployment.devservices.DevServicesDatasourceProcessor.startDevDb(DevServicesDatasourceProcessor.java:242)
	at io.quarkus.datasource.deployment.devservices.DevServicesDatasourceProcessor.launchDatabases(DevServicesDatasourceProcessor.java:125)
	at java.base/jdk.internal.reflect.NativeMethodAccessorImpl.invoke0(Native Method)
	at java.base/jdk.internal.reflect.NativeMethodAccessorImpl.invoke(NativeMethodAccessorImpl.java:77)
	at java.base/jdk.internal.reflect.DelegatingMethodAccessorImpl.invoke(DelegatingMethodAccessorImpl.java:43)
	at java.base/java.lang.reflect.Method.invoke(Method.java:568)
	at io.quarkus.deployment.ExtensionLoader$3.execute(ExtensionLoader.java:925)
	at io.quarkus.builder.BuildContext.run(BuildContext.java:277)
	at org.jboss.threads.ContextHandler$1.runWith(ContextHandler.java:18)
	at org.jboss.threads.EnhancedQueueExecutor$Task.run(EnhancedQueueExecutor.java:2449)
	at org.jboss.threads.EnhancedQueueExecutor$ThreadBody.run(EnhancedQueueExecutor.java:1478)
	at java.base/java.lang.Thread.run(Thread.java:840)
	at org.jboss.threads.JBossThread.run(JBossThread.java:501)

Caused by: java.lang.RuntimeException: 
io.quarkus.builder.BuildException: Build failure: Build failed due to errors
	[error]: Build step io.quarkus.datasource.deployment.devservices.DevServicesDatasourceProcessor#launchDatabases threw an exception: java.lang.IllegalStateException: Please configure the datasource URL for the default datasource or ensure the Docker daemon is up and running.
	at io.quarkus.datasource.deployment.devservices.DevServicesDatasourceProcessor.startDevDb(DevServicesDatasourceProcessor.java:242)
	at io.quarkus.datasource.deployment.devservices.DevServicesDatasourceProcessor.launchDatabases(DevServicesDatasourceProcessor.java:125)
	at java.base/jdk.internal.reflect.NativeMethodAccessorImpl.invoke0(Native Method)
	at java.base/jdk.internal.reflect.NativeMethodAccessorImpl.invoke(NativeMethodAccessorImpl.java:77)
	at java.base/jdk.internal.reflect.DelegatingMethodAccessorImpl.invoke(DelegatingMethodAccessorImpl.java:43)
	at java.base/java.lang.reflect.Method.invoke(Method.java:568)
	at io.quarkus.deployment.ExtensionLoader$3.execute(ExtensionLoader.java:925)
	at io.quarkus.builder.BuildContext.run(BuildContext.java:277)
	at org.jboss.threads.ContextHandler$1.runWith(ContextHandler.java:18)
	at org.jboss.threads.EnhancedQueueExecutor$Task.run(EnhancedQueueExecutor.java:2449)
	at org.jboss.threads.EnhancedQueueExecutor$ThreadBody.run(EnhancedQueueExecutor.java:1478)
	at java.base/java.lang.Thread.run(Thread.java:840)
	at org.jboss.threads.JBossThread.run(JBossThread.java:501)

Caused by: io.quarkus.builder.BuildException: 
Build failure: Build failed due to errors
	[error]: Build step io.quarkus.datasource.deployment.devservices.DevServicesDatasourceProcessor#launchDatabases threw an exception: java.lang.IllegalStateException: Please configure the datasource URL for the default datasource or ensure the Docker daemon is up and running.
	at io.quarkus.datasource.deployment.devservices.DevServicesDatasourceProcessor.startDevDb(DevServicesDatasourceProcessor.java:242)
	at io.quarkus.datasource.deployment.devservices.DevServicesDatasourceProcessor.launchDatabases(DevServicesDatasourceProcessor.java:125)
	at java.base/jdk.internal.reflect.NativeMethodAccessorImpl.invoke0(Native Method)
	at java.base/jdk.internal.reflect.NativeMethodAccessorImpl.invoke(NativeMethodAccessorImpl.java:77)
	at java.base/jdk.internal.reflect.DelegatingMethodAccessorImpl.invoke(DelegatingMethodAccessorImpl.java:43)
	at java.base/java.lang.reflect.Method.invoke(Method.java:568)
	at io.quarkus.deployment.ExtensionLoader$3.execute(ExtensionLoader.java:925)
	at io.quarkus.builder.BuildContext.run(BuildContext.java:277)
	at org.jboss.threads.ContextHandler$1.runWith(ContextHandler.java:18)
	at org.jboss.threads.EnhancedQueueExecutor$Task.run(EnhancedQueueExecutor.java:2449)
	at org.jboss.threads.EnhancedQueueExecutor$ThreadBody.run(EnhancedQueueExecutor.java:1478)
	at java.base/java.lang.Thread.run(Thread.java:840)
	at org.jboss.threads.JBossThread.run(JBossThread.java:501)

Caused by: java.lang.IllegalStateException: Please configure the datasource URL for the default datasource or ensure the Docker daemon is up and running.

[INFO] Running cloud.caravana.algo.lastrepeat.MainTest
[WARNING] Tests run: 5, Failures: 0, Errors: 0, Skipped: 5, Time elapsed: 0.043 s - in cloud.caravana.algo.lastrepeat.MainTest
[INFO] Running cloud.caravana.algo.mutant.MutantTest
[WARNING] Tests run: 11, Failures: 0, Errors: 0, Skipped: 11, Time elapsed: 0.07 s - in cloud.caravana.algo.mutant.MutantTest
[INFO] Running cloud.caravana.algo.pairsum.ProgramTest
[INFO] Tests run: 0, Failures: 0, Errors: 0, Skipped: 0, Time elapsed: 0.061 s - in cloud.caravana.algo.pairsum.ProgramTest
[INFO] Running cloud.caravana.algo.reverse.ReverseInplaceTest
[WARNING] Tests run: 5, Failures: 0, Errors: 0, Skipped: 5, Time elapsed: 0.036 s - in cloud.caravana.algo.reverse.ReverseInplaceTest
[INFO] Running cloud.caravana.algo.subsequence.ProgramTest
[WARNING] Tests run: 5, Failures: 0, Errors: 0, Skipped: 5, Time elapsed: 0.075 s - in cloud.caravana.algo.subsequence.ProgramTest
[INFO] Running cloud.caravana.algo.cig.CIGNaiveTest
[INFO] Tests run: 4, Failures: 0, Errors: 0, Skipped: 0, Time elapsed: 11.557 s - in cloud.caravana.algo.cig.CIGNaiveTest
[INFO] Running cloud.caravana.algo.cig.CIGPerfTest
[INFO] Tests run: 7, Failures: 0, Errors: 0, Skipped: 0, Time elapsed: 0.845 s - in cloud.caravana.algo.cig.CIGPerfTest
[INFO] Running cloud.caravana.algo.hello.HelloTest
[INFO] Tests run: 1, Failures: 0, Errors: 0, Skipped: 0, Time elapsed: 0.023 s - in cloud.caravana.algo.hello.HelloTest
[INFO] Running cloud.caravana.algo.queens2.Queens2Test
[INFO] Tests run: 3, Failures: 0, Errors: 0, Skipped: 0, Time elapsed: 0.043 s - in cloud.caravana.algo.queens2.Queens2Test
[INFO] 
[INFO] Results:
[INFO] 
[ERROR] Errors: 
[ERROR]   UtilTest.linesToArray ? Runtime java.lang.RuntimeException: io.quarkus.builder...
[INFO] 
[ERROR] Tests run: 47, Failures: 0, Errors: 1, Skipped: 31
[INFO] 
[ERROR] There are test failures.

Please refer to /project/target/surefire-reports for the individual test results.
Please refer to dump files (if any exist) [date].dump, [date]-jvmRun[N].dump and [date].dumpstream.
[INFO] ------------------------------------------------------------------------
[INFO] BUILD SUCCESS
[INFO] ------------------------------------------------------------------------
[INFO] Total time:  01:03 min
[INFO] Finished at: 2026-05-24T18:46:22Z
[INFO] ------------------------------------------------------------------------
