[INFO] Scanning for projects...
[INFO] 
[INFO] ---------------------< com.madadipouya.eris:eris >----------------------
[INFO] Building Eris 0.2.84-SNAPSHOT
[INFO]   from pom.xml
[INFO] --------------------------------[ jar ]---------------------------------
[INFO] Downloading from spring-releases: https://repo.spring.io/libs-release/org/springframework/cloud/spring-cloud-contract-stub-runner/4.3.0/spring-cloud-contract-stub-runner-4.3.0.pom
[INFO] Downloading from central: https://repo.maven.apache.org/maven2/org/springframework/cloud/spring-cloud-contract-stub-runner/4.3.0/spring-cloud-contract-stub-runner-4.3.0.pom
[INFO] Downloaded from central: https://repo.maven.apache.org/maven2/org/springframework/cloud/spring-cloud-contract-stub-runner/4.3.0/spring-cloud-contract-stub-runner-4.3.0.pom (9.0 kB at 10 kB/s)
[INFO] Downloading from spring-releases: https://repo.spring.io/libs-release/org/springframework/cloud/spring-cloud-contract-converters/4.3.0/spring-cloud-contract-converters-4.3.0.pom
[INFO] Downloading from central: https://repo.maven.apache.org/maven2/org/springframework/cloud/spring-cloud-contract-converters/4.3.0/spring-cloud-contract-converters-4.3.0.pom
[INFO] Downloaded from central: https://repo.maven.apache.org/maven2/org/springframework/cloud/spring-cloud-contract-converters/4.3.0/spring-cloud-contract-converters-4.3.0.pom (3.2 kB at 14 kB/s)
[INFO] Downloading from spring-releases: https://repo.spring.io/libs-release/org/springframework/cloud/spring-cloud-contract-tools/4.3.0/spring-cloud-contract-tools-4.3.0.pom
[INFO] Downloading from central: https://repo.maven.apache.org/maven2/org/springframework/cloud/spring-cloud-contract-tools/4.3.0/spring-cloud-contract-tools-4.3.0.pom
[INFO] Downloaded from central: https://repo.maven.apache.org/maven2/org/springframework/cloud/spring-cloud-contract-tools/4.3.0/spring-cloud-contract-tools-4.3.0.pom (1.2 kB at 5.0 kB/s)
[INFO] Downloading from spring-releases: https://repo.spring.io/libs-release/org/springframework/cloud/spring-cloud-test-support/4.3.0/spring-cloud-test-support-4.3.0.pom
[INFO] Downloading from central: https://repo.maven.apache.org/maven2/org/springframework/cloud/spring-cloud-test-support/4.3.0/spring-cloud-test-support-4.3.0.pom
[INFO] Downloaded from central: https://repo.maven.apache.org/maven2/org/springframework/cloud/spring-cloud-test-support/4.3.0/spring-cloud-test-support-4.3.0.pom (5.8 kB at 26 kB/s)
[INFO] Downloading from spring-releases: https://repo.spring.io/libs-release/org/springframework/cloud/spring-cloud-commons-parent/4.3.0/spring-cloud-commons-parent-4.3.0.pom
[INFO] Downloading from central: https://repo.maven.apache.org/maven2/org/springframework/cloud/spring-cloud-commons-parent/4.3.0/spring-cloud-commons-parent-4.3.0.pom
[INFO] Downloaded from central: https://repo.maven.apache.org/maven2/org/springframework/cloud/spring-cloud-commons-parent/4.3.0/spring-cloud-commons-parent-4.3.0.pom (4.5 kB at 19 kB/s)
[INFO] Downloading from spring-releases: https://repo.spring.io/libs-release/org/apache/maven/resolver/maven-resolver-connector-basic/1.9.22/maven-resolver-connector-basic-1.9.22.pom
[INFO] Downloading from central: https://repo.maven.apache.org/maven2/org/apache/maven/resolver/maven-resolver-connector-basic/1.9.22/maven-resolver-connector-basic-1.9.22.pom
[INFO] Downloaded from central: https://repo.maven.apache.org/maven2/org/apache/maven/resolver/maven-resolver-connector-basic/1.9.22/maven-resolver-connector-basic-1.9.22.pom (3.1 kB at 13 kB/s)
[INFO] Downloading from spring-releases: https://repo.spring.io/libs-release/org/apache/maven/resolver/maven-resolver/1.9.22/maven-resolver-1.9.22.pom
[INFO] Downloading from central: https://repo.maven.apache.org/maven2/org/apache/maven/resolver/maven-resolver/1.9.22/maven-resolver-1.9.22.pom
[INFO] Downloaded from central: https://repo.maven.apache.org/maven2/org/apache/maven/resolver/maven-resolver/1.9.22/maven-resolver-1.9.22.pom (23 kB at 93 kB/s)
[INFO] Downloading from spring-releases: https://repo.spring.io/libs-release/org/apache/maven/resolver/maven-resolver-spi/1.9.22/maven-resolver-spi-1.9.22.pom
[INFO] Downloading from central: https://repo.maven.apache.org/maven2/org/apache/maven/resolver/maven-resolver-spi/1.9.22/maven-resolver-spi-1.9.22.pom
[INFO] Downloaded from central: https://repo.maven.apache.org/maven2/org/apache/maven/resolver/maven-resolver-spi/1.9.22/maven-resolver-spi-1.9.22.pom (2.1 kB at 7.0 kB/s)
[INFO] Downloading from spring-releases: https://repo.spring.io/libs-release/org/apache/maven/resolver/maven-resolver-util/1.9.22/maven-resolver-util-1.9.22.pom
[INFO] Downloading from central: https://repo.maven.apache.org/maven2/org/apache/maven/resolver/maven-resolver-util/1.9.22/maven-resolver-util-1.9.22.pom
[INFO] Downloaded from central: https://repo.maven.apache.org/maven2/org/apache/maven/resolver/maven-resolver-util/1.9.22/maven-resolver-util-1.9.22.pom (2.2 kB at 5.6 kB/s)
[INFO] Downloading from spring-releases: https://repo.spring.io/libs-release/org/apache/maven/resolver/maven-resolver-impl/1.9.22/maven-resolver-impl-1.9.22.pom
[INFO] Downloading from central: https://repo.maven.apache.org/maven2/org/apache/maven/resolver/maven-resolver-impl/1.9.22/maven-resolver-impl-1.9.22.pom
[INFO] Downloaded from central: https://repo.maven.apache.org/maven2/org/apache/maven/resolver/maven-resolver-impl/1.9.22/maven-resolver-impl-1.9.22.pom (4.2 kB at 18 kB/s)
[INFO] Downloading from spring-releases: https://repo.spring.io/libs-release/org/apache/maven/resolver/maven-resolver-named-locks/1.9.22/maven-resolver-named-locks-1.9.22.pom
[INFO] Downloading from central: https://repo.maven.apache.org/maven2/org/apache/maven/resolver/maven-resolver-named-locks/1.9.22/maven-resolver-named-locks-1.9.22.pom
[INFO] Downloaded from central: https://repo.maven.apache.org/maven2/org/apache/maven/resolver/maven-resolver-named-locks/1.9.22/maven-resolver-named-locks-1.9.22.pom (2.6 kB at 12 kB/s)
[INFO] Downloading from spring-releases: https://repo.spring.io/libs-release/org/apache/maven/maven-resolver-provider/3.9.9/maven-resolver-provider-3.9.9.pom
[INFO] Downloading from central: https://repo.maven.apache.org/maven2/org/apache/maven/maven-resolver-provider/3.9.9/maven-resolver-provider-3.9.9.pom
[INFO] Downloaded from central: https://repo.maven.apache.org/maven2/org/apache/maven/maven-resolver-provider/3.9.9/maven-resolver-provider-3.9.9.pom (4.5 kB at 19 kB/s)
[INFO] Downloading from spring-releases: https://repo.spring.io/libs-release/org/apache/maven/maven/3.9.9/maven-3.9.9.pom
[INFO] Downloading from central: https://repo.maven.apache.org/maven2/org/apache/maven/maven/3.9.9/maven-3.9.9.pom
[INFO] Downloaded from central: https://repo.maven.apache.org/maven2/org/apache/maven/maven/3.9.9/maven-3.9.9.pom (28 kB at 123 kB/s)
[INFO] Downloading from spring-releases: https://repo.spring.io/libs-release/org/apache/maven/maven-model/3.9.9/maven-model-3.9.9.pom
[INFO] Downloading from central: https://repo.maven.apache.org/maven2/org/apache/maven/maven-model/3.9.9/maven-model-3.9.9.pom
[INFO] Downloaded from central: https://repo.maven.apache.org/maven2/org/apache/maven/maven-model/3.9.9/maven-model-3.9.9.pom (2.7 kB at 12 kB/s)
[INFO] Downloading from spring-releases: https://repo.spring.io/libs-release/org/apache/maven/maven-model-builder/3.9.9/maven-model-builder-3.9.9.pom
[INFO] Downloading from central: https://repo.maven.apache.org/maven2/org/apache/maven/maven-model-builder/3.9.9/maven-model-builder-3.9.9.pom
[INFO] Downloaded from central: https://repo.maven.apache.org/maven2/org/apache/maven/maven-model-builder/3.9.9/maven-model-builder-3.9.9.pom (3.5 kB at 16 kB/s)
[INFO] Downloading from spring-releases: https://repo.spring.io/libs-release/org/codehaus/plexus/plexus-interpolation/1.27/plexus-interpolation-1.27.pom
[INFO] Downloading from central: https://repo.maven.apache.org/maven2/org/codehaus/plexus/plexus-interpolation/1.27/plexus-interpolation-1.27.pom
[INFO] Downloaded from central: https://repo.maven.apache.org/maven2/org/codehaus/plexus/plexus-interpolation/1.27/plexus-interpolation-1.27.pom (3.0 kB at 14 kB/s)
[INFO] Downloading from spring-releases: https://repo.spring.io/libs-release/org/apache/maven/maven-artifact/3.9.9/maven-artifact-3.9.9.pom
[INFO] Downloading from central: https://repo.maven.apache.org/maven2/org/apache/maven/maven-artifact/3.9.9/maven-artifact-3.9.9.pom
[INFO] Downloaded from central: https://repo.maven.apache.org/maven2/org/apache/maven/maven-artifact/3.9.9/maven-artifact-3.9.9.pom (2.2 kB at 9.7 kB/s)
[INFO] Downloading from spring-releases: https://repo.spring.io/libs-release/org/apache/maven/maven-builder-support/3.9.9/maven-builder-support-3.9.9.pom
[INFO] Downloading from central: https://repo.maven.apache.org/maven2/org/apache/maven/maven-builder-support/3.9.9/maven-builder-support-3.9.9.pom
[INFO] Downloaded from central: https://repo.maven.apache.org/maven2/org/apache/maven/maven-builder-support/3.9.9/maven-builder-support-3.9.9.pom (1.4 kB at 6.1 kB/s)
[INFO] Downloading from spring-releases: https://repo.spring.io/libs-release/org/eclipse/sisu/org.eclipse.sisu.inject/0.9.0.M3/org.eclipse.sisu.inject-0.9.0.M3.pom
[INFO] Downloading from central: https://repo.maven.apache.org/maven2/org/eclipse/sisu/org.eclipse.sisu.inject/0.9.0.M3/org.eclipse.sisu.inject-0.9.0.M3.pom
[INFO] Downloaded from central: https://repo.maven.apache.org/maven2/org/eclipse/sisu/org.eclipse.sisu.inject/0.9.0.M3/org.eclipse.sisu.inject-0.9.0.M3.pom (20 kB at 86 kB/s)
[INFO] Downloading from spring-releases: https://repo.spring.io/libs-release/org/eclipse/sisu/sisu-inject/0.9.0.M3/sisu-inject-0.9.0.M3.pom
[INFO] Downloading from central: https://repo.maven.apache.org/maven2/org/eclipse/sisu/sisu-inject/0.9.0.M3/sisu-inject-0.9.0.M3.pom
[INFO] Downloaded from central: https://repo.maven.apache.org/maven2/org/eclipse/sisu/sisu-inject/0.9.0.M3/sisu-inject-0.9.0.M3.pom (24 kB at 102 kB/s)
[INFO] Downloading from spring-releases: https://repo.spring.io/libs-release/org/apache/maven/maven-repository-metadata/3.9.9/maven-repository-metadata-3.9.9.pom
[INFO] Downloading from central: https://repo.maven.apache.org/maven2/org/apache/maven/maven-repository-metadata/3.9.9/maven-repository-metadata-3.9.9.pom
[INFO] Downloaded from central: https://repo.maven.apache.org/maven2/org/apache/maven/maven-repository-metadata/3.9.9/maven-repository-metadata-3.9.9.pom (2.1 kB at 8.6 kB/s)
[INFO] Downloading from spring-releases: https://repo.spring.io/libs-release/org/apache/maven/resolver/maven-resolver-transport-http/1.9.22/maven-resolver-transport-http-1.9.22.pom
[INFO] Downloading from central: https://repo.maven.apache.org/maven2/org/apache/maven/resolver/maven-resolver-transport-http/1.9.22/maven-resolver-transport-http-1.9.22.pom
[INFO] Downloaded from central: https://repo.maven.apache.org/maven2/org/apache/maven/resolver/maven-resolver-transport-http/1.9.22/maven-resolver-transport-http-1.9.22.pom (5.0 kB at 21 kB/s)
[INFO] Downloading from spring-releases: https://repo.spring.io/libs-release/org/assertj/assertj-core/3.24.2/assertj-core-3.24.2.jar
[INFO] Downloading from spring-releases: https://repo.spring.io/libs-release/org/mockito/mockito-core/5.7.0/mockito-core-5.7.0.jar
[INFO] Downloading from spring-releases: https://repo.spring.io/libs-release/org/springframework/cloud/spring-cloud-contract-stub-runner/4.3.0/spring-cloud-contract-stub-runner-4.3.0.jar
[INFO] Downloading from spring-releases: https://repo.spring.io/libs-release/org/springframework/cloud/spring-cloud-contract-converters/4.3.0/spring-cloud-contract-converters-4.3.0.jar
[INFO] Downloading from spring-releases: https://repo.spring.io/libs-release/org/springframework/cloud/spring-cloud-test-support/4.3.0/spring-cloud-test-support-4.3.0.jar
[INFO] Downloading from spring-releases: https://repo.spring.io/libs-release/org/apache/maven/resolver/maven-resolver-connector-basic/1.9.22/maven-resolver-connector-basic-1.9.22.jar
[INFO] Downloading from spring-releases: https://repo.spring.io/libs-release/org/apache/maven/resolver/maven-resolver-spi/1.9.22/maven-resolver-spi-1.9.22.jar
[INFO] Downloading from spring-releases: https://repo.spring.io/libs-release/org/apache/maven/resolver/maven-resolver-util/1.9.22/maven-resolver-util-1.9.22.jar
[INFO] Downloading from spring-releases: https://repo.spring.io/libs-release/org/apache/maven/resolver/maven-resolver-impl/1.9.22/maven-resolver-impl-1.9.22.jar
[INFO] Downloading from spring-releases: https://repo.spring.io/libs-release/org/apache/maven/resolver/maven-resolver-named-locks/1.9.22/maven-resolver-named-locks-1.9.22.jar
[INFO] Downloading from spring-releases: https://repo.spring.io/libs-release/org/apache/maven/maven-model/3.0/maven-model-3.0.jar
[INFO] Downloading from spring-releases: https://repo.spring.io/libs-release/org/apache/maven/maven-resolver-provider/3.9.9/maven-resolver-provider-3.9.9.jar
[INFO] Downloading from spring-releases: https://repo.spring.io/libs-release/org/apache/maven/resolver/maven-resolver-transport-http/1.9.22/maven-resolver-transport-http-1.9.22.jar
[INFO] Downloading from spring-releases: https://repo.spring.io/libs-release/commons-logging/commons-logging/1.3.5/commons-logging-1.3.5.jar
[INFO] Downloading from spring-releases: https://repo.spring.io/libs-release/org/apache/maven/maven-repository-metadata/3.0/maven-repository-metadata-3.0.jar
[INFO] Downloading from spring-releases: https://repo.spring.io/libs-release/org/sonatype/sisu/sisu-inject-bean/1.4.2/sisu-inject-bean-1.4.2.jar
[INFO] Downloading from spring-releases: https://repo.spring.io/libs-release/org/sonatype/sisu/sisu-guice/2.1.7/sisu-guice-2.1.7-noaop.jar
[INFO] Downloading from spring-releases: https://repo.spring.io/libs-release/org/apache/maven/maven-model-builder/3.0/maven-model-builder-3.0.jar
[INFO] Downloading from spring-releases: https://repo.spring.io/libs-release/org/sonatype/sisu/sisu-inject-plexus/1.4.2/sisu-inject-plexus-1.4.2.jar
[INFO] Downloading from spring-releases: https://repo.spring.io/libs-release/org/codehaus/plexus/plexus-classworlds/2.2.3/plexus-classworlds-2.2.3.jar
[INFO] Downloading from spring-releases: https://repo.spring.io/libs-release/org/apache/commons/commons-lang3/3.13.0/commons-lang3-3.13.0.jar
[INFO] Downloading from central: https://repo.maven.apache.org/maven2/org/assertj/assertj-core/3.24.2/assertj-core-3.24.2.jar
[INFO] Downloaded from central: https://repo.maven.apache.org/maven2/org/assertj/assertj-core/3.24.2/assertj-core-3.24.2.jar (1.3 MB at 515 kB/s)
[INFO] Downloading from central: https://repo.maven.apache.org/maven2/org/mockito/mockito-core/5.7.0/mockito-core-5.7.0.jar
[INFO] Downloading from central: https://repo.maven.apache.org/maven2/org/springframework/cloud/spring-cloud-contract-stub-runner/4.3.0/spring-cloud-contract-stub-runner-4.3.0.jar
[INFO] Downloading from central: https://repo.maven.apache.org/maven2/org/springframework/cloud/spring-cloud-contract-converters/4.3.0/spring-cloud-contract-converters-4.3.0.jar
[INFO] Downloading from central: https://repo.maven.apache.org/maven2/org/springframework/cloud/spring-cloud-test-support/4.3.0/spring-cloud-test-support-4.3.0.jar
[INFO] Downloading from central: https://repo.maven.apache.org/maven2/org/apache/maven/resolver/maven-resolver-connector-basic/1.9.22/maven-resolver-connector-basic-1.9.22.jar
[INFO] Downloaded from central: https://repo.maven.apache.org/maven2/org/springframework/cloud/spring-cloud-contract-converters/4.3.0/spring-cloud-contract-converters-4.3.0.jar (32 kB at 42 kB/s)
[INFO] Downloading from central: https://repo.maven.apache.org/maven2/org/apache/maven/resolver/maven-resolver-spi/1.9.22/maven-resolver-spi-1.9.22.jar
[INFO] Downloaded from central: https://repo.maven.apache.org/maven2/org/apache/maven/resolver/maven-resolver-connector-basic/1.9.22/maven-resolver-connector-basic-1.9.22.jar (40 kB at 52 kB/s)
[INFO] Downloading from central: https://repo.maven.apache.org/maven2/org/apache/maven/resolver/maven-resolver-util/1.9.22/maven-resolver-util-1.9.22.jar
[INFO] Downloaded from central: https://repo.maven.apache.org/maven2/org/springframework/cloud/spring-cloud-test-support/4.3.0/spring-cloud-test-support-4.3.0.jar (33 kB at 42 kB/s)
[INFO] Downloading from central: https://repo.maven.apache.org/maven2/org/apache/maven/resolver/maven-resolver-impl/1.9.22/maven-resolver-impl-1.9.22.jar
[INFO] Downloaded from central: https://repo.maven.apache.org/maven2/org/mockito/mockito-core/5.7.0/mockito-core-5.7.0.jar (700 kB at 537 kB/s)
[INFO] Downloading from central: https://repo.maven.apache.org/maven2/org/apache/maven/resolver/maven-resolver-named-locks/1.9.22/maven-resolver-named-locks-1.9.22.jar
[INFO] Downloaded from central: https://repo.maven.apache.org/maven2/org/springframework/cloud/spring-cloud-contract-stub-runner/4.3.0/spring-cloud-contract-stub-runner-4.3.0.jar (245 kB at 184 kB/s)
[INFO] Downloading from central: https://repo.maven.apache.org/maven2/org/apache/maven/maven-resolver-provider/3.9.9/maven-resolver-provider-3.9.9.jar
[INFO] Downloaded from central: https://repo.maven.apache.org/maven2/org/apache/maven/maven-resolver-provider/3.9.9/maven-resolver-provider-3.9.9.jar (78 kB at 43 kB/s)
[INFO] Downloading from central: https://repo.maven.apache.org/maven2/org/apache/maven/resolver/maven-resolver-transport-http/1.9.22/maven-resolver-transport-http-1.9.22.jar
[INFO] Downloaded from central: https://repo.maven.apache.org/maven2/org/apache/maven/resolver/maven-resolver-impl/1.9.22/maven-resolver-impl-1.9.22.jar (320 kB at 163 kB/s)
[INFO] Downloading from central: https://repo.maven.apache.org/maven2/commons-logging/commons-logging/1.3.5/commons-logging-1.3.5.jar
[INFO] Downloaded from central: https://repo.maven.apache.org/maven2/org/apache/maven/resolver/maven-resolver-util/1.9.22/maven-resolver-util-1.9.22.jar (196 kB at 94 kB/s)
[INFO] Downloading from central: https://repo.maven.apache.org/maven2/org/apache/maven/maven-model/3.0/maven-model-3.0.jar
[INFO] Downloaded from central: https://repo.maven.apache.org/maven2/commons-logging/commons-logging/1.3.5/commons-logging-1.3.5.jar (74 kB at 33 kB/s)
[INFO] Downloading from central: https://repo.maven.apache.org/maven2/org/apache/maven/maven-repository-metadata/3.0/maven-repository-metadata-3.0.jar
[INFO] Downloaded from central: https://repo.maven.apache.org/maven2/org/apache/maven/maven-model/3.0/maven-model-3.0.jar (165 kB at 66 kB/s)
[INFO] Downloading from central: https://repo.maven.apache.org/maven2/org/apache/maven/maven-model-builder/3.0/maven-model-builder-3.0.jar
[INFO] Downloaded from central: https://repo.maven.apache.org/maven2/org/apache/maven/maven-model-builder/3.0/maven-model-builder-3.0.jar (148 kB at 51 kB/s)
[INFO] Downloading from central: https://repo.maven.apache.org/maven2/org/sonatype/sisu/sisu-inject-plexus/1.4.2/sisu-inject-plexus-1.4.2.jar
[INFO] Downloaded from central: https://repo.maven.apache.org/maven2/org/apache/maven/resolver/maven-resolver-named-locks/1.9.22/maven-resolver-named-locks-1.9.22.jar (38 kB at 13 kB/s)
[INFO] Downloaded from central: https://repo.maven.apache.org/maven2/org/apache/maven/resolver/maven-resolver-spi/1.9.22/maven-resolver-spi-1.9.22.jar (52 kB at 17 kB/s)
[INFO] Downloading from central: https://repo.maven.apache.org/maven2/org/sonatype/sisu/sisu-inject-bean/1.4.2/sisu-inject-bean-1.4.2.jar
[INFO] Downloading from central: https://repo.maven.apache.org/maven2/org/sonatype/sisu/sisu-guice/2.1.7/sisu-guice-2.1.7-noaop.jar
[INFO] Downloaded from central: https://repo.maven.apache.org/maven2/org/sonatype/sisu/sisu-inject-plexus/1.4.2/sisu-inject-plexus-1.4.2.jar (202 kB at 63 kB/s)
[INFO] Downloading from central: https://repo.maven.apache.org/maven2/org/codehaus/plexus/plexus-classworlds/2.2.3/plexus-classworlds-2.2.3.jar
[INFO] Downloaded from central: https://repo.maven.apache.org/maven2/org/apache/maven/maven-repository-metadata/3.0/maven-repository-metadata-3.0.jar (30 kB at 8.8 kB/s)
[INFO] Downloading from central: https://repo.maven.apache.org/maven2/org/apache/commons/commons-lang3/3.13.0/commons-lang3-3.13.0.jar
[INFO] Downloaded from central: https://repo.maven.apache.org/maven2/org/codehaus/plexus/plexus-classworlds/2.2.3/plexus-classworlds-2.2.3.jar (46 kB at 13 kB/s)
[INFO] Downloaded from central: https://repo.maven.apache.org/maven2/org/sonatype/sisu/sisu-guice/2.1.7/sisu-guice-2.1.7-noaop.jar (472 kB at 129 kB/s)
[INFO] Downloaded from central: https://repo.maven.apache.org/maven2/org/apache/maven/resolver/maven-resolver-transport-http/1.9.22/maven-resolver-transport-http-1.9.22.jar (56 kB at 15 kB/s)
[INFO] Downloaded from central: https://repo.maven.apache.org/maven2/org/sonatype/sisu/sisu-inject-bean/1.4.2/sisu-inject-bean-1.4.2.jar (153 kB at 36 kB/s)
[INFO] Downloaded from central: https://repo.maven.apache.org/maven2/org/apache/commons/commons-lang3/3.13.0/commons-lang3-3.13.0.jar (632 kB at 120 kB/s)
[INFO] 
[INFO] --- resources:3.3.1:resources (default-resources) @ eris ---
[INFO] Copying 1 resource from src/main/resources to target/classes
[INFO] Copying 4 resources from src/main/resources to target/classes
[INFO] 
[INFO] --- compiler:3.13.0:compile (default-compile) @ eris ---
[INFO] Recompiling the module because of changed source code.
[INFO] Compiling 41 source files with javac [debug parameters release 21] to target/classes
[INFO] /project/src/main/java/com/madadipouya/eris/util/BeanUtils.java: Some input files use or override a deprecated API.
[INFO] /project/src/main/java/com/madadipouya/eris/util/BeanUtils.java: Recompile with -Xlint:deprecation for details.
[INFO] -------------------------------------------------------------
[WARNING] COMPILATION WARNING : 
[INFO] -------------------------------------------------------------
[WARNING] /project/src/main/java/com/madadipouya/eris/configuration/SecurityConfiguration.java:[35,10] httpBasic() in org.springframework.security.config.annotation.web.builders.HttpSecurity has been deprecated and marked for removal
[WARNING] /project/src/main/java/com/madadipouya/eris/configuration/SecurityConfiguration.java:[35,22] and() in org.springframework.security.config.annotation.SecurityConfigurerAdapter has been deprecated and marked for removal
[INFO] 2 warnings 
[INFO] -------------------------------------------------------------
[INFO] -------------------------------------------------------------
[ERROR] COMPILATION ERROR : 
[INFO] -------------------------------------------------------------
[ERROR] /project/src/main/java/com/madadipouya/eris/interceptor/HttpRequestLoggerInterceptor.java:[4,28] package jakarta.servlet.http does not exist
[ERROR] /project/src/main/java/com/madadipouya/eris/interceptor/HttpRequestLoggerInterceptor.java:[5,28] package jakarta.servlet.http does not exist
[ERROR] /project/src/main/java/com/madadipouya/eris/service/ipgeolocation/IpGeoLocation.java:[4,28] package jakarta.servlet.http does not exist
[ERROR] /project/src/main/java/com/madadipouya/eris/interceptor/HttpRequestLoggerInterceptor.java:[47,30] cannot find symbol
  symbol:   class HttpServletRequest
  location: class com.madadipouya.eris.interceptor.HttpRequestLoggerInterceptor
[ERROR] /project/src/main/java/com/madadipouya/eris/interceptor/HttpRequestLoggerInterceptor.java:[47,58] cannot find symbol
  symbol:   class HttpServletResponse
  location: class com.madadipouya.eris.interceptor.HttpRequestLoggerInterceptor
[ERROR] /project/src/main/java/com/madadipouya/eris/interceptor/HttpRequestLoggerInterceptor.java:[58,28] cannot find symbol
  symbol:   class HttpServletRequest
  location: class com.madadipouya.eris.interceptor.HttpRequestLoggerInterceptor
[ERROR] /project/src/main/java/com/madadipouya/eris/interceptor/HttpRequestLoggerInterceptor.java:[58,67] cannot find symbol
  symbol:   class HttpServletResponse
  location: class com.madadipouya.eris.interceptor.HttpRequestLoggerInterceptor
[ERROR] /project/src/main/java/com/madadipouya/eris/interceptor/HttpRequestLoggerInterceptor.java:[65,33] cannot find symbol
  symbol:   class HttpServletRequest
  location: class com.madadipouya.eris.interceptor.HttpRequestLoggerInterceptor
[ERROR] /project/src/main/java/com/madadipouya/eris/interceptor/HttpRequestLoggerInterceptor.java:[65,72] cannot find symbol
  symbol:   class HttpServletResponse
  location: class com.madadipouya.eris.interceptor.HttpRequestLoggerInterceptor
[ERROR] /project/src/main/java/com/madadipouya/eris/interceptor/HttpRequestLoggerInterceptor.java:[71,33] cannot find symbol
  symbol:   class HttpServletRequest
  location: class com.madadipouya.eris.interceptor.HttpRequestLoggerInterceptor
[ERROR] /project/src/main/java/com/madadipouya/eris/service/ipgeolocation/IpGeoLocation.java:[36,32] cannot find symbol
  symbol:   class HttpServletRequest
  location: interface com.madadipouya.eris.service.ipgeolocation.IpGeoLocation
[ERROR] /project/src/main/java/com/madadipouya/eris/service/ipgeolocation/IpGeoLocation.java:[53,32] cannot find symbol
  symbol:   class HttpServletRequest
  location: interface com.madadipouya.eris.service.ipgeolocation.IpGeoLocation
[ERROR] /project/src/main/java/com/madadipouya/eris/service/ipgeolocation/IpGeoLocation.java:[62,38] cannot find symbol
  symbol:   class HttpServletRequest
  location: interface com.madadipouya.eris.service.ipgeolocation.IpGeoLocation
[ERROR] /project/src/main/java/com/madadipouya/eris/rest/CurrentWeatherAPIController.java:[21,28] package jakarta.servlet.http does not exist
[ERROR] /project/src/main/java/com/madadipouya/eris/service/weather/Weather.java:[4,28] package jakarta.servlet.http does not exist
[ERROR] /project/src/main/java/com/madadipouya/eris/rest/CurrentWeatherAPIController.java:[67,107] cannot find symbol
  symbol:   class HttpServletRequest
  location: class com.madadipouya.eris.rest.CurrentWeatherAPIController
[ERROR] /project/src/main/java/com/madadipouya/eris/rest/CurrentWeatherAPIController.java:[81,75] cannot find symbol
  symbol:   class HttpServletRequest
  location: class com.madadipouya.eris.rest.CurrentWeatherAPIController
[ERROR] /project/src/main/java/com/madadipouya/eris/service/weather/Weather.java:[43,40] cannot find symbol
  symbol:   class HttpServletRequest
  location: interface com.madadipouya.eris.service.weather.Weather
[ERROR] /project/src/main/java/com/madadipouya/eris/rest/Redirect.java:[3,28] package jakarta.servlet.http does not exist
[ERROR] /project/src/main/java/com/madadipouya/eris/rest/Redirect.java:[31,43] cannot find symbol
  symbol:   class HttpServletRequest
  location: class com.madadipouya.eris.rest.Redirect
[ERROR] /project/src/main/java/com/madadipouya/eris/service/ipgeolocation/impl/DefaultIpGeoLocation.java:[15,56] package io.github.resilience4j.circuitbreaker.annotation does not exist
[ERROR] /project/src/main/java/com/madadipouya/eris/service/ipgeolocation/impl/DefaultIpGeoLocation.java:[16,53] package io.github.resilience4j.timelimiter.annotation does not exist
[ERROR] /project/src/main/java/com/madadipouya/eris/service/ipgeolocation/impl/DefaultIpGeoLocation.java:[17,28] package jakarta.servlet.http does not exist
[ERROR] /project/src/main/java/com/madadipouya/eris/service/ipgeolocation/impl/DefaultIpGeoLocation.java:[49,39] cannot find symbol
  symbol:   class HttpServletRequest
  location: class com.madadipouya.eris.service.ipgeolocation.impl.DefaultIpGeoLocation
[ERROR] /project/src/main/java/com/madadipouya/eris/service/ipgeolocation/impl/DefaultIpGeoLocation.java:[61,39] cannot find symbol
  symbol:   class HttpServletRequest
  location: class com.madadipouya.eris.service.ipgeolocation.impl.DefaultIpGeoLocation
[ERROR] /project/src/main/java/com/madadipouya/eris/service/ipgeolocation/impl/DefaultIpGeoLocation.java:[67,45] cannot find symbol
  symbol:   class HttpServletRequest
  location: class com.madadipouya.eris.service.ipgeolocation.impl.DefaultIpGeoLocation
[ERROR] /project/src/main/java/com/madadipouya/eris/service/segmentio/interceptor/LogToSegmentInterceptor.java:[6,28] package jakarta.servlet.http does not exist
[ERROR] /project/src/main/java/com/madadipouya/eris/service/weather/impl/DefaultWeather.java:[12,28] package jakarta.servlet.http does not exist
[ERROR] /project/src/main/java/com/madadipouya/eris/service/weather/impl/DefaultWeather.java:[57,47] cannot find symbol
  symbol:   class HttpServletRequest
  location: class com.madadipouya.eris.service.weather.impl.DefaultWeather
[ERROR] /project/src/main/java/com/madadipouya/eris/service/ipgeolocation/impl/DefaultIpGeoLocation.java:[53,6] cannot find symbol
  symbol:   class CircuitBreaker
  location: class com.madadipouya.eris.service.ipgeolocation.impl.DefaultIpGeoLocation
[ERROR] /project/src/main/java/com/madadipouya/eris/service/ipgeolocation/impl/DefaultIpGeoLocation.java:[54,6] cannot find symbol
  symbol:   class TimeLimiter
  location: class com.madadipouya.eris.service.ipgeolocation.impl.DefaultIpGeoLocation
[ERROR] /project/src/main/java/com/madadipouya/eris/configuration/SecurityProvider.java:[41,17] cannot access org.springframework.security.core.userdetails.User
  class file for org.springframework.security.core.userdetails.User not found
[ERROR] /project/src/main/java/com/madadipouya/eris/service/segmentio/interceptor/LogToSegmentInterceptor.java:[85,51] cannot find symbol
  symbol:   class HttpServletRequest
  location: class com.madadipouya.eris.service.segmentio.interceptor.LogToSegmentInterceptor
[INFO] 33 errors 
[INFO] -------------------------------------------------------------
[INFO] ------------------------------------------------------------------------
[INFO] BUILD FAILURE
[INFO] ------------------------------------------------------------------------
[INFO] Total time:  33.810 s
[INFO] Finished at: 2026-09-11T19:40:10Z
[INFO] ------------------------------------------------------------------------
[ERROR] Failed to execute goal org.apache.maven.plugins:maven-compiler-plugin:3.13.0:compile (default-compile) on project eris: Compilation failure: Compilation failure: 
[ERROR] /project/src/main/java/com/madadipouya/eris/interceptor/HttpRequestLoggerInterceptor.java:[4,28] package jakarta.servlet.http does not exist
[ERROR] /project/src/main/java/com/madadipouya/eris/interceptor/HttpRequestLoggerInterceptor.java:[5,28] package jakarta.servlet.http does not exist
[ERROR] /project/src/main/java/com/madadipouya/eris/service/ipgeolocation/IpGeoLocation.java:[4,28] package jakarta.servlet.http does not exist
[ERROR] /project/src/main/java/com/madadipouya/eris/interceptor/HttpRequestLoggerInterceptor.java:[47,30] cannot find symbol
[ERROR]   symbol:   class HttpServletRequest
[ERROR]   location: class com.madadipouya.eris.interceptor.HttpRequestLoggerInterceptor
[ERROR] /project/src/main/java/com/madadipouya/eris/interceptor/HttpRequestLoggerInterceptor.java:[47,58] cannot find symbol
[ERROR]   symbol:   class HttpServletResponse
[ERROR]   location: class com.madadipouya.eris.interceptor.HttpRequestLoggerInterceptor
[ERROR] /project/src/main/java/com/madadipouya/eris/interceptor/HttpRequestLoggerInterceptor.java:[58,28] cannot find symbol
[ERROR]   symbol:   class HttpServletRequest
[ERROR]   location: class com.madadipouya.eris.interceptor.HttpRequestLoggerInterceptor
[ERROR] /project/src/main/java/com/madadipouya/eris/interceptor/HttpRequestLoggerInterceptor.java:[58,67] cannot find symbol
[ERROR]   symbol:   class HttpServletResponse
[ERROR]   location: class com.madadipouya.eris.interceptor.HttpRequestLoggerInterceptor
[ERROR] /project/src/main/java/com/madadipouya/eris/interceptor/HttpRequestLoggerInterceptor.java:[65,33] cannot find symbol
[ERROR]   symbol:   class HttpServletRequest
[ERROR]   location: class com.madadipouya.eris.interceptor.HttpRequestLoggerInterceptor
[ERROR] /project/src/main/java/com/madadipouya/eris/interceptor/HttpRequestLoggerInterceptor.java:[65,72] cannot find symbol
[ERROR]   symbol:   class HttpServletResponse
[ERROR]   location: class com.madadipouya.eris.interceptor.HttpRequestLoggerInterceptor
[ERROR] /project/src/main/java/com/madadipouya/eris/interceptor/HttpRequestLoggerInterceptor.java:[71,33] cannot find symbol
[ERROR]   symbol:   class HttpServletRequest
[ERROR]   location: class com.madadipouya.eris.interceptor.HttpRequestLoggerInterceptor
[ERROR] /project/src/main/java/com/madadipouya/eris/service/ipgeolocation/IpGeoLocation.java:[36,32] cannot find symbol
[ERROR]   symbol:   class HttpServletRequest
[ERROR]   location: interface com.madadipouya.eris.service.ipgeolocation.IpGeoLocation
[ERROR] /project/src/main/java/com/madadipouya/eris/service/ipgeolocation/IpGeoLocation.java:[53,32] cannot find symbol
[ERROR]   symbol:   class HttpServletRequest
[ERROR]   location: interface com.madadipouya.eris.service.ipgeolocation.IpGeoLocation
[ERROR] /project/src/main/java/com/madadipouya/eris/service/ipgeolocation/IpGeoLocation.java:[62,38] cannot find symbol
[ERROR]   symbol:   class HttpServletRequest
[ERROR]   location: interface com.madadipouya.eris.service.ipgeolocation.IpGeoLocation
[ERROR] /project/src/main/java/com/madadipouya/eris/rest/CurrentWeatherAPIController.java:[21,28] package jakarta.servlet.http does not exist
[ERROR] /project/src/main/java/com/madadipouya/eris/service/weather/Weather.java:[4,28] package jakarta.servlet.http does not exist
[ERROR] /project/src/main/java/com/madadipouya/eris/rest/CurrentWeatherAPIController.java:[67,107] cannot find symbol
[ERROR]   symbol:   class HttpServletRequest
[ERROR]   location: class com.madadipouya.eris.rest.CurrentWeatherAPIController
[ERROR] /project/src/main/java/com/madadipouya/eris/rest/CurrentWeatherAPIController.java:[81,75] cannot find symbol
[ERROR]   symbol:   class HttpServletRequest
[ERROR]   location: class com.madadipouya.eris.rest.CurrentWeatherAPIController
[ERROR] /project/src/main/java/com/madadipouya/eris/service/weather/Weather.java:[43,40] cannot find symbol
[ERROR]   symbol:   class HttpServletRequest
[ERROR]   location: interface com.madadipouya.eris.service.weather.Weather
[ERROR] /project/src/main/java/com/madadipouya/eris/rest/Redirect.java:[3,28] package jakarta.servlet.http does not exist
[ERROR] /project/src/main/java/com/madadipouya/eris/rest/Redirect.java:[31,43] cannot find symbol
[ERROR]   symbol:   class HttpServletRequest
[ERROR]   location: class com.madadipouya.eris.rest.Redirect
[ERROR] /project/src/main/java/com/madadipouya/eris/service/ipgeolocation/impl/DefaultIpGeoLocation.java:[15,56] package io.github.resilience4j.circuitbreaker.annotation does not exist
[ERROR] /project/src/main/java/com/madadipouya/eris/service/ipgeolocation/impl/DefaultIpGeoLocation.java:[16,53] package io.github.resilience4j.timelimiter.annotation does not exist
[ERROR] /project/src/main/java/com/madadipouya/eris/service/ipgeolocation/impl/DefaultIpGeoLocation.java:[17,28] package jakarta.servlet.http does not exist
[ERROR] /project/src/main/java/com/madadipouya/eris/service/ipgeolocation/impl/DefaultIpGeoLocation.java:[49,39] cannot find symbol
[ERROR]   symbol:   class HttpServletRequest
[ERROR]   location: class com.madadipouya.eris.service.ipgeolocation.impl.DefaultIpGeoLocation
[ERROR] /project/src/main/java/com/madadipouya/eris/service/ipgeolocation/impl/DefaultIpGeoLocation.java:[61,39] cannot find symbol
[ERROR]   symbol:   class HttpServletRequest
[ERROR]   location: class com.madadipouya.eris.service.ipgeolocation.impl.DefaultIpGeoLocation
[ERROR] /project/src/main/java/com/madadipouya/eris/service/ipgeolocation/impl/DefaultIpGeoLocation.java:[67,45] cannot find symbol
[ERROR]   symbol:   class HttpServletRequest
[ERROR]   location: class com.madadipouya.eris.service.ipgeolocation.impl.DefaultIpGeoLocation
[ERROR] /project/src/main/java/com/madadipouya/eris/service/segmentio/interceptor/LogToSegmentInterceptor.java:[6,28] package jakarta.servlet.http does not exist
[ERROR] /project/src/main/java/com/madadipouya/eris/service/weather/impl/DefaultWeather.java:[12,28] package jakarta.servlet.http does not exist
[ERROR] /project/src/main/java/com/madadipouya/eris/service/weather/impl/DefaultWeather.java:[57,47] cannot find symbol
[ERROR]   symbol:   class HttpServletRequest
[ERROR]   location: class com.madadipouya.eris.service.weather.impl.DefaultWeather
[ERROR] /project/src/main/java/com/madadipouya/eris/service/ipgeolocation/impl/DefaultIpGeoLocation.java:[53,6] cannot find symbol
[ERROR]   symbol:   class CircuitBreaker
[ERROR]   location: class com.madadipouya.eris.service.ipgeolocation.impl.DefaultIpGeoLocation
[ERROR] /project/src/main/java/com/madadipouya/eris/service/ipgeolocation/impl/DefaultIpGeoLocation.java:[54,6] cannot find symbol
[ERROR]   symbol:   class TimeLimiter
[ERROR]   location: class com.madadipouya.eris.service.ipgeolocation.impl.DefaultIpGeoLocation
[ERROR] /project/src/main/java/com/madadipouya/eris/configuration/SecurityProvider.java:[41,17] cannot access org.springframework.security.core.userdetails.User
[ERROR]   class file for org.springframework.security.core.userdetails.User not found
[ERROR] /project/src/main/java/com/madadipouya/eris/service/segmentio/interceptor/LogToSegmentInterceptor.java:[85,51] cannot find symbol
[ERROR]   symbol:   class HttpServletRequest
[ERROR]   location: class com.madadipouya.eris.service.segmentio.interceptor.LogToSegmentInterceptor
[ERROR] -> [Help 1]
[ERROR] 
[ERROR] To see the full stack trace of the errors, re-run Maven with the -e switch.
[ERROR] Re-run Maven using the -X switch to enable full debug logging.
[ERROR] 
[ERROR] For more information about the errors and possible solutions, please read the following articles:
[ERROR] [Help 1] http://cwiki.apache.org/confluence/display/MAVEN/MojoFailureException
