[INFO] Scanning for projects...
[INFO] 
[INFO] ---------< org.cardanofoundation.tools:cf-adahandle-resolver >----------
[INFO] Building ADA Handle Resolver 0.1.4
[INFO]   from pom.xml
[INFO] --------------------------------[ jar ]---------------------------------
[INFO] 
[INFO] --- jacoco:0.8.10:prepare-agent (default) @ cf-adahandle-resolver ---
[INFO] Skipping JaCoCo execution because property jacoco.skip is set.
[INFO] argLine set to empty
[INFO] 
[INFO] --- resources:3.3.1:resources (default-resources) @ cf-adahandle-resolver ---
[INFO] Copying 1 resource from src/main/resources to target/classes
[INFO] Copying 2 resources from src/main/resources to target/classes
[INFO] 
[INFO] --- compiler:3.13.0:compile (default-compile) @ cf-adahandle-resolver ---
[INFO] Recompiling the module because of changed source code.
[INFO] Compiling 16 source files with javac [debug parameters release 21] to target/classes
[INFO] Annotation processing is enabled because one or more processors were found
  on the class path. A future release of javac may disable annotation processing
  unless at least one processor is specified by name (-processor), or a search
  path is specified (--processor-path, --processor-module-path), or annotation
  processing is enabled explicitly (-proc:only, -proc:full).
  Use -Xlint:-options to suppress this message.
  Use -proc:none to disable annotation processing.
[INFO] -------------------------------------------------------------
[ERROR] COMPILATION ERROR : 
[INFO] -------------------------------------------------------------
[ERROR] /project/src/main/java/org/cardanofoundation/tools/adahandle/resolver/storage/AdaHandleProcessor.java:[5,46] package com.bloxbean.cardano.yaci.store.events does not exist
[ERROR] /project/src/main/java/org/cardanofoundation/tools/adahandle/resolver/storage/AdaHandleProcessor.java:[6,55] package com.bloxbean.cardano.yaci.store.events.internal does not exist
[ERROR] /project/src/main/java/org/cardanofoundation/tools/adahandle/resolver/storage/AdaHandleProcessor.java:[64,35] cannot find symbol
  symbol:   class CommitEvent
  location: class org.cardanofoundation.tools.adahandle.resolver.storage.AdaHandleProcessor
[ERROR] /project/src/main/java/org/cardanofoundation/tools/adahandle/resolver/storage/AdaHandleProcessor.java:[88,32] cannot find symbol
  symbol:   class RollbackEvent
  location: class org.cardanofoundation.tools.adahandle.resolver.storage.AdaHandleProcessor
[INFO] 4 errors 
[INFO] -------------------------------------------------------------
[INFO] ------------------------------------------------------------------------
[INFO] BUILD FAILURE
[INFO] ------------------------------------------------------------------------
[INFO] Total time:  9.038 s
[INFO] Finished at: 2026-09-21T20:04:30Z
[INFO] ------------------------------------------------------------------------
[ERROR] Failed to execute goal org.apache.maven.plugins:maven-compiler-plugin:3.13.0:compile (default-compile) on project cf-adahandle-resolver: Compilation failure: Compilation failure: 
[ERROR] /project/src/main/java/org/cardanofoundation/tools/adahandle/resolver/storage/AdaHandleProcessor.java:[5,46] package com.bloxbean.cardano.yaci.store.events does not exist
[ERROR] /project/src/main/java/org/cardanofoundation/tools/adahandle/resolver/storage/AdaHandleProcessor.java:[6,55] package com.bloxbean.cardano.yaci.store.events.internal does not exist
[ERROR] /project/src/main/java/org/cardanofoundation/tools/adahandle/resolver/storage/AdaHandleProcessor.java:[64,35] cannot find symbol
[ERROR]   symbol:   class CommitEvent
[ERROR]   location: class org.cardanofoundation.tools.adahandle.resolver.storage.AdaHandleProcessor
[ERROR] /project/src/main/java/org/cardanofoundation/tools/adahandle/resolver/storage/AdaHandleProcessor.java:[88,32] cannot find symbol
[ERROR]   symbol:   class RollbackEvent
[ERROR]   location: class org.cardanofoundation.tools.adahandle.resolver.storage.AdaHandleProcessor
[ERROR] -> [Help 1]
[ERROR] 
[ERROR] To see the full stack trace of the errors, re-run Maven with the -e switch.
[ERROR] Re-run Maven using the -X switch to enable full debug logging.
[ERROR] 
[ERROR] For more information about the errors and possible solutions, please read the following articles:
[ERROR] [Help 1] http://cwiki.apache.org/confluence/display/MAVEN/MojoFailureException
